1791634063.727 I (1306047) pot.m0: fw: begin counter 3, 786464 B: ok
1791634069.842 {"t":"clk","node":33120,"up_ms":1310802}
1791634069.842 {"t":"led","node":33120,"shows":"green","app":0}
1791634069.842 {"t":"event","at_ms":1300426,"node":33120,"kind":"peer_admitted","peer":25344,"slot":1,"a":0,"b":0}
1791634069.842 {"t":"event","at_ms":1301371,"node":33120,"kind":"peer_admitted","peer":29544,"slot":0,"a":0,"b":0}
1791634069.842 {"t":"event","at_ms":1302426,"node":33120,"kind":"peer_admitted","peer":25344,"slot":1,"a":0,"b":0}
1791634069.842 {"t":"event","at_ms":1303371,"node":33120,"kind":"peer_admitted","peer":29544,"slot":0,"a":0,"b":0}
1791634069.842 {"t":"event","at_ms":1304426,"node":33120,"kind":"peer_admitted","peer":25344,"slot":1,"a":0,"b":0}
1791634069.842 {"t":"event","at_ms":1305401,"node":33120,"kind":"peer_admitted","peer":29544,"slot":0,"a":0,"b":0}
1791634069.842 {"t":"event","at_ms":1306429,"node":33120,"kind":"peer_admitted","peer":25344,"slot":1,"a":0,"b":0}
1791634069.842 {"t":"event","at_ms":1307371,"node":33120,"kind":"peer_admitted","peer":29544,"slot":0,"a":0,"b":0}
1791634069.842 {"t":"event","at_ms":1308427,"node":33120,"kind":"peer_admitted","peer":25344,"slot":1,"a":0,"b":0}
1791634069.842 {"t":"event","at_ms":1309381,"node":33120,"kind":"peer_admitted","peer":29544,"slot":0,"a":0,"b":0}
1791634069.842 {"t":"event","at_ms":1310427,"node":33120,"kind":"peer_admitted","peer":25344,"slot":1,"a":0,"b":0}
1791634069.842 {"t":"link","up_ms":1310901,"node":33120,"peer":29544,"mac":"b8:1f:3f:da:73:68","state":"alive","epoch":170,"espnow_ver":2,"mtu":1446,"misses":0,"rssi":-9,"tx":{"frames":4586,"cb_ok":4586,"cb_fail":0,"enqueue_err":0,"pdr_ppm":1000000},"rx":{"frames":18318,"lost_seqgap":0,"reorder_dup":0,"dropped_bad":0,"hb_lost":10,"bcast_frames":13078,"pdr_ppm":1000000},"rtt":{"samples":655,"min_us":5293,"max_us":52282,"timeouts":0,"txq_last_us":5184,"txq_max_us":46338,"remote_turnaround_us":870,"remote_turnaround_max_us":2363,"p50_us":[4000,6000],"p99_us":[16000,22000],"hist":[0,0,0,0,523,102,18,2,4,1,3,2,0,0,0,0]}}
1791634069.842 {"t":"link","up_ms":1310956,"node":33120,"peer":25344,"mac":"b8:1f:3f:da:63:00","state":"alive","epoch":243,"espnow_ver":2,"mtu":1446,"misses":0,"rssi":-20,"tx":{"frames":4508,"cb_ok":4505,"cb_fail":3,"enqueue_err":0,"pdr_ppm":999334},"rx":{"frames":18078,"lost_seqgap":2,"reorder_dup":0,"dropped_bad":0,"hb_lost":46,"bcast_frames":13010,"pdr_ppm":999889},"rtt":{"samples":652,"min_us":5762,"max_us":146505,"timeouts":1,"txq_last_us":3089,"txq_max_us":21061,"remote_turnaround_us":1154,"remote_turnaround_max_us":141513,"p50_us":[4000,6000],"p99_us":[22000,30000],"hist":[0,0,0,0,466,150,25,2,1,4,3,0,0,0,1,0]}}
1791634069.842 {"t":"auth","node":33120,"up_ms":1311038,"enrolled":1,"required":1,"verified_peers":2,"verified":3,"cache_hits":1308,"refused":0,"rate_limited":0,"stale_epoch":0,"verify_us_max":84076,"link_stack_free_b":1524,"crypto_stack_free_b":1220,"tags_ok":8998,"bad_tag":0,"replayed":0,"untagged":0,"bcast_dropped":0,"beacon_epoch_ignored":0,"tag_us_max":2274}
1791634069.842 {"t":"act","node":33120,"setpoint":0,"has_value":0,"writes_served":0}
1791634069.842 {"t":"peers","node":33120,"own_period_ms":100,"own_busy":0,"channel":1,"scanning":0,"scans":0,"hops":0,"found":0,"lost_to_found_ms":0,"moves_followed":0,"moves_refused":0,"sweeps":0,"sweep_found":0,"sweeping":0,"search_visits":0,"relay":0,"fwd_u":0,"fwd_b":0,"fwd_h":0,"relay_dup":13661,"list":[{"id":29544,"state":"alive","via_relay":0,"period_ms":100,"misses":6,"busy":1,"rtt_n":655},{"id":25344,"state":"alive","via_relay":0,"period_ms":100,"misses":6,"busy":0,"rtt_n":652}]}
1791634069.842 {"t":"ss","node":33120,"accepted":0,"unsigned":0,"unknown_sender":0,"bad_signature":0,"replayed":0,"rate_limited":0,"verify_us_max":0,"floors":[{"src":25344,"epoch":139,"counter":1}]}
1791634069.842 {"t":"rec","node":33120,"up_ms":1311124,"settled":1,"sent":5237,"received":5147,"malformed":0,"views":3,"replies_fenced":0,"actors":[{"key":1245650351,"running":0,"term":0,"owner":25344,"owner_term":7,"assigned":25344,"starts":0,"fenced":0,"released":0}]}
1791634070.169 {"t":"node","up_ms":1311150,"node":33120,"epoch":282,"peers_alive":2,"peers_dead":0,"no_radio":0,"free_dram":250163,"largest_block":172032,"rx":{"total":63784,"bad_frame":0,"unknown_peer":12,"wrong_dst":0,"short_payload":0,"unknown_opcode":0,"queue_dropped":50},"tx":{"total":22846,"enqueue_err":0,"done_queue_dropped":0},"membership":{"deaths":1,"revivals":0,"reboots_seen":1,"table_full":0,"events_dropped":0}}
1791634070.169 {"t":"ns","node":33120,"hash":13581963,"owner":33120,"kind":"sampled","unit":100,"class":4,"bound_ms":5000,"quality":"GOOD","age_ms":386,"ts":1310804,"updates":125,"value":2}
1791634070.169 {"t":"ns","node":33120,"hash":3142365229,"owner":33120,"kind":"sampled","unit":101,"class":4,"bound_ms":30000,"quality":"GOOD","age_ms":401,"ts":1310803,"updates":125,"value":172032}
1791634070.169 {"t":"ns","node":33120,"hash":1245650351,"owner":25344,"kind":"sampled","unit":0,"class":3,"bound_ms":500,"quality":"NO_DATA","age_ms":0,"ts":0,"updates":0,"value":null}
1791634070.169 {"t":"ns","node":33120,"hash":2033492666,"owner":33120,"kind":"sampled","unit":0,"class":3,"bound_ms":0,"quality":"NO_DATA","age_ms":0,"ts":0,"updates":0,"value":null}
1791634070.169 {"t":"ns","node":33120,"hash":2347817554,"owner":33120,"kind":"sampled","unit":100,"class":4,"bound_ms":0,"quality":"GOOD","age_ms":444,"ts":1310804,"updates":125,"value":282}
1791634070.169 {"t":"ns","node":33120,"hash":1170356950,"owner":33120,"kind":"sampled","unit":80,"class":4,"bound_ms":30000,"quality":"GOOD","age_ms":459,"ts":1310803,"updates":125,"value":1310}
1791634070.169 {"t":"ns","node":33120,"hash":3085599597,"owner":33120,"kind":"sampled","unit":0,"class":4,"bound_ms":5000,"quality":"GOOD","age_ms":473,"ts":1310804,"updates":125,"value":-20}
1791634070.169 {"t":"ns","node":33120,"hash":2486014333,"owner":33120,"kind":"sampled","unit":101,"class":4,"bound_ms":30000,"quality":"GOOD","age_ms":488,"ts":1310803,"updates":125,"value":249695}
1791634080.334 {"t":"clk","node":33120,"up_ms":1321305}
1791634080.334 {"t":"led","node":33120,"shows":"green","app":0}
1791634080.334 {"t":"event","at_ms":1311371,"node":33120,"kind":"peer_admitted","peer":29544,"slot":0,"a":0,"b":0}
1791634080.334 {"t":"event","at_ms":1312435,"node":33120,"kind":"peer_admitted","peer":25344,"slot":1,"a":0,"b":0}
1791634080.334 {"t":"event","at_ms":1313371,"node":33120,"kind":"peer_admitted","peer":29544,"slot":0,"a":0,"b":0}
1791634080.334 {"t":"event","at_ms":1314427,"node":33120,"kind":"peer_admitted","peer":25344,"slot":1,"a":0,"b":0}
1791634080.334 {"t":"event","at_ms":1315381,"node":33120,"kind":"peer_admitted","peer":29544,"slot":0,"a":0,"b":0}
1791634080.334 {"t":"event","at_ms":1316427,"node":33120,"kind":"peer_admitted","peer":25344,"slot":1,"a":0,"b":0}
1791634080.334 {"t":"event","at_ms":1317371,"node":33120,"kind":"peer_admitted","peer":29544,"slot":0,"a":0,"b":0}
1791634080.334 {"t":"event","at_ms":1318429,"node":33120,"kind":"peer_admitted","peer":25344,"slot":1,"a":0,"b":0}
1791634080.334 {"t":"event","at_ms":1319371,"node":33120,"kind":"peer_admitted","peer":29544,"slot":0,"a":0,"b":0}
1791634080.334 {"t":"event","at_ms":1320427,"node":33120,"kind":"peer_admitted","peer":25344,"slot":1,"a":0,"b":0}
1791634080.334 {"t":"event","at_ms":1321371,"node":33120,"kind":"peer_admitted","peer":29544,"slot":0,"a":0,"b":0}
1791634080.334 {"t":"link","up_ms":1321404,"node":33120,"peer":29544,"mac":"b8:1f:3f:da:73:68","state":"alive","epoch":170,"espnow_ver":2,"mtu":1446,"misses":0,"rssi":-9,"tx":{"frames":4624,"cb_ok":4624,"cb_fail":0,"enqueue_err":0,"pdr_ppm":1000000},"rx":{"frames":18466,"lost_seqgap":0,"reorder_dup":0,"dropped_bad":0,"hb_lost":10,"bcast_frames":13183,"pdr_ppm":1000000},"rtt":{"samples":660,"min_us":5293,"max_us":52282,"timeouts":0,"txq_last_us":2804,"txq_max_us":46338,"remote_turnaround_us":1035,"remote_turnaround_max_us":2363,"p50_us":[4000,6000],"p99_us":[16000,22000],"hist":[0,0,0,0,526,104,18,2,4,1,3,2,0,0,0,0]}}
1791634080.334 {"t":"link","up_ms":1321474,"node":33120,"peer":25344,"mac":"b8:1f:3f:da:63:00","state":"alive","epoch":243,"espnow_ver":2,"mtu":1446,"misses":0,"rssi":-19,"tx":{"frames":4639,"cb_ok":4635,"cb_fail":3,"enqueue_err":0,"pdr_ppm":999353},"rx":{"frames":18313,"lost_seqgap":2,"reorder_dup":0,"dropped_bad":0,"hb_lost":47,"bcast_frames":13115,"pdr_ppm":999890},"rtt":{"samples":657,"min_us":5762,"max_us":146505,"timeouts":1,"txq_last_us":2736,"txq_max_us":21061,"remote_turnaround_us":1641,"remote_turnaround_max_us":141513,"p50_us":[4000,6000],"p99_us":[22000,30000],"hist":[0,0,0,0,466,153,26,2,1,4,3,1,0,0,1,0]}}
1791634080.334 {"t":"auth","node":33120,"up_ms":1321529,"enrolled":1,"required":1,"verified_peers":2,"verified":3,"cache_hits":1319,"refused":0,"rate_limited":0,"stale_epoch":0,"verify_us_max":84076,"link_stack_free_b":1524,"crypto_stack_free_b":1220,"tags_ok":9159,"bad_tag":0,"replayed":0,"untagged":0,"bcast_dropped":0,"beacon_epoch_ignored":0,"tag_us_max":2328}
1791634080.334 {"t":"act","node":33120,"setpoint":0,"has_value":0,"writes_served":0}
1791634080.334 {"t":"peers","node":33120,"own_period_ms":100,"own_busy":0,"channel":1,"scanning":0,"scans":0,"hops":0,"found":0,"lost_to_found_ms":0,"moves_followed":0,"moves_refused":0,"sweeps":0,"sweep_found":0,"sweeping":0,"search_visits":0,"relay":0,"fwd_u":0,"fwd_b":0,"fwd_h":0,"relay_dup":13769,"list":[{"id":29544,"state":"alive","via_relay":0,"period_ms":100,"misses":6,"busy":1,"rtt_n":660},{"id":25344,"state":"alive","via_relay":0,"period_ms":100,"misses":6,"busy":0,"rtt_n":657}]}
1791634080.334 {"t":"ss","node":33120,"accepted":0,"unsigned":0,"unknown_sender":0,"bad_signature":0,"replayed":0,"rate_limited":0,"verify_us_max":0,"floors":[{"src":25344,"epoch":139,"counter":1}]}
1791634080.334 {"t":"rec","node":33120,"up_ms":1321624,"settled":1,"sent":5277,"received":5182,"malformed":0,"views":3,"replies_fenced":0,"actors":[{"key":1245650351,"running":0,"term":0,"owner":25344,"owner_term":7,"assigned":25344,"starts":0,"fenced":0,"released":0}]}
1791634080.667 {"t":"node","up_ms":1321639,"node":33120,"epoch":282,"peers_alive":2,"peers_dead":0,"no_radio":0,"free_dram":250163,"largest_block":172032,"rx":{"total":64384,"bad_frame":0,"unknown_peer":12,"wrong_dst":0,"short_payload":0,"unknown_opcode":0,"queue_dropped":50},"tx":{"total":23123,"enqueue_err":0,"done_queue_dropped":0},"membership":{"deaths":1,"revivals":0,"reboots_seen":1,"table_full":0,"events_dropped":0}}
1791634080.667 {"t":"ns","node":33120,"hash":13581963,"owner":33120,"kind":"sampled","unit":100,"class":4,"bound_ms":5000,"quality":"GOOD","age_ms":373,"ts":1321307,"updates":126,"value":2}
1791634080.667 {"t":"ns","node":33120,"hash":3142365229,"owner":33120,"kind":"sampled","unit":101,"class":4,"bound_ms":30000,"quality":"GOOD","age_ms":388,"ts":1321306,"updates":126,"value":172032}
1791634080.667 {"t":"ns","node":33120,"hash":1245650351,"owner":25344,"kind":"sampled","unit":0,"class":3,"bound_ms":500,"quality":"NO_DATA","age_ms":0,"ts":0,"updates":0,"value":null}
1791634080.667 {"t":"ns","node":33120,"hash":2033492666,"owner":33120,"kind":"sampled","unit":0,"class":3,"bound_ms":0,"quality":"NO_DATA","age_ms":0,"ts":0,"updates":0,"value":null}
1791634080.667 {"t":"ns","node":33120,"hash":2347817554,"owner":33120,"kind":"sampled","unit":100,"class":4,"bound_ms":0,"quality":"GOOD","age_ms":430,"ts":1321307,"updates":126,"value":282}
1791634080.667 {"t":"ns","node":33120,"hash":1170356950,"owner":33120,"kind":"sampled","unit":80,"class":4,"bound_ms":30000,"quality":"GOOD","age_ms":444,"ts":1321306,"updates":126,"value":1321}
1791634080.667 {"t":"ns","node":33120,"hash":3085599597,"owner":33120,"kind":"sampled","unit":0,"class":4,"bound_ms":5000,"quality":"GOOD","age_ms":469,"ts":1321307,"updates":126,"value":-19}
1791634080.667 {"t":"ns","node":33120,"hash":2486014333,"owner":33120,"kind":"sampled","unit":101,"class":4,"bound_ms":30000,"quality":"GOOD","age_ms":484,"ts":1321306,"updates":126,"value":250163}
1791634090.838 {"t":"clk","node":33120,"up_ms":1331805}
1791634090.838 {"t":"led","node":33120,"shows":"green","app":0}
1791634090.838 {"t":"event","at_ms":1322436,"node":33120,"kind":"peer_admitted","peer":25344,"slot":1,"a":0,"b":0}
1791634090.838 {"t":"event","at_ms":1323371,"node":33120,"kind":"peer_admitted","peer":29544,"slot":0,"a":0,"b":0}
1791634090.838 {"t":"event","at_ms":1324427,"node":33120,"kind":"peer_admitted","peer":25344,"slot":1,"a":0,"b":0}
1791634090.838 {"t":"event","at_ms":1325403,"node":33120,"kind":"peer_admitted","peer":29544,"slot":0,"a":0,"b":0}
1791634090.838 {"t":"event","at_ms":1326430,"node":33120,"kind":"peer_admitted","peer":25344,"slot":1,"a":0,"b":0}
1791634090.838 {"t":"event","at_ms":1327375,"node":33120,"kind":"peer_admitted","peer":29544,"slot":0,"a":0,"b":0}
1791634090.838 {"t":"event","at_ms":1328441,"node":33120,"kind":"peer_admitted","peer":25344,"slot":1,"a":0,"b":0}
1791634090.838 {"t":"event","at_ms":1329371,"node":33120,"kind":"peer_admitted","peer":29544,"slot":0,"a":0,"b":0}
1791634090.838 {"t":"event","at_ms":1330427,"node":33120,"kind":"peer_admitted","peer":25344,"slot":1,"a":0,"b":0}
1791634090.838 {"t":"event","at_ms":1331371,"node":33120,"kind":"peer_admitted","peer":29544,"slot":0,"a":0,"b":0}
1791634090.838 {"t":"link","up_ms":1331892,"node":33120,"peer":29544,"mac":"b8:1f:3f:da:73:68","state":"alive","epoch":170,"espnow_ver":2,"mtu":1446,"misses":0,"rssi":-9,"tx":{"frames":4659,"cb_ok":4659,"cb_fail":0,"enqueue_err":0,"pdr_ppm":1000000},"rx":{"frames":18613,"lost_seqgap":0,"reorder_dup":0,"dropped_bad":0,"hb_lost":10,"bcast_frames":13288,"pdr_ppm":1000000},"rtt":{"samples":665,"min_us":5293,"max_us":52282,"timeouts":0,"txq_last_us":2795,"txq_max_us":46338,"remote_turnaround_us":786,"remote_turnaround_max_us":2363,"p50_us":[4000,6000],"p99_us":[22000,30000],"hist":[0,0,0,0,527,104,18,4,5,2,3,2,0,0,0,0]}}
1791634090.838 {"t":"link","up_ms":1331946,"node":33120,"peer":25344,"mac":"b8:1f:3f:da:63:00","state":"alive","epoch":243,"espnow_ver":2,"mtu":1446,"misses":0,"rssi":-21,"tx":{"frames":4767,"cb_ok":4764,"cb_fail":3,"enqueue_err":0,"pdr_ppm":999370},"rx":{"frames":18540,"lost_seqgap":2,"reorder_dup":0,"dropped_bad":0,"hb_lost":52,"bcast_frames":13214,"pdr_ppm":999892},"rtt":{"samples":663,"min_us":5762,"max_us":146505,"timeouts":1,"txq_last_us":2764,"txq_max_us":21061,"remote_turnaround_us":1710,"remote_turnaround_max_us":141513,"p50_us":[4000,6000],"p99_us":[22000,30000],"hist":[0,0,0,0,466,157,26,2,2,4,4,1,0,0,1,0]}}
1791634090.838 {"t":"auth","node":33120,"up_ms":1332001,"enrolled":1,"required":1,"verified_peers":2,"verified":3,"cache_hits":1329,"refused":0,"rate_limited":0,"stale_epoch":0,"verify_us_max":84076,"link_stack_free_b":1524,"crypto_stack_free_b":1220,"tags_ok":9320,"bad_tag":0,"replayed":0,"untagged":0,"bcast_dropped":0,"beacon_epoch_ignored":0,"tag_us_max":2328}
1791634090.838 {"t":"act","node":33120,"setpoint":0,"has_value":0,"writes_served":0}
1791634090.838 {"t":"peers","node":33120,"own_period_ms":100,"own_busy":0,"channel":1,"scanning":0,"scans":0,"hops":0,"found":0,"lost_to_found_ms":0,"moves_followed":0,"moves_refused":0,"sweeps":0,"sweep_found":0,"sweeping":0,"search_visits":0,"relay":0,"fwd_u":0,"fwd_b":0,"fwd_h":0,"relay_dup":13873,"list":[{"id":29544,"state":"alive","via_relay":0,"period_ms":100,"misses":6,"busy":1,"rtt_n":665},{"id":25344,"state":"alive","via_relay":0,"period_ms":100,"misses":6,"busy":0,"rtt_n":663}]}
1791634090.838 {"t":"ss","node":33120,"accepted":0,"unsigned":0,"unknown_sender":0,"bad_signature":0,"replayed":0,"rate_limited":0,"verify_us_max":0,"floors":[{"src":25344,"epoch":139,"counter":1}]}
1791634090.838 {"t":"rec","node":33120,"up_ms":1332096,"settled":1,"sent":5318,"received":5216,"malformed":0,"views":3,"replies_fenced":0,"actors":[{"key":1245650351,"running":0,"term":0,"owner":25344,"owner_term":7,"assigned":25344,"starts":0,"fenced":0,"released":0}]}
1791634090.838 {"t":"node","up_ms":1332122,"node":33120,"epoch":282,"peers_alive":2,"peers_dead":0,"no_radio":0,"free_dram":249959,"largest_block":172032,"rx":{"total":64968,"bad_frame":0,"unknown_peer":12,"wrong_dst":0,"short_payload":0,"unknown_opcode":0,"queue_dropped":50},"tx":{"total":23398,"enqueue_err":0,"done_queue_dropped":0},"membership":{"deaths":1,"revivals":0,"reboots_seen":1,"table_full":0,"events_dropped":0}}
1791634091.175 {"t":"ns","node":33120,"hash":13581963,"owner":33120,"kind":"sampled","unit":100,"class":4,"bound_ms":5000,"quality":"GOOD","age_ms":370,"ts":1331807,"updates":127,"value":2}
1791634091.175 {"t":"ns","node":33120,"hash":3142365229,"owner":33120,"kind":"sampled","unit":101,"class":4,"bound_ms":30000,"quality":"GOOD","age_ms":386,"ts":1331806,"updates":127,"value":172032}
1791634091.175 {"t":"ns","node":33120,"hash":1245650351,"owner":25344,"kind":"sampled","unit":0,"class":3,"bound_ms":500,"quality":"NO_DATA","age_ms":0,"ts":0,"updates":0,"value":null}
1791634091.175 {"t":"ns","node":33120,"hash":2033492666,"owner":33120,"kind":"sampled","unit":0,"class":3,"bound_ms":0,"quality":"NO_DATA","age_ms":0,"ts":0,"updates":0,"value":null}
1791634091.175 {"t":"ns","node":33120,"hash":2347817554,"owner":33120,"kind":"sampled","unit":100,"class":4,"bound_ms":0,"quality":"GOOD","age_ms":427,"ts":1331807,"updates":127,"value":282}
1791634091.175 {"t":"ns","node":33120,"hash":1170356950,"owner":33120,"kind":"sampled","unit":80,"class":4,"bound_ms":30000,"quality":"GOOD","age_ms":453,"ts":1331806,"updates":127,"value":1331}
1791634091.175 {"t":"ns","node":33120,"hash":3085599597,"owner":33120,"kind":"sampled","unit":0,"class":4,"bound_ms":5000,"quality":"GOOD","age_ms":466,"ts":1331807,"updates":127,"value":-20}
1791634091.175 {"t":"ns","node":33120,"hash":2486014333,"owner":33120,"kind":"sampled","unit":101,"class":4,"bound_ms":30000,"quality":"GOOD","age_ms":481,"ts":1331806,"updates":127,"value":250163}
1791634101.338 {"t":"clk","node":33120,"up_ms":1342302}
1791634101.338 {"t":"led","node":33120,"shows":"green","app":0}
1791634101.338 {"t":"event","at_ms":1332427,"node":33120,"kind":"peer_admitted","peer":25344,"slot":1,"a":0,"b":0}
1791634101.338 {"t":"event","at_ms":1333371,"node":33120,"kind":"peer_admitted","peer":29544,"slot":0,"a":0,"b":0}
1791634101.338 {"t":"event","at_ms":1334427,"node":33120,"kind":"peer_admitted","peer":25344,"slot":1,"a":0,"b":0}
1791634101.338 {"t":"event","at_ms":1335371,"node":33120,"kind":"peer_admitted","peer":29544,"slot":0,"a":0,"b":0}
1791634101.338 {"t":"event","at_ms":1336427,"node":33120,"kind":"peer_admitted","peer":25344,"slot":1,"a":0,"b":0}
1791634101.338 {"t":"event","at_ms":1337371,"node":33120,"kind":"peer_admitted","peer":29544,"slot":0,"a":0,"b":0}
1791634101.338 {"t":"event","at_ms":1338427,"node":33120,"kind":"peer_admitted","peer":25344,"slot":1,"a":0,"b":0}
1791634101.338 {"t":"event","at_ms":1339371,"node":33120,"kind":"peer_admitted","peer":29544,"slot":0,"a":0,"b":0}
1791634101.338 {"t":"event","at_ms":1340427,"node":33120,"kind":"peer_admitted","peer":25344,"slot":1,"a":0,"b":0}
1791634101.338 {"t":"event","at_ms":1341371,"node":33120,"kind":"peer_admitted","peer":29544,"slot":0,"a":0,"b":0}
1791634101.338 {"t":"link","up_ms":1342387,"node":33120,"peer":29544,"mac":"b8:1f:3f:da:73:68","state":"alive","epoch":170,"espnow_ver":2,"mtu":1446,"misses":0,"rssi":-8,"tx":{"frames":4694,"cb_ok":4694,"cb_fail":0,"enqueue_err":0,"pdr_ppm":1000000},"rx":{"frames":18757,"lost_seqgap":0,"reorder_dup":0,"dropped_bad":0,"hb_lost":12,"bcast_frames":13391,"pdr_ppm":1000000},"rtt":{"samples":670,"min_us":5293,"max_us":52282,"timeouts":0,"txq_last_us":5332,"txq_max_us":46338,"remote_turnaround_us":802,"remote_turnaround_max_us":2363,"p50_us":[4000,6000],"p99_us":[22000,30000],"hist":[0,0,0,0,530,104,19,4,5,2,3,3,0,0,0,0]}}
1791634101.338 {"t":"link","up_ms":1342441,"node":33120,"peer":25344,"mac":"b8:1f:3f:da:63:00","state":"alive","epoch":243,"espnow_ver":2,"mtu":1446,"misses":0,"rssi":-20,"tx":{"frames":4899,"cb_ok":4896,"cb_fail":3,"enqueue_err":0,"pdr_ppm":999387},"rx":{"frames":18770,"lost_seqgap":2,"reorder_dup":0,"dropped_bad":0,"hb_lost":56,"bcast_frames":13315,"pdr_ppm":999893},"rtt":{"samples":668,"min_us":5762,"max_us":146505,"timeouts":1,"txq_last_us":2723,"txq_max_us":21061,"remote_turnaround_us":938,"remote_turnaround_max_us":141513,"p50_us":[4000,6000],"p99_us":[22000,30000],"hist":[0,0,0,0,467,160,26,3,2,4,4,1,0,0,1,0]}}
1791634101.338 {"t":"auth","node":33120,"up_ms":1342496,"enrolled":1,"required":1,"verified_peers":2,"verified":3,"cache_hits":1340,"refused":0,"rate_limited":0,"stale_epoch":0,"verify_us_max":84076,"link_stack_free_b":1524,"crypto_stack_free_b":1220,"tags_ok":9479,"bad_tag":0,"replayed":0,"untagged":0,"bcast_dropped":0,"beacon_epoch_ignored":0,"tag_us_max":2328}
1791634101.338 {"t":"act","node":33120,"setpoint":0,"has_value":0,"writes_served":0}
1791634101.338 {"t":"peers","node":33120,"own_period_ms":100,"own_busy":0,"channel":1,"scanning":0,"scans":0,"hops":0,"found":0,"lost_to_found_ms":0,"moves_followed":0,"moves_refused":0,"sweeps":0,"sweep_found":0,"sweeping":0,"search_visits":0,"relay":0,"fwd_u":0,"fwd_b":0,"fwd_h":0,"relay_dup":13978,"list":[{"id":29544,"state":"alive","via_relay":0,"period_ms":100,"misses":6,"busy":1,"rtt_n":670},{"id":25344,"state":"alive","via_relay":0,"period_ms":100,"misses":6,"busy":0,"rtt_n":668}]}
1791634101.338 {"t":"ss","node":33120,"accepted":0,"unsigned":0,"unknown_sender":0,"bad_signature":0,"replayed":0,"rate_limited":0,"verify_us_max":0,"floors":[{"src":25344,"epoch":139,"counter":1}]}
1791634101.338 {"t":"rec","node":33120,"up_ms":1342624,"settled":1,"sent":5359,"received":5252,"malformed":0,"views":3,"replies_fenced":0,"actors":[{"key":1245650351,"running":0,"term":0,"owner":25344,"owner_term":7,"assigned":25344,"starts":0,"fenced":0,"released":0}]}
1791634101.338 {"t":"node","up_ms":1342640,"node":33120,"epoch":282,"peers_alive":2,"peers_dead":0,"no_radio":0,"free_dram":250163,"largest_block":172032,"rx":{"total":65561,"bad_frame":0,"unknown_peer":12,"wrong_dst":0,"short_payload":0,"unknown_opcode":0,"queue_dropped":50},"tx":{"total":23676,"enqueue_err":0,"done_queue_dropped":0},"membership":{"deaths":1,"revivals":0,"reboots_seen":1,"table_full":0,"events_dropped":0}}
1791634101.666 {"t":"ns","node":33120,"hash":13581963,"owner":33120,"kind":"sampled","unit":100,"class":4,"bound_ms":5000,"quality":"GOOD","age_ms":376,"ts":1342304,"updates":128,"value":2}
1791634101.666 {"t":"ns","node":33120,"hash":3142365229,"owner":33120,"kind":"sampled","unit":101,"class":4,"bound_ms":30000,"quality":"GOOD","age_ms":392,"ts":1342303,"updates":128,"value":172032}
1791634101.666 {"t":"ns","node":33120,"hash":1245650351,"owner":25344,"kind":"sampled","unit":0,"class":3,"bound_ms":500,"quality":"NO_DATA","age_ms":0,"ts":0,"updates":0,"value":null}
1791634101.666 {"t":"ns","node":33120,"hash":2033492666,"owner":33120,"kind":"sampled","unit":0,"class":3,"bound_ms":0,"quality":"NO_DATA","age_ms":0,"ts":0,"updates":0,"value":null}
1791634101.666 {"t":"ns","node":33120,"hash":2347817554,"owner":33120,"kind":"sampled","unit":100,"class":4,"bound_ms":0,"quality":"GOOD","age_ms":438,"ts":1342304,"updates":128,"value":282}
1791634101.666 {"t":"ns","node":33120,"hash":1170356950,"owner":33120,"kind":"sampled","unit":80,"class":4,"bound_ms":30000,"quality":"GOOD","age_ms":453,"ts":1342303,"updates":128,"value":1342}
1791634101.666 {"t":"ns","node":33120,"hash":3085599597,"owner":33120,"kind":"sampled","unit":0,"class":4,"bound_ms":5000,"quality":"GOOD","age_ms":466,"ts":1342304,"updates":128,"value":-20}
1791634101.666 {"t":"ns","node":33120,"hash":2486014333,"owner":33120,"kind":"sampled","unit":101,"class":4,"bound_ms":30000,"quality":"GOOD","age_ms":481,"ts":1342303,"updates":128,"value":250163}
1791634111.831 {"t":"clk","node":33120,"up_ms":1352800}
1791634111.831 {"t":"led","node":33120,"shows":"yellow","app":0}
1791634111.831 {"t":"event","at_ms":1342427,"node":33120,"kind":"peer_admitted","peer":25344,"slot":1,"a":0,"b":0}
1791634111.831 {"t":"event","at_ms":1343371,"node":33120,"kind":"peer_admitted","peer":29544,"slot":0,"a":0,"b":0}
1791634111.831 {"t":"event","at_ms":1344468,"node":33120,"kind":"peer_admitted","peer":25344,"slot":1,"a":0,"b":0}
1791634111.831 {"t":"event","at_ms":1345371,"node":33120,"kind":"peer_admitted","peer":29544,"slot":0,"a":0,"b":0}
1791634111.831 {"t":"event","at_ms":1346427,"node":33120,"kind":"peer_admitted","peer":25344,"slot":1,"a":0,"b":0}
1791634111.831 {"t":"event","at_ms":1347407,"node":33120,"kind":"peer_admitted","peer":29544,"slot":0,"a":0,"b":0}
1791634111.831 {"t":"event","at_ms":1348427,"node":33120,"kind":"peer_admitted","peer":25344,"slot":1,"a":0,"b":0}
1791634111.831 {"t":"event","at_ms":1349371,"node":33120,"kind":"peer_admitted","peer":29544,"slot":0,"a":0,"b":0}
1791634111.831 {"t":"event","at_ms":1350439,"node":33120,"kind":"peer_admitted","peer":25344,"slot":1,"a":0,"b":0}
1791634111.831 {"t":"event","at_ms":1351371,"node":33120,"kind":"peer_admitted","peer":29544,"slot":0,"a":0,"b":0}
1791634111.832 {"t":"event","at_ms":1352427,"node":33120,"kind":"peer_admitted","peer":25344,"slot":1,"a":0,"b":0}
1791634111.832 {"t":"link","up_ms":1352902,"node":33120,"peer":29544,"mac":"b8:1f:3f:da:73:68","state":"alive","epoch":170,"espnow_ver":2,"mtu":1446,"misses":0,"rssi":-9,"tx":{"frames":4731,"cb_ok":4731,"cb_fail":0,"enqueue_err":0,"pdr_ppm":1000000},"rx":{"frames":18902,"lost_seqgap":0,"reorder_dup":0,"dropped_bad":0,"hb_lost":14,"bcast_frames":13494,"pdr_ppm":1000000},"rtt":{"samples":676,"min_us":5293,"max_us":52282,"timeouts":0,"txq_last_us":2823,"txq_max_us":46338,"remote_turnaround_us":668,"remote_turnaround_max_us":2363,"p50_us":[4000,6000],"p99_us":[22000,30000],"hist":[0,0,0,0,532,106,19,5,6,2,3,3,0,0,0,0]}}
1791634111.832 {"t":"link","up_ms":1352957,"node":33120,"peer":25344,"mac":"b8:1f:3f:da:63:00","state":"alive","epoch":243,"espnow_ver":2,"mtu":1446,"misses":0,"rssi":-20,"tx":{"frames":5029,"cb_ok":5026,"cb_fail":3,"enqueue_err":0,"pdr_ppm":999403},"rx":{"frames":19001,"lost_seqgap":2,"reorder_dup":0,"dropped_bad":0,"hb_lost":59,"bcast_frames":13417,"pdr_ppm":999894},"rtt":{"samples":673,"min_us":5762,"max_us":146505,"timeouts":1,"txq_last_us":2752,"txq_max_us":21061,"remote_turnaround_us":1014,"remote_turnaround_max_us":141513,"p50_us":[4000,6000],"p99_us":[22000,30000],"hist":[0,0,0,0,469,162,26,3,3,4,4,1,0,0,1,0]}}
1791634111.832 {"t":"auth","node":33120,"up_ms":1353025,"enrolled":1,"required":1,"verified_peers":2,"verified":3,"cache_hits":1350,"refused":0,"rate_limited":0,"stale_epoch":0,"verify_us_max":84076,"link_stack_free_b":1524,"crypto_stack_free_b":1220,"tags_ok":9640,"bad_tag":0,"replayed":0,"untagged":0,"bcast_dropped":0,"beacon_epoch_ignored":0,"tag_us_max":2328}
1791634111.832 {"t":"act","node":33120,"setpoint":0,"has_value":0,"writes_served":0}
1791634111.832 {"t":"peers","node":33120,"own_period_ms":100,"own_busy":0,"channel":1,"scanning":0,"scans":0,"hops":0,"found":0,"lost_to_found_ms":0,"moves_followed":0,"moves_refused":0,"sweeps":0,"sweep_found":0,"sweeping":0,"search_visits":0,"relay":0,"fwd_u":0,"fwd_b":0,"fwd_h":0,"relay_dup":14086,"list":[{"id":29544,"state":"alive","via_relay":0,"period_ms":100,"misses":6,"busy":1,"rtt_n":676},{"id":25344,"state":"alive","via_relay":0,"period_ms":100,"misses":6,"busy":0,"rtt_n":673}]}
1791634111.832 {"t":"ss","node":33120,"accepted":0,"unsigned":0,"unknown_sender":0,"bad_signature":0,"replayed":0,"rate_limited":0,"verify_us_max":0,"floors":[{"src":25344,"epoch":139,"counter":1}]}
1791634111.832 {"t":"rec","node":33120,"up_ms":1353122,"settled":1,"sent":5399,"received":5285,"malformed":0,"views":3,"replies_fenced":0,"actors":[{"key":1245650351,"running":0,"term":0,"owner":25344,"owner_term":7,"assigned":25344,"starts":0,"fenced":0,"released":0}]}
1791634112.166 {"t":"node","up_ms":1353148,"node":33120,"epoch":282,"peers_alive":2,"peers_dead":0,"no_radio":0,"free_dram":250163,"largest_block":172032,"rx":{"total":66150,"bad_frame":0,"unknown_peer":12,"wrong_dst":0,"short_payload":0,"unknown_opcode":0,"queue_dropped":50},"tx":{"total":23953,"enqueue_err":0,"done_queue_dropped":0},"membership":{"deaths":1,"revivals":0,"reboots_seen":1,"table_full":0,"events_dropped":0}}
1791634112.166 {"t":"ns","node":33120,"hash":13581963,"owner":33120,"kind":"sampled","unit":100,"class":4,"bound_ms":5000,"quality":"GOOD","age_ms":373,"ts":1352804,"updates":129,"value":2}
1791634112.166 {"t":"ns","node":33120,"hash":3142365229,"owner":33120,"kind":"sampled","unit":101,"class":4,"bound_ms":30000,"quality":"GOOD","age_ms":387,"ts":1352804,"updates":129,"value":172032}
1791634112.166 {"t":"ns","node":33120,"hash":1245650351,"owner":25344,"kind":"sampled","unit":0,"class":3,"bound_ms":500,"quality":"NO_DATA","age_ms":0,"ts":0,"updates":0,"value":null}
1791634112.166 {"t":"ns","node":33120,"hash":2033492666,"owner":33120,"kind":"sampled","unit":0,"class":3,"bound_ms":0,"quality":"NO_DATA","age_ms":0,"ts":0,"updates":0,"value":null}
1791634112.166 {"t":"ns","node":33120,"hash":2347817554,"owner":33120,"kind":"sampled","unit":100,"class":4,"bound_ms":0,"quality":"GOOD","age_ms":441,"ts":1352804,"updates":129,"value":282}
1791634112.166 {"t":"ns","node":33120,"hash":1170356950,"owner":33120,"kind":"sampled","unit":80,"class":4,"bound_ms":30000,"quality":"GOOD","age_ms":455,"ts":1352804,"updates":129,"value":1352}
1791634112.166 {"t":"ns","node":33120,"hash":3085599597,"owner":33120,"kind":"sampled","unit":0,"class":4,"bound_ms":5000,"quality":"GOOD","age_ms":469,"ts":1352804,"updates":129,"value":-19}
1791634112.166 {"t":"ns","node":33120,"hash":2486014333,"owner":33120,"kind":"sampled","unit":101,"class":4,"bound_ms":30000,"quality":"GOOD","age_ms":483,"ts":1352804,"updates":129,"value":249899}
1791634122.348 {"t":"clk","node":33120,"up_ms":1363302}
1791634122.348 {"t":"led","node":33120,"shows":"green","app":0}
1791634122.348 {"t":"event","at_ms":1353371,"node":33120,"kind":"peer_admitted","peer":29544,"slot":0,"a":0,"b":0}
1791634122.348 {"t":"event","at_ms":1354427,"node":33120,"kind":"peer_admitted","peer":25344,"slot":1,"a":0,"b":0}
1791634122.348 {"t":"event","at_ms":1355377,"node":33120,"kind":"peer_admitted","peer":29544,"slot":0,"a":0,"b":0}
1791634122.348 {"t":"event","at_ms":1356427,"node":33120,"kind":"peer_admitted","peer":25344,"slot":1,"a":0,"b":0}
1791634122.348 {"t":"event","at_ms":1357380,"node":33120,"kind":"peer_admitted","peer":29544,"slot":0,"a":0,"b":0}
1791634122.348 {"t":"event","at_ms":1358428,"node":33120,"kind":"peer_admitted","peer":25344,"slot":1,"a":0,"b":0}
1791634122.348 {"t":"event","at_ms":1359374,"node":33120,"kind":"peer_admitted","peer":29544,"slot":0,"a":0,"b":0}
1791634122.348 {"t":"event","at_ms":1360427,"node":33120,"kind":"peer_admitted","peer":25344,"slot":1,"a":0,"b":0}
1791634122.348 {"t":"event","at_ms":1361378,"node":33120,"kind":"peer_admitted","peer":29544,"slot":0,"a":0,"b":0}
1791634122.348 {"t":"event","at_ms":1362431,"node":33120,"kind":"peer_admitted","peer":25344,"slot":1,"a":0,"b":0}
1791634122.348 {"t":"event","at_ms":1363371,"node":33120,"kind":"peer_admitted","peer":29544,"slot":0,"a":0,"b":0}
1791634122.348 {"t":"link","up_ms":1363440,"node":33120,"peer":29544,"mac":"b8:1f:3f:da:73:68","state":"alive","epoch":170,"espnow_ver":2,"mtu":1446,"misses":0,"rssi":-9,"tx":{"frames":4768,"cb_ok":4768,"cb_fail":0,"enqueue_err":0,"pdr_ppm":1000000},"rx":{"frames":19050,"lost_seqgap":0,"reorder_dup":0,"dropped_bad":0,"hb_lost":15,"bcast_frames":13599,"pdr_ppm":1000000},"rtt":{"samples":681,"min_us":5293,"max_us":52282,"timeouts":0,"txq_last_us":2823,"txq_max_us":46338,"remote_turnaround_us":882,"remote_turnaround_max_us":2363,"p50_us":[4000,6000],"p99_us":[30000,42000],"hist":[0,0,0,0,535,106,20,5,6,2,4,3,0,0,0,0]}}
1791634122.348 {"t":"link","up_ms":1363483,"node":33120,"peer":25344,"mac":"b8:1f:3f:da:63:00","state":"alive","epoch":243,"espnow_ver":2,"mtu":1446,"misses":0,"rssi":-20,"tx":{"frames":5161,"cb_ok":5158,"cb_fail":3,"enqueue_err":0,"pdr_ppm":999418},"rx":{"frames":19237,"lost_seqgap":2,"reorder_dup":0,"dropped_bad":0,"hb_lost":59,"bcast_frames":13523,"pdr_ppm":999896},"rtt":{"samples":678,"min_us":5762,"max_us":146505,"timeouts":1,"txq_last_us":1185,"txq_max_us":21061,"remote_turnaround_us":1111,"remote_turnaround_max_us":141513,"p50_us":[4000,6000],"p99_us":[22000,30000],"hist":[0,0,0,0,471,165,26,3,3,4,4,1,0,0,1,0]}}
1791634122.348 {"t":"auth","node":33120,"up_ms":1363538,"enrolled":1,"required":1,"verified_peers":2,"verified":3,"cache_hits":1361,"refused":0,"rate_limited":0,"stale_epoch":0,"verify_us_max":84076,"link_stack_free_b":1524,"crypto_stack_free_b":1220,"tags_ok":9802,"bad_tag":0,"replayed":0,"untagged":0,"bcast_dropped":0,"beacon_epoch_ignored":0,"tag_us_max":2403}
1791634122.348 {"t":"act","node":33120,"setpoint":0,"has_value":0,"writes_served":0}
1791634122.348 {"t":"peers","node":33120,"own_period_ms":100,"own_busy":0,"channel":1,"scanning":0,"scans":0,"hops":0,"found":0,"lost_to_found_ms":0,"moves_followed":0,"moves_refused":0,"sweeps":0,"sweep_found":0,"sweeping":0,"search_visits":0,"relay":0,"fwd_u":0,"fwd_b":0,"fwd_h":0,"relay_dup":14196,"list":[{"id":29544,"state":"alive","via_relay":0,"period_ms":100,"misses":6,"busy":1,"rtt_n":681},{"id":25344,"state":"alive","via_relay":0,"period_ms":100,"misses":6,"busy":0,"rtt_n":678}]}
1791634122.348 {"t":"ss","node":33120,"accepted":0,"unsigned":0,"unknown_sender":0,"bad_signature":0,"replayed":0,"rate_limited":0,"verify_us_max":0,"floors":[{"src":25344,"epoch":139,"counter":1}]}
1791634122.348 {"t":"rec","node":33120,"up_ms":1363634,"settled":1,"sent":5441,"received":5320,"malformed":0,"views":3,"replies_fenced":0,"actors":[{"key":1245650351,"running":0,"term":0,"owner":25344,"owner_term":7,"assigned":25344,"starts":0,"fenced":0,"released":0}]}
1791634122.687 {"t":"node","up_ms":1363660,"node":33120,"epoch":282,"peers_alive":2,"peers_dead":0,"no_radio":0,"free_dram":250163,"largest_block":172032,"rx":{"total":66749,"bad_frame":0,"unknown_peer":12,"wrong_dst":0,"short_payload":0,"unknown_opcode":0,"queue_dropped":50},"tx":{"total":24232,"enqueue_err":0,"done_queue_dropped":0},"membership":{"deaths":1,"revivals":0,"reboots_seen":1,"table_full":0,"events_dropped":0}}
1791634122.687 {"t":"ns","node":33120,"hash":13581963,"owner":33120,"kind":"sampled","unit":100,"class":4,"bound_ms":5000,"quality":"GOOD","age_ms":393,"ts":1363308,"updates":130,"value":2}
1791634122.687 {"t":"ns","node":33120,"hash":3142365229,"owner":33120,"kind":"sampled","unit":101,"class":4,"bound_ms":30000,"quality":"GOOD","age_ms":407,"ts":1363308,"updates":130,"value":172032}
1791634122.687 {"t":"ns","node":33120,"hash":1245650351,"owner":25344,"kind":"sampled","unit":0,"class":3,"bound_ms":500,"quality":"NO_DATA","age_ms":0,"ts":0,"updates":0,"value":null}
1791634122.687 {"t":"ns","node":33120,"hash":2033492666,"owner":33120,"kind":"sampled","unit":0,"class":3,"bound_ms":0,"quality":"NO_DATA","age_ms":0,"ts":0,"updates":0,"value":null}
1791634122.687 {"t":"ns","node":33120,"hash":2347817554,"owner":33120,"kind":"sampled","unit":100,"class":4,"bound_ms":0,"quality":"GOOD","age_ms":449,"ts":1363308,"updates":130,"value":282}
1791634122.687 {"t":"ns","node":33120,"hash":1170356950,"owner":33120,"kind":"sampled","unit":80,"class":4,"bound_ms":30000,"quality":"GOOD","age_ms":463,"ts":1363308,"updates":130,"value":1363}
1791634122.687 {"t":"ns","node":33120,"hash":3085599597,"owner":33120,"kind":"sampled","unit":0,"class":4,"bound_ms":5000,"quality":"GOOD","age_ms":477,"ts":1363308,"updates":130,"value":-20}
1791634122.687 {"t":"ns","node":33120,"hash":2486014333,"owner":33120,"kind":"sampled","unit":101,"class":4,"bound_ms":30000,"quality":"GOOD","age_ms":492,"ts":1363308,"updates":130,"value":249899}
1791634132.851 {"t":"clk","node":33120,"up_ms":1373814}
1791634132.851 {"t":"led","node":33120,"shows":"green","app":0}
1791634132.851 {"t":"event","at_ms":1364427,"node":33120,"kind":"peer_admitted","peer":25344,"slot":1,"a":0,"b":0}
1791634132.851 {"t":"event","at_ms":1365376,"node":33120,"kind":"peer_admitted","peer":29544,"slot":0,"a":0,"b":0}
1791634132.851 {"t":"event","at_ms":1366468,"node":33120,"kind":"peer_admitted","peer":25344,"slot":1,"a":0,"b":0}
1791634132.851 {"t":"event","at_ms":1367371,"node":33120,"kind":"peer_admitted","peer":29544,"slot":0,"a":0,"b":0}
1791634132.851 {"t":"event","at_ms":1368428,"node":33120,"kind":"peer_admitted","peer":25344,"slot":1,"a":0,"b":0}
1791634132.851 {"t":"event","at_ms":1369376,"node":33120,"kind":"peer_admitted","peer":29544,"slot":0,"a":0,"b":0}
1791634132.851 {"t":"event","at_ms":1370431,"node":33120,"kind":"peer_admitted","peer":25344,"slot":1,"a":0,"b":0}
1791634132.851 {"t":"event","at_ms":1371371,"node":33120,"kind":"peer_admitted","peer":29544,"slot":0,"a":0,"b":0}
1791634132.851 {"t":"event","at_ms":1372438,"node":33120,"kind":"peer_admitted","peer":25344,"slot":1,"a":0,"b":0}
1791634132.851 {"t":"event","at_ms":1373371,"node":33120,"kind":"peer_admitted","peer":29544,"slot":0,"a":0,"b":0}
1791634132.851 {"t":"link","up_ms":1373931,"node":33120,"peer":29544,"mac":"b8:1f:3f:da:73:68","state":"alive","epoch":170,"espnow_ver":2,"mtu":1446,"misses":0,"rssi":-9,"tx":{"frames":4803,"cb_ok":4803,"cb_fail":0,"enqueue_err":0,"pdr_ppm":1000000},"rx":{"frames":19196,"lost_seqgap":0,"reorder_dup":0,"dropped_bad":0,"hb_lost":16,"bcast_frames":13703,"pdr_ppm":1000000},"rtt":{"samples":686,"min_us":5293,"max_us":52282,"timeouts":0,"txq_last_us":3257,"txq_max_us":46338,"remote_turnaround_us":845,"remote_turnaround_max_us":2363,"p50_us":[4000,6000],"p99_us":[30000,42000],"hist":[0,0,0,0,538,108,20,5,6,2,4,3,0,0,0,0]}}
1791634132.851 {"t":"link","up_ms":1373985,"node":33120,"peer":25344,"mac":"b8:1f:3f:da:63:00","state":"alive","epoch":243,"espnow_ver":2,"mtu":1446,"misses":0,"rssi":-20,"tx":{"frames":5292,"cb_ok":5289,"cb_fail":3,"enqueue_err":0,"pdr_ppm":999433},"rx":{"frames":19473,"lost_seqgap":2,"reorder_dup":0,"dropped_bad":0,"hb_lost":59,"bcast_frames":13628,"pdr_ppm":999897},"rtt":{"samples":684,"min_us":5738,"max_us":146505,"timeouts":1,"txq_last_us":1219,"txq_max_us":21061,"remote_turnaround_us":963,"remote_turnaround_max_us":141513,"p50_us":[4000,6000],"p99_us":[30000,42000],"hist":[0,0,0,0,475,166,26,3,3,4,5,1,0,0,1,0]}}
1791634132.851 {"t":"auth","node":33120,"up_ms":1374039,"enrolled":1,"required":1,"verified_peers":2,"verified":3,"cache_hits":1371,"refused":0,"rate_limited":0,"stale_epoch":0,"verify_us_max":84076,"link_stack_free_b":1524,"crypto_stack_free_b":1220,"tags_ok":9964,"bad_tag":0,"replayed":0,"untagged":0,"bcast_dropped":0,"beacon_epoch_ignored":0,"tag_us_max":2403}
1791634132.851 {"t":"act","node":33120,"setpoint":0,"has_value":0,"writes_served":0}
1791634132.851 {"t":"peers","node":33120,"own_period_ms":100,"own_busy":0,"channel":1,"scanning":0,"scans":0,"hops":0,"found":0,"lost_to_found_ms":0,"moves_followed":0,"moves_refused":0,"sweeps":0,"sweep_found":0,"sweeping":0,"search_visits":0,"relay":0,"fwd_u":0,"fwd_b":0,"fwd_h":0,"relay_dup":14306,"list":[{"id":29544,"state":"alive","via_relay":0,"period_ms":100,"misses":6,"busy":1,"rtt_n":686},{"id":25344,"state":"alive","via_relay":0,"period_ms":100,"misses":6,"busy":0,"rtt_n":684}]}
1791634132.851 {"t":"ss","node":33120,"accepted":0,"unsigned":0,"unknown_sender":0,"bad_signature":0,"replayed":0,"rate_limited":0,"verify_us_max":0,"floors":[{"src":25344,"epoch":139,"counter":1}]}
1791634132.851 {"t":"rec","node":33120,"up_ms":1374135,"settled":1,"sent":5481,"received":5355,"malformed":0,"views":3,"replies_fenced":0,"actors":[{"key":1245650351,"running":0,"term":0,"owner":25344,"owner_term":7,"assigned":25344,"starts":0,"fenced":0,"released":0}]}
1791634132.851 {"t":"node","up_ms":1374150,"node":33120,"epoch":282,"peers_alive":2,"peers_dead":0,"no_radio":0,"free_dram":250163,"largest_block":172032,"rx":{"total":67349,"bad_frame":0,"unknown_peer":12,"wrong_dst":0,"short_payload":0,"unknown_opcode":0,"queue_dropped":50},"tx":{"total":24508,"enqueue_err":0,"done_queue_dropped":0},"membership":{"deaths":1,"revivals":0,"reboots_seen":1,"table_full":0,"events_dropped":0}}
1791634133.218 {"t":"ns","node":33120,"hash":13581963,"owner":33120,"kind":"sampled","unit":100,"class":4,"bound_ms":5000,"quality":"GOOD","age_ms":375,"ts":1373816,"updates":131,"value":2}
1791634133.218 {"t":"ns","node":33120,"hash":3142365229,"owner":33120,"kind":"sampled","unit":101,"class":4,"bound_ms":30000,"quality":"GOOD","age_ms":390,"ts":1373815,"updates":131,"value":172032}
1791634133.218 {"t":"ns","node":33120,"hash":1245650351,"owner":25344,"kind":"sampled","unit":0,"class":3,"bound_ms":500,"quality":"NO_DATA","age_ms":0,"ts":0,"updates":0,"value":null}
1791634133.218 {"t":"ns","node":33120,"hash":2033492666,"owner":33120,"kind":"sampled","unit":0,"class":3,"bound_ms":0,"quality":"NO_DATA","age_ms":0,"ts":0,"updates":0,"value":null}
1791634133.218 {"t":"ns","node":33120,"hash":2347817554,"owner":33120,"kind":"sampled","unit":100,"class":4,"bound_ms":0,"quality":"GOOD","age_ms":431,"ts":1373816,"updates":131,"value":282}
1791634133.218 {"t":"ns","node":33120,"hash":1170356950,"owner":33120,"kind":"sampled","unit":80,"class":4,"bound_ms":30000,"quality":"GOOD","age_ms":489,"ts":1373815,"updates":131,"value":1373}
1791634133.218 {"t":"ns","node":33120,"hash":3085599597,"owner":33120,"kind":"sampled","unit":0,"class":4,"bound_ms":5000,"quality":"GOOD","age_ms":503,"ts":1373816,"updates":131,"value":-20}
1791634133.218 {"t":"ns","node":33120,"hash":2486014333,"owner":33120,"kind":"sampled","unit":101,"class":4,"bound_ms":30000,"quality":"GOOD","age_ms":518,"ts":1373815,"updates":131,"value":250163}
1791634143.387 {"t":"clk","node":33120,"up_ms":1384347}
1791634143.387 {"t":"led","node":33120,"shows":"green","app":0}
1791634143.387 {"t":"event","at_ms":1374429,"node":33120,"kind":"peer_admitted","peer":25344,"slot":1,"a":0,"b":0}
1791634143.387 {"t":"event","at_ms":1375376,"node":33120,"kind":"peer_admitted","peer":29544,"slot":0,"a":0,"b":0}
1791634143.387 {"t":"event","at_ms":1376429,"node":33120,"kind":"peer_admitted","peer":25344,"slot":1,"a":0,"b":0}
1791634143.387 {"t":"event","at_ms":1377371,"node":33120,"kind":"peer_admitted","peer":29544,"slot":0,"a":0,"b":0}
1791634143.387 {"t":"event","at_ms":1378438,"node":33120,"kind":"peer_admitted","peer":25344,"slot":1,"a":0,"b":0}
1791634143.387 {"t":"event","at_ms":1379377,"node":33120,"kind":"peer_admitted","peer":29544,"slot":0,"a":0,"b":0}
1791634143.387 {"t":"event","at_ms":1380429,"node":33120,"kind":"peer_admitted","peer":25344,"slot":1,"a":0,"b":0}
1791634143.387 {"t":"event","at_ms":1381371,"node":33120,"kind":"peer_admitted","peer":29544,"slot":0,"a":0,"b":0}
1791634143.387 {"t":"event","at_ms":1382429,"node":33120,"kind":"peer_admitted","peer":25344,"slot":1,"a":0,"b":0}
1791634143.387 {"t":"event","at_ms":1383371,"node":33120,"kind":"peer_admitted","peer":29544,"slot":0,"a":0,"b":0}
1791634143.387 {"t":"event","at_ms":1384429,"node":33120,"kind":"peer_admitted","peer":25344,"slot":1,"a":0,"b":0}
1791634143.387 {"t":"link","up_ms":1384481,"node":33120,"peer":29544,"mac":"b8:1f:3f:da:73:68","state":"alive","epoch":170,"espnow_ver":2,"mtu":1446,"misses":0,"rssi":-8,"tx":{"frames":4839,"cb_ok":4839,"cb_fail":0,"enqueue_err":0,"pdr_ppm":1000000},"rx":{"frames":19341,"lost_seqgap":0,"reorder_dup":0,"dropped_bad":0,"hb_lost":17,"bcast_frames":13807,"pdr_ppm":1000000},"rtt":{"samples":691,"min_us":5293,"max_us":52282,"timeouts":0,"txq_last_us":2801,"txq_max_us":46338,"remote_turnaround_us":830,"remote_turnaround_max_us":2363,"p50_us":[4000,6000],"p99_us":[30000,42000],"hist":[0,0,0,0,542,109,20,5,6,2,4,3,0,0,0,0]}}
1791634143.387 {"t":"link","up_ms":1384527,"node":33120,"peer":25344,"mac":"b8:1f:3f:da:63:00","state":"alive","epoch":243,"espnow_ver":2,"mtu":1446,"misses":0,"rssi":-20,"tx":{"frames":5423,"cb_ok":5420,"cb_fail":3,"enqueue_err":0,"pdr_ppm":999446},"rx":{"frames":19707,"lost_seqgap":2,"reorder_dup":0,"dropped_bad":0,"hb_lost":60,"bcast_frames":13732,"pdr_ppm":999898},"rtt":{"samples":689,"min_us":5738,"max_us":146505,"timeouts":1,"txq_last_us":1219,"txq_max_us":21061,"remote_turnaround_us":1342,"remote_turnaround_max_us":141513,"p50_us":[4000,6000],"p99_us":[30000,42000],"hist":[0,0,0,0,476,169,26,3,3,4,6,1,0,0,1,0]}}
1791634143.387 {"t":"auth","node":33120,"up_ms":1384582,"enrolled":1,"required":1,"verified_peers":2,"verified":3,"cache_hits":1382,"refused":0,"rate_limited":0,"stale_epoch":0,"verify_us_max":84076,"link_stack_free_b":1524,"crypto_stack_free_b":1220,"tags_ok":10124,"bad_tag":0,"replayed":0,"untagged":0,"bcast_dropped":0,"beacon_epoch_ignored":0,"tag_us_max":2586}
1791634143.387 {"t":"act","node":33120,"setpoint":0,"has_value":0,"writes_served":0}
1791634143.387 {"t":"peers","node":33120,"own_period_ms":100,"own_busy":0,"channel":1,"scanning":0,"scans":0,"hops":0,"found":0,"lost_to_found_ms":0,"moves_followed":0,"moves_refused":0,"sweeps":0,"sweep_found":0,"sweeping":0,"search_visits":0,"relay":0,"fwd_u":0,"fwd_b":0,"fwd_h":0,"relay_dup":14416,"list":[{"id":29544,"state":"alive","via_relay":0,"period_ms":100,"misses":6,"busy":1,"rtt_n":691},{"id":25344,"state":"alive","via_relay":0,"period_ms":100,"misses":6,"busy":0,"rtt_n":689}]}
1791634143.387 {"t":"ss","node":33120,"accepted":0,"unsigned":0,"unknown_sender":0,"bad_signature":0,"replayed":0,"rate_limited":0,"verify_us_max":0,"floors":[{"src":25344,"epoch":139,"counter":1}]}
1791634143.387 {"t":"rec","node":33120,"up_ms":1384677,"settled":1,"sent":5522,"received":5390,"malformed":0,"views":3,"replies_fenced":0,"actors":[{"key":1245650351,"running":0,"term":0,"owner":25344,"owner_term":7,"assigned":25344,"starts":0,"fenced":0,"released":0}]}
1791634143.753 {"t":"node","up_ms":1384704,"node":33120,"epoch":282,"peers_alive":2,"peers_dead":0,"no_radio":0,"free_dram":249899,"largest_block":172032,"rx":{"total":67950,"bad_frame":0,"unknown_peer":12,"wrong_dst":0,"short_payload":0,"unknown_opcode":0,"queue_dropped":50},"tx":{"total":24787,"enqueue_err":0,"done_queue_dropped":0},"membership":{"deaths":1,"revivals":0,"reboots_seen":1,"table_full":0,"events_dropped":0}}
1791634143.753 {"t":"ns","node":33120,"hash":13581963,"owner":33120,"kind":"sampled","unit":100,"class":4,"bound_ms":5000,"quality":"GOOD","age_ms":384,"ts":1384349,"updates":132,"value":2}
1791634143.753 {"t":"ns","node":33120,"hash":3142365229,"owner":33120,"kind":"sampled","unit":101,"class":4,"bound_ms":30000,"quality":"GOOD","age_ms":410,"ts":1384348,"updates":132,"value":172032}
1791634143.753 {"t":"ns","node":33120,"hash":1245650351,"owner":25344,"kind":"sampled","unit":0,"class":3,"bound_ms":500,"quality":"NO_DATA","age_ms":0,"ts":0,"updates":0,"value":null}
1791634143.753 {"t":"ns","node":33120,"hash":2033492666,"owner":33120,"kind":"sampled","unit":0,"class":3,"bound_ms":0,"quality":"NO_DATA","age_ms":0,"ts":0,"updates":0,"value":null}
1791634143.753 {"t":"ns","node":33120,"hash":2347817554,"owner":33120,"kind":"sampled","unit":100,"class":4,"bound_ms":0,"quality":"GOOD","age_ms":477,"ts":1384349,"updates":132,"value":282}
1791634143.753 {"t":"ns","node":33120,"hash":1170356950,"owner":33120,"kind":"sampled","unit":80,"class":4,"bound_ms":30000,"quality":"GOOD","age_ms":492,"ts":1384348,"updates":132,"value":1384}
1791634143.753 {"t":"ns","node":33120,"hash":3085599597,"owner":33120,"kind":"sampled","unit":0,"class":4,"bound_ms":5000,"quality":"GOOD","age_ms":505,"ts":1384349,"updates":132,"value":-20}
1791634143.753 {"t":"ns","node":33120,"hash":2486014333,"owner":33120,"kind":"sampled","unit":101,"class":4,"bound_ms":30000,"quality":"GOOD","age_ms":521,"ts":1384348,"updates":132,"value":250163}
1791634148.036 I (1390059) esp_image: segment 0: paddr=00140020 vaddr=3c090020 size=1dde8h (122344) map
1791634148.036 I (1390077) esp_image: segment 1: paddr=0015de10 vaddr=3fc98700 size=02208h (  8712)
1791634148.036 I (1390080) esp_image: segment 2: paddr=00160020 vaddr=42000020 size=88650h (558672) map
1791634148.036 I (1390166) esp_image: segment 3: paddr=001e8678 vaddr=3fc9a908 size=032b4h ( 12980)
1791634148.036 I (1390170) esp_image: segment 4: paddr=001eb934 vaddr=40374000 size=14698h ( 83608)
1791634148.036 I (1390182) esp_image: segment 5: paddr=001fffd4 vaddr=50000000 size=00024h (    36)
1791634148.036 I (1390184) esp_image: segment 0: paddr=00140020 vaddr=3c090020 size=1dde8h (122344) map
1791634148.036 I (1390214) esp_image: segment 1: paddr=0015de10 vaddr=3fc98700 size=02208h (  8712)
1791634148.036 I (1390217) esp_image: segment 2: paddr=00160020 vaddr=42000020 size=88650h (558672) map
1791634148.036 I (1390303) esp_image: segment 3: paddr=001e8678 vaddr=3fc9a908 size=032b4h ( 12980)
1791634148.036 I (1390307) esp_image: segment 4: paddr=001eb934 vaddr=40374000 size=14698h ( 83608)
1791634148.036 I (1390319) esp_image: segment 5: paddr=001fffd4 vaddr=50000000 size=00024h (    36)
1791634148.036 I (1390357) pot.m0: fw: commit of counter 3: ok (352 ms)
1791634149.914 W (1391860) pot.m0: deploy: rebooting into the new slot
1791634149.915  ��ESP-ROM:esp32s3-20210327
1791634149.915 Build:Mar 27 2021
1791634149.915 rst:0xc (RTC_SW_CPU_RST),boot:0x8 (SPI_FAST_FLASH_BOOT)
1791634149.915 Saved PC:0x4037e97a
1791634149.915 SPIWP:0xee
1791634149.915 mode:DIO, clock div:1
1791634149.915 load:0x3fce2820,len:0x14f0
1791634149.915 load:0x403c8700,len:0xda0
1791634149.915 load:0x403cb700,len:0x2f9c
1791634149.915 entry 0x403c8908
1791634149.915 I (29) boot: ESP-IDF v6.0.2 2nd stage bootloader
1791634149.915 I (29) boot: compile time Oct 10 2026 13:24:07
1791634149.915 I (29) boot: Multicore bootloader
1791634149.915 I (29) boot: chip revision: v0.2
1791634149.915 I (32) boot: efuse block revision: v1.4
1791634149.915 I (36) boot.esp32s3: Boot SPI Speed : 80MHz
1791634149.915 I (40) boot.esp32s3: SPI Mode       : DIO
1791634149.915 I (43) boot.esp32s3: SPI Flash Size : 16MB
1791634149.915 I (47) boot: Enabling RNG early entropy source...
1791634149.915 I (52) boot: Partition Table:
1791634149.915 I (54) boot: ## Label            Usage          Type ST Offset   Length
1791634149.915 I (61) boot:  0 nvs              WiFi data        01 02 00009000 00006000
1791634149.915 I (67) boot:  1 phy_init         RF data          01 01 0000f000 00001000
1791634149.915 I (74) boot:  2 factory          factory app      00 00 00010000 00100000
1791634149.915 I (80) boot:  3 modA             Unknown data     01 40 00110000 00010000
1791634149.915 I (87) boot:  4 modB             Unknown data     01 40 00120000 00010000
1791634149.915 I (93) boot:  5 otadata          OTA data         01 00 00130000 00002000
1791634149.915 I (100) boot:  6 ota_0            OTA app          00 10 00140000 00200000
1791634149.915 I (106) boot:  7 ota_1            OTA app          00 11 00340000 00200000
1791634149.915 I (113) boot: End of partition table
1791634149.915 I (146) esp_image: segment 0: paddr=00140020 vaddr=3c090020 size=1dde8h (122344) map
1791634149.915 I (169) esp_image: segment 1: paddr=0015de10 vaddr=3fc98700 size=02208h (  8712) load
1791634149.915 I (171) esp_image: segment 2: paddr=00160020 vaddr=42000020 size=88650h (558672) map
1791634149.915 I (275) esp_image: segment 3: paddr=001e8678 vaddr=3fc9a908 size=032b4h ( 12980) load
1791634149.915 I (278) esp_image: segment 4: paddr=001eb934 vaddr=40374000 size=14698h ( 83608) load
1791634149.915 I (298) esp_image: segment 5: paddr=001fffd4 vaddr=50000000 size=00024h (    36) load
1791634149.915 I (307) boot: Loaded app from partition at offset 0x140000
1791634149.915 I (307) boot: Disabling RNG early entropy source...
1791634149.915 I (317) octal_psram: vendor id    : 0x0d (AP)
1791634149.915 I (318) octal_psram: dev id       : 0x02 (generation 3)
1791634149.915 I (318) octal_psram: density      : 0x03 (64 Mbit)
1791634149.915 I (320) octal_psram: good-die     : 0x01 (Pass)
1791634149.915 I (324) octal_psram: Latency      : 0x01 (Fixed)
1791634149.915 I (328) octal_psram: VCC          : 0x01 (3V)
1791634149.915 I (332) octal_psram: SRF          : 0x01 (Fast Refresh)
1791634149.915 I (337) octal_psram: BurstType    : 0x01 (Hybrid Wrap)
1791634149.915 I (342) octal_psram: BurstLen     : 0x01 (32 Byte)
1791634149.915 I (347) octal_psram: Readlatency  : 0x02 (10 cycles@Fixed)
1791634149.915 I (352) octal_psram: DriveStrength: 0x00 (1/1)
1791634149.915 I (356) esp_psram: Found 8MB PSRAM device
1791634149.915 I (360) esp_psram: Speed: 40MHz
1791634149.915 I (363) cpu_start: Multicore app
1791634150.959 I (1097) esp_psram: SPI SRAM memory test OK
1791634150.960 I (1106) cpu_start: GPIO 44 and 43 are used as console UART I/O pins
1791634150.960 I (1106) cpu_start: Pro cpu start user code
1791634150.960 I (1107) cpu_start: cpu freq: 160000000 Hz
1791634150.960 I (1108) app_init: Application information:
1791634150.960 I (1112) app_init: Project name:     potluck_m0
1791634150.960 I (1117) app_init: App version:      deploy-and-detach-162-g6aafa26-
1791634150.960 I (1123) app_init: Compile time:     Oct 10 2026 13:57:38
1791634150.960 I (1128) app_init: ELF file SHA256:  76a01c848...
1791634150.960 I (1132) app_init: ESP-IDF:          v6.0.2
1791634150.960 I (1136) efuse_init: Min chip rev:     v0.0
1791634150.960 I (1140) efuse_init: Max chip rev:     v0.99
1791634150.960 I (1144) efuse_init: Chip rev:         v0.2
1791634150.960 I (1148) heap_init: Initializing. RAM available for dynamic allocation:
1791634150.960 I (1155) heap_init: At 3FCA6E30 len 000428E0 (266 KiB): RAM
1791634150.960 I (1160) heap_init: At 3FCE9710 len 00005724 (21 KiB): RAM
1791634150.960 I (1165) heap_init: At 3FCF0000 len 00008000 (32 KiB): DRAM
1791634150.960 I (1170) heap_init: At 600FE000 len 00001FE8 (7 KiB): RTCRAM
1791634150.960 I (1176) esp_psram: Adding pool of 8161K of PSRAM memory to heap allocator
1791634150.960 I (1183) spi_flash: detected chip: generic
1791634150.960 I (1186) spi_flash: flash io: dio
1791634150.960 I (1190) sleep_gpio: Configure to isolate all GPIO pins in sleep state
1791634150.960 I (1196) sleep_gpio: Enable automatic switching of GPIO sleep configuration
1791634150.960 I (1203) main_task: Started on CPU0
1791634150.960 I (1226) esp_psram: Reserving pool of 32K of internal memory for DMA/internal allocations
1791634150.960 I (1227) main_task: Calling app_main()
1791634150.960 I (1241) pot.m0: channel 1 from the last boot (build default 1)
1791634150.960 I (1242) pp: pp rom version: e7ae62f
1791634150.960 I (1243) net80211: net80211 rom version: e7ae62f
1791634150.960 I (1245) wifi:wifi driver task: 3fcee984, prio:23, stack:6656, core=0
1791634150.960 I (1250) wifi:wifi firmware version: 00ad238
1791634150.960 I (1253) wifi:wifi certification version: v7.0
1791634150.960 I (1258) wifi:config NVS flash: disabled
1791634150.960 I (1261) wifi:config nano formatting: disabled
1791634150.960 I (1266) wifi:Init data frame dynamic rx buffer num: 16
1791634150.960 I (1271) wifi:Init static rx mgmt buffer num: 5
1791634150.960 I (1275) wifi:Init management short buffer num: 32
1791634150.960 I (1279) wifi:Init dynamic tx buffer num: 32
1791634150.960 I (1283) wifi:Init static tx FG buffer num: 2
1791634150.960 I (1287) wifi:Init static rx buffer size: 1600
1791634150.960 I (1291) wifi:Init static rx buffer num: 6
1791634150.960 I (1295) wifi:Init dynamic rx buffer num: 16
1791634150.960 I (1300) wifi_init: accept mbox: 6
1791634150.960 I (1302) wifi_init: tcpip mbox: 32
1791634150.960 I (1305) wifi_init: udp mbox: 6
1791634150.960 I (1308) wifi_init: tcp mbox: 6
1791634150.960 I (1311) wifi_init: tcp tx win: 5760
1791634150.960 I (1314) wifi_init: tcp rx win: 5760
1791634150.960 I (1318) wifi_init: tcp mss: 1440
1791634150.960 I (1321) wifi_init: WiFi IRAM OP enabled
1791634150.960 I (1324) wifi_init: WiFi RX IRAM OP enabled
1791634150.960 I (1329) phy_init: phy_version 712,87e8c20e,Apr 13 2026,18:51:10
1791634150.960 I (1379) wifi:mode : sta (b8:1f:3f:da:81:60)
1791634150.960 I (1379) wifi:enable tsf
1791634150.960 I (1380) wifi:Set ps type: 0, coexist: 0
1791634150.960 
1791634150.960 I (1383) ESPNOW: espnow [version: 2.0] init
1791634150.960 I (1383) pot.espnow: esp-now v2 up on channel 1, mac b8:1f:3f:da:81:60
1791634150.960 I (1390) pot.epoch: boot epoch 283
1791634150.960 I (1392) pot.m0: namespace: 6 resources declared
1791634150.960 I (1397) pot.serial: frame link on UART1, tx=17 rx=18, 921600 baud
1791634150.960 I (1402) pot.m0: status LED on GPIO48 and GPIO38; self-test red, green, blue
1791634152.930 I (2911) pot.m0: deploy: image counter 24, digest 682b3a05..., 1 actor(s) in the image
1791634152.930 I (2911) pot.m0: deploy: boot confirmed, running slot B, trial boot 0/3, counter 24
1791634152.930 I (2916) pot.m0: fw: running ota_0 (deploy-and-detach-162-g6aafa26-), counter 3, floor 2, ON TRIAL; spare slot ota_1, 2048 KB
1791634152.930 E (2926) pot.m0: fw: CONFIG_POT_FW_TEST_PANIC - this image crashes at boot, on purpose
1791634152.930 
1791634152.930 abort() was called at PC 0x4200ed0b on core 0
1791634152.930 
1791634152.930 
1791634152.930 Backtrace: 0x4037e765:0x3fcaa590 0x4037e731:0x3fcaa5b0 0x4037cd6b:0x3fcaa5d0 0x4200ed0b:0x3fcaa640 0x420068d8:0x3fcaa7d0
1791634152.930 
1791634152.930 
1791634152.930 
1791634152.930 
1791634152.930 ELF file SHA256: 76a01c848
1791634152.930 
1791634152.930 Rebooting...
1791634152.930 ESP-ROM:esp32s3-20210327
1791634152.930 Build:Mar 27 2021
1791634152.930 rst:0xc (RTC_SW_CPU_RST),boot:0x8 (SPI_FAST_FLASH_BOOT)
1791634152.930 Saved PC:0x4037e8d6
1791634152.930 SPIWP:0xee
1791634152.930 mode:DIO, clock div:1
1791634152.930 load:0x3fce2820,len:0x14f0
1791634152.930 load:0x403c8700,len:0xda0
1791634152.930 load:0x403cb700,len:0x2f9c
1791634152.930 entry 0x403c8908
1791634152.930 I (29) boot: ESP-IDF v6.0.2 2nd stage bootloader
1791634152.930 I (29) boot: compile time Oct 10 2026 13:24:07
1791634152.930 I (29) boot: Multicore bootloader
1791634152.930 I (29) boot: chip revision: v0.2
1791634152.930 I (32) boot: efuse block revision: v1.4
1791634152.930 I (36) boot.esp32s3: Boot SPI Speed : 80MHz
1791634152.930 I (40) boot.esp32s3: SPI Mode       : DIO
1791634152.930 I (43) boot.esp32s3: SPI Flash Size : 16MB
1791634152.930 I (47) boot: Enabling RNG early entropy source...
1791634152.930 I (52) boot: Partition Table:
1791634152.930 I (54) boot: ## Label            Usage          Type ST Offset   Length
1791634152.930 I (61) boot:  0 nvs              WiFi data        01 02 00009000 00006000
1791634152.930 I (67) boot:  1 phy_init         RF data          01 01 0000f000 00001000
1791634152.930 I (74) boot:  2 factory          factory app      00 00 00010000 00100000
1791634152.930 I (80) boot:  3 modA             Unknown data     01 40 00110000 00010000
1791634152.930 I (87) boot:  4 modB             Unknown data     01 40 00120000 00010000
1791634152.930 I (93) boot:  5 otadata          OTA data         01 00 00130000 00002000
1791634152.930 I (100) boot:  6 ota_0            OTA app          00 10 00140000 00200000
1791634152.930 I (106) boot:  7 ota_1            OTA app          00 11 00340000 00200000
1791634152.930 I (113) boot: End of partition table
1791634152.930 I (146) esp_image: segment 0: paddr=00340020 vaddr=3c0a0020 size=20398h (131992) map
1791634152.930 I (171) esp_image: segment 1: paddr=003603c0 vaddr=3fc98800 size=054cch ( 21708) load
1791634152.930 I (176) esp_image: segment 2: paddr=00365894 vaddr=40374000 size=0a784h ( 42884) load
1791634152.930 I (186) esp_image: segment 3: paddr=00370020 vaddr=42000020 size=95160h (610656) map
1791634152.930 I (298) esp_image: segment 4: paddr=00405188 vaddr=4037e784 size=09fb8h ( 40888) load
1791634152.930 I (307) esp_image: segment 5: paddr=0040f148 vaddr=50000000 size=00024h (    36) load
1791634152.930 I (316) boot: Loaded app from partition at offset 0x340000
1791634152.930 I (317) boot: Disabling RNG early entropy source...
1791634152.930 I (327) octal_psram: vendor id    : 0x0d (AP)
1791634152.930 I (327) octal_psram: dev id       : 0x02 (generation 3)
1791634152.930 I (327) octal_psram: density      : 0x03 (64 Mbit)
1791634152.930 I (329) octal_psram: good-die     : 0x01 (Pass)
1791634152.930 I (333) octal_psram: Latency      : 0x01 (Fixed)
1791634152.930 I (338) octal_psram: VCC          : 0x01 (3V)
1791634152.930 I (342) octal_psram: SRF          : 0x01 (Fast Refresh)
1791634152.930 I (347) octal_psram: BurstType    : 0x01 (Hybrid Wrap)
1791634152.930 I (352) octal_psram: BurstLen     : 0x01 (32 Byte)
1791634152.930 I (356) octal_psram: Readlatency  : 0x02 (10 cycles@Fixed)
1791634152.930 I (361) octal_psram: DriveStrength: 0x00 (1/1)
1791634152.930 I (366) esp_psram: Found 8MB PSRAM device
1791634152.930 I (369) esp_psram: Speed: 40MHz
1791634152.930 I (372) cpu_start: Multicore app
1791634153.969 I (1106) esp_psram: SPI SRAM memory test OK
1791634153.969 I (1116) cpu_start: GPIO 44 and 43 are used as console UART I/O pins
1791634153.969 I (1116) cpu_start: Pro cpu start user code
1791634153.969 I (1117) cpu_start: cpu freq: 160000000 Hz
1791634153.969 I (1118) app_init: Application information:
1791634153.969 I (1122) app_init: Project name:     potluck_m0
1791634153.969 I (1127) app_init: App version:      deploy-and-detach-162-g6aafa26-
1791634153.969 I (1133) app_init: Compile time:     Oct 10 2026 13:38:30
1791634153.969 I (1138) app_init: ELF file SHA256:  af12540b1...
1791634153.969 I (1142) app_init: ESP-IDF:          v6.0.2
1791634153.969 I (1146) efuse_init: Min chip rev:     v0.0
1791634153.969 I (1150) efuse_init: Max chip rev:     v0.99
1791634153.969 I (1154) efuse_init: Chip rev:         v0.2
1791634153.969 I (1158) heap_init: Initializing. RAM available for dynamic allocation:
1791634153.969 I (1164) heap_init: At 3FCACD60 len 0003C9B0 (242 KiB): RAM
1791634153.969 I (1170) heap_init: At 3FCE9710 len 00005724 (21 KiB): RAM
1791634153.969 I (1175) heap_init: At 3FCF0000 len 00008000 (32 KiB): DRAM
1791634153.969 I (1180) heap_init: At 600FE000 len 00001FE8 (7 KiB): RTCRAM
1791634153.969 I (1186) esp_psram: Adding pool of 8151K of PSRAM memory to heap allocator
1791634153.969 I (1193) spi_flash: detected chip: generic
1791634153.969 I (1196) spi_flash: flash io: dio
1791634153.969 I (1200) sleep_gpio: Configure to isolate all GPIO pins in sleep state
1791634153.969 I (1206) sleep_gpio: Enable automatic switching of GPIO sleep configuration
1791634153.969 I (1213) main_task: Started on CPU0
1791634153.969 I (1236) esp_psram: Reserving pool of 32K of internal memory for DMA/internal allocations
1791634153.969 I (1237) main_task: Calling app_main()
1791634153.969 I (1251) pot.m0: channel 1 from the last boot (build default 1)
1791634153.969 I (1252) pp: pp rom version: e7ae62f
1791634153.969 I (1253) net80211: net80211 rom version: e7ae62f
1791634153.969 I (1255) wifi:wifi driver task: 3fcee984, prio:23, stack:6656, core=0
1791634153.969 I (1260) wifi:wifi firmware version: 00ad238
1791634153.969 I (1263) wifi:wifi certification version: v7.0
1791634153.969 I (1268) wifi:config NVS flash: disabled
1791634153.969 I (1271) wifi:config nano formatting: disabled
1791634153.969 I (1276) wifi:Init data frame dynamic rx buffer num: 16
1791634153.969 I (1281) wifi:Init static rx mgmt buffer num: 5
1791634153.969 I (1285) wifi:Init management short buffer num: 32
1791634153.969 I (1289) wifi:Init dynamic tx buffer num: 32
1791634153.969 I (1293) wifi:Init static tx FG buffer num: 2
1791634153.969 I (1297) wifi:Init static rx buffer size: 1600
1791634153.969 I (1301) wifi:Init static rx buffer num: 6
1791634153.969 I (1305) wifi:Init dynamic rx buffer num: 16
1791634153.969 I (1310) wifi_init: accept mbox: 6
1791634153.969 I (1312) wifi_init: tcpip mbox: 32
1791634153.969 I (1315) wifi_init: udp mbox: 6
1791634153.969 I (1318) wifi_init: tcp mbox: 6
1791634153.969 I (1321) wifi_init: tcp tx win: 5760
1791634153.969 I (1324) wifi_init: tcp rx win: 5760
1791634153.969 I (1328) wifi_init: tcp mss: 1440
1791634153.969 I (1331) wifi_init: WiFi IRAM OP enabled
1791634153.969 I (1334) wifi_init: WiFi RX IRAM OP enabled
1791634153.969 I (1339) phy_init: phy_version 712,87e8c20e,Apr 13 2026,18:51:10
1791634153.969 I (1390) wifi:mode : sta (b8:1f:3f:da:81:60)
1791634153.969 I (1391) wifi:enable tsf
1791634153.969 I (1392) wifi:Set ps type: 0, coexist: 0
1791634153.969 
1791634153.969 I (1394) ESPNOW: espnow [version: 2.0] init
1791634153.969 I (1395) pot.espnow: esp-now v2 up on channel 1, mac b8:1f:3f:da:81:60
1791634153.969 I (1402) pot.epoch: boot epoch 284
1791634153.969 I (1403) pot.m0: namespace: 6 resources declared
1791634153.969 I (1409) pot.serial: frame link on UART1, tx=17 rx=18, 921600 baud
1791634153.969 I (1414) pot.m0: status LED on GPIO48 and GPIO38; self-test red, green, blue
1791634155.784 I (2923) pot.m0: deploy: image counter 24, digest 682b3a05..., 1 actor(s) in the image
1791634155.784 I (2923) pot.m0: deploy: boot confirmed, running slot B, trial boot 0/3, counter 24
1791634155.784 W (2928) pot.m0: fw: image counter 3 did not pass its trial - ROLLED BACK
1791634155.784 I (2936) pot.m0: fw: running ota_1 (deploy-and-detach-162-g6aafa26-), counter 2, floor 2, confirmed; spare slot ota_0, 2048 KB
1791634155.784 I (2945) pot.m0: reconciler: 1 portable actor(s)
1791634155.784 {"t":"enrol","node":33120,"pub":"0392ff6cd7890c311c0b048061f7b78a8a4c8f2363360d5bc3a19d91996afe04","enrolled":1,"ca_fp":"ef76cc2e"}
1791634155.784 I (2962) pot.m0: safe_state: high-water table restored from NVS
1791634155.784 I (2966) pot.m0: auth: enrolled, required
1791634155.784 I (2970) pot.m0: Potluck M0 node 0x8160 epoch 284, heartbeat 100 ms x 6 misses = 600 ms
1791634155.784 I (2978) main_task: Returned from app_main()
1791634155.784 {"t":"boot","node":33120,"epoch":284,"mac":"b8:1f:3f:da:81:60","espnow_ver":2,"chan":1,"hb_period_ms":100,"hb_miss_limit":6,"fw":"deploy-and-detach-162-g6aafa26-","idf":"v6.0.2","dram":{"at_boot":288335,"after_nvs":288335,"after_netif":280519,"after_wifi_init":249967,"after_wifi_start":248263,"after_espnow":248111,"largest_block":172032,"wifi_stack":32256,"espnow":152,"total_to_radio":40224}}
1791634155.784 I (3021) pot.m0: beacon mode: broadcast_beacon
1791634155.784 I (3151) pot.m0: discovered peer 0x7368
1791634155.784 I (3152) pot.m0: peer 0x7368 pinned to ESP-NOW v2, payload cap 1446 B
1791634155.784 I (3236) pot.m0: discovered peer 0x6300
1791634155.784 I (3237) pot.m0: peer 0x6300 pinned to ESP-NOW v2, payload cap 1446 B
1791634165.714 {"t":"clk","node":33120,"up_ms":11836}
1791634165.714 {"t":"led","node":33120,"shows":"green","app":0}
1791634165.714 {"t":"event","at_ms":1964,"node":33120,"kind":"peer_discovered","peer":29544,"slot":0,"a":170,"b":0}
1791634165.714 {"t":"event","at_ms":1965,"node":33120,"kind":"version_pinned","peer":29544,"slot":0,"a":2,"b":1446}
1791634165.714 {"t":"event","at_ms":1966,"node":33120,"kind":"peer_alive","peer":29544,"slot":0,"a":0,"b":0}
1791634165.714 {"t":"event","at_ms":1968,"node":33120,"kind":"peer_admitted","peer":29544,"slot":0,"a":0,"b":0}
1791634165.714 {"t":"event","at_ms":2050,"node":33120,"kind":"peer_discovered","peer":25344,"slot":1,"a":243,"b":0}
1791634165.714 {"t":"event","at_ms":2051,"node":33120,"kind":"version_pinned","peer":25344,"slot":1,"a":2,"b":1446}
1791634165.714 {"t":"event","at_ms":2052,"node":33120,"kind":"peer_alive","peer":25344,"slot":1,"a":0,"b":0}
1791634165.714 {"t":"event","at_ms":2053,"node":33120,"kind":"peer_admitted","peer":25344,"slot":1,"a":0,"b":0}
1791634165.714 {"t":"event","at_ms":2539,"node":33120,"kind":"peer_admitted","peer":29544,"slot":0,"a":0,"b":0}
1791634165.714 {"t":"event","at_ms":2666,"node":33120,"kind":"actor_owner","peer":25344,"slot":255,"a":1245650351,"b":7}
1791634165.714 {"t":"event","at_ms":3558,"node":33120,"kind":"peer_admitted","peer":25344,"slot":1,"a":0,"b":0}
1791634165.714 {"t":"event","at_ms":4499,"node":33120,"kind":"peer_admitted","peer":29544,"slot":0,"a":0,"b":0}
1791634165.714 {"t":"event","at_ms":5557,"node":33120,"kind":"peer_admitted","peer":25344,"slot":1,"a":0,"b":0}
1791634165.714 {"t":"event","at_ms":6499,"node":33120,"kind":"peer_admitted","peer":29544,"slot":0,"a":0,"b":0}
1791634165.714 {"t":"event","at_ms":7561,"node":33120,"kind":"peer_admitted","peer":25344,"slot":1,"a":0,"b":0}
1791634165.714 {"t":"event","at_ms":8499,"node":33120,"kind":"peer_admitted","peer":29544,"slot":0,"a":0,"b":0}
1791634165.714 {"t":"event","at_ms":9558,"node":33120,"kind":"peer_admitted","peer":25344,"slot":1,"a":0,"b":0}
1791634165.714 {"t":"event","at_ms":10500,"node":33120,"kind":"peer_admitted","peer":29544,"slot":0,"a":0,"b":0}
1791634165.714 {"t":"event","at_ms":11557,"node":33120,"kind":"peer_admitted","peer":25344,"slot":1,"a":0,"b":0}
1791634165.714 {"t":"link","up_ms":12004,"node":33120,"peer":29544,"mac":"b8:1f:3f:da:73:68","state":"alive","epoch":170,"espnow_ver":2,"mtu":1446,"misses":0,"rssi":-8,"tx":{"frames":37,"cb_ok":37,"cb_fail":0,"enqueue_err":0,"pdr_ppm":1000000},"rx":{"frames":147,"lost_seqgap":0,"reorder_dup":0,"dropped_bad":0,"hb_lost":1,"bcast_frames":101,"pdr_ppm":1000000},"rtt":{"samples":5,"min_us":5717,"max_us":9268,"timeouts":0,"txq_last_us":2884,"txq_max_us":6284,"remote_turnaround_us":813,"remote_turnaround_max_us":841,"p50_us":[4000,6000],"p99_us":[8000,11000],"hist":[0,0,0,0,3,1,1,0,0,0,0,0,0,0,0,0]}}
1791634165.714 {"t":"link","up_ms":12058,"node":33120,"peer":25344,"mac":"b8:1f:3f:da:63:00","state":"alive","epoch":243,"espnow_ver":2,"mtu":1446,"misses":0,"rssi":-20,"tx":{"frames":41,"cb_ok":41,"cb_fail":0,"enqueue_err":0,"pdr_ppm":1000000},"rx":{"frames":139,"lost_seqgap":0,"reorder_dup":0,"dropped_bad":0,"hb_lost":1,"bcast_frames":100,"pdr_ppm":1000000},"rtt":{"samples":5,"min_us":5956,"max_us":6068,"timeouts":0,"txq_last_us":2811,"txq_max_us":2885,"remote_turnaround_us":1082,"remote_turnaround_max_us":1140,"p50_us":[6000,8000],"p99_us":[6000,8000],"hist":[0,0,0,0,2,3,0,0,0,0,0,0,0,0,0,0]}}
1791634165.714 {"t":"auth","node":33120,"up_ms":12101,"enrolled":1,"required":1,"verified_peers":2,"verified":2,"cache_hits":10,"refused":0,"rate_limited":0,"stale_epoch":0,"verify_us_max":77841,"link_stack_free_b":1524,"crypto_stack_free_b":1268,"tags_ok":73,"bad_tag":0,"replayed":0,"untagged":0,"bcast_dropped":0,"beacon_epoch_ignored":0,"tag_us_max":908}
1791634165.714 {"t":"act","node":33120,"setpoint":0,"has_value":0,"writes_served":0}
1791634165.714 {"t":"peers","node":33120,"own_period_ms":100,"own_busy":0,"channel":1,"scanning":0,"scans":0,"hops":0,"found":0,"lost_to_found_ms":0,"moves_followed":0,"moves_refused":0,"sweeps":0,"sweep_found":0,"sweeping":0,"search_visits":0,"relay":0,"fwd_u":0,"fwd_b":0,"fwd_h":0,"relay_dup":106,"list":[{"id":29544,"state":"alive","via_relay":0,"period_ms":100,"misses":6,"busy":1,"rtt_n":5},{"id":25344,"state":"alive","via_relay":0,"period_ms":100,"misses":6,"busy":0,"rtt_n":5}]}
1791634166.110 {"t":"ss","node":33120,"accepted":0,"unsigned":0,"unknown_sender":0,"bad_signature":0,"replayed":0,"rate_limited":0,"verify_us_max":0,"floors":[{"src":25344,"epoch":139,"counter":1}]}
1791634166.110 {"t":"rec","node":33120,"up_ms":12196,"settled":1,"sent":44,"received":35,"malformed":0,"views":2,"replies_fenced":0,"actors":[{"key":1245650351,"running":0,"term":0,"owner":25344,"owner_term":7,"assigned":25344,"starts":0,"fenced":0,"released":0}]}
1791634166.110 {"t":"node","up_ms":12223,"node":33120,"epoch":284,"peers_alive":2,"peers_dead":0,"no_radio":0,"free_dram":250307,"largest_block":172032,"rx":{"total":519,"bad_frame":0,"unknown_peer":12,"wrong_dst":0,"short_payload":0,"unknown_opcode":0,"queue_dropped":52},"tx":{"total":192,"enqueue_err":0,"done_queue_dropped":0},"membership":{"deaths":0,"revivals":0,"reboots_seen":0,"table_full":0,"events_dropped":0}}
1791634166.110 {"t":"ns","node":33120,"hash":13581963,"owner":33120,"kind":"sampled","unit":100,"class":4,"bound_ms":5000,"quality":"GOOD","age_ms":413,"ts":11838,"updates":1,"value":2}
1791634166.110 {"t":"ns","node":33120,"hash":3142365229,"owner":33120,"kind":"sampled","unit":101,"class":4,"bound_ms":30000,"quality":"GOOD","age_ms":427,"ts":11838,"updates":1,"value":172032}
1791634166.110 {"t":"ns","node":33120,"hash":1245650351,"owner":25344,"kind":"sampled","unit":0,"class":3,"bound_ms":500,"quality":"NO_DATA","age_ms":0,"ts":0,"updates":0,"value":null}
1791634166.110 {"t":"ns","node":33120,"hash":2033492666,"owner":33120,"kind":"sampled","unit":0,"class":3,"bound_ms":0,"quality":"NO_DATA","age_ms":0,"ts":0,"updates":0,"value":null}
1791634166.110 {"t":"ns","node":33120,"hash":2347817554,"owner":33120,"kind":"sampled","unit":100,"class":4,"bound_ms":0,"quality":"GOOD","age_ms":481,"ts":11838,"updates":1,"value":284}
1791634166.110 {"t":"ns","node":33120,"hash":1170356950,"owner":33120,"kind":"sampled","unit":80,"class":4,"bound_ms":30000,"quality":"GOOD","age_ms":495,"ts":11838,"updates":1,"value":11}
1791634166.110 {"t":"ns","node":33120,"hash":3085599597,"owner":33120,"kind":"sampled","unit":0,"class":4,"bound_ms":5000,"quality":"GOOD","age_ms":509,"ts":11838,"updates":1,"value":-19}
1791634166.110 {"t":"ns","node":33120,"hash":2486014333,"owner":33120,"kind":"sampled","unit":101,"class":4,"bound_ms":30000,"quality":"GOOD","age_ms":523,"ts":11838,"updates":1,"value":250307}
