# bridge 0x00fe on serial COM6 @ 921600, peer unknown
# node 0x6300 epoch 14 admitted; its death window is 100 ms x 6
# node 0x6300, boot epoch 14, death window 100 ms x 6 = 600 ms
20:51:05  sweep 1: 18 read, 0 timed out, 0 unusable
20:51:08  sweep 2: 36 read, 0 timed out, 0 unusable
20:51:10  sweep 3: 54 read, 0 timed out, 0 unusable
20:51:13  sweep 4: 72 read, 0 timed out, 0 unusable
20:51:15  sweep 5: 90 read, 0 timed out, 0 unusable
20:51:17  sweep 6: 108 read, 0 timed out, 0 unusable
20:51:20  sweep 7: 126 read, 0 timed out, 0 unusable
20:51:22  sweep 8: 144 read, 0 timed out, 0 unusable
20:51:25  sweep 9: 162 read, 0 timed out, 0 unusable
20:51:27  sweep 10: 180 read, 0 timed out, 0 unusable
20:51:29  sweep 11: 198 read, 0 timed out, 0 unusable
20:51:32  sweep 12: 216 read, 0 timed out, 0 unusable
20:51:34  sweep 13: 234 read, 0 timed out, 0 unusable
20:51:37  sweep 14: 252 read, 0 timed out, 0 unusable
20:51:39  sweep 15: 270 read, 0 timed out, 0 unusable
20:51:41  sweep 16: 288 read, 0 timed out, 0 unusable
20:51:44  sweep 17: 306 read, 0 timed out, 0 unusable
20:51:46  sweep 18: 324 read, 0 timed out, 0 unusable
20:51:49  sweep 19: 342 read, 0 timed out, 0 unusable
20:51:51  sweep 20: 360 read, 0 timed out, 0 unusable
20:51:54  sweep 21: 378 read, 0 timed out, 0 unusable
20:51:56  sweep 22: 396 read, 0 timed out, 0 unusable
20:51:59  sweep 23: 414 read, 0 timed out, 0 unusable
20:52:01  sweep 24: 432 read, 0 timed out, 0 unusable
20:52:04  sweep 25: 450 read, 0 timed out, 0 unusable
20:52:06  sweep 26: 468 read, 0 timed out, 0 unusable
20:52:08  sweep 27: 486 read, 0 timed out, 0 unusable
20:52:11  sweep 28: 504 read, 0 timed out, 0 unusable
20:52:13  sweep 29: 522 read, 0 timed out, 0 unusable
20:52:16  sweep 30: 540 read, 0 timed out, 0 unusable
20:52:18  sweep 31: 558 read, 0 timed out, 0 unusable
20:52:21  sweep 32: 576 read, 0 timed out, 0 unusable
20:52:23  sweep 33: 594 read, 0 timed out, 0 unusable
20:52:25  sweep 34: 612 read, 0 timed out, 0 unusable
20:52:28  sweep 35: 630 read, 0 timed out, 0 unusable
20:52:30  sweep 36: 648 read, 0 timed out, 0 unusable
20:52:33  sweep 37: 666 read, 0 timed out, 0 unusable
20:52:35  sweep 38: 684 read, 0 timed out, 0 unusable
20:52:38  sweep 39: 702 read, 0 timed out, 0 unusable
20:52:40  sweep 40: 720 read, 0 timed out, 0 unusable
20:52:42  sweep 41: 738 read, 0 timed out, 0 unusable
20:52:45  sweep 42: 756 read, 0 timed out, 0 unusable
20:52:47  sweep 43: 774 read, 0 timed out, 0 unusable
20:52:50  sweep 44: 792 read, 0 timed out, 0 unusable
20:52:52  sweep 45: 810 read, 0 timed out, 0 unusable
20:52:55  sweep 46: 828 read, 0 timed out, 0 unusable
20:52:57  sweep 47: 846 read, 0 timed out, 0 unusable
20:53:00  sweep 48: 864 read, 0 timed out, 0 unusable
20:53:02  sweep 49: 882 read, 0 timed out, 0 unusable
20:53:04  sweep 50: 900 read, 0 timed out, 0 unusable
20:53:07  sweep 51: 918 read, 0 timed out, 0 unusable
20:53:09  sweep 52: 936 read, 0 timed out, 0 unusable
20:53:12  sweep 53: 954 read, 0 timed out, 0 unusable
20:53:15  sweep 54: 972 read, 0 timed out, 0 unusable
20:53:17  sweep 55: 990 read, 0 timed out, 0 unusable
20:53:19  sweep 56: 1008 read, 0 timed out, 0 unusable
20:53:22  sweep 57: 1026 read, 0 timed out, 0 unusable
20:53:24  sweep 58: 1044 read, 0 timed out, 0 unusable
20:53:27  sweep 59: 1062 read, 0 timed out, 0 unusable
20:53:29  sweep 60: 1080 read, 0 timed out, 0 unusable
20:53:31  sweep 61: 1098 read, 0 timed out, 0 unusable
20:53:34  sweep 62: 1116 read, 0 timed out, 0 unusable
20:53:36  sweep 63: 1134 read, 0 timed out, 0 unusable
20:53:39  sweep 64: 1152 read, 0 timed out, 0 unusable
20:53:41  sweep 65: 1170 read, 0 timed out, 0 unusable
20:53:44  sweep 66: 1188 read, 0 timed out, 0 unusable
20:53:46  sweep 67: 1206 read, 0 timed out, 0 unusable
20:53:48  sweep 68: 1224 read, 0 timed out, 0 unusable
20:53:51  sweep 69: 1242 read, 0 timed out, 0 unusable
20:53:53  sweep 70: 1260 read, 0 timed out, 0 unusable
20:53:56  sweep 71: 1278 read, 0 timed out, 0 unusable
20:53:58  sweep 72: 1296 read, 0 timed out, 0 unusable
20:54:01  sweep 73: 1314 read, 0 timed out, 0 unusable
20:54:03  sweep 74: 1332 read, 0 timed out, 0 unusable
20:54:05  sweep 75: 1350 read, 0 timed out, 0 unusable
20:54:08  sweep 76: 1368 read, 0 timed out, 0 unusable
20:54:10  sweep 77: 1386 read, 0 timed out, 0 unusable
20:54:13  sweep 78: 1404 read, 0 timed out, 0 unusable
20:54:15  sweep 79: 1422 read, 0 timed out, 0 unusable
20:54:18  sweep 80: 1440 read, 0 timed out, 0 unusable
20:54:20  sweep 81: 1458 read, 0 timed out, 0 unusable
20:54:23  sweep 82: 1476 read, 0 timed out, 0 unusable
20:54:25  sweep 83: 1494 read, 0 timed out, 0 unusable
20:54:28  sweep 84: 1512 read, 0 timed out, 0 unusable
20:54:30  sweep 85: 1530 read, 0 timed out, 0 unusable
20:54:33  sweep 86: 1548 read, 0 timed out, 0 unusable
20:54:35  sweep 87: 1566 read, 0 timed out, 0 unusable
20:54:37  sweep 88: 1584 read, 0 timed out, 0 unusable
20:54:40  sweep 89: 1602 read, 0 timed out, 0 unusable
20:54:42  sweep 90: 1620 read, 0 timed out, 0 unusable
20:54:45  sweep 91: 1638 read, 0 timed out, 0 unusable
20:54:47  sweep 92: 1656 read, 0 timed out, 0 unusable
20:54:50  sweep 93: 1674 read, 0 timed out, 0 unusable
20:54:52  sweep 94: 1692 read, 0 timed out, 0 unusable
20:54:54  sweep 95: 1710 read, 0 timed out, 0 unusable
20:54:57  sweep 96: 1728 read, 0 timed out, 0 unusable
20:54:59  sweep 97: 1746 read, 0 timed out, 0 unusable
20:55:02  sweep 98: 1764 read, 0 timed out, 0 unusable
20:55:04  sweep 99: 1782 read, 0 timed out, 0 unusable
20:55:07  sweep 100: 1800 read, 0 timed out, 0 unusable
20:55:09  sweep 101: 1818 read, 0 timed out, 0 unusable
20:55:12  sweep 102: 1836 read, 0 timed out, 0 unusable
20:55:14  sweep 103: 1854 read, 0 timed out, 0 unusable
20:55:17  sweep 104: 1872 read, 0 timed out, 0 unusable
20:55:19  sweep 105: 1890 read, 0 timed out, 0 unusable
20:55:21  sweep 106: 1908 read, 0 timed out, 0 unusable
20:55:24  sweep 107: 1926 read, 0 timed out, 0 unusable
20:55:26  sweep 108: 1944 read, 0 timed out, 0 unusable
20:55:29  sweep 109: 1962 read, 0 timed out, 0 unusable
20:55:31  sweep 110: 1980 read, 0 timed out, 0 unusable
20:55:34  sweep 111: 1998 read, 0 timed out, 0 unusable
20:55:36  sweep 112: 2016 read, 0 timed out, 0 unusable
20:55:39  sweep 113: 2034 read, 0 timed out, 0 unusable
20:55:41  sweep 114: 2052 read, 0 timed out, 0 unusable
20:55:44  sweep 115: 2070 read, 0 timed out, 0 unusable
20:55:46  sweep 116: 2088 read, 0 timed out, 0 unusable
20:55:49  sweep 117: 2106 read, 0 timed out, 0 unusable
20:55:51  sweep 118: 2124 read, 0 timed out, 0 unusable
20:55:54  sweep 119: 2142 read, 0 timed out, 0 unusable
20:55:56  sweep 120: 2160 read, 0 timed out, 0 unusable
20:55:58  sweep 121: 2178 read, 0 timed out, 0 unusable
20:56:01  sweep 122: 2196 read, 0 timed out, 0 unusable
20:56:03  sweep 123: 2214 read, 0 timed out, 0 unusable
20:56:06  sweep 124: 2232 read, 0 timed out, 0 unusable
20:56:08  sweep 125: 2250 read, 0 timed out, 0 unusable
20:56:11  sweep 126: 2268 read, 0 timed out, 0 unusable
20:56:13  sweep 127: 2286 read, 0 timed out, 0 unusable
20:56:16  sweep 128: 2304 read, 0 timed out, 0 unusable
20:56:18  sweep 129: 2322 read, 0 timed out, 0 unusable
20:56:21  sweep 130: 2340 read, 0 timed out, 0 unusable
20:56:23  sweep 131: 2358 read, 0 timed out, 0 unusable
20:56:26  sweep 132: 2376 read, 0 timed out, 0 unusable
20:56:28  sweep 133: 2394 read, 0 timed out, 0 unusable
20:56:31  sweep 134: 2412 read, 0 timed out, 0 unusable
20:56:33  sweep 135: 2430 read, 0 timed out, 0 unusable
20:56:36  sweep 136: 2448 read, 0 timed out, 0 unusable
20:56:38  sweep 137: 2466 read, 0 timed out, 0 unusable
20:56:40  sweep 138: 2484 read, 0 timed out, 0 unusable
20:56:43  sweep 139: 2502 read, 0 timed out, 0 unusable
20:56:45  sweep 140: 2520 read, 0 timed out, 0 unusable
20:56:48  sweep 141: 2538 read, 0 timed out, 0 unusable
20:56:50  sweep 142: 2556 read, 0 timed out, 0 unusable
20:56:52  sweep 143: 2574 read, 0 timed out, 0 unusable
20:56:55  sweep 144: 2592 read, 0 timed out, 0 unusable
20:56:57  sweep 145: 2610 read, 0 timed out, 0 unusable
20:57:00  sweep 146: 2628 read, 0 timed out, 0 unusable
20:57:02  sweep 147: 2646 read, 0 timed out, 0 unusable
20:57:04  sweep 148: 2664 read, 0 timed out, 0 unusable
20:57:07  sweep 149: 2682 read, 0 timed out, 0 unusable
20:57:09  sweep 150: 2700 read, 0 timed out, 0 unusable
20:57:12  sweep 151: 2718 read, 0 timed out, 0 unusable
20:57:14  sweep 152: 2736 read, 0 timed out, 0 unusable
20:57:17  sweep 153: 2754 read, 0 timed out, 0 unusable
20:57:19  sweep 154: 2772 read, 0 timed out, 0 unusable
20:57:22  sweep 155: 2790 read, 0 timed out, 0 unusable
20:57:24  sweep 156: 2808 read, 0 timed out, 0 unusable
20:57:27  sweep 157: 2826 read, 0 timed out, 0 unusable
20:57:29  sweep 158: 2844 read, 0 timed out, 0 unusable
20:57:32  sweep 159: 2862 read, 0 timed out, 0 unusable
20:57:34  sweep 160: 2880 read, 0 timed out, 0 unusable
20:57:37  sweep 161: 2898 read, 0 timed out, 0 unusable
20:57:39  sweep 162: 2916 read, 0 timed out, 0 unusable
20:57:42  sweep 163: 2934 read, 0 timed out, 0 unusable
20:57:44  sweep 164: 2952 read, 0 timed out, 0 unusable
20:57:46  sweep 165: 2970 read, 0 timed out, 0 unusable
20:57:49  sweep 166: 2988 read, 0 timed out, 0 unusable
20:57:51  sweep 167: 3006 read, 0 timed out, 0 unusable
20:57:54  sweep 168: 3024 read, 0 timed out, 0 unusable
20:57:56  sweep 169: 3042 read, 0 timed out, 0 unusable
20:57:59  sweep 170: 3060 read, 0 timed out, 0 unusable
20:58:01  sweep 171: 3078 read, 0 timed out, 0 unusable
20:58:04  sweep 172: 3096 read, 0 timed out, 0 unusable
20:58:06  sweep 173: 3114 read, 0 timed out, 0 unusable
20:58:08  sweep 174: 3132 read, 0 timed out, 0 unusable
20:58:11  sweep 175: 3150 read, 0 timed out, 0 unusable
20:58:13  sweep 176: 3168 read, 0 timed out, 0 unusable
20:58:16  sweep 177: 3186 read, 0 timed out, 0 unusable
20:58:18  sweep 178: 3204 read, 0 timed out, 0 unusable
20:58:21  sweep 179: 3222 read, 0 timed out, 0 unusable
20:58:23  sweep 180: 3240 read, 0 timed out, 0 unusable
20:58:26  sweep 181: 3258 read, 0 timed out, 0 unusable
20:58:28  sweep 182: 3276 read, 0 timed out, 0 unusable
20:58:31  sweep 183: 3294 read, 0 timed out, 0 unusable
20:58:33  sweep 184: 3312 read, 0 timed out, 0 unusable
20:58:36  sweep 185: 3330 read, 0 timed out, 0 unusable
20:58:38  sweep 186: 3348 read, 0 timed out, 0 unusable
20:58:41  sweep 187: 3366 read, 0 timed out, 0 unusable
20:58:43  sweep 188: 3384 read, 0 timed out, 0 unusable
20:58:46  sweep 189: 3402 read, 0 timed out, 0 unusable
20:58:48  sweep 190: 3420 read, 0 timed out, 0 unusable
20:58:51  sweep 191: 3438 read, 0 timed out, 0 unusable
20:58:53  sweep 192: 3456 read, 0 timed out, 0 unusable
20:58:56  sweep 193: 3474 read, 0 timed out, 0 unusable
20:58:58  sweep 194: 3492 read, 0 timed out, 0 unusable
20:59:00  sweep 195: 3510 read, 0 timed out, 0 unusable
20:59:03  sweep 196: 3528 read, 0 timed out, 0 unusable
20:59:05  sweep 197: 3546 read, 0 timed out, 0 unusable
20:59:08  sweep 198: 3564 read, 0 timed out, 0 unusable
20:59:10  sweep 199: 3582 read, 0 timed out, 0 unusable
20:59:12  sweep 200: 3600 read, 0 timed out, 0 unusable
20:59:15  sweep 201: 3618 read, 0 timed out, 0 unusable
20:59:17  sweep 202: 3636 read, 0 timed out, 0 unusable
20:59:20  sweep 203: 3654 read, 0 timed out, 0 unusable
20:59:22  sweep 204: 3672 read, 0 timed out, 0 unusable
20:59:25  sweep 205: 3690 read, 0 timed out, 0 unusable
20:59:27  sweep 206: 3708 read, 0 timed out, 0 unusable
20:59:30  sweep 207: 3726 read, 0 timed out, 0 unusable
20:59:32  sweep 208: 3744 read, 0 timed out, 0 unusable
20:59:34  sweep 209: 3762 read, 0 timed out, 0 unusable
20:59:37  sweep 210: 3780 read, 0 timed out, 0 unusable
20:59:39  sweep 211: 3798 read, 0 timed out, 0 unusable
20:59:42  sweep 212: 3816 read, 0 timed out, 0 unusable
20:59:44  sweep 213: 3834 read, 0 timed out, 0 unusable
20:59:46  sweep 214: 3852 read, 0 timed out, 0 unusable
20:59:49  sweep 215: 3870 read, 0 timed out, 0 unusable
20:59:51  sweep 216: 3888 read, 0 timed out, 0 unusable
20:59:54  sweep 217: 3906 read, 0 timed out, 0 unusable
20:59:56  sweep 218: 3924 read, 0 timed out, 0 unusable
20:59:59  sweep 219: 3942 read, 0 timed out, 0 unusable
21:00:01  sweep 220: 3960 read, 0 timed out, 0 unusable
21:00:03  sweep 221: 3978 read, 0 timed out, 0 unusable
21:00:06  sweep 222: 3996 read, 0 timed out, 0 unusable
21:00:08  sweep 223: 4014 read, 0 timed out, 0 unusable
21:00:11  sweep 224: 4032 read, 0 timed out, 0 unusable
21:00:13  sweep 225: 4050 read, 0 timed out, 0 unusable
21:00:15  sweep 226: 4068 read, 0 timed out, 0 unusable
21:00:18  sweep 227: 4086 read, 0 timed out, 0 unusable
21:00:20  sweep 228: 4104 read, 0 timed out, 0 unusable
21:00:23  sweep 229: 4122 read, 0 timed out, 0 unusable
21:00:25  sweep 230: 4140 read, 0 timed out, 0 unusable
21:00:27  sweep 231: 4158 read, 0 timed out, 0 unusable
21:00:30  sweep 232: 4176 read, 0 timed out, 0 unusable
21:00:32  sweep 233: 4194 read, 0 timed out, 0 unusable
21:00:35  sweep 234: 4212 read, 0 timed out, 0 unusable
21:00:37  sweep 235: 4230 read, 0 timed out, 0 unusable
21:00:40  sweep 236: 4248 read, 0 timed out, 0 unusable
21:00:42  sweep 237: 4266 read, 0 timed out, 0 unusable
21:00:45  sweep 238: 4284 read, 0 timed out, 0 unusable
21:00:47  sweep 239: 4302 read, 0 timed out, 0 unusable
21:00:50  sweep 240: 4320 read, 0 timed out, 0 unusable
21:00:52  sweep 241: 4338 read, 0 timed out, 0 unusable
21:00:54  sweep 242: 4356 read, 0 timed out, 0 unusable
21:00:57  sweep 243: 4374 read, 0 timed out, 0 unusable
21:00:59  sweep 244: 4392 read, 0 timed out, 0 unusable
21:01:02  sweep 245: 4410 read, 0 timed out, 0 unusable
21:01:04  sweep 246: 4428 read, 0 timed out, 0 unusable
# capture -> D:\Projects\potluck\captures\m2-hw-10min.jsonl  (18 namespace entries observed)
# verify:  python -m potluck --replay D:\Projects\potluck\captures\m2-hw-10min.jsonl --expect-digest bd735ccb8f8070b97039d073589315367438555d51e0ceb552f729a0ba2d73f6

after 246 sweeps, 4428 reads, 0 timeouts:
free internal DRAM  243220 B  [GOOD, age 2860 ms, ts 1180992, class L4]
largest free block  196608 B  [GOOD, age 2960 ms, ts 1180992, class L4]
uptime              1180 s  [GOOD, age 3062 ms, ts 1180992, class L4]
boot epoch          14  [GOOD, age 3121 ms, ts 1180992, class L4]
peers alive         3  [GOOD, age 3182 ms, ts 1180992, class L4]
worst peer RSSI     -35  [GOOD, age 3282 ms, ts 1180992, class L4]
free internal DRAM  243356 B  [GOOD, age 10315 ms, ts 1166747, class L4]
largest free block  196608 B  [GOOD, age 10374 ms, ts 1166747, class L4]
uptime              1166 s  [GOOD, age 10472 ms, ts 1166747, class L4]
boot epoch          28  [GOOD, age 10535 ms, ts 1166747, class L4]
peers alive         2  [STALE, age 10594 ms, ts 1166747, class L4]
worst peer RSSI     -36  [STALE, age 10694 ms, ts 1166747, class L4]
free internal DRAM  243356 B  [GOOD, age 3503 ms, ts 1166692, class L4]
largest free block  196608 B  [GOOD, age 3603 ms, ts 1166692, class L4]
uptime              1166 s  [GOOD, age 3702 ms, ts 1166692, class L4]
boot epoch          7  [GOOD, age 3762 ms, ts 1166692, class L4]
peers alive         2  [GOOD, age 3823 ms, ts 1166692, class L4]
worst peer RSSI     -27  [GOOD, age 3924 ms, ts 1166692, class L4]
potctl exit 0
