I (157184) pot.m0: deploy: committed counter 3 to slot B, on trial from the next boot
W (158697) pot.m0: deploy: rebooting into the new slot
rst:0xc (RTC_SW_CPU_RST),boot:0x8 (SPI_FAST_FLASH_BOOT)
I (288) app_init: App version:      first-silicon-39-g0dd9645
I (547) pot.epoch: boot epoch 34
I (2069) pot.m0: deploy: image counter 3, digest 543fbed0..., 6 actor(s) in the image
I (2069) pot.m0: deploy: boot trial, running slot B ON TRIAL, trial boot 1/3, counter 3
I (2073) pot.m0: Potluck M0 node 0x7368 epoch 34, heartbeat 100 ms x 6 misses = 600 ms
E (3351) pot.m0: deploy: fault actor firing at 3005 ms, as configured
abort() was called at PC 0x4200e837 on core 0
rst:0xc (RTC_SW_CPU_RST),boot:0x8 (SPI_FAST_FLASH_BOOT)
I (288) app_init: App version:      first-silicon-39-g0dd9645
I (551) pot.epoch: boot epoch 35
I (2073) pot.m0: deploy: image counter 3, digest 543fbed0..., 6 actor(s) in the image
I (2073) pot.m0: deploy: boot trial, running slot B ON TRIAL, trial boot 2/3, counter 3
I (2077) pot.m0: Potluck M0 node 0x7368 epoch 35, heartbeat 100 ms x 6 misses = 600 ms
E (3355) pot.m0: deploy: fault actor firing at 3009 ms, as configured
abort() was called at PC 0x4200e837 on core 0
rst:0xc (RTC_SW_CPU_RST),boot:0x8 (SPI_FAST_FLASH_BOOT)
I (288) app_init: App version:      first-silicon-39-g0dd9645
I (548) pot.epoch: boot epoch 36
I (2070) pot.m0: deploy: image counter 3, digest 543fbed0..., 6 actor(s) in the image
I (2070) pot.m0: deploy: boot trial, running slot B ON TRIAL, trial boot 3/3, counter 3
I (2074) pot.m0: Potluck M0 node 0x7368 epoch 36, heartbeat 100 ms x 6 misses = 600 ms
E (3352) pot.m0: deploy: fault actor firing at 3006 ms, as configured
abort() was called at PC 0x4200e837 on core 0
rst:0xc (RTC_SW_CPU_RST),boot:0x8 (SPI_FAST_FLASH_BOOT)
I (288) app_init: App version:      first-silicon-39-g0dd9645
I (548) pot.epoch: boot epoch 37
I (2071) pot.m0: deploy: image counter 2, digest 07759479..., 3 actor(s) in the image
I (2071) pot.m0: deploy: boot reverted, running slot A, trial boot 0/3, counter 3
I (2075) pot.m0: Potluck M0 node 0x7368 epoch 37, heartbeat 100 ms x 6 misses = 600 ms
