--- baseline
18:04:56 A {"t":"event","at_ms":33957,"node":25344,"kind":"peer_admitted","peer":33120,"slot":0,"a":0,"b":0}
18:04:56 A {"t":"event","at_ms":35957,"node":25344,"kind":"peer_admitted","peer":33120,"slot":0,"a":0,"b":0}
18:04:56 A {"t":"event","at_ms":37964,"node":25344,"kind":"peer_admitted","peer":33120,"slot":0,"a":0,"b":0}
18:04:56 A {"t":"event","at_ms":38754,"node":25344,"kind":"peer_refused","peer":29544,"slot":255,"a":1,"b":0}
18:04:56 A {"t":"event","at_ms":39958,"node":25344,"kind":"peer_admitted","peer":33120,"slot":0,"a":0,"b":0}
18:04:56 A {"t":"event","at_ms":41957,"node":25344,"kind":"peer_admitted","peer":33120,"slot":0,"a":0,"b":0}
18:04:56 A {"t":"link","up_ms":42769,"node":25344,"peer":33120,"mac":"b8:1f:3f:da:81:60","state":"alive","epoch":141,"espnow_ver":2,"mtu":1446,"misses":0,"rssi":-32,"tx":{"frames":96,"cb_ok":93,"cb_fail":3,"enqueue_err":0,"pdr_ppm":968750},"rx":{"frames":470,"lost_seqgap":0,"reorder_dup":3,"dropped_bad":0,"hb_lost":9,"bcast_frames":362,"pdr_ppm":1000000},"rtt":{"samples":34,"min_us":5830,"max_us":14519,"timeouts":6,"txq_last_us":3555,"txq_max_us":10490,"remote_turnaround_us":913,"remote_turnaround_max_us":1695,"p50_us":[6000,8000],"p99_us":[11000,16000],"hist":[0,0,0,0,16,13,4,1,0,0,0,0,0,0,0,0]}}
18:04:56 A {"t":"auth","node":25344,"up_ms":42822,"enrolled":1,"required":1,"verified_peers":1,"verified":2,"cache_hits":19,"refused":20,"rate_limited":0,"stale_epoch":0,"verify_us_max":87225,"link_stack_free_b":1732,"crypto_stack_free_b":1300,"tags_ok":87,"bad_tag":0,"replayed":0,"untagged":0,"bcast_dropped":0,"beacon_epoch_ignored":0,"tag_us_max":832}
18:04:56 A {"t":"act","node":25344,"setpoint":0,"has_value":0,"writes_served":0}
18:04:56 A {"t":"node","up_ms":42861,"node":25344,"epoch":136,"peers_alive":1,"peers_dead":0,"no_radio":0,"free_dram":230140,"largest_block":180224,"rx":{"total":873,"bad_frame":0,"unknown_peer":403,"wrong_dst":0,"short_payload":0,"unknown_opcode":0,"queue_dropped":9},"tx":{"total":529,"enqueue_err":0,"done_queue_dropped":0},"membership":{"deaths":1,"revivals":0,"reboots_seen":1,"table_full":0,"events_dropped":0}}
18:04:56 A {"t":"ns","node":25344,"hash":2410274060,"owner":25344,"kind":"sampled","unit":100,"class":4,"bound_ms":0,"quality":"GOOD","age_ms":174,"ts":42727,"updates":4,"value":136}
18:04:56 A {"t":"ns","node":25344,"hash":1274253983,"owner":25344,"kind":"sampled","unit":0,"class":4,"bound_ms":5000,"quality":"GOOD","age_ms":187,"ts":42727,"updates":4,"value":-33}
18:04:56 A {"t":"ns","node":25344,"hash":3354298913,"owner":25344,"kind":"sampled","unit":100,"class":4,"bound_ms":5000,"quality":"GOOD","age_ms":201,"ts":42727,"updates":4,"value":1}
18:04:56 A {"t":"ns","node":25344,"hash":1771187623,"owner":25344,"kind":"sampled","unit":101,"class":4,"bound_ms":30000,"quality":"GOOD","age_ms":214,"ts":42727,"updates":4,"value":230140}
18:04:56 A {"t":"ns","node":25344,"hash":2033492666,"owner":25344,"kind":"sampled","unit":0,"class":3,"bound_ms":0,"quality":"NO_DATA","age_ms":0,"ts":0,"updates":0,"value":null}
18:04:56 A {"t":"ns","node":25344,"hash":4103947588,"owner":25344,"kind":"sampled","unit":80,"class":4,"bound_ms":30000,"quality":"GOOD","age_ms":242,"ts":42727,"updates":4,"value":42}
18:04:56 A {"t":"ns","node":25344,"hash":1662441583,"owner":25344,"kind":"sampled","unit":101,"class":4,"bound_ms":30000,"quality":"GOOD","age_ms":256,"ts":42727,"updates":4,"value":180224}
18:05:02 C {"t":"event","at_ms":32615,"node":33120,"kind":"peer_refused","peer":29544,"slot":255,"a":1,"b":0}
18:05:02 C {"t":"event","at_ms":33729,"node":33120,"kind":"peer_admitted","peer":25344,"slot":0,"a":0,"b":0}
18:05:02 C {"t":"event","at_ms":35728,"node":33120,"kind":"peer_admitted","peer":25344,"slot":0,"a":0,"b":0}
18:05:02 C {"t":"event","at_ms":37729,"node":33120,"kind":"peer_admitted","peer":25344,"slot":0,"a":0,"b":0}
18:05:02 C {"t":"event","at_ms":39728,"node":33120,"kind":"peer_admitted","peer":25344,"slot":0,"a":0,"b":0}
18:05:02 C {"t":"event","at_ms":41728,"node":33120,"kind":"peer_admitted","peer":25344,"slot":0,"a":0,"b":0}
18:05:02 C {"t":"link","up_ms":42682,"node":33120,"peer":25344,"mac":"b8:1f:3f:da:63:00","state":"alive","epoch":136,"espnow_ver":2,"mtu":1446,"misses":0,"rssi":-31,"tx":{"frames":98,"cb_ok":98,"cb_fail":0,"enqueue_err":0,"pdr_ppm":1000000},"rx":{"frames":502,"lost_seqgap":7,"reorder_dup":0,"dropped_bad":0,"hb_lost":5,"bcast_frames":384,"pdr_ppm":986247},"rtt":{"samples":39,"min_us":5739,"max_us":21217,"timeouts":0,"txq_last_us":2805,"txq_max_us":2947,"remote_turnaround_us":937,"remote_turnaround_max_us":1138,"p50_us":[6000,8000],"p99_us":[16000,22000],"hist":[0,0,0,0,15,21,2,0,1,0,0,0,0,0,0,0]}}
18:05:02 C {"t":"auth","node":33120,"up_ms":42735,"enrolled":1,"required":1,"verified_peers":1,"verified":1,"cache_hits":19,"refused":20,"rate_limited":0,"stale_epoch":0,"verify_us_max":79739,"link_stack_free_b":1732,"crypto_stack_free_b":1300,"tags_ok":98,"bad_tag":0,"replayed":0,"untagged":0,"bcast_dropped":0,"beacon_epoch_ignored":0,"tag_us_max":816}
18:05:02 C {"t":"act","node":33120,"setpoint":0,"has_value":0,"writes_served":0}
18:05:02 C {"t":"node","up_ms":42775,"node":33120,"epoch":141,"peers_alive":1,"peers_dead":0,"no_radio":0,"free_dram":230152,"largest_block":180224,"rx":{"total":965,"bad_frame":0,"unknown_peer":463,"wrong_dst":0,"short_payload":0,"unknown_opcode":0,"queue_dropped":27},"tx":{"total":530,"enqueue_err":0,"done_queue_dropped":0},"membership":{"deaths":0,"revivals":0,"reboots_seen":0,"table_full":0,"events_dropped":0}}
18:05:02 C {"t":"ns","node":33120,"hash":13581963,"owner":33120,"kind":"sampled","unit":100,"class":4,"bound_ms":5000,"quality":"GOOD","age_ms":174,"ts":42640,"updates":4,"value":1}
18:05:02 C {"t":"ns","node":33120,"hash":3142365229,"owner":33120,"kind":"sampled","unit":101,"class":4,"bound_ms":30000,"quality":"GOOD","age_ms":188,"ts":42640,"updates":4,"value":180224}
18:05:02 C {"t":"ns","node":33120,"hash":2033492666,"owner":33120,"kind":"sampled","unit":0,"class":3,"bound_ms":0,"quality":"NO_DATA","age_ms":0,"ts":0,"updates":0,"value":null}
18:05:02 C {"t":"ns","node":33120,"hash":2347817554,"owner":33120,"kind":"sampled","unit":100,"class":4,"bound_ms":0,"quality":"GOOD","age_ms":216,"ts":42640,"updates":4,"value":141}
18:05:02 C {"t":"ns","node":33120,"hash":1170356950,"owner":33120,"kind":"sampled","unit":80,"class":4,"bound_ms":30000,"quality":"GOOD","age_ms":229,"ts":42640,"updates":4,"value":42}
18:05:02 C {"t":"ns","node":33120,"hash":3085599597,"owner":33120,"kind":"sampled","unit":0,"class":4,"bound_ms":5000,"quality":"GOOD","age_ms":243,"ts":42640,"updates":4,"value":-31}
18:05:02 C {"t":"ns","node":33120,"hash":2486014333,"owner":33120,"kind":"sampled","unit":101,"class":4,"bound_ms":30000,"quality":"GOOD","age_ms":256,"ts":42640,"updates":4,"value":230152}
--- A writes 42 to C
18:05:05 A {"t":"test","cmd":"write","to":33120,"value":42,"msg_id":51}
18:05:06 A {"t":"event","at_ms":43957,"node":25344,"kind":"peer_admitted","peer":33120,"slot":0,"a":0,"b":0}
18:05:06 A {"t":"event","at_ms":45957,"node":25344,"kind":"peer_admitted","peer":33120,"slot":0,"a":0,"b":0}
18:05:06 A {"t":"event","at_ms":47957,"node":25344,"kind":"peer_admitted","peer":33120,"slot":0,"a":0,"b":0}
18:05:06 A {"t":"event","at_ms":50751,"node":25344,"kind":"peer_refused","peer":29544,"slot":255,"a":1,"b":0}
18:05:06 A {"t":"event","at_ms":51957,"node":25344,"kind":"peer_admitted","peer":33120,"slot":0,"a":0,"b":0}
18:05:06 A {"t":"link","up_ms":53049,"node":25344,"peer":33120,"mac":"b8:1f:3f:da:81:60","state":"alive","epoch":141,"espnow_ver":2,"mtu":1446,"misses":0,"rssi":-34,"tx":{"frames":122,"cb_ok":119,"cb_fail":3,"enqueue_err":0,"pdr_ppm":975409},"rx":{"frames":604,"lost_seqgap":0,"reorder_dup":3,"dropped_bad":0,"hb_lost":9,"bcast_frames":465,"pdr_ppm":1000000},"rtt":{"samples":44,"min_us":5830,"max_us":14519,"timeouts":6,"txq_last_us":4698,"txq_max_us":10490,"remote_turnaround_us":913,"remote_turnaround_max_us":1695,"p50_us":[6000,8000],"p99_us":[11000,16000],"hist":[0,0,0,0,20,18,5,1,0,0,0,0,0,0,0,0]}}
18:05:06 A {"t":"auth","node":25344,"up_ms":53102,"enrolled":1,"required":1,"verified_peers":1,"verified":2,"cache_hits":23,"refused":25,"rate_limited":0,"stale_epoch":0,"verify_us_max":87225,"link_stack_free_b":1732,"crypto_stack_free_b":1300,"tags_ok":114,"bad_tag":0,"replayed":0,"untagged":0,"bcast_dropped":0,"beacon_epoch_ignored":0,"tag_us_max":832}
18:05:06 A {"t":"act","node":25344,"setpoint":42,"has_value":1,"writes_served":0}
18:05:06 A {"t":"node","up_ms":53130,"node":25344,"epoch":136,"peers_alive":1,"peers_dead":0,"no_radio":0,"free_dram":230140,"largest_block":180224,"rx":{"total":1111,"bad_frame":0,"unknown_peer":507,"wrong_dst":0,"short_payload":0,"unknown_opcode":0,"queue_dropped":9},"tx":{"total":662,"enqueue_err":0,"done_queue_dropped":0},"membership":{"deaths":1,"revivals":0,"reboots_seen":1,"table_full":0,"events_dropped":0}}
18:05:06 A {"t":"ns","node":25344,"hash":2410274060,"owner":25344,"kind":"sampled","unit":100,"class":4,"bound_ms":0,"quality":"GOOD","age_ms":161,"ts":53008,"updates":5,"value":136}
18:05:06 A {"t":"ns","node":25344,"hash":1274253983,"owner":25344,"kind":"sampled","unit":0,"class":4,"bound_ms":5000,"quality":"GOOD","age_ms":175,"ts":53008,"updates":5,"value":-34}
18:05:06 A {"t":"ns","node":25344,"hash":3354298913,"owner":25344,"kind":"sampled","unit":100,"class":4,"bound_ms":5000,"quality":"GOOD","age_ms":188,"ts":53008,"updates":5,"value":1}
18:05:06 A {"t":"ns","node":25344,"hash":1771187623,"owner":25344,"kind":"sampled","unit":101,"class":4,"bound_ms":30000,"quality":"GOOD","age_ms":202,"ts":53008,"updates":5,"value":230140}
18:05:06 A {"t":"ns","node":25344,"hash":2033492666,"owner":25344,"kind":"sampled","unit":0,"class":3,"bound_ms":0,"quality":"GOOD","age_ms":656,"ts":46436,"updates":1,"value":42}
18:05:06 A {"t":"ns","node":25344,"hash":4103947588,"owner":25344,"kind":"sampled","unit":80,"class":4,"bound_ms":30000,"quality":"GOOD","age_ms":241,"ts":53008,"updates":5,"value":53}
18:05:06 A {"t":"ns","node":25344,"hash":1662441583,"owner":25344,"kind":"sampled","unit":101,"class":4,"bound_ms":30000,"quality":"GOOD","age_ms":254,"ts":53008,"updates":5,"value":180224}
18:05:12 C {"t":"event","at_ms":43728,"node":33120,"kind":"peer_admitted","peer":25344,"slot":0,"a":0,"b":0}
18:05:12 C {"t":"event","at_ms":44612,"node":33120,"kind":"peer_refused","peer":29544,"slot":255,"a":1,"b":0}
18:05:12 C {"t":"event","at_ms":45728,"node":33120,"kind":"peer_admitted","peer":25344,"slot":0,"a":0,"b":0}
18:05:12 C {"t":"event","at_ms":47728,"node":33120,"kind":"peer_admitted","peer":25344,"slot":0,"a":0,"b":0}
18:05:12 C {"t":"event","at_ms":49728,"node":33120,"kind":"peer_admitted","peer":25344,"slot":0,"a":0,"b":0}
18:05:12 C {"t":"event","at_ms":51728,"node":33120,"kind":"peer_admitted","peer":25344,"slot":0,"a":0,"b":0}
18:05:12 C {"t":"link","up_ms":52964,"node":33120,"peer":25344,"mac":"b8:1f:3f:da:63:00","state":"alive","epoch":136,"espnow_ver":2,"mtu":1446,"misses":0,"rssi":-32,"tx":{"frames":125,"cb_ok":125,"cb_fail":0,"enqueue_err":0,"pdr_ppm":1000000},"rx":{"frames":635,"lost_seqgap":7,"reorder_dup":0,"dropped_bad":0,"hb_lost":6,"bcast_frames":486,"pdr_ppm":989096},"rtt":{"samples":50,"min_us":5739,"max_us":21217,"timeouts":0,"txq_last_us":4517,"txq_max_us":4517,"remote_turnaround_us":956,"remote_turnaround_max_us":1138,"p50_us":[6000,8000],"p99_us":[16000,22000],"hist":[0,0,0,0,19,25,4,0,2,0,0,0,0,0,0,0]}}
18:05:12 C {"t":"auth","node":33120,"up_ms":53017,"enrolled":1,"required":1,"verified_peers":1,"verified":1,"cache_hits":24,"refused":25,"rate_limited":0,"stale_epoch":0,"verify_us_max":79739,"link_stack_free_b":1732,"crypto_stack_free_b":1300,"tags_ok":124,"bad_tag":0,"replayed":0,"untagged":0,"bcast_dropped":0,"beacon_epoch_ignored":0,"tag_us_max":816}
18:05:12 C {"t":"act","node":33120,"setpoint":42,"has_value":1,"writes_served":1}
18:05:12 C {"t":"node","up_ms":53056,"node":33120,"epoch":141,"peers_alive":1,"peers_dead":0,"no_radio":0,"free_dram":230152,"largest_block":180224,"rx":{"total":1206,"bad_frame":0,"unknown_peer":571,"wrong_dst":0,"short_payload":0,"unknown_opcode":0,"queue_dropped":27},"tx":{"total":665,"enqueue_err":0,"done_queue_dropped":0},"membership":{"deaths":0,"revivals":0,"reboots_seen":0,"table_full":0,"events_dropped":0}}
18:05:12 C {"t":"ns","node":33120,"hash":13581963,"owner":33120,"kind":"sampled","unit":100,"class":4,"bound_ms":5000,"quality":"GOOD","age_ms":174,"ts":52922,"updates":5,"value":1}
18:05:12 C {"t":"ns","node":33120,"hash":3142365229,"owner":33120,"kind":"sampled","unit":101,"class":4,"bound_ms":30000,"quality":"GOOD","age_ms":187,"ts":52922,"updates":5,"value":180224}
18:05:12 C {"t":"ns","node":33120,"hash":2033492666,"owner":33120,"kind":"sampled","unit":0,"class":3,"bound_ms":0,"quality":"GOOD","age_ms":6687,"ts":46436,"updates":1,"value":42}
18:05:12 C {"t":"ns","node":33120,"hash":2347817554,"owner":33120,"kind":"sampled","unit":100,"class":4,"bound_ms":0,"quality":"GOOD","age_ms":215,"ts":52922,"updates":5,"value":141}
18:05:12 C {"t":"ns","node":33120,"hash":1170356950,"owner":33120,"kind":"sampled","unit":80,"class":4,"bound_ms":30000,"quality":"GOOD","age_ms":228,"ts":52922,"updates":5,"value":52}
18:05:12 C {"t":"ns","node":33120,"hash":3085599597,"owner":33120,"kind":"sampled","unit":0,"class":4,"bound_ms":5000,"quality":"GOOD","age_ms":242,"ts":52922,"updates":5,"value":-32}
18:05:12 C {"t":"ns","node":33120,"hash":2486014333,"owner":33120,"kind":"sampled","unit":101,"class":4,"bound_ms":30000,"quality":"GOOD","age_ms":256,"ts":52922,"updates":5,"value":230152}
--- A writes 7 to C
18:05:16 A {"t":"event","at_ms":53957,"node":25344,"kind":"peer_admitted","peer":33120,"slot":0,"a":0,"b":0}
18:05:16 A {"t":"event","at_ms":55957,"node":25344,"kind":"peer_admitted","peer":33120,"slot":0,"a":0,"b":0}
18:05:16 A {"t":"event","at_ms":57957,"node":25344,"kind":"peer_admitted","peer":33120,"slot":0,"a":0,"b":0}
18:05:16 A {"t":"event","at_ms":59957,"node":25344,"kind":"peer_admitted","peer":33120,"slot":0,"a":0,"b":0}
18:05:16 A {"t":"event","at_ms":61957,"node":25344,"kind":"peer_admitted","peer":33120,"slot":0,"a":0,"b":0}
18:05:16 A {"t":"event","at_ms":62750,"node":25344,"kind":"peer_refused","peer":29544,"slot":255,"a":1,"b":0}
18:05:16 A {"t":"link","up_ms":63319,"node":25344,"peer":33120,"mac":"b8:1f:3f:da:81:60","state":"alive","epoch":141,"espnow_ver":2,"mtu":1446,"misses":0,"rssi":-32,"tx":{"frames":147,"cb_ok":144,"cb_fail":3,"enqueue_err":0,"pdr_ppm":979591},"rx":{"frames":737,"lost_seqgap":0,"reorder_dup":3,"dropped_bad":0,"hb_lost":9,"bcast_frames":568,"pdr_ppm":1000000},"rtt":{"samples":54,"min_us":5830,"max_us":14519,"timeouts":6,"txq_last_us":2935,"txq_max_us":10490,"remote_turnaround_us":920,"remote_turnaround_max_us":1695,"p50_us":[6000,8000],"p99_us":[11000,16000],"hist":[0,0,0,0,26,21,6,1,0,0,0,0,0,0,0,0]}}
18:05:16 A {"t":"auth","node":25344,"up_ms":63372,"enrolled":1,"required":1,"verified_peers":1,"verified":2,"cache_hits":28,"refused":30,"rate_limited":0,"stale_epoch":0,"verify_us_max":87225,"link_stack_free_b":1732,"crypto_stack_free_b":1300,"tags_ok":139,"bad_tag":0,"replayed":0,"untagged":0,"bcast_dropped":0,"beacon_epoch_ignored":0,"tag_us_max":832}
18:05:16 A {"t":"act","node":25344,"setpoint":42,"has_value":1,"writes_served":0}
18:05:16 A {"t":"node","up_ms":63411,"node":25344,"epoch":136,"peers_alive":1,"peers_dead":0,"no_radio":0,"free_dram":230140,"largest_block":180224,"rx":{"total":1352,"bad_frame":0,"unknown_peer":615,"wrong_dst":0,"short_payload":0,"unknown_opcode":0,"queue_dropped":9},"tx":{"total":795,"enqueue_err":0,"done_queue_dropped":0},"membership":{"deaths":1,"revivals":0,"reboots_seen":1,"table_full":0,"events_dropped":0}}
18:05:16 A {"t":"ns","node":25344,"hash":2410274060,"owner":25344,"kind":"sampled","unit":100,"class":4,"bound_ms":0,"quality":"GOOD","age_ms":174,"ts":63277,"updates":6,"value":136}
18:05:16 A {"t":"ns","node":25344,"hash":1274253983,"owner":25344,"kind":"sampled","unit":0,"class":4,"bound_ms":5000,"quality":"GOOD","age_ms":187,"ts":63277,"updates":6,"value":-33}
18:05:16 A {"t":"ns","node":25344,"hash":3354298913,"owner":25344,"kind":"sampled","unit":100,"class":4,"bound_ms":5000,"quality":"GOOD","age_ms":201,"ts":63277,"updates":6,"value":1}
18:05:16 A {"t":"ns","node":25344,"hash":1771187623,"owner":25344,"kind":"sampled","unit":101,"class":4,"bound_ms":30000,"quality":"GOOD","age_ms":214,"ts":63277,"updates":6,"value":230140}
18:05:16 A {"t":"ns","node":25344,"hash":2033492666,"owner":25344,"kind":"sampled","unit":0,"class":3,"bound_ms":0,"quality":"GOOD","age_ms":10926,"ts":46436,"updates":1,"value":42}
18:05:16 A {"t":"ns","node":25344,"hash":4103947588,"owner":25344,"kind":"sampled","unit":80,"class":4,"bound_ms":30000,"quality":"GOOD","age_ms":242,"ts":63277,"updates":6,"value":63}
18:05:16 A {"t":"ns","node":25344,"hash":1662441583,"owner":25344,"kind":"sampled","unit":101,"class":4,"bound_ms":30000,"quality":"GOOD","age_ms":266,"ts":63277,"updates":6,"value":180224}
18:05:16 A {"t":"test","cmd":"write","to":33120,"value":7,"msg_id":63}
18:05:22 C {"t":"event","at_ms":53729,"node":33120,"kind":"peer_admitted","peer":25344,"slot":0,"a":0,"b":0}
18:05:22 C {"t":"event","at_ms":54612,"node":33120,"kind":"peer_refused","peer":29544,"slot":255,"a":1,"b":0}
18:05:22 C {"t":"event","at_ms":55731,"node":33120,"kind":"peer_admitted","peer":25344,"slot":0,"a":0,"b":0}
18:05:22 C {"t":"event","at_ms":57728,"node":33120,"kind":"peer_admitted","peer":25344,"slot":0,"a":0,"b":0}
18:05:22 C {"t":"event","at_ms":59728,"node":33120,"kind":"peer_admitted","peer":25344,"slot":0,"a":0,"b":0}
18:05:22 C {"t":"event","at_ms":61729,"node":33120,"kind":"peer_admitted","peer":25344,"slot":0,"a":0,"b":0}
18:05:22 C {"t":"link","up_ms":63245,"node":33120,"peer":25344,"mac":"b8:1f:3f:da:63:00","state":"alive","epoch":136,"espnow_ver":2,"mtu":1446,"misses":0,"rssi":-34,"tx":{"frames":151,"cb_ok":151,"cb_fail":0,"enqueue_err":0,"pdr_ppm":1000000},"rx":{"frames":769,"lost_seqgap":7,"reorder_dup":0,"dropped_bad":0,"hb_lost":6,"bcast_frames":589,"pdr_ppm":990979},"rtt":{"samples":60,"min_us":5739,"max_us":21217,"timeouts":0,"txq_last_us":7308,"txq_max_us":7308,"remote_turnaround_us":935,"remote_turnaround_max_us":1138,"p50_us":[6000,8000],"p99_us":[16000,22000],"hist":[0,0,0,0,23,30,4,1,2,0,0,0,0,0,0,0]}}
18:05:22 C {"t":"auth","node":33120,"up_ms":63298,"enrolled":1,"required":1,"verified_peers":1,"verified":1,"cache_hits":29,"refused":30,"rate_limited":0,"stale_epoch":0,"verify_us_max":79739,"link_stack_free_b":1732,"crypto_stack_free_b":1300,"tags_ok":150,"bad_tag":0,"replayed":0,"untagged":0,"bcast_dropped":0,"beacon_epoch_ignored":0,"tag_us_max":816}
18:05:22 C {"t":"act","node":33120,"setpoint":7,"has_value":1,"writes_served":2}
18:05:22 C {"t":"node","up_ms":63337,"node":33120,"epoch":141,"peers_alive":1,"peers_dead":0,"no_radio":0,"free_dram":230152,"largest_block":180224,"rx":{"total":1448,"bad_frame":0,"unknown_peer":679,"wrong_dst":0,"short_payload":0,"unknown_opcode":0,"queue_dropped":27},"tx":{"total":798,"enqueue_err":0,"done_queue_dropped":0},"membership":{"deaths":0,"revivals":0,"reboots_seen":0,"table_full":0,"events_dropped":0}}
18:05:22 C {"t":"ns","node":33120,"hash":13581963,"owner":33120,"kind":"sampled","unit":100,"class":4,"bound_ms":5000,"quality":"GOOD","age_ms":173,"ts":63203,"updates":6,"value":1}
18:05:22 C {"t":"ns","node":33120,"hash":3142365229,"owner":33120,"kind":"sampled","unit":101,"class":4,"bound_ms":30000,"quality":"GOOD","age_ms":187,"ts":63203,"updates":6,"value":180224}
18:05:22 C {"t":"ns","node":33120,"hash":2033492666,"owner":33120,"kind":"sampled","unit":0,"class":3,"bound_ms":0,"quality":"GOOD","age_ms":5967,"ts":57437,"updates":2,"value":7}
18:05:22 C {"t":"ns","node":33120,"hash":2347817554,"owner":33120,"kind":"sampled","unit":100,"class":4,"bound_ms":0,"quality":"GOOD","age_ms":214,"ts":63203,"updates":6,"value":141}
18:05:22 C {"t":"ns","node":33120,"hash":1170356950,"owner":33120,"kind":"sampled","unit":80,"class":4,"bound_ms":30000,"quality":"GOOD","age_ms":228,"ts":63203,"updates":6,"value":63}
18:05:22 C {"t":"ns","node":33120,"hash":3085599597,"owner":33120,"kind":"sampled","unit":0,"class":4,"bound_ms":5000,"quality":"GOOD","age_ms":242,"ts":63203,"updates":6,"value":-34}
18:05:22 C {"t":"ns","node":33120,"hash":2486014333,"owner":33120,"kind":"sampled","unit":101,"class":4,"bound_ms":30000,"quality":"GOOD","age_ms":255,"ts":63203,"updates":6,"value":230152}
18:05:26 A {"t":"event","at_ms":63957,"node":25344,"kind":"peer_admitted","peer":33120,"slot":0,"a":0,"b":0}
18:05:26 A {"t":"event","at_ms":65957,"node":25344,"kind":"peer_admitted","peer":33120,"slot":0,"a":0,"b":0}
18:05:26 A {"t":"event","at_ms":67964,"node":25344,"kind":"peer_admitted","peer":33120,"slot":0,"a":0,"b":0}
18:05:26 A {"t":"event","at_ms":69957,"node":25344,"kind":"peer_admitted","peer":33120,"slot":0,"a":0,"b":0}
18:05:26 A {"t":"event","at_ms":71960,"node":25344,"kind":"peer_admitted","peer":33120,"slot":0,"a":0,"b":0}
18:05:26 A {"t":"event","at_ms":72750,"node":25344,"kind":"peer_refused","peer":29544,"slot":255,"a":1,"b":0}
18:05:26 A {"t":"link","up_ms":73600,"node":25344,"peer":33120,"mac":"b8:1f:3f:da:81:60","state":"alive","epoch":141,"espnow_ver":2,"mtu":1446,"misses":0,"rssi":-34,"tx":{"frames":173,"cb_ok":170,"cb_fail":3,"enqueue_err":0,"pdr_ppm":982658},"rx":{"frames":871,"lost_seqgap":0,"reorder_dup":3,"dropped_bad":0,"hb_lost":9,"bcast_frames":671,"pdr_ppm":1000000},"rtt":{"samples":64,"min_us":5830,"max_us":14519,"timeouts":6,"txq_last_us":2895,"txq_max_us":10490,"remote_turnaround_us":914,"remote_turnaround_max_us":1695,"p50_us":[6000,8000],"p99_us":[11000,16000],"hist":[0,0,0,0,31,23,8,2,0,0,0,0,0,0,0,0]}}
18:05:26 A {"t":"auth","node":25344,"up_ms":73653,"enrolled":1,"required":1,"verified_peers":1,"verified":2,"cache_hits":33,"refused":35,"rate_limited":0,"stale_epoch":0,"verify_us_max":87225,"link_stack_free_b":1732,"crypto_stack_free_b":1300,"tags_ok":165,"bad_tag":0,"replayed":0,"untagged":0,"bcast_dropped":0,"beacon_epoch_ignored":0,"tag_us_max":832}
18:05:26 A {"t":"act","node":25344,"setpoint":7,"has_value":1,"writes_served":0}
18:05:26 A {"t":"node","up_ms":73692,"node":25344,"epoch":136,"peers_alive":1,"peers_dead":0,"no_radio":0,"free_dram":230140,"largest_block":180224,"rx":{"total":1594,"bad_frame":0,"unknown_peer":723,"wrong_dst":0,"short_payload":0,"unknown_opcode":0,"queue_dropped":9},"tx":{"total":929,"enqueue_err":0,"done_queue_dropped":0},"membership":{"deaths":1,"revivals":0,"reboots_seen":1,"table_full":0,"events_dropped":0}}
18:05:26 A {"t":"ns","node":25344,"hash":2410274060,"owner":25344,"kind":"sampled","unit":100,"class":4,"bound_ms":0,"quality":"GOOD","age_ms":173,"ts":73558,"updates":7,"value":136}
18:05:26 A {"t":"ns","node":25344,"hash":1274253983,"owner":25344,"kind":"sampled","unit":0,"class":4,"bound_ms":5000,"quality":"GOOD","age_ms":187,"ts":73558,"updates":7,"value":-35}
18:05:26 A {"t":"ns","node":25344,"hash":3354298913,"owner":25344,"kind":"sampled","unit":100,"class":4,"bound_ms":5000,"quality":"GOOD","age_ms":201,"ts":73558,"updates":7,"value":1}
18:05:26 A {"t":"ns","node":25344,"hash":1771187623,"owner":25344,"kind":"sampled","unit":101,"class":4,"bound_ms":30000,"quality":"GOOD","age_ms":215,"ts":73558,"updates":7,"value":230140}
18:05:26 A {"t":"ns","node":25344,"hash":2033492666,"owner":25344,"kind":"sampled","unit":0,"class":3,"bound_ms":0,"quality":"GOOD","age_ms":10206,"ts":57437,"updates":2,"value":7}
18:05:26 A {"t":"ns","node":25344,"hash":4103947588,"owner":25344,"kind":"sampled","unit":80,"class":4,"bound_ms":30000,"quality":"GOOD","age_ms":242,"ts":73558,"updates":7,"value":73}
18:05:26 A {"t":"ns","node":25344,"hash":1662441583,"owner":25344,"kind":"sampled","unit":101,"class":4,"bound_ms":30000,"quality":"GOOD","age_ms":256,"ts":73558,"updates":7,"value":180224}
--- A replays the recorded WRITE, unchanged
18:05:27 A {"t":"test","cmd":"replay","flip":0,"len":40,"seq":147,"err":0}
18:05:33 C {"t":"event","at_ms":63728,"node":33120,"kind":"peer_admitted","peer":25344,"slot":0,"a":0,"b":0}
18:05:33 C {"t":"event","at_ms":64612,"node":33120,"kind":"peer_refused","peer":29544,"slot":255,"a":1,"b":0}
18:05:33 C {"t":"event","at_ms":65731,"node":33120,"kind":"peer_admitted","peer":25344,"slot":0,"a":0,"b":0}
18:05:33 C {"t":"event","at_ms":67728,"node":33120,"kind":"peer_admitted","peer":25344,"slot":0,"a":0,"b":0}
18:05:33 C {"t":"event","at_ms":68436,"node":33120,"kind":"frame_rejected","peer":25344,"slot":0,"a":1,"b":147}
18:05:33 C {"t":"event","at_ms":69728,"node":33120,"kind":"peer_admitted","peer":25344,"slot":0,"a":0,"b":0}
18:05:33 C {"t":"event","at_ms":71728,"node":33120,"kind":"peer_admitted","peer":25344,"slot":0,"a":0,"b":0}
18:05:33 C {"t":"link","up_ms":73538,"node":33120,"peer":25344,"mac":"b8:1f:3f:da:63:00","state":"alive","epoch":136,"espnow_ver":2,"mtu":1446,"misses":0,"rssi":-34,"tx":{"frames":176,"cb_ok":176,"cb_fail":0,"enqueue_err":0,"pdr_ppm":1000000},"rx":{"frames":901,"lost_seqgap":7,"reorder_dup":0,"dropped_bad":0,"hb_lost":7,"bcast_frames":691,"pdr_ppm":992290},"rtt":{"samples":70,"min_us":5739,"max_us":21217,"timeouts":0,"txq_last_us":3368,"txq_max_us":7308,"remote_turnaround_us":952,"remote_turnaround_max_us":1138,"p50_us":[6000,8000],"p99_us":[16000,22000],"hist":[0,0,0,0,28,33,6,1,2,0,0,0,0,0,0,0]}}
18:05:33 C {"t":"auth","node":33120,"up_ms":73592,"enrolled":1,"required":1,"verified_peers":1,"verified":1,"cache_hits":34,"refused":35,"rate_limited":0,"stale_epoch":0,"verify_us_max":79739,"link_stack_free_b":1732,"crypto_stack_free_b":1300,"tags_ok":175,"bad_tag":0,"replayed":1,"untagged":0,"bcast_dropped":0,"beacon_epoch_ignored":0,"tag_us_max":816}
18:05:33 C {"t":"act","node":33120,"setpoint":7,"has_value":1,"writes_served":2}
18:05:33 C {"t":"node","up_ms":73631,"node":33120,"epoch":141,"peers_alive":1,"peers_dead":0,"no_radio":0,"free_dram":230152,"largest_block":180224,"rx":{"total":1689,"bad_frame":0,"unknown_peer":786,"wrong_dst":0,"short_payload":0,"unknown_opcode":0,"queue_dropped":27},"tx":{"total":932,"enqueue_err":0,"done_queue_dropped":0},"membership":{"deaths":0,"revivals":0,"reboots_seen":0,"table_full":0,"events_dropped":0}}
18:05:33 C {"t":"ns","node":33120,"hash":13581963,"owner":33120,"kind":"sampled","unit":100,"class":4,"bound_ms":5000,"quality":"GOOD","age_ms":175,"ts":73484,"updates":7,"value":1}
18:05:33 C {"t":"ns","node":33120,"hash":3142365229,"owner":33120,"kind":"sampled","unit":101,"class":4,"bound_ms":30000,"quality":"GOOD","age_ms":189,"ts":73484,"updates":7,"value":180224}
18:05:33 C {"t":"ns","node":33120,"hash":2033492666,"owner":33120,"kind":"sampled","unit":0,"class":3,"bound_ms":0,"quality":"GOOD","age_ms":16261,"ts":57437,"updates":2,"value":7}
18:05:33 C {"t":"ns","node":33120,"hash":2347817554,"owner":33120,"kind":"sampled","unit":100,"class":4,"bound_ms":0,"quality":"GOOD","age_ms":227,"ts":73484,"updates":7,"value":141}
18:05:33 C {"t":"ns","node":33120,"hash":1170356950,"owner":33120,"kind":"sampled","unit":80,"class":4,"bound_ms":30000,"quality":"GOOD","age_ms":241,"ts":73484,"updates":7,"value":73}
18:05:33 C {"t":"ns","node":33120,"hash":3085599597,"owner":33120,"kind":"sampled","unit":0,"class":4,"bound_ms":5000,"quality":"GOOD","age_ms":255,"ts":73484,"updates":7,"value":-33}
18:05:33 C {"t":"ns","node":33120,"hash":2486014333,"owner":33120,"kind":"sampled","unit":101,"class":4,"bound_ms":30000,"quality":"GOOD","age_ms":269,"ts":73484,"updates":7,"value":230152}
18:05:37 A {"t":"event","at_ms":73958,"node":25344,"kind":"peer_admitted","peer":33120,"slot":0,"a":0,"b":0}
18:05:37 A {"t":"event","at_ms":75957,"node":25344,"kind":"peer_admitted","peer":33120,"slot":0,"a":0,"b":0}
18:05:37 A {"t":"event","at_ms":77957,"node":25344,"kind":"peer_admitted","peer":33120,"slot":0,"a":0,"b":0}
18:05:37 A {"t":"event","at_ms":79957,"node":25344,"kind":"peer_admitted","peer":33120,"slot":0,"a":0,"b":0}
18:05:37 A {"t":"event","at_ms":81957,"node":25344,"kind":"peer_admitted","peer":33120,"slot":0,"a":0,"b":0}
18:05:37 A {"t":"event","at_ms":82757,"node":25344,"kind":"peer_refused","peer":29544,"slot":255,"a":1,"b":0}
18:05:37 A {"t":"link","up_ms":83882,"node":25344,"peer":33120,"mac":"b8:1f:3f:da:81:60","state":"alive","epoch":141,"espnow_ver":2,"mtu":1446,"misses":0,"rssi":-34,"tx":{"frames":199,"cb_ok":197,"cb_fail":3,"enqueue_err":0,"pdr_ppm":985000},"rx":{"frames":1005,"lost_seqgap":0,"reorder_dup":3,"dropped_bad":0,"hb_lost":9,"bcast_frames":773,"pdr_ppm":1000000},"rtt":{"samples":75,"min_us":5830,"max_us":14519,"timeouts":6,"txq_last_us":3044,"txq_max_us":10490,"remote_turnaround_us":913,"remote_turnaround_max_us":1695,"p50_us":[6000,8000],"p99_us":[11000,16000],"hist":[0,0,0,0,37,28,8,2,0,0,0,0,0,0,0,0]}}
18:05:37 A {"t":"auth","node":25344,"up_ms":83935,"enrolled":1,"required":1,"verified_peers":1,"verified":2,"cache_hits":38,"refused":40,"rate_limited":0,"stale_epoch":0,"verify_us_max":87225,"link_stack_free_b":1732,"crypto_stack_free_b":1300,"tags_ok":192,"bad_tag":0,"replayed":0,"untagged":0,"bcast_dropped":0,"beacon_epoch_ignored":0,"tag_us_max":832}
18:05:37 A {"t":"act","node":25344,"setpoint":7,"has_value":1,"writes_served":0}
18:05:37 A {"t":"node","up_ms":83974,"node":25344,"epoch":136,"peers_alive":1,"peers_dead":0,"no_radio":0,"free_dram":230140,"largest_block":180224,"rx":{"total":1837,"bad_frame":0,"unknown_peer":830,"wrong_dst":0,"short_payload":0,"unknown_opcode":0,"queue_dropped":9},"tx":{"total":1066,"enqueue_err":0,"done_queue_dropped":0},"membership":{"deaths":1,"revivals":0,"reboots_seen":1,"table_full":0,"events_dropped":0}}
18:05:37 A {"t":"ns","node":25344,"hash":2410274060,"owner":25344,"kind":"sampled","unit":100,"class":4,"bound_ms":0,"quality":"GOOD","age_ms":174,"ts":83839,"updates":8,"value":136}
18:05:37 A {"t":"ns","node":25344,"hash":1274253983,"owner":25344,"kind":"sampled","unit":0,"class":4,"bound_ms":5000,"quality":"GOOD","age_ms":188,"ts":83839,"updates":8,"value":-34}
18:05:37 A {"t":"ns","node":25344,"hash":3354298913,"owner":25344,"kind":"sampled","unit":100,"class":4,"bound_ms":5000,"quality":"GOOD","age_ms":202,"ts":83839,"updates":8,"value":1}
18:05:37 A {"t":"ns","node":25344,"hash":1771187623,"owner":25344,"kind":"sampled","unit":101,"class":4,"bound_ms":30000,"quality":"GOOD","age_ms":215,"ts":83839,"updates":8,"value":230140}
18:05:37 A {"t":"ns","node":25344,"hash":2033492666,"owner":25344,"kind":"sampled","unit":0,"class":3,"bound_ms":0,"quality":"GOOD","age_ms":20488,"ts":57437,"updates":2,"value":7}
18:05:37 A {"t":"ns","node":25344,"hash":4103947588,"owner":25344,"kind":"sampled","unit":80,"class":4,"bound_ms":30000,"quality":"GOOD","age_ms":243,"ts":83839,"updates":8,"value":83}
18:05:37 A {"t":"ns","node":25344,"hash":1662441583,"owner":25344,"kind":"sampled","unit":101,"class":4,"bound_ms":30000,"quality":"GOOD","age_ms":257,"ts":83839,"updates":8,"value":180224}
--- A replays it with one payload bit flipped
18:05:38 A {"t":"test","cmd":"replay","flip":1,"len":40,"seq":147,"err":0}
18:05:43 C {"t":"event","at_ms":73732,"node":33120,"kind":"peer_admitted","peer":25344,"slot":0,"a":0,"b":0}
18:05:43 C {"t":"event","at_ms":74612,"node":33120,"kind":"peer_refused","peer":29544,"slot":255,"a":1,"b":0}
18:05:43 C {"t":"event","at_ms":75728,"node":33120,"kind":"peer_admitted","peer":25344,"slot":0,"a":0,"b":0}
18:05:43 C {"t":"event","at_ms":77728,"node":33120,"kind":"peer_admitted","peer":25344,"slot":0,"a":0,"b":0}
18:05:43 C {"t":"event","at_ms":79437,"node":33120,"kind":"frame_rejected","peer":25344,"slot":0,"a":1,"b":147}
18:05:43 C {"t":"event","at_ms":79729,"node":33120,"kind":"peer_admitted","peer":25344,"slot":0,"a":0,"b":0}
18:05:43 C {"t":"event","at_ms":81728,"node":33120,"kind":"peer_admitted","peer":25344,"slot":0,"a":0,"b":0}
18:05:43 C {"t":"event","at_ms":83729,"node":33120,"kind":"peer_admitted","peer":25344,"slot":0,"a":0,"b":0}
18:05:43 C {"t":"link","up_ms":83834,"node":33120,"peer":25344,"mac":"b8:1f:3f:da:63:00","state":"alive","epoch":136,"espnow_ver":2,"mtu":1446,"misses":0,"rssi":-34,"tx":{"frames":204,"cb_ok":204,"cb_fail":0,"enqueue_err":0,"pdr_ppm":1000000},"rx":{"frames":1037,"lost_seqgap":7,"reorder_dup":0,"dropped_bad":0,"hb_lost":8,"bcast_frames":793,"pdr_ppm":993295},"rtt":{"samples":81,"min_us":5739,"max_us":21217,"timeouts":0,"txq_last_us":3368,"txq_max_us":7308,"remote_turnaround_us":925,"remote_turnaround_max_us":1138,"p50_us":[6000,8000],"p99_us":[16000,22000],"hist":[0,0,0,0,29,43,6,1,2,0,0,0,0,0,0,0]}}
18:05:43 C {"t":"auth","node":33120,"up_ms":83888,"enrolled":1,"required":1,"verified_peers":1,"verified":1,"cache_hits":40,"refused":39,"rate_limited":0,"stale_epoch":0,"verify_us_max":79739,"link_stack_free_b":1732,"crypto_stack_free_b":1300,"tags_ok":203,"bad_tag":0,"replayed":2,"untagged":0,"bcast_dropped":0,"beacon_epoch_ignored":0,"tag_us_max":816}
18:05:43 C {"t":"act","node":33120,"setpoint":7,"has_value":1,"writes_served":2}
18:05:43 C {"t":"node","up_ms":83915,"node":33120,"epoch":141,"peers_alive":1,"peers_dead":0,"no_radio":0,"free_dram":230152,"largest_block":180224,"rx":{"total":1932,"bad_frame":0,"unknown_peer":893,"wrong_dst":0,"short_payload":0,"unknown_opcode":0,"queue_dropped":27},"tx":{"total":1068,"enqueue_err":0,"done_queue_dropped":0},"membership":{"deaths":0,"revivals":0,"reboots_seen":0,"table_full":0,"events_dropped":0}}
18:05:43 C {"t":"ns","node":33120,"hash":13581963,"owner":33120,"kind":"sampled","unit":100,"class":4,"bound_ms":5000,"quality":"GOOD","age_ms":188,"ts":83767,"updates":8,"value":1}
18:05:43 C {"t":"ns","node":33120,"hash":3142365229,"owner":33120,"kind":"sampled","unit":101,"class":4,"bound_ms":30000,"quality":"GOOD","age_ms":202,"ts":83767,"updates":8,"value":180224}
18:05:43 C {"t":"ns","node":33120,"hash":2033492666,"owner":33120,"kind":"sampled","unit":0,"class":3,"bound_ms":0,"quality":"GOOD","age_ms":26545,"ts":57437,"updates":2,"value":7}
18:05:43 C {"t":"ns","node":33120,"hash":2347817554,"owner":33120,"kind":"sampled","unit":100,"class":4,"bound_ms":0,"quality":"GOOD","age_ms":229,"ts":83767,"updates":8,"value":141}
18:05:43 C {"t":"ns","node":33120,"hash":1170356950,"owner":33120,"kind":"sampled","unit":80,"class":4,"bound_ms":30000,"quality":"GOOD","age_ms":242,"ts":83767,"updates":8,"value":83}
18:05:43 C {"t":"ns","node":33120,"hash":3085599597,"owner":33120,"kind":"sampled","unit":0,"class":4,"bound_ms":5000,"quality":"GOOD","age_ms":267,"ts":83767,"updates":8,"value":-34}
18:05:43 C {"t":"ns","node":33120,"hash":2486014333,"owner":33120,"kind":"sampled","unit":101,"class":4,"bound_ms":30000,"quality":"GOOD","age_ms":281,"ts":83767,"updates":8,"value":230152}
18:05:47 A {"t":"event","at_ms":83958,"node":25344,"kind":"peer_admitted","peer":33120,"slot":0,"a":0,"b":0}
18:05:47 A {"t":"event","at_ms":85957,"node":25344,"kind":"peer_admitted","peer":33120,"slot":0,"a":0,"b":0}
18:05:47 A {"t":"event","at_ms":87957,"node":25344,"kind":"peer_admitted","peer":33120,"slot":0,"a":0,"b":0}
18:05:47 A {"t":"event","at_ms":89957,"node":25344,"kind":"peer_admitted","peer":33120,"slot":0,"a":0,"b":0}
18:05:47 A {"t":"event","at_ms":91957,"node":25344,"kind":"peer_admitted","peer":33120,"slot":0,"a":0,"b":0}
18:05:47 A {"t":"event","at_ms":93957,"node":25344,"kind":"peer_admitted","peer":33120,"slot":0,"a":0,"b":0}
18:05:47 A {"t":"link","up_ms":94163,"node":25344,"peer":33120,"mac":"b8:1f:3f:da:81:60","state":"alive","epoch":141,"espnow_ver":2,"mtu":1446,"misses":0,"rssi":-32,"tx":{"frames":226,"cb_ok":225,"cb_fail":3,"enqueue_err":0,"pdr_ppm":986842},"rx":{"frames":1140,"lost_seqgap":0,"reorder_dup":3,"dropped_bad":0,"hb_lost":9,"bcast_frames":876,"pdr_ppm":1000000},"rtt":{"samples":85,"min_us":5830,"max_us":14519,"timeouts":6,"txq_last_us":2913,"txq_max_us":10490,"remote_turnaround_us":905,"remote_turnaround_max_us":1695,"p50_us":[4000,6000],"p99_us":[11000,16000],"hist":[0,0,0,0,43,30,10,2,0,0,0,0,0,0,0,0]}}
18:05:47 A {"t":"auth","node":25344,"up_ms":94216,"enrolled":1,"required":1,"verified_peers":1,"verified":2,"cache_hits":44,"refused":45,"rate_limited":0,"stale_epoch":0,"verify_us_max":87225,"link_stack_free_b":1732,"crypto_stack_free_b":1300,"tags_ok":218,"bad_tag":0,"replayed":0,"untagged":0,"bcast_dropped":0,"beacon_epoch_ignored":0,"tag_us_max":832}
18:05:47 A {"t":"act","node":25344,"setpoint":7,"has_value":1,"writes_served":0}
18:05:47 A {"t":"node","up_ms":94256,"node":25344,"epoch":136,"peers_alive":1,"peers_dead":0,"no_radio":0,"free_dram":230140,"largest_block":180224,"rx":{"total":2077,"bad_frame":0,"unknown_peer":937,"wrong_dst":0,"short_payload":0,"unknown_opcode":0,"queue_dropped":9},"tx":{"total":1199,"enqueue_err":0,"done_queue_dropped":0},"membership":{"deaths":1,"revivals":0,"reboots_seen":1,"table_full":0,"events_dropped":0}}
18:05:47 A {"t":"ns","node":25344,"hash":2410274060,"owner":25344,"kind":"sampled","unit":100,"class":4,"bound_ms":0,"quality":"GOOD","age_ms":174,"ts":94121,"updates":9,"value":136}
18:05:47 A {"t":"ns","node":25344,"hash":1274253983,"owner":25344,"kind":"sampled","unit":0,"class":4,"bound_ms":5000,"quality":"GOOD","age_ms":187,"ts":94121,"updates":9,"value":-32}
18:05:47 A {"t":"ns","node":25344,"hash":3354298913,"owner":25344,"kind":"sampled","unit":100,"class":4,"bound_ms":5000,"quality":"GOOD","age_ms":201,"ts":94121,"updates":9,"value":1}
18:05:47 A {"t":"ns","node":25344,"hash":1771187623,"owner":25344,"kind":"sampled","unit":101,"class":4,"bound_ms":30000,"quality":"GOOD","age_ms":214,"ts":94121,"updates":9,"value":230140}
18:05:47 A {"t":"ns","node":25344,"hash":2033492666,"owner":25344,"kind":"sampled","unit":0,"class":3,"bound_ms":0,"quality":"GOOD","age_ms":30769,"ts":57437,"updates":2,"value":7}
18:05:47 A {"t":"ns","node":25344,"hash":4103947588,"owner":25344,"kind":"sampled","unit":80,"class":4,"bound_ms":30000,"quality":"GOOD","age_ms":242,"ts":94121,"updates":9,"value":94}
18:05:47 A {"t":"ns","node":25344,"hash":1662441583,"owner":25344,"kind":"sampled","unit":101,"class":4,"bound_ms":30000,"quality":"GOOD","age_ms":256,"ts":94121,"updates":9,"value":180224}
