17:44:35 B {"t":"event","at_ms":1755,"node":29544,"kind":"peer_refused","peer":25344,"slot":255,"a":7,"b":0}
17:44:35 B {"t":"event","at_ms":4846,"node":29544,"kind":"peer_refused","peer":33120,"slot":255,"a":7,"b":0}
17:44:35 B {"t":"auth","node":29544,"up_ms":11811,"enrolled":0,"required":1,"verified_peers":0,"verified":0,"cache_hits":0,"refused":11,"rate_limited":0,"stale_epoch":0,"verify_us_max":0,"link_stack_free_b":1164,"crypto_stack_free_b":0}
17:44:35 B {"t":"node","up_ms":11826,"node":29544,"epoch":48,"peers_alive":0,"peers_dead":0,"no_radio":0,"free_dram":231924,"largest_block":180224,"rx":{"total":189,"bad_frame":0,"unknown_peer":189,"wrong_dst":0,"short_payload":0,"unknown_opcode":0,"queue_dropped":8},"tx":{"total":107,"enqueue_err":0,"done_queue_dropped":0},"membership":{"deaths":0,"revivals":0,"reboots_seen":0,"table_full":0,"events_dropped":0}}
17:44:35 B {"t":"ns","node":29544,"hash":96177158,"owner":29544,"kind":"sampled","unit":0,"class":4,"bound_ms":5000,"quality":"GOOD","age_ms":68,"ts":11797,"updates":1,"value":0}
17:44:35 B {"t":"ns","node":29544,"hash":1162973580,"owner":29544,"kind":"sampled","unit":101,"class":4,"bound_ms":30000,"quality":"GOOD","age_ms":82,"ts":11797,"updates":1,"value":231924}
17:44:35 B {"t":"ns","node":29544,"hash":4013525678,"owner":29544,"kind":"sampled","unit":101,"class":4,"bound_ms":30000,"quality":"GOOD","age_ms":95,"ts":11797,"updates":1,"value":180224}
17:44:35 B {"t":"ns","node":29544,"hash":1303338069,"owner":29544,"kind":"sampled","unit":100,"class":4,"bound_ms":0,"quality":"GOOD","age_ms":109,"ts":11797,"updates":1,"value":48}
17:44:35 B {"t":"ns","node":29544,"hash":288706273,"owner":29544,"kind":"sampled","unit":80,"class":4,"bound_ms":30000,"quality":"GOOD","age_ms":123,"ts":11797,"updates":1,"value":11}
17:44:35 B {"t":"ns","node":29544,"hash":2548334194,"owner":29544,"kind":"sampled","unit":100,"class":4,"bound_ms":5000,"quality":"GOOD","age_ms":148,"ts":11797,"updates":1,"value":0}
17:44:39 C {"t":"event","at_ms":2689,"node":33120,"kind":"peer_refused","peer":29544,"slot":255,"a":1,"b":0}
17:44:39 C {"t":"event","at_ms":3798,"node":33120,"kind":"peer_discovered","peer":25344,"slot":0,"a":134,"b":0}
17:44:39 C {"t":"event","at_ms":3799,"node":33120,"kind":"version_pinned","peer":25344,"slot":0,"a":2,"b":1446}
17:44:39 C {"t":"event","at_ms":3800,"node":33120,"kind":"peer_alive","peer":25344,"slot":0,"a":0,"b":0}
17:44:39 C {"t":"event","at_ms":3801,"node":33120,"kind":"peer_admitted","peer":25344,"slot":0,"a":0,"b":0}
17:44:39 C {"t":"event","at_ms":5722,"node":33120,"kind":"peer_admitted","peer":25344,"slot":0,"a":0,"b":0}
17:44:39 C {"t":"event","at_ms":7718,"node":33120,"kind":"peer_admitted","peer":25344,"slot":0,"a":0,"b":0}
17:44:39 C {"t":"event","at_ms":9718,"node":33120,"kind":"peer_admitted","peer":25344,"slot":0,"a":0,"b":0}
17:44:39 C {"t":"event","at_ms":11718,"node":33120,"kind":"peer_admitted","peer":25344,"slot":0,"a":0,"b":0}
17:44:39 C {"t":"link","up_ms":11861,"node":33120,"peer":25344,"mac":"b8:1f:3f:da:63:00","state":"alive","epoch":134,"espnow_ver":2,"mtu":1446,"misses":0,"rssi":-37,"tx":{"frames":22,"cb_ok":22,"cb_fail":0,"enqueue_err":0,"pdr_ppm":1000000},"rx":{"frames":108,"lost_seqgap":7,"reorder_dup":0,"dropped_bad":0,"hb_lost":0,"bcast_frames":81,"pdr_ppm":939130},"rtt":{"samples":9,"min_us":3486,"max_us":7573,"timeouts":0,"txq_last_us":0,"txq_max_us":0,"remote_turnaround_us":254,"remote_turnaround_max_us":257,"p50_us":[4000,6000],"p99_us":[6000,8000],"hist":[0,0,0,4,2,3,0,0,0,0,0,0,0,0,0,0]}}
17:44:39 C {"t":"auth","node":33120,"up_ms":11914,"enrolled":1,"required":1,"verified_peers":1,"verified":1,"cache_hits":4,"refused":5,"rate_limited":0,"stale_epoch":0,"verify_us_max":80674,"link_stack_free_b":748,"crypto_stack_free_b":1300}
17:44:39 C {"t":"node","up_ms":11940,"node":33120,"epoch":139,"peers_alive":1,"peers_dead":0,"no_radio":0,"free_dram":231768,"largest_block":180224,"rx":{"total":248,"bad_frame":0,"unknown_peer":140,"wrong_dst":0,"short_payload":0,"unknown_opcode":0,"queue_dropped":27},"tx":{"total":130,"enqueue_err":0,"done_queue_dropped":0},"membership":{"deaths":0,"revivals":0,"reboots_seen":0,"table_full":0,"events_dropped":0}}
17:44:39 C {"t":"ns","node":33120,"hash":13581963,"owner":33120,"kind":"sampled","unit":100,"class":4,"bound_ms":5000,"quality":"GOOD","age_ms":176,"ts":11792,"updates":1,"value":1}
17:44:39 C {"t":"ns","node":33120,"hash":3142365229,"owner":33120,"kind":"sampled","unit":101,"class":4,"bound_ms":30000,"quality":"GOOD","age_ms":190,"ts":11792,"updates":1,"value":180224}
17:44:39 C {"t":"ns","node":33120,"hash":2347817554,"owner":33120,"kind":"sampled","unit":100,"class":4,"bound_ms":0,"quality":"GOOD","age_ms":204,"ts":11792,"updates":1,"value":139}
17:44:39 C {"t":"ns","node":33120,"hash":1170356950,"owner":33120,"kind":"sampled","unit":80,"class":4,"bound_ms":30000,"quality":"GOOD","age_ms":228,"ts":11792,"updates":1,"value":11}
17:44:39 C {"t":"ns","node":33120,"hash":3085599597,"owner":33120,"kind":"sampled","unit":0,"class":4,"bound_ms":5000,"quality":"GOOD","age_ms":242,"ts":11792,"updates":1,"value":-35}
17:44:39 C {"t":"ns","node":33120,"hash":2486014333,"owner":33120,"kind":"sampled","unit":101,"class":4,"bound_ms":30000,"quality":"GOOD","age_ms":256,"ts":11792,"updates":1,"value":231768}
17:44:43 A {"t":"event","at_ms":11957,"node":25344,"kind":"peer_admitted","peer":33120,"slot":0,"a":0,"b":0}
17:44:43 A {"t":"event","at_ms":13956,"node":25344,"kind":"peer_admitted","peer":33120,"slot":0,"a":0,"b":0}
17:44:43 A {"t":"event","at_ms":14838,"node":25344,"kind":"peer_refused","peer":29544,"slot":255,"a":1,"b":0}
17:44:43 A {"t":"event","at_ms":15955,"node":25344,"kind":"peer_admitted","peer":33120,"slot":0,"a":0,"b":0}
17:44:43 A {"t":"event","at_ms":17955,"node":25344,"kind":"peer_admitted","peer":33120,"slot":0,"a":0,"b":0}
17:44:43 A {"t":"event","at_ms":19955,"node":25344,"kind":"peer_admitted","peer":33120,"slot":0,"a":0,"b":0}
17:44:43 A {"t":"link","up_ms":22170,"node":25344,"peer":33120,"mac":"b8:1f:3f:da:81:60","state":"alive","epoch":139,"espnow_ver":2,"mtu":1446,"misses":0,"rssi":-35,"tx":{"frames":44,"cb_ok":41,"cb_fail":3,"enqueue_err":0,"pdr_ppm":931818},"rx":{"frames":205,"lost_seqgap":0,"reorder_dup":3,"dropped_bad":0,"hb_lost":8,"bcast_frames":159,"pdr_ppm":1000000},"rtt":{"samples":13,"min_us":3720,"max_us":11980,"timeouts":6,"txq_last_us":10391,"txq_max_us":10391,"remote_turnaround_us":135,"remote_turnaround_max_us":141,"p50_us":[3000,4000],"p99_us":[11000,16000],"hist":[0,0,0,8,1,2,1,1,0,0,0,0,0,0,0,0]}}
17:44:43 A {"t":"auth","node":25344,"up_ms":22223,"enrolled":1,"required":1,"verified_peers":1,"verified":2,"cache_hits":8,"refused":10,"rate_limited":0,"stale_epoch":0,"verify_us_max":87090,"link_stack_free_b":748,"crypto_stack_free_b":1252}
17:44:43 A {"t":"node","up_ms":22249,"node":25344,"epoch":134,"peers_alive":1,"peers_dead":0,"no_radio":0,"free_dram":231756,"largest_block":180224,"rx":{"total":394,"bad_frame":0,"unknown_peer":189,"wrong_dst":0,"short_payload":0,"unknown_opcode":0,"queue_dropped":8},"tx":{"total":261,"enqueue_err":0,"done_queue_dropped":0},"membership":{"deaths":1,"revivals":0,"reboots_seen":1,"table_full":0,"events_dropped":0}}
17:44:43 A {"t":"ns","node":25344,"hash":2410274060,"owner":25344,"kind":"sampled","unit":100,"class":4,"bound_ms":0,"quality":"GOOD","age_ms":149,"ts":22128,"updates":2,"value":134}
17:44:43 A {"t":"ns","node":25344,"hash":1274253983,"owner":25344,"kind":"sampled","unit":0,"class":4,"bound_ms":5000,"quality":"GOOD","age_ms":174,"ts":22128,"updates":2,"value":-35}
17:44:43 A {"t":"ns","node":25344,"hash":3354298913,"owner":25344,"kind":"sampled","unit":100,"class":4,"bound_ms":5000,"quality":"GOOD","age_ms":188,"ts":22128,"updates":2,"value":1}
17:44:43 A {"t":"ns","node":25344,"hash":1771187623,"owner":25344,"kind":"sampled","unit":101,"class":4,"bound_ms":30000,"quality":"GOOD","age_ms":201,"ts":22128,"updates":2,"value":231756}
17:44:43 A {"t":"ns","node":25344,"hash":4103947588,"owner":25344,"kind":"sampled","unit":80,"class":4,"bound_ms":30000,"quality":"GOOD","age_ms":215,"ts":22128,"updates":2,"value":22}
17:44:43 A {"t":"ns","node":25344,"hash":1662441583,"owner":25344,"kind":"sampled","unit":101,"class":4,"bound_ms":30000,"quality":"GOOD","age_ms":229,"ts":22128,"updates":2,"value":180224}
17:44:46 B {"t":"event","at_ms":12785,"node":29544,"kind":"peer_refused","peer":25344,"slot":255,"a":7,"b":0}
17:44:46 B {"t":"event","at_ms":14874,"node":29544,"kind":"peer_refused","peer":33120,"slot":255,"a":7,"b":0}
17:44:46 B {"t":"auth","node":29544,"up_ms":21973,"enrolled":0,"required":1,"verified_peers":0,"verified":0,"cache_hits":0,"refused":21,"rate_limited":0,"stale_epoch":0,"verify_us_max":0,"link_stack_free_b":1164,"crypto_stack_free_b":0}
17:44:46 B {"t":"node","up_ms":21988,"node":29544,"epoch":48,"peers_alive":0,"peers_dead":0,"no_radio":0,"free_dram":231924,"largest_block":180224,"rx":{"total":402,"bad_frame":0,"unknown_peer":402,"wrong_dst":0,"short_payload":0,"unknown_opcode":0,"queue_dropped":8},"tx":{"total":214,"enqueue_err":0,"done_queue_dropped":0},"membership":{"deaths":0,"revivals":0,"reboots_seen":0,"table_full":0,"events_dropped":0}}
17:44:46 B {"t":"ns","node":29544,"hash":96177158,"owner":29544,"kind":"sampled","unit":0,"class":4,"bound_ms":5000,"quality":"GOOD","age_ms":68,"ts":21959,"updates":2,"value":0}
17:44:46 B {"t":"ns","node":29544,"hash":1162973580,"owner":29544,"kind":"sampled","unit":101,"class":4,"bound_ms":30000,"quality":"GOOD","age_ms":81,"ts":21959,"updates":2,"value":231924}
17:44:46 B {"t":"ns","node":29544,"hash":4013525678,"owner":29544,"kind":"sampled","unit":101,"class":4,"bound_ms":30000,"quality":"GOOD","age_ms":95,"ts":21959,"updates":2,"value":180224}
17:44:46 B {"t":"ns","node":29544,"hash":1303338069,"owner":29544,"kind":"sampled","unit":100,"class":4,"bound_ms":0,"quality":"GOOD","age_ms":109,"ts":21959,"updates":2,"value":48}
17:44:46 B {"t":"ns","node":29544,"hash":288706273,"owner":29544,"kind":"sampled","unit":80,"class":4,"bound_ms":30000,"quality":"GOOD","age_ms":123,"ts":21959,"updates":2,"value":21}
17:44:46 B {"t":"ns","node":29544,"hash":2548334194,"owner":29544,"kind":"sampled","unit":100,"class":4,"bound_ms":5000,"quality":"GOOD","age_ms":148,"ts":21959,"updates":2,"value":0}
17:44:49 C {"t":"event","at_ms":12693,"node":33120,"kind":"peer_refused","peer":29544,"slot":255,"a":1,"b":0}
17:44:49 C {"t":"event","at_ms":13718,"node":33120,"kind":"peer_admitted","peer":25344,"slot":0,"a":0,"b":0}
17:44:49 C {"t":"event","at_ms":15718,"node":33120,"kind":"peer_admitted","peer":25344,"slot":0,"a":0,"b":0}
17:44:49 C {"t":"event","at_ms":17718,"node":33120,"kind":"peer_admitted","peer":25344,"slot":0,"a":0,"b":0}
17:44:49 C {"t":"event","at_ms":19718,"node":33120,"kind":"peer_admitted","peer":25344,"slot":0,"a":0,"b":0}
17:44:49 C {"t":"event","at_ms":21721,"node":33120,"kind":"peer_admitted","peer":25344,"slot":0,"a":0,"b":0}
17:44:49 C {"t":"link","up_ms":22104,"node":33120,"peer":25344,"mac":"b8:1f:3f:da:63:00","state":"alive","epoch":134,"espnow_ver":2,"mtu":1446,"misses":0,"rssi":-36,"tx":{"frames":47,"cb_ok":47,"cb_fail":0,"enqueue_err":0,"pdr_ppm":1000000},"rx":{"frames":240,"lost_seqgap":7,"reorder_dup":0,"dropped_bad":0,"hb_lost":0,"bcast_frames":184,"pdr_ppm":971659},"rtt":{"samples":19,"min_us":3486,"max_us":8595,"timeouts":0,"txq_last_us":0,"txq_max_us":0,"remote_turnaround_us":245,"remote_turnaround_max_us":274,"p50_us":[4000,6000],"p99_us":[8000,11000],"hist":[0,0,0,8,4,5,2,0,0,0,0,0,0,0,0,0]}}
17:44:49 C {"t":"auth","node":33120,"up_ms":22157,"enrolled":1,"required":1,"verified_peers":1,"verified":1,"cache_hits":9,"refused":10,"rate_limited":0,"stale_epoch":0,"verify_us_max":80674,"link_stack_free_b":748,"crypto_stack_free_b":1300}
17:44:49 C {"t":"node","up_ms":22182,"node":33120,"epoch":139,"peers_alive":1,"peers_dead":0,"no_radio":0,"free_dram":231768,"largest_block":180224,"rx":{"total":486,"bad_frame":0,"unknown_peer":247,"wrong_dst":0,"short_payload":0,"unknown_opcode":0,"queue_dropped":27},"tx":{"total":263,"enqueue_err":0,"done_queue_dropped":0},"membership":{"deaths":0,"revivals":0,"reboots_seen":0,"table_full":0,"events_dropped":0}}
17:44:49 C {"t":"ns","node":33120,"hash":13581963,"owner":33120,"kind":"sampled","unit":100,"class":4,"bound_ms":5000,"quality":"GOOD","age_ms":149,"ts":22062,"updates":2,"value":1}
17:44:49 C {"t":"ns","node":33120,"hash":3142365229,"owner":33120,"kind":"sampled","unit":101,"class":4,"bound_ms":30000,"quality":"GOOD","age_ms":163,"ts":22062,"updates":2,"value":180224}
17:44:49 C {"t":"ns","node":33120,"hash":2347817554,"owner":33120,"kind":"sampled","unit":100,"class":4,"bound_ms":0,"quality":"GOOD","age_ms":188,"ts":22062,"updates":2,"value":139}
17:44:49 C {"t":"ns","node":33120,"hash":1170356950,"owner":33120,"kind":"sampled","unit":80,"class":4,"bound_ms":30000,"quality":"GOOD","age_ms":201,"ts":22062,"updates":2,"value":22}
17:44:49 C {"t":"ns","node":33120,"hash":3085599597,"owner":33120,"kind":"sampled","unit":0,"class":4,"bound_ms":5000,"quality":"GOOD","age_ms":215,"ts":22062,"updates":2,"value":-35}
17:44:49 C {"t":"ns","node":33120,"hash":2486014333,"owner":33120,"kind":"sampled","unit":101,"class":4,"bound_ms":30000,"quality":"GOOD","age_ms":229,"ts":22062,"updates":2,"value":231768}
17:44:53 A {"t":"event","at_ms":23956,"node":25344,"kind":"peer_admitted","peer":33120,"slot":0,"a":0,"b":0}
17:44:53 A {"t":"event","at_ms":24838,"node":25344,"kind":"peer_refused","peer":29544,"slot":255,"a":1,"b":0}
17:44:53 A {"t":"event","at_ms":25955,"node":25344,"kind":"peer_admitted","peer":33120,"slot":0,"a":0,"b":0}
17:44:53 A {"t":"event","at_ms":27955,"node":25344,"kind":"peer_admitted","peer":33120,"slot":0,"a":0,"b":0}
17:44:53 A {"t":"event","at_ms":29955,"node":25344,"kind":"peer_admitted","peer":33120,"slot":0,"a":0,"b":0}
17:44:53 A {"t":"event","at_ms":31955,"node":25344,"kind":"peer_admitted","peer":33120,"slot":0,"a":0,"b":0}
17:44:53 A {"t":"link","up_ms":32413,"node":25344,"peer":33120,"mac":"b8:1f:3f:da:81:60","state":"alive","epoch":139,"espnow_ver":2,"mtu":1446,"misses":0,"rssi":-35,"tx":{"frames":69,"cb_ok":66,"cb_fail":3,"enqueue_err":0,"pdr_ppm":956521},"rx":{"frames":338,"lost_seqgap":0,"reorder_dup":3,"dropped_bad":0,"hb_lost":8,"bcast_frames":262,"pdr_ppm":1000000},"rtt":{"samples":23,"min_us":3715,"max_us":11980,"timeouts":6,"txq_last_us":10391,"txq_max_us":10391,"remote_turnaround_us":132,"remote_turnaround_max_us":142,"p50_us":[3000,4000],"p99_us":[11000,16000],"hist":[0,0,0,14,5,2,1,1,0,0,0,0,0,0,0,0]}}
17:44:53 A {"t":"auth","node":25344,"up_ms":32466,"enrolled":1,"required":1,"verified_peers":1,"verified":2,"cache_hits":13,"refused":15,"rate_limited":0,"stale_epoch":0,"verify_us_max":87090,"link_stack_free_b":748,"crypto_stack_free_b":1252}
17:44:53 A {"t":"node","up_ms":32492,"node":25344,"epoch":134,"peers_alive":1,"peers_dead":0,"no_radio":0,"free_dram":231756,"largest_block":180224,"rx":{"total":633,"bad_frame":0,"unknown_peer":296,"wrong_dst":0,"short_payload":0,"unknown_opcode":0,"queue_dropped":8},"tx":{"total":393,"enqueue_err":0,"done_queue_dropped":0},"membership":{"deaths":1,"revivals":0,"reboots_seen":1,"table_full":0,"events_dropped":0}}
17:44:53 A {"t":"ns","node":25344,"hash":2410274060,"owner":25344,"kind":"sampled","unit":100,"class":4,"bound_ms":0,"quality":"GOOD","age_ms":149,"ts":32371,"updates":3,"value":134}
17:44:53 A {"t":"ns","node":25344,"hash":1274253983,"owner":25344,"kind":"sampled","unit":0,"class":4,"bound_ms":5000,"quality":"GOOD","age_ms":174,"ts":32371,"updates":3,"value":-35}
17:44:53 A {"t":"ns","node":25344,"hash":3354298913,"owner":25344,"kind":"sampled","unit":100,"class":4,"bound_ms":5000,"quality":"GOOD","age_ms":188,"ts":32371,"updates":3,"value":1}
17:44:53 A {"t":"ns","node":25344,"hash":1771187623,"owner":25344,"kind":"sampled","unit":101,"class":4,"bound_ms":30000,"quality":"GOOD","age_ms":201,"ts":32371,"updates":3,"value":231756}
17:44:53 A {"t":"ns","node":25344,"hash":4103947588,"owner":25344,"kind":"sampled","unit":80,"class":4,"bound_ms":30000,"quality":"GOOD","age_ms":215,"ts":32371,"updates":3,"value":32}
17:44:53 A {"t":"ns","node":25344,"hash":1662441583,"owner":25344,"kind":"sampled","unit":101,"class":4,"bound_ms":30000,"quality":"GOOD","age_ms":229,"ts":32371,"updates":3,"value":180224}
17:44:56 B {"t":"event","at_ms":22785,"node":29544,"kind":"peer_refused","peer":25344,"slot":255,"a":7,"b":0}
17:44:56 B {"t":"event","at_ms":26873,"node":29544,"kind":"peer_refused","peer":33120,"slot":255,"a":7,"b":0}
17:44:56 B {"t":"auth","node":29544,"up_ms":32135,"enrolled":0,"required":1,"verified_peers":0,"verified":0,"cache_hits":0,"refused":31,"rate_limited":0,"stale_epoch":0,"verify_us_max":0,"link_stack_free_b":1164,"crypto_stack_free_b":0}
17:44:56 B {"t":"node","up_ms":32149,"node":29544,"epoch":48,"peers_alive":0,"peers_dead":0,"no_radio":0,"free_dram":231924,"largest_block":180224,"rx":{"total":615,"bad_frame":0,"unknown_peer":615,"wrong_dst":0,"short_payload":0,"unknown_opcode":0,"queue_dropped":8},"tx":{"total":320,"enqueue_err":0,"done_queue_dropped":0},"membership":{"deaths":0,"revivals":0,"reboots_seen":0,"table_full":0,"events_dropped":0}}
17:44:56 B {"t":"ns","node":29544,"hash":96177158,"owner":29544,"kind":"sampled","unit":0,"class":4,"bound_ms":5000,"quality":"GOOD","age_ms":68,"ts":32121,"updates":3,"value":0}
17:44:56 B {"t":"ns","node":29544,"hash":1162973580,"owner":29544,"kind":"sampled","unit":101,"class":4,"bound_ms":30000,"quality":"GOOD","age_ms":81,"ts":32121,"updates":3,"value":231924}
17:44:56 B {"t":"ns","node":29544,"hash":4013525678,"owner":29544,"kind":"sampled","unit":101,"class":4,"bound_ms":30000,"quality":"GOOD","age_ms":95,"ts":32121,"updates":3,"value":180224}
17:44:56 B {"t":"ns","node":29544,"hash":1303338069,"owner":29544,"kind":"sampled","unit":100,"class":4,"bound_ms":0,"quality":"GOOD","age_ms":109,"ts":32121,"updates":3,"value":48}
17:44:56 B {"t":"ns","node":29544,"hash":288706273,"owner":29544,"kind":"sampled","unit":80,"class":4,"bound_ms":30000,"quality":"GOOD","age_ms":123,"ts":32121,"updates":3,"value":32}
17:44:56 B {"t":"ns","node":29544,"hash":2548334194,"owner":29544,"kind":"sampled","unit":100,"class":4,"bound_ms":5000,"quality":"GOOD","age_ms":148,"ts":32121,"updates":3,"value":0}
17:44:59 C {"t":"event","at_ms":23718,"node":33120,"kind":"peer_admitted","peer":25344,"slot":0,"a":0,"b":0}
17:44:59 C {"t":"event","at_ms":24690,"node":33120,"kind":"peer_refused","peer":29544,"slot":255,"a":1,"b":0}
17:44:59 C {"t":"event","at_ms":25718,"node":33120,"kind":"peer_admitted","peer":25344,"slot":0,"a":0,"b":0}
17:44:59 C {"t":"event","at_ms":27718,"node":33120,"kind":"peer_admitted","peer":25344,"slot":0,"a":0,"b":0}
17:44:59 C {"t":"event","at_ms":29718,"node":33120,"kind":"peer_admitted","peer":25344,"slot":0,"a":0,"b":0}
17:44:59 C {"t":"event","at_ms":31718,"node":33120,"kind":"peer_admitted","peer":25344,"slot":0,"a":0,"b":0}
17:44:59 C {"t":"link","up_ms":32347,"node":33120,"peer":25344,"mac":"b8:1f:3f:da:63:00","state":"alive","epoch":134,"espnow_ver":2,"mtu":1446,"misses":0,"rssi":-35,"tx":{"frames":72,"cb_ok":72,"cb_fail":0,"enqueue_err":0,"pdr_ppm":1000000},"rx":{"frames":372,"lost_seqgap":7,"reorder_dup":0,"dropped_bad":0,"hb_lost":0,"bcast_frames":286,"pdr_ppm":981530},"rtt":{"samples":29,"min_us":3486,"max_us":8595,"timeouts":0,"txq_last_us":0,"txq_max_us":0,"remote_turnaround_us":250,"remote_turnaround_max_us":274,"p50_us":[4000,6000],"p99_us":[8000,11000],"hist":[0,0,0,11,11,5,2,0,0,0,0,0,0,0,0,0]}}
17:44:59 C {"t":"auth","node":33120,"up_ms":32400,"enrolled":1,"required":1,"verified_peers":1,"verified":1,"cache_hits":14,"refused":15,"rate_limited":0,"stale_epoch":0,"verify_us_max":80674,"link_stack_free_b":748,"crypto_stack_free_b":1300}
17:44:59 C {"t":"node","up_ms":32425,"node":33120,"epoch":139,"peers_alive":1,"peers_dead":0,"no_radio":0,"free_dram":231768,"largest_block":180224,"rx":{"total":727,"bad_frame":0,"unknown_peer":355,"wrong_dst":0,"short_payload":0,"unknown_opcode":0,"queue_dropped":27},"tx":{"total":395,"enqueue_err":0,"done_queue_dropped":0},"membership":{"deaths":0,"revivals":0,"reboots_seen":0,"table_full":0,"events_dropped":0}}
17:44:59 C {"t":"ns","node":33120,"hash":13581963,"owner":33120,"kind":"sampled","unit":100,"class":4,"bound_ms":5000,"quality":"GOOD","age_ms":149,"ts":32305,"updates":3,"value":1}
17:44:59 C {"t":"ns","node":33120,"hash":3142365229,"owner":33120,"kind":"sampled","unit":101,"class":4,"bound_ms":30000,"quality":"GOOD","age_ms":174,"ts":32305,"updates":3,"value":180224}
17:44:59 C {"t":"ns","node":33120,"hash":2347817554,"owner":33120,"kind":"sampled","unit":100,"class":4,"bound_ms":0,"quality":"GOOD","age_ms":187,"ts":32305,"updates":3,"value":139}
17:44:59 C {"t":"ns","node":33120,"hash":1170356950,"owner":33120,"kind":"sampled","unit":80,"class":4,"bound_ms":30000,"quality":"GOOD","age_ms":201,"ts":32305,"updates":3,"value":32}
17:44:59 C {"t":"ns","node":33120,"hash":3085599597,"owner":33120,"kind":"sampled","unit":0,"class":4,"bound_ms":5000,"quality":"GOOD","age_ms":215,"ts":32305,"updates":3,"value":-35}
17:44:59 C {"t":"ns","node":33120,"hash":2486014333,"owner":33120,"kind":"sampled","unit":101,"class":4,"bound_ms":30000,"quality":"GOOD","age_ms":228,"ts":32305,"updates":3,"value":231768}
17:45:03 A {"t":"event","at_ms":33955,"node":25344,"kind":"peer_admitted","peer":33120,"slot":0,"a":0,"b":0}
17:45:03 A {"t":"event","at_ms":34838,"node":25344,"kind":"peer_refused","peer":29544,"slot":255,"a":1,"b":0}
17:45:03 A {"t":"event","at_ms":35955,"node":25344,"kind":"peer_admitted","peer":33120,"slot":0,"a":0,"b":0}
17:45:03 A {"t":"event","at_ms":37955,"node":25344,"kind":"peer_admitted","peer":33120,"slot":0,"a":0,"b":0}
17:45:03 A {"t":"event","at_ms":39955,"node":25344,"kind":"peer_admitted","peer":33120,"slot":0,"a":0,"b":0}
17:45:03 A {"t":"event","at_ms":41955,"node":25344,"kind":"peer_admitted","peer":33120,"slot":0,"a":0,"b":0}
17:45:03 A {"t":"link","up_ms":42656,"node":25344,"peer":33120,"mac":"b8:1f:3f:da:81:60","state":"alive","epoch":139,"espnow_ver":2,"mtu":1446,"misses":0,"rssi":-35,"tx":{"frames":94,"cb_ok":91,"cb_fail":3,"enqueue_err":0,"pdr_ppm":968085},"rx":{"frames":470,"lost_seqgap":0,"reorder_dup":3,"dropped_bad":0,"hb_lost":8,"bcast_frames":364,"pdr_ppm":1000000},"rtt":{"samples":33,"min_us":3705,"max_us":11980,"timeouts":6,"txq_last_us":10391,"txq_max_us":10391,"remote_turnaround_us":133,"remote_turnaround_max_us":142,"p50_us":[3000,4000],"p99_us":[11000,16000],"hist":[0,0,0,22,6,3,1,1,0,0,0,0,0,0,0,0]}}
17:45:03 A {"t":"auth","node":25344,"up_ms":42709,"enrolled":1,"required":1,"verified_peers":1,"verified":2,"cache_hits":18,"refused":20,"rate_limited":0,"stale_epoch":0,"verify_us_max":87090,"link_stack_free_b":748,"crypto_stack_free_b":1252}
17:45:03 A {"t":"node","up_ms":42735,"node":25344,"epoch":134,"peers_alive":1,"peers_dead":0,"no_radio":0,"free_dram":231756,"largest_block":180224,"rx":{"total":873,"bad_frame":0,"unknown_peer":403,"wrong_dst":0,"short_payload":0,"unknown_opcode":0,"queue_dropped":8},"tx":{"total":525,"enqueue_err":0,"done_queue_dropped":0},"membership":{"deaths":1,"revivals":0,"reboots_seen":1,"table_full":0,"events_dropped":0}}
17:45:03 A {"t":"ns","node":25344,"hash":2410274060,"owner":25344,"kind":"sampled","unit":100,"class":4,"bound_ms":0,"quality":"GOOD","age_ms":149,"ts":42614,"updates":4,"value":134}
17:45:03 A {"t":"ns","node":25344,"hash":1274253983,"owner":25344,"kind":"sampled","unit":0,"class":4,"bound_ms":5000,"quality":"GOOD","age_ms":174,"ts":42614,"updates":4,"value":-35}
17:45:03 A {"t":"ns","node":25344,"hash":3354298913,"owner":25344,"kind":"sampled","unit":100,"class":4,"bound_ms":5000,"quality":"GOOD","age_ms":188,"ts":42614,"updates":4,"value":1}
17:45:03 A {"t":"ns","node":25344,"hash":1771187623,"owner":25344,"kind":"sampled","unit":101,"class":4,"bound_ms":30000,"quality":"GOOD","age_ms":201,"ts":42614,"updates":4,"value":231756}
17:45:03 A {"t":"ns","node":25344,"hash":4103947588,"owner":25344,"kind":"sampled","unit":80,"class":4,"bound_ms":30000,"quality":"GOOD","age_ms":215,"ts":42614,"updates":4,"value":42}
17:45:03 A {"t":"ns","node":25344,"hash":1662441583,"owner":25344,"kind":"sampled","unit":101,"class":4,"bound_ms":30000,"quality":"GOOD","age_ms":229,"ts":42614,"updates":4,"value":180224}
17:45:06 B {"t":"event","at_ms":32785,"node":29544,"kind":"peer_refused","peer":25344,"slot":255,"a":7,"b":0}
17:45:06 B {"t":"event","at_ms":36873,"node":29544,"kind":"peer_refused","peer":33120,"slot":255,"a":7,"b":0}
17:45:06 B {"t":"auth","node":29544,"up_ms":42297,"enrolled":0,"required":1,"verified_peers":0,"verified":0,"cache_hits":0,"refused":41,"rate_limited":0,"stale_epoch":0,"verify_us_max":0,"link_stack_free_b":1164,"crypto_stack_free_b":0}
17:45:06 B {"t":"node","up_ms":42312,"node":29544,"epoch":48,"peers_alive":0,"peers_dead":0,"no_radio":0,"free_dram":231924,"largest_block":180224,"rx":{"total":828,"bad_frame":0,"unknown_peer":828,"wrong_dst":0,"short_payload":0,"unknown_opcode":0,"queue_dropped":8},"tx":{"total":427,"enqueue_err":0,"done_queue_dropped":0},"membership":{"deaths":0,"revivals":0,"reboots_seen":0,"table_full":0,"events_dropped":0}}
17:45:06 B {"t":"ns","node":29544,"hash":96177158,"owner":29544,"kind":"sampled","unit":0,"class":4,"bound_ms":5000,"quality":"GOOD","age_ms":68,"ts":42283,"updates":4,"value":0}
17:45:06 B {"t":"ns","node":29544,"hash":1162973580,"owner":29544,"kind":"sampled","unit":101,"class":4,"bound_ms":30000,"quality":"GOOD","age_ms":81,"ts":42283,"updates":4,"value":231924}
17:45:06 B {"t":"ns","node":29544,"hash":4013525678,"owner":29544,"kind":"sampled","unit":101,"class":4,"bound_ms":30000,"quality":"GOOD","age_ms":95,"ts":42283,"updates":4,"value":180224}
17:45:06 B {"t":"ns","node":29544,"hash":1303338069,"owner":29544,"kind":"sampled","unit":100,"class":4,"bound_ms":0,"quality":"GOOD","age_ms":109,"ts":42283,"updates":4,"value":48}
17:45:06 B {"t":"ns","node":29544,"hash":288706273,"owner":29544,"kind":"sampled","unit":80,"class":4,"bound_ms":30000,"quality":"GOOD","age_ms":123,"ts":42283,"updates":4,"value":42}
17:45:06 B {"t":"ns","node":29544,"hash":2548334194,"owner":29544,"kind":"sampled","unit":100,"class":4,"bound_ms":5000,"quality":"GOOD","age_ms":148,"ts":42283,"updates":4,"value":0}
17:45:09 C {"t":"event","at_ms":33718,"node":33120,"kind":"peer_admitted","peer":25344,"slot":0,"a":0,"b":0}
17:45:09 C {"t":"event","at_ms":34691,"node":33120,"kind":"peer_refused","peer":29544,"slot":255,"a":1,"b":0}
17:45:09 C {"t":"event","at_ms":35718,"node":33120,"kind":"peer_admitted","peer":25344,"slot":0,"a":0,"b":0}
17:45:09 C {"t":"event","at_ms":37718,"node":33120,"kind":"peer_admitted","peer":25344,"slot":0,"a":0,"b":0}
17:45:09 C {"t":"event","at_ms":39722,"node":33120,"kind":"peer_admitted","peer":25344,"slot":0,"a":0,"b":0}
17:45:09 C {"t":"event","at_ms":41718,"node":33120,"kind":"peer_admitted","peer":25344,"slot":0,"a":0,"b":0}
17:45:09 C {"t":"link","up_ms":42590,"node":33120,"peer":25344,"mac":"b8:1f:3f:da:63:00","state":"alive","epoch":134,"espnow_ver":2,"mtu":1446,"misses":0,"rssi":-36,"tx":{"frames":97,"cb_ok":97,"cb_fail":0,"enqueue_err":0,"pdr_ppm":1000000},"rx":{"frames":504,"lost_seqgap":7,"reorder_dup":0,"dropped_bad":0,"hb_lost":0,"bcast_frames":388,"pdr_ppm":986301},"rtt":{"samples":39,"min_us":3486,"max_us":8595,"timeouts":0,"txq_last_us":0,"txq_max_us":0,"remote_turnaround_us":251,"remote_turnaround_max_us":274,"p50_us":[4000,6000],"p99_us":[8000,11000],"hist":[0,0,0,15,16,6,2,0,0,0,0,0,0,0,0,0]}}
17:45:09 C {"t":"auth","node":33120,"up_ms":42643,"enrolled":1,"required":1,"verified_peers":1,"verified":1,"cache_hits":19,"refused":20,"rate_limited":0,"stale_epoch":0,"verify_us_max":80674,"link_stack_free_b":748,"crypto_stack_free_b":1300}
17:45:09 C {"t":"node","up_ms":42668,"node":33120,"epoch":139,"peers_alive":1,"peers_dead":0,"no_radio":0,"free_dram":231768,"largest_block":180224,"rx":{"total":967,"bad_frame":0,"unknown_peer":462,"wrong_dst":0,"short_payload":0,"unknown_opcode":0,"queue_dropped":27},"tx":{"total":529,"enqueue_err":0,"done_queue_dropped":0},"membership":{"deaths":0,"revivals":0,"reboots_seen":0,"table_full":0,"events_dropped":0}}
17:45:09 C {"t":"ns","node":33120,"hash":13581963,"owner":33120,"kind":"sampled","unit":100,"class":4,"bound_ms":5000,"quality":"GOOD","age_ms":150,"ts":42547,"updates":4,"value":1}
17:45:09 C {"t":"ns","node":33120,"hash":3142365229,"owner":33120,"kind":"sampled","unit":101,"class":4,"bound_ms":30000,"quality":"GOOD","age_ms":163,"ts":42547,"updates":4,"value":180224}
17:45:09 C {"t":"ns","node":33120,"hash":2347817554,"owner":33120,"kind":"sampled","unit":100,"class":4,"bound_ms":0,"quality":"GOOD","age_ms":188,"ts":42547,"updates":4,"value":139}
17:45:09 C {"t":"ns","node":33120,"hash":1170356950,"owner":33120,"kind":"sampled","unit":80,"class":4,"bound_ms":30000,"quality":"GOOD","age_ms":202,"ts":42547,"updates":4,"value":42}
17:45:09 C {"t":"ns","node":33120,"hash":3085599597,"owner":33120,"kind":"sampled","unit":0,"class":4,"bound_ms":5000,"quality":"GOOD","age_ms":216,"ts":42547,"updates":4,"value":-36}
17:45:09 C {"t":"ns","node":33120,"hash":2486014333,"owner":33120,"kind":"sampled","unit":101,"class":4,"bound_ms":30000,"quality":"GOOD","age_ms":230,"ts":42547,"updates":4,"value":231768}
17:45:14 A {"t":"event","at_ms":43955,"node":25344,"kind":"peer_admitted","peer":33120,"slot":0,"a":0,"b":0}
17:45:14 A {"t":"event","at_ms":44838,"node":25344,"kind":"peer_refused","peer":29544,"slot":255,"a":1,"b":0}
17:45:14 A {"t":"event","at_ms":45955,"node":25344,"kind":"peer_admitted","peer":33120,"slot":0,"a":0,"b":0}
17:45:14 A {"t":"event","at_ms":47955,"node":25344,"kind":"peer_admitted","peer":33120,"slot":0,"a":0,"b":0}
17:45:14 A {"t":"event","at_ms":49955,"node":25344,"kind":"peer_admitted","peer":33120,"slot":0,"a":0,"b":0}
17:45:14 A {"t":"event","at_ms":51955,"node":25344,"kind":"peer_admitted","peer":33120,"slot":0,"a":0,"b":0}
17:45:14 A {"t":"link","up_ms":52899,"node":25344,"peer":33120,"mac":"b8:1f:3f:da:81:60","state":"alive","epoch":139,"espnow_ver":2,"mtu":1446,"misses":0,"rssi":-35,"tx":{"frames":120,"cb_ok":117,"cb_fail":3,"enqueue_err":0,"pdr_ppm":975000},"rx":{"frames":604,"lost_seqgap":0,"reorder_dup":3,"dropped_bad":0,"hb_lost":8,"bcast_frames":467,"pdr_ppm":1000000},"rtt":{"samples":44,"min_us":3705,"max_us":11980,"timeouts":6,"txq_last_us":6618,"txq_max_us":10391,"remote_turnaround_us":131,"remote_turnaround_max_us":142,"p50_us":[3000,4000],"p99_us":[11000,16000],"hist":[0,0,0,30,8,3,2,1,0,0,0,0,0,0,0,0]}}
17:45:14 A {"t":"auth","node":25344,"up_ms":52953,"enrolled":1,"required":1,"verified_peers":1,"verified":2,"cache_hits":23,"refused":26,"rate_limited":0,"stale_epoch":0,"verify_us_max":87090,"link_stack_free_b":748,"crypto_stack_free_b":1252}
17:45:14 A {"t":"node","up_ms":52979,"node":25344,"epoch":134,"peers_alive":1,"peers_dead":0,"no_radio":0,"free_dram":231756,"largest_block":180224,"rx":{"total":1116,"bad_frame":0,"unknown_peer":512,"wrong_dst":0,"short_payload":0,"unknown_opcode":0,"queue_dropped":8},"tx":{"total":660,"enqueue_err":0,"done_queue_dropped":0},"membership":{"deaths":1,"revivals":0,"reboots_seen":1,"table_full":0,"events_dropped":0}}
17:45:14 A {"t":"ns","node":25344,"hash":2410274060,"owner":25344,"kind":"sampled","unit":100,"class":4,"bound_ms":0,"quality":"GOOD","age_ms":150,"ts":52857,"updates":5,"value":134}
17:45:14 A {"t":"ns","node":25344,"hash":1274253983,"owner":25344,"kind":"sampled","unit":0,"class":4,"bound_ms":5000,"quality":"GOOD","age_ms":164,"ts":52857,"updates":5,"value":-35}
17:45:14 A {"t":"ns","node":25344,"hash":3354298913,"owner":25344,"kind":"sampled","unit":100,"class":4,"bound_ms":5000,"quality":"GOOD","age_ms":189,"ts":52857,"updates":5,"value":1}
17:45:14 A {"t":"ns","node":25344,"hash":1771187623,"owner":25344,"kind":"sampled","unit":101,"class":4,"bound_ms":30000,"quality":"GOOD","age_ms":203,"ts":52857,"updates":5,"value":231756}
17:45:14 A {"t":"ns","node":25344,"hash":4103947588,"owner":25344,"kind":"sampled","unit":80,"class":4,"bound_ms":30000,"quality":"GOOD","age_ms":217,"ts":52857,"updates":5,"value":52}
17:45:14 A {"t":"ns","node":25344,"hash":1662441583,"owner":25344,"kind":"sampled","unit":101,"class":4,"bound_ms":30000,"quality":"GOOD","age_ms":230,"ts":52857,"updates":5,"value":180224}
17:45:16 B {"t":"event","at_ms":42789,"node":29544,"kind":"peer_refused","peer":25344,"slot":255,"a":7,"b":0}
17:45:16 B {"t":"event","at_ms":46873,"node":29544,"kind":"peer_refused","peer":33120,"slot":255,"a":7,"b":0}
17:45:16 B {"t":"auth","node":29544,"up_ms":52459,"enrolled":0,"required":1,"verified_peers":0,"verified":0,"cache_hits":0,"refused":51,"rate_limited":0,"stale_epoch":0,"verify_us_max":0,"link_stack_free_b":1164,"crypto_stack_free_b":0}
17:45:16 B {"t":"node","up_ms":52474,"node":29544,"epoch":48,"peers_alive":0,"peers_dead":0,"no_radio":0,"free_dram":231924,"largest_block":180224,"rx":{"total":1042,"bad_frame":0,"unknown_peer":1042,"wrong_dst":0,"short_payload":0,"unknown_opcode":0,"queue_dropped":8},"tx":{"total":534,"enqueue_err":0,"done_queue_dropped":0},"membership":{"deaths":0,"revivals":0,"reboots_seen":0,"table_full":0,"events_dropped":0}}
17:45:16 B {"t":"ns","node":29544,"hash":96177158,"owner":29544,"kind":"sampled","unit":0,"class":4,"bound_ms":5000,"quality":"GOOD","age_ms":68,"ts":52445,"updates":5,"value":0}
17:45:16 B {"t":"ns","node":29544,"hash":1162973580,"owner":29544,"kind":"sampled","unit":101,"class":4,"bound_ms":30000,"quality":"GOOD","age_ms":82,"ts":52445,"updates":5,"value":231924}
17:45:16 B {"t":"ns","node":29544,"hash":4013525678,"owner":29544,"kind":"sampled","unit":101,"class":4,"bound_ms":30000,"quality":"GOOD","age_ms":95,"ts":52445,"updates":5,"value":180224}
17:45:16 B {"t":"ns","node":29544,"hash":1303338069,"owner":29544,"kind":"sampled","unit":100,"class":4,"bound_ms":0,"quality":"GOOD","age_ms":110,"ts":52445,"updates":5,"value":48}
17:45:16 B {"t":"ns","node":29544,"hash":288706273,"owner":29544,"kind":"sampled","unit":80,"class":4,"bound_ms":30000,"quality":"GOOD","age_ms":124,"ts":52445,"updates":5,"value":52}
17:45:16 B {"t":"ns","node":29544,"hash":2548334194,"owner":29544,"kind":"sampled","unit":100,"class":4,"bound_ms":5000,"quality":"GOOD","age_ms":138,"ts":52445,"updates":5,"value":0}
17:45:20 C {"t":"event","at_ms":43718,"node":33120,"kind":"peer_admitted","peer":25344,"slot":0,"a":0,"b":0}
17:45:20 C {"t":"event","at_ms":45718,"node":33120,"kind":"peer_admitted","peer":25344,"slot":0,"a":0,"b":0}
17:45:20 C {"t":"event","at_ms":46690,"node":33120,"kind":"peer_refused","peer":29544,"slot":255,"a":1,"b":0}
17:45:20 C {"t":"event","at_ms":47718,"node":33120,"kind":"peer_admitted","peer":25344,"slot":0,"a":0,"b":0}
17:45:20 C {"t":"event","at_ms":49718,"node":33120,"kind":"peer_admitted","peer":25344,"slot":0,"a":0,"b":0}
17:45:20 C {"t":"event","at_ms":51718,"node":33120,"kind":"peer_admitted","peer":25344,"slot":0,"a":0,"b":0}
17:45:20 C {"t":"link","up_ms":52833,"node":33120,"peer":25344,"mac":"b8:1f:3f:da:63:00","state":"alive","epoch":134,"espnow_ver":2,"mtu":1446,"misses":0,"rssi":-34,"tx":{"frames":124,"cb_ok":124,"cb_fail":0,"enqueue_err":0,"pdr_ppm":1000000},"rx":{"frames":639,"lost_seqgap":7,"reorder_dup":0,"dropped_bad":0,"hb_lost":0,"bcast_frames":491,"pdr_ppm":989164},"rtt":{"samples":50,"min_us":3486,"max_us":26201,"timeouts":0,"txq_last_us":19418,"txq_max_us":19418,"remote_turnaround_us":220,"remote_turnaround_max_us":324,"p50_us":[4000,6000],"p99_us":[22000,30000],"hist":[0,0,0,18,20,8,3,0,0,1,0,0,0,0,0,0]}}
17:45:20 C {"t":"auth","node":33120,"up_ms":52887,"enrolled":1,"required":1,"verified_peers":1,"verified":1,"cache_hits":24,"refused":26,"rate_limited":0,"stale_epoch":0,"verify_us_max":80674,"link_stack_free_b":748,"crypto_stack_free_b":1300}
17:45:20 C {"t":"node","up_ms":52912,"node":33120,"epoch":139,"peers_alive":1,"peers_dead":0,"no_radio":0,"free_dram":231768,"largest_block":180224,"rx":{"total":1210,"bad_frame":0,"unknown_peer":571,"wrong_dst":0,"short_payload":0,"unknown_opcode":0,"queue_dropped":27},"tx":{"total":662,"enqueue_err":0,"done_queue_dropped":0},"membership":{"deaths":0,"revivals":0,"reboots_seen":0,"table_full":0,"events_dropped":0}}
17:45:20 C {"t":"ns","node":33120,"hash":13581963,"owner":33120,"kind":"sampled","unit":100,"class":4,"bound_ms":5000,"quality":"GOOD","age_ms":149,"ts":52791,"updates":5,"value":1}
17:45:20 C {"t":"ns","node":33120,"hash":3142365229,"owner":33120,"kind":"sampled","unit":101,"class":4,"bound_ms":30000,"quality":"GOOD","age_ms":174,"ts":52791,"updates":5,"value":180224}
17:45:20 C {"t":"ns","node":33120,"hash":2347817554,"owner":33120,"kind":"sampled","unit":100,"class":4,"bound_ms":0,"quality":"GOOD","age_ms":188,"ts":52791,"updates":5,"value":139}
17:45:20 C {"t":"ns","node":33120,"hash":1170356950,"owner":33120,"kind":"sampled","unit":80,"class":4,"bound_ms":30000,"quality":"GOOD","age_ms":202,"ts":52791,"updates":5,"value":52}
17:45:20 C {"t":"ns","node":33120,"hash":3085599597,"owner":33120,"kind":"sampled","unit":0,"class":4,"bound_ms":5000,"quality":"GOOD","age_ms":215,"ts":52791,"updates":5,"value":-33}
17:45:20 C {"t":"ns","node":33120,"hash":2486014333,"owner":33120,"kind":"sampled","unit":101,"class":4,"bound_ms":30000,"quality":"GOOD","age_ms":229,"ts":52791,"updates":5,"value":231768}
17:45:24 A {"t":"event","at_ms":53960,"node":25344,"kind":"peer_admitted","peer":33120,"slot":0,"a":0,"b":0}
17:45:24 A {"t":"event","at_ms":54841,"node":25344,"kind":"peer_refused","peer":29544,"slot":255,"a":1,"b":0}
17:45:24 A {"t":"event","at_ms":55957,"node":25344,"kind":"peer_admitted","peer":33120,"slot":0,"a":0,"b":0}
17:45:24 A {"t":"event","at_ms":57955,"node":25344,"kind":"peer_admitted","peer":33120,"slot":0,"a":0,"b":0}
17:45:24 A {"t":"event","at_ms":59955,"node":25344,"kind":"peer_admitted","peer":33120,"slot":0,"a":0,"b":0}
17:45:24 A {"t":"event","at_ms":61955,"node":25344,"kind":"peer_admitted","peer":33120,"slot":0,"a":0,"b":0}
17:45:24 A {"t":"link","up_ms":63144,"node":25344,"peer":33120,"mac":"b8:1f:3f:da:81:60","state":"alive","epoch":139,"espnow_ver":2,"mtu":1446,"misses":0,"rssi":-35,"tx":{"frames":146,"cb_ok":143,"cb_fail":3,"enqueue_err":0,"pdr_ppm":979452},"rx":{"frames":737,"lost_seqgap":0,"reorder_dup":3,"dropped_bad":0,"hb_lost":8,"bcast_frames":569,"pdr_ppm":1000000},"rtt":{"samples":54,"min_us":3698,"max_us":11980,"timeouts":6,"txq_last_us":6618,"txq_max_us":10391,"remote_turnaround_us":134,"remote_turnaround_max_us":142,"p50_us":[3000,4000],"p99_us":[11000,16000],"hist":[0,0,0,37,10,4,2,1,0,0,0,0,0,0,0,0]}}
17:45:24 A {"t":"auth","node":25344,"up_ms":63197,"enrolled":1,"required":1,"verified_peers":1,"verified":2,"cache_hits":28,"refused":31,"rate_limited":0,"stale_epoch":0,"verify_us_max":87090,"link_stack_free_b":748,"crypto_stack_free_b":1252}
17:45:24 A {"t":"node","up_ms":63223,"node":25344,"epoch":134,"peers_alive":1,"peers_dead":0,"no_radio":0,"free_dram":231756,"largest_block":180224,"rx":{"total":1355,"bad_frame":0,"unknown_peer":618,"wrong_dst":0,"short_payload":0,"unknown_opcode":0,"queue_dropped":8},"tx":{"total":792,"enqueue_err":0,"done_queue_dropped":0},"membership":{"deaths":1,"revivals":0,"reboots_seen":1,"table_full":0,"events_dropped":0}}
17:45:24 A {"t":"ns","node":25344,"hash":2410274060,"owner":25344,"kind":"sampled","unit":100,"class":4,"bound_ms":0,"quality":"GOOD","age_ms":149,"ts":63102,"updates":6,"value":134}
17:45:24 A {"t":"ns","node":25344,"hash":1274253983,"owner":25344,"kind":"sampled","unit":0,"class":4,"bound_ms":5000,"quality":"GOOD","age_ms":174,"ts":63102,"updates":6,"value":-35}
17:45:24 A {"t":"ns","node":25344,"hash":3354298913,"owner":25344,"kind":"sampled","unit":100,"class":4,"bound_ms":5000,"quality":"GOOD","age_ms":188,"ts":63102,"updates":6,"value":1}
17:45:24 A {"t":"ns","node":25344,"hash":1771187623,"owner":25344,"kind":"sampled","unit":101,"class":4,"bound_ms":30000,"quality":"GOOD","age_ms":201,"ts":63102,"updates":6,"value":231756}
17:45:24 A {"t":"ns","node":25344,"hash":4103947588,"owner":25344,"kind":"sampled","unit":80,"class":4,"bound_ms":30000,"quality":"GOOD","age_ms":215,"ts":63102,"updates":6,"value":63}
17:45:24 A {"t":"ns","node":25344,"hash":1662441583,"owner":25344,"kind":"sampled","unit":101,"class":4,"bound_ms":30000,"quality":"GOOD","age_ms":229,"ts":63102,"updates":6,"value":180224}
17:45:26 B {"t":"event","at_ms":54785,"node":29544,"kind":"peer_refused","peer":25344,"slot":255,"a":7,"b":0}
17:45:26 B {"t":"event","at_ms":56873,"node":29544,"kind":"peer_refused","peer":33120,"slot":255,"a":7,"b":0}
17:45:26 B {"t":"auth","node":29544,"up_ms":62622,"enrolled":0,"required":1,"verified_peers":0,"verified":0,"cache_hits":0,"refused":61,"rate_limited":0,"stale_epoch":0,"verify_us_max":0,"link_stack_free_b":1164,"crypto_stack_free_b":0}
17:45:26 B {"t":"node","up_ms":62637,"node":29544,"epoch":48,"peers_alive":0,"peers_dead":0,"no_radio":0,"free_dram":231924,"largest_block":180224,"rx":{"total":1254,"bad_frame":0,"unknown_peer":1254,"wrong_dst":0,"short_payload":0,"unknown_opcode":0,"queue_dropped":8},"tx":{"total":640,"enqueue_err":0,"done_queue_dropped":0},"membership":{"deaths":0,"revivals":0,"reboots_seen":0,"table_full":0,"events_dropped":0}}
17:45:26 B {"t":"ns","node":29544,"hash":96177158,"owner":29544,"kind":"sampled","unit":0,"class":4,"bound_ms":5000,"quality":"GOOD","age_ms":68,"ts":62608,"updates":6,"value":0}
17:45:26 B {"t":"ns","node":29544,"hash":1162973580,"owner":29544,"kind":"sampled","unit":101,"class":4,"bound_ms":30000,"quality":"GOOD","age_ms":81,"ts":62608,"updates":6,"value":231924}
17:45:26 B {"t":"ns","node":29544,"hash":4013525678,"owner":29544,"kind":"sampled","unit":101,"class":4,"bound_ms":30000,"quality":"GOOD","age_ms":95,"ts":62608,"updates":6,"value":180224}
17:45:26 B {"t":"ns","node":29544,"hash":1303338069,"owner":29544,"kind":"sampled","unit":100,"class":4,"bound_ms":0,"quality":"GOOD","age_ms":109,"ts":62608,"updates":6,"value":48}
17:45:26 B {"t":"ns","node":29544,"hash":288706273,"owner":29544,"kind":"sampled","unit":80,"class":4,"bound_ms":30000,"quality":"GOOD","age_ms":123,"ts":62608,"updates":6,"value":62}
17:45:26 B {"t":"ns","node":29544,"hash":2548334194,"owner":29544,"kind":"sampled","unit":100,"class":4,"bound_ms":5000,"quality":"GOOD","age_ms":148,"ts":62608,"updates":6,"value":0}
17:45:30 C {"t":"event","at_ms":53718,"node":33120,"kind":"peer_admitted","peer":25344,"slot":0,"a":0,"b":0}
17:45:30 C {"t":"event","at_ms":55718,"node":33120,"kind":"peer_admitted","peer":25344,"slot":0,"a":0,"b":0}
17:45:30 C {"t":"event","at_ms":56690,"node":33120,"kind":"peer_refused","peer":29544,"slot":255,"a":1,"b":0}
17:45:30 C {"t":"event","at_ms":57718,"node":33120,"kind":"peer_admitted","peer":25344,"slot":0,"a":0,"b":0}
17:45:30 C {"t":"event","at_ms":59718,"node":33120,"kind":"peer_admitted","peer":25344,"slot":0,"a":0,"b":0}
17:45:30 C {"t":"event","at_ms":61718,"node":33120,"kind":"peer_admitted","peer":25344,"slot":0,"a":0,"b":0}
17:45:30 C {"t":"link","up_ms":63077,"node":33120,"peer":25344,"mac":"b8:1f:3f:da:63:00","state":"alive","epoch":134,"espnow_ver":2,"mtu":1446,"misses":0,"rssi":-34,"tx":{"frames":149,"cb_ok":149,"cb_fail":0,"enqueue_err":0,"pdr_ppm":1000000},"rx":{"frames":770,"lost_seqgap":7,"reorder_dup":0,"dropped_bad":0,"hb_lost":1,"bcast_frames":592,"pdr_ppm":990990},"rtt":{"samples":60,"min_us":3480,"max_us":26201,"timeouts":0,"txq_last_us":19418,"txq_max_us":19418,"remote_turnaround_us":241,"remote_turnaround_max_us":324,"p50_us":[4000,6000],"p99_us":[22000,30000],"hist":[0,0,0,22,23,9,5,0,0,1,0,0,0,0,0,0]}}
17:45:30 C {"t":"auth","node":33120,"up_ms":63130,"enrolled":1,"required":1,"verified_peers":1,"verified":1,"cache_hits":29,"refused":31,"rate_limited":0,"stale_epoch":0,"verify_us_max":80674,"link_stack_free_b":748,"crypto_stack_free_b":1300}
17:45:30 C {"t":"node","up_ms":63156,"node":33120,"epoch":139,"peers_alive":1,"peers_dead":0,"no_radio":0,"free_dram":231768,"largest_block":180224,"rx":{"total":1448,"bad_frame":0,"unknown_peer":678,"wrong_dst":0,"short_payload":0,"unknown_opcode":0,"queue_dropped":27},"tx":{"total":795,"enqueue_err":0,"done_queue_dropped":0},"membership":{"deaths":0,"revivals":0,"reboots_seen":0,"table_full":0,"events_dropped":0}}
17:45:30 C {"t":"ns","node":33120,"hash":13581963,"owner":33120,"kind":"sampled","unit":100,"class":4,"bound_ms":5000,"quality":"GOOD","age_ms":150,"ts":63034,"updates":6,"value":1}
17:45:30 C {"t":"ns","node":33120,"hash":3142365229,"owner":33120,"kind":"sampled","unit":101,"class":4,"bound_ms":30000,"quality":"GOOD","age_ms":164,"ts":63034,"updates":6,"value":180224}
17:45:30 C {"t":"ns","node":33120,"hash":2347817554,"owner":33120,"kind":"sampled","unit":100,"class":4,"bound_ms":0,"quality":"GOOD","age_ms":189,"ts":63034,"updates":6,"value":139}
17:45:30 C {"t":"ns","node":33120,"hash":1170356950,"owner":33120,"kind":"sampled","unit":80,"class":4,"bound_ms":30000,"quality":"GOOD","age_ms":202,"ts":63034,"updates":6,"value":63}
17:45:30 C {"t":"ns","node":33120,"hash":3085599597,"owner":33120,"kind":"sampled","unit":0,"class":4,"bound_ms":5000,"quality":"GOOD","age_ms":216,"ts":63034,"updates":6,"value":-34}
17:45:30 C {"t":"ns","node":33120,"hash":2486014333,"owner":33120,"kind":"sampled","unit":101,"class":4,"bound_ms":30000,"quality":"GOOD","age_ms":230,"ts":63034,"updates":6,"value":231768}
17:45:34 A {"t":"event","at_ms":63955,"node":25344,"kind":"peer_admitted","peer":33120,"slot":0,"a":0,"b":0}
17:45:34 A {"t":"event","at_ms":65955,"node":25344,"kind":"peer_admitted","peer":33120,"slot":0,"a":0,"b":0}
17:45:34 A {"t":"event","at_ms":66838,"node":25344,"kind":"peer_refused","peer":29544,"slot":255,"a":1,"b":0}
17:45:34 A {"t":"event","at_ms":67955,"node":25344,"kind":"peer_admitted","peer":33120,"slot":0,"a":0,"b":0}
17:45:34 A {"t":"event","at_ms":69955,"node":25344,"kind":"peer_admitted","peer":33120,"slot":0,"a":0,"b":0}
17:45:34 A {"t":"event","at_ms":71955,"node":25344,"kind":"peer_admitted","peer":33120,"slot":0,"a":0,"b":0}
17:45:34 A {"t":"link","up_ms":73388,"node":25344,"peer":33120,"mac":"b8:1f:3f:da:81:60","state":"alive","epoch":139,"espnow_ver":2,"mtu":1446,"misses":0,"rssi":-36,"tx":{"frames":171,"cb_ok":168,"cb_fail":3,"enqueue_err":0,"pdr_ppm":982456},"rx":{"frames":869,"lost_seqgap":0,"reorder_dup":3,"dropped_bad":0,"hb_lost":8,"bcast_frames":671,"pdr_ppm":1000000},"rtt":{"samples":64,"min_us":3678,"max_us":11980,"timeouts":6,"txq_last_us":6618,"txq_max_us":10391,"remote_turnaround_us":135,"remote_turnaround_max_us":142,"p50_us":[3000,4000],"p99_us":[11000,16000],"hist":[0,0,0,43,11,7,2,1,0,0,0,0,0,0,0,0]}}
17:45:34 A {"t":"auth","node":25344,"up_ms":73441,"enrolled":1,"required":1,"verified_peers":1,"verified":2,"cache_hits":33,"refused":36,"rate_limited":0,"stale_epoch":0,"verify_us_max":87090,"link_stack_free_b":748,"crypto_stack_free_b":1252}
17:45:34 A {"t":"node","up_ms":73466,"node":25344,"epoch":134,"peers_alive":1,"peers_dead":0,"no_radio":0,"free_dram":231756,"largest_block":180224,"rx":{"total":1595,"bad_frame":0,"unknown_peer":726,"wrong_dst":0,"short_payload":0,"unknown_opcode":0,"queue_dropped":8},"tx":{"total":925,"enqueue_err":0,"done_queue_dropped":0},"membership":{"deaths":1,"revivals":0,"reboots_seen":1,"table_full":0,"events_dropped":0}}
17:45:34 A {"t":"ns","node":25344,"hash":2410274060,"owner":25344,"kind":"sampled","unit":100,"class":4,"bound_ms":0,"quality":"GOOD","age_ms":149,"ts":73345,"updates":7,"value":134}
17:45:34 A {"t":"ns","node":25344,"hash":1274253983,"owner":25344,"kind":"sampled","unit":0,"class":4,"bound_ms":5000,"quality":"GOOD","age_ms":174,"ts":73345,"updates":7,"value":-36}
17:45:34 A {"t":"ns","node":25344,"hash":3354298913,"owner":25344,"kind":"sampled","unit":100,"class":4,"bound_ms":5000,"quality":"GOOD","age_ms":188,"ts":73345,"updates":7,"value":1}
17:45:34 A {"t":"ns","node":25344,"hash":1771187623,"owner":25344,"kind":"sampled","unit":101,"class":4,"bound_ms":30000,"quality":"GOOD","age_ms":202,"ts":73345,"updates":7,"value":231756}
17:45:34 A {"t":"ns","node":25344,"hash":4103947588,"owner":25344,"kind":"sampled","unit":80,"class":4,"bound_ms":30000,"quality":"GOOD","age_ms":216,"ts":73345,"updates":7,"value":73}
17:45:34 A {"t":"ns","node":25344,"hash":1662441583,"owner":25344,"kind":"sampled","unit":101,"class":4,"bound_ms":30000,"quality":"GOOD","age_ms":230,"ts":73345,"updates":7,"value":180224}
17:45:36 B {"t":"event","at_ms":64785,"node":29544,"kind":"peer_refused","peer":25344,"slot":255,"a":7,"b":0}
17:45:36 B {"t":"event","at_ms":66873,"node":29544,"kind":"peer_refused","peer":33120,"slot":255,"a":7,"b":0}
17:45:36 B {"t":"auth","node":29544,"up_ms":72784,"enrolled":0,"required":1,"verified_peers":0,"verified":0,"cache_hits":0,"refused":71,"rate_limited":0,"stale_epoch":0,"verify_us_max":0,"link_stack_free_b":1164,"crypto_stack_free_b":0}
17:45:36 B {"t":"node","up_ms":72799,"node":29544,"epoch":48,"peers_alive":0,"peers_dead":0,"no_radio":0,"free_dram":231924,"largest_block":180224,"rx":{"total":1468,"bad_frame":0,"unknown_peer":1468,"wrong_dst":0,"short_payload":0,"unknown_opcode":0,"queue_dropped":8},"tx":{"total":747,"enqueue_err":0,"done_queue_dropped":0},"membership":{"deaths":0,"revivals":0,"reboots_seen":0,"table_full":0,"events_dropped":0}}
17:45:36 B {"t":"ns","node":29544,"hash":96177158,"owner":29544,"kind":"sampled","unit":0,"class":4,"bound_ms":5000,"quality":"GOOD","age_ms":68,"ts":72770,"updates":7,"value":0}
17:45:36 B {"t":"ns","node":29544,"hash":1162973580,"owner":29544,"kind":"sampled","unit":101,"class":4,"bound_ms":30000,"quality":"GOOD","age_ms":81,"ts":72770,"updates":7,"value":231924}
17:45:36 B {"t":"ns","node":29544,"hash":4013525678,"owner":29544,"kind":"sampled","unit":101,"class":4,"bound_ms":30000,"quality":"GOOD","age_ms":95,"ts":72770,"updates":7,"value":180224}
17:45:36 B {"t":"ns","node":29544,"hash":1303338069,"owner":29544,"kind":"sampled","unit":100,"class":4,"bound_ms":0,"quality":"GOOD","age_ms":109,"ts":72770,"updates":7,"value":48}
17:45:36 B {"t":"ns","node":29544,"hash":288706273,"owner":29544,"kind":"sampled","unit":80,"class":4,"bound_ms":30000,"quality":"GOOD","age_ms":123,"ts":72770,"updates":7,"value":72}
17:45:36 B {"t":"ns","node":29544,"hash":2548334194,"owner":29544,"kind":"sampled","unit":100,"class":4,"bound_ms":5000,"quality":"GOOD","age_ms":148,"ts":72770,"updates":7,"value":0}
17:45:40 C {"t":"event","at_ms":63718,"node":33120,"kind":"peer_admitted","peer":25344,"slot":0,"a":0,"b":0}
17:45:40 C {"t":"event","at_ms":65718,"node":33120,"kind":"peer_admitted","peer":25344,"slot":0,"a":0,"b":0}
17:45:40 C {"t":"event","at_ms":66690,"node":33120,"kind":"peer_refused","peer":29544,"slot":255,"a":1,"b":0}
17:45:40 C {"t":"event","at_ms":67718,"node":33120,"kind":"peer_admitted","peer":25344,"slot":0,"a":0,"b":0}
17:45:40 C {"t":"event","at_ms":69721,"node":33120,"kind":"peer_admitted","peer":25344,"slot":0,"a":0,"b":0}
17:45:40 C {"t":"event","at_ms":71720,"node":33120,"kind":"peer_admitted","peer":25344,"slot":0,"a":0,"b":0}
17:45:40 C {"t":"link","up_ms":73320,"node":33120,"peer":25344,"mac":"b8:1f:3f:da:63:00","state":"alive","epoch":134,"espnow_ver":2,"mtu":1446,"misses":0,"rssi":-36,"tx":{"frames":174,"cb_ok":174,"cb_fail":0,"enqueue_err":0,"pdr_ppm":1000000},"rx":{"frames":903,"lost_seqgap":7,"reorder_dup":0,"dropped_bad":0,"hb_lost":1,"bcast_frames":695,"pdr_ppm":992307},"rtt":{"samples":70,"min_us":3480,"max_us":26201,"timeouts":0,"txq_last_us":19418,"txq_max_us":19418,"remote_turnaround_us":256,"remote_turnaround_max_us":324,"p50_us":[4000,6000],"p99_us":[22000,30000],"hist":[0,0,0,25,28,11,5,0,0,1,0,0,0,0,0,0]}}
17:45:40 C {"t":"auth","node":33120,"up_ms":73373,"enrolled":1,"required":1,"verified_peers":1,"verified":1,"cache_hits":34,"refused":36,"rate_limited":0,"stale_epoch":0,"verify_us_max":80674,"link_stack_free_b":748,"crypto_stack_free_b":1300}
17:45:40 C {"t":"node","up_ms":73399,"node":33120,"epoch":139,"peers_alive":1,"peers_dead":0,"no_radio":0,"free_dram":231768,"largest_block":180224,"rx":{"total":1689,"bad_frame":0,"unknown_peer":786,"wrong_dst":0,"short_payload":0,"unknown_opcode":0,"queue_dropped":27},"tx":{"total":927,"enqueue_err":0,"done_queue_dropped":0},"membership":{"deaths":0,"revivals":0,"reboots_seen":0,"table_full":0,"events_dropped":0}}
17:45:40 C {"t":"ns","node":33120,"hash":13581963,"owner":33120,"kind":"sampled","unit":100,"class":4,"bound_ms":5000,"quality":"GOOD","age_ms":149,"ts":73278,"updates":7,"value":1}
17:45:40 C {"t":"ns","node":33120,"hash":3142365229,"owner":33120,"kind":"sampled","unit":101,"class":4,"bound_ms":30000,"quality":"GOOD","age_ms":174,"ts":73278,"updates":7,"value":180224}
17:45:40 C {"t":"ns","node":33120,"hash":2347817554,"owner":33120,"kind":"sampled","unit":100,"class":4,"bound_ms":0,"quality":"GOOD","age_ms":188,"ts":73278,"updates":7,"value":139}
17:45:40 C {"t":"ns","node":33120,"hash":1170356950,"owner":33120,"kind":"sampled","unit":80,"class":4,"bound_ms":30000,"quality":"GOOD","age_ms":202,"ts":73278,"updates":7,"value":73}
17:45:40 C {"t":"ns","node":33120,"hash":3085599597,"owner":33120,"kind":"sampled","unit":0,"class":4,"bound_ms":5000,"quality":"GOOD","age_ms":215,"ts":73278,"updates":7,"value":-35}
17:45:40 C {"t":"ns","node":33120,"hash":2486014333,"owner":33120,"kind":"sampled","unit":101,"class":4,"bound_ms":30000,"quality":"GOOD","age_ms":229,"ts":73278,"updates":7,"value":231768}
17:45:44 A {"t":"event","at_ms":73957,"node":25344,"kind":"peer_admitted","peer":33120,"slot":0,"a":0,"b":0}
17:45:44 A {"t":"event","at_ms":75955,"node":25344,"kind":"peer_admitted","peer":33120,"slot":0,"a":0,"b":0}
17:45:44 A {"t":"event","at_ms":76838,"node":25344,"kind":"peer_refused","peer":29544,"slot":255,"a":1,"b":0}
17:45:44 A {"t":"event","at_ms":77955,"node":25344,"kind":"peer_admitted","peer":33120,"slot":0,"a":0,"b":0}
17:45:44 A {"t":"event","at_ms":79955,"node":25344,"kind":"peer_admitted","peer":33120,"slot":0,"a":0,"b":0}
17:45:44 A {"t":"event","at_ms":81955,"node":25344,"kind":"peer_admitted","peer":33120,"slot":0,"a":0,"b":0}
17:45:44 A {"t":"link","up_ms":83631,"node":25344,"peer":33120,"mac":"b8:1f:3f:da:81:60","state":"alive","epoch":139,"espnow_ver":2,"mtu":1446,"misses":0,"rssi":-36,"tx":{"frames":196,"cb_ok":193,"cb_fail":3,"enqueue_err":0,"pdr_ppm":984693},"rx":{"frames":1002,"lost_seqgap":0,"reorder_dup":3,"dropped_bad":0,"hb_lost":8,"bcast_frames":774,"pdr_ppm":1000000},"rtt":{"samples":74,"min_us":3678,"max_us":11980,"timeouts":6,"txq_last_us":6618,"txq_max_us":10391,"remote_turnaround_us":134,"remote_turnaround_max_us":142,"p50_us":[3000,4000],"p99_us":[11000,16000],"hist":[0,0,0,51,13,7,2,1,0,0,0,0,0,0,0,0]}}
17:45:44 A {"t":"auth","node":25344,"up_ms":83684,"enrolled":1,"required":1,"verified_peers":1,"verified":2,"cache_hits":38,"refused":41,"rate_limited":0,"stale_epoch":0,"verify_us_max":87090,"link_stack_free_b":748,"crypto_stack_free_b":1252}
17:45:44 A {"t":"node","up_ms":83710,"node":25344,"epoch":134,"peers_alive":1,"peers_dead":0,"no_radio":0,"free_dram":231756,"largest_block":180224,"rx":{"total":1835,"bad_frame":0,"unknown_peer":833,"wrong_dst":0,"short_payload":0,"unknown_opcode":0,"queue_dropped":8},"tx":{"total":1057,"enqueue_err":0,"done_queue_dropped":0},"membership":{"deaths":1,"revivals":0,"reboots_seen":1,"table_full":0,"events_dropped":0}}
17:45:44 A {"t":"ns","node":25344,"hash":2410274060,"owner":25344,"kind":"sampled","unit":100,"class":4,"bound_ms":0,"quality":"GOOD","age_ms":149,"ts":83589,"updates":8,"value":134}
17:45:44 A {"t":"ns","node":25344,"hash":1274253983,"owner":25344,"kind":"sampled","unit":0,"class":4,"bound_ms":5000,"quality":"GOOD","age_ms":174,"ts":83589,"updates":8,"value":-35}
17:45:44 A {"t":"ns","node":25344,"hash":3354298913,"owner":25344,"kind":"sampled","unit":100,"class":4,"bound_ms":5000,"quality":"GOOD","age_ms":188,"ts":83589,"updates":8,"value":1}
17:45:44 A {"t":"ns","node":25344,"hash":1771187623,"owner":25344,"kind":"sampled","unit":101,"class":4,"bound_ms":30000,"quality":"GOOD","age_ms":201,"ts":83589,"updates":8,"value":231756}
17:45:44 A {"t":"ns","node":25344,"hash":4103947588,"owner":25344,"kind":"sampled","unit":80,"class":4,"bound_ms":30000,"quality":"GOOD","age_ms":215,"ts":83589,"updates":8,"value":83}
17:45:44 A {"t":"ns","node":25344,"hash":1662441583,"owner":25344,"kind":"sampled","unit":101,"class":4,"bound_ms":30000,"quality":"GOOD","age_ms":229,"ts":83589,"updates":8,"value":180224}
