--- convergence
18:16:27 C {"t":"event","at_ms":11876,"node":33120,"kind":"peer_admitted","peer":25344,"slot":0,"a":0,"b":0}
18:16:27 C {"t":"event","at_ms":12831,"node":33120,"kind":"peer_refused","peer":29544,"slot":255,"a":1,"b":0}
18:16:27 C {"t":"event","at_ms":13876,"node":33120,"kind":"peer_admitted","peer":25344,"slot":0,"a":0,"b":0}
18:16:27 C {"t":"event","at_ms":15881,"node":33120,"kind":"peer_admitted","peer":25344,"slot":0,"a":0,"b":0}
18:16:27 C {"t":"event","at_ms":17876,"node":33120,"kind":"peer_admitted","peer":25344,"slot":0,"a":0,"b":0}
18:16:27 C {"t":"event","at_ms":19876,"node":33120,"kind":"peer_admitted","peer":25344,"slot":0,"a":0,"b":0}
18:16:27 C {"t":"event","at_ms":21876,"node":33120,"kind":"peer_admitted","peer":25344,"slot":0,"a":0,"b":0}
18:16:27 C {"t":"link","up_ms":22157,"node":33120,"peer":25344,"mac":"b8:1f:3f:da:63:00","state":"alive","epoch":138,"espnow_ver":2,"mtu":1446,"misses":0,"rssi":-31,"tx":{"frames":51,"cb_ok":51,"cb_fail":0,"enqueue_err":0,"pdr_ppm":1000000},"rx":{"frames":264,"lost_seqgap":6,"reorder_dup":0,"dropped_bad":0,"hb_lost":0,"bcast_frames":203,"pdr_ppm":977777},"rtt":{"samples":20,"min_us":5748,"max_us":8357,"timeouts":0,"txq_last_us":0,"txq_max_us":0,"remote_turnaround_us":916,"remote_turnaround_max_us":923,"p50_us":[4000,6000],"p99_us":[8000,11000],"hist":[0,0,0,0,13,6,1,0,0,0,0,0,0,0,0,0]}}
18:16:27 C {"t":"auth","node":33120,"up_ms":22210,"enrolled":1,"required":1,"verified_peers":1,"verified":1,"cache_hits":10,"refused":10,"rate_limited":0,"stale_epoch":0,"verify_us_max":85255,"link_stack_free_b":1836,"crypto_stack_free_b":1300,"tags_ok":50,"bad_tag":0,"replayed":0,"untagged":0,"bcast_dropped":0,"beacon_epoch_ignored":0,"tag_us_max":738}
18:16:27 C {"t":"act","node":33120,"setpoint":0,"has_value":0,"writes_served":0}
18:16:27 C {"t":"ss","node":33120,"accepted":0,"unsigned":0,"unknown_sender":0,"bad_signature":0,"replayed":0,"rate_limited":0,"verify_us_max":0,"floors":[]}
18:16:27 C {"t":"node","up_ms":22251,"node":33120,"epoch":143,"peers_alive":1,"peers_dead":0,"no_radio":0,"free_dram":229372,"largest_block":180224,"rx":{"total":490,"bad_frame":0,"unknown_peer":227,"wrong_dst":0,"short_payload":0,"unknown_opcode":0,"queue_dropped":27},"tx":{"total":268,"enqueue_err":0,"done_queue_dropped":0},"membership":{"deaths":0,"revivals":0,"reboots_seen":0,"table_full":0,"events_dropped":0}}
18:16:27 C {"t":"ns","node":33120,"hash":13581963,"owner":33120,"kind":"sampled","unit":100,"class":4,"bound_ms":5000,"quality":"GOOD","age_ms":188,"ts":22102,"updates":2,"value":1}
18:16:27 C {"t":"ns","node":33120,"hash":3142365229,"owner":33120,"kind":"sampled","unit":101,"class":4,"bound_ms":30000,"quality":"GOOD","age_ms":202,"ts":22102,"updates":2,"value":180224}
18:16:27 C {"t":"ns","node":33120,"hash":2033492666,"owner":33120,"kind":"sampled","unit":0,"class":3,"bound_ms":0,"quality":"NO_DATA","age_ms":0,"ts":0,"updates":0,"value":null}
18:16:27 C {"t":"ns","node":33120,"hash":2347817554,"owner":33120,"kind":"sampled","unit":100,"class":4,"bound_ms":0,"quality":"GOOD","age_ms":241,"ts":22102,"updates":2,"value":143}
18:16:27 C {"t":"ns","node":33120,"hash":1170356950,"owner":33120,"kind":"sampled","unit":80,"class":4,"bound_ms":30000,"quality":"GOOD","age_ms":254,"ts":22102,"updates":2,"value":22}
18:16:27 C {"t":"ns","node":33120,"hash":3085599597,"owner":33120,"kind":"sampled","unit":0,"class":4,"bound_ms":5000,"quality":"GOOD","age_ms":268,"ts":22102,"updates":2,"value":-31}
18:16:27 C {"t":"ns","node":33120,"hash":2486014333,"owner":33120,"kind":"sampled","unit":101,"class":4,"bound_ms":30000,"quality":"GOOD","age_ms":282,"ts":22102,"updates":2,"value":229372}
18:16:32 A {"t":"event","at_ms":23771,"node":25344,"kind":"peer_admitted","peer":33120,"slot":0,"a":0,"b":0}
18:16:32 A {"t":"event","at_ms":24825,"node":25344,"kind":"peer_refused","peer":29544,"slot":255,"a":1,"b":0}
18:16:32 A {"t":"event","at_ms":25771,"node":25344,"kind":"peer_admitted","peer":33120,"slot":0,"a":0,"b":0}
18:16:32 A {"t":"event","at_ms":27771,"node":25344,"kind":"peer_admitted","peer":33120,"slot":0,"a":0,"b":0}
18:16:32 A {"t":"event","at_ms":29771,"node":25344,"kind":"peer_admitted","peer":33120,"slot":0,"a":0,"b":0}
18:16:32 A {"t":"event","at_ms":31771,"node":25344,"kind":"peer_admitted","peer":33120,"slot":0,"a":0,"b":0}
18:16:32 A {"t":"link","up_ms":32491,"node":25344,"peer":33120,"mac":"b8:1f:3f:da:81:60","state":"alive","epoch":143,"espnow_ver":2,"mtu":1446,"misses":0,"rssi":-32,"tx":{"frames":71,"cb_ok":68,"cb_fail":3,"enqueue_err":0,"pdr_ppm":957746},"rx":{"frames":344,"lost_seqgap":0,"reorder_dup":3,"dropped_bad":0,"hb_lost":9,"bcast_frames":263,"pdr_ppm":1000000},"rtt":{"samples":25,"min_us":5423,"max_us":7680,"timeouts":4,"txq_last_us":475,"txq_max_us":4777,"remote_turnaround_us":768,"remote_turnaround_max_us":907,"p50_us":[4000,6000],"p99_us":[6000,8000],"hist":[0,0,0,0,18,7,0,0,0,0,0,0,0,0,0,0]}}
18:16:32 A {"t":"auth","node":25344,"up_ms":32544,"enrolled":1,"required":1,"verified_peers":1,"verified":2,"cache_hits":14,"refused":15,"rate_limited":0,"stale_epoch":0,"verify_us_max":87117,"link_stack_free_b":1740,"crypto_stack_free_b":1252,"tags_ok":65,"bad_tag":0,"replayed":0,"untagged":0,"bcast_dropped":0,"beacon_epoch_ignored":0,"tag_us_max":765}
18:16:32 A {"t":"act","node":25344,"setpoint":0,"has_value":0,"writes_served":0}
18:16:32 A {"t":"ss","node":25344,"accepted":0,"unsigned":0,"unknown_sender":0,"bad_signature":0,"replayed":0,"rate_limited":0,"verify_us_max":0,"floors":[]}
18:16:32 A {"t":"node","up_ms":32596,"node":25344,"epoch":138,"peers_alive":1,"peers_dead":0,"no_radio":0,"free_dram":229372,"largest_block":180224,"rx":{"total":641,"bad_frame":0,"unknown_peer":297,"wrong_dst":0,"short_payload":0,"unknown_opcode":0,"queue_dropped":9},"tx":{"total":396,"enqueue_err":0,"done_queue_dropped":0},"membership":{"deaths":1,"revivals":0,"reboots_seen":1,"table_full":0,"events_dropped":0}}
18:16:32 A {"t":"ns","node":25344,"hash":2410274060,"owner":25344,"kind":"sampled","unit":100,"class":4,"bound_ms":0,"quality":"GOOD","age_ms":187,"ts":32449,"updates":3,"value":138}
18:16:32 A {"t":"ns","node":25344,"hash":1274253983,"owner":25344,"kind":"sampled","unit":0,"class":4,"bound_ms":5000,"quality":"GOOD","age_ms":200,"ts":32449,"updates":3,"value":-32}
18:16:32 A {"t":"ns","node":25344,"hash":3354298913,"owner":25344,"kind":"sampled","unit":100,"class":4,"bound_ms":5000,"quality":"GOOD","age_ms":214,"ts":32449,"updates":3,"value":1}
18:16:32 A {"t":"ns","node":25344,"hash":1771187623,"owner":25344,"kind":"sampled","unit":101,"class":4,"bound_ms":30000,"quality":"GOOD","age_ms":228,"ts":32449,"updates":3,"value":229168}
18:16:32 A {"t":"ns","node":25344,"hash":2033492666,"owner":25344,"kind":"sampled","unit":0,"class":3,"bound_ms":0,"quality":"NO_DATA","age_ms":0,"ts":0,"updates":0,"value":null}
18:16:32 A {"t":"ns","node":25344,"hash":4103947588,"owner":25344,"kind":"sampled","unit":80,"class":4,"bound_ms":30000,"quality":"GOOD","age_ms":255,"ts":32449,"updates":3,"value":32}
18:16:32 A {"t":"ns","node":25344,"hash":1662441583,"owner":25344,"kind":"sampled","unit":101,"class":4,"bound_ms":30000,"quality":"GOOD","age_ms":269,"ts":32449,"updates":3,"value":180224}
18:16:38 C {"t":"event","at_ms":22831,"node":33120,"kind":"peer_refused","peer":29544,"slot":255,"a":1,"b":0}
18:16:38 C {"t":"event","at_ms":23876,"node":33120,"kind":"peer_admitted","peer":25344,"slot":0,"a":0,"b":0}
18:16:38 C {"t":"event","at_ms":25876,"node":33120,"kind":"peer_admitted","peer":25344,"slot":0,"a":0,"b":0}
18:16:38 C {"t":"event","at_ms":27876,"node":33120,"kind":"peer_admitted","peer":25344,"slot":0,"a":0,"b":0}
18:16:38 C {"t":"event","at_ms":29876,"node":33120,"kind":"peer_admitted","peer":25344,"slot":0,"a":0,"b":0}
18:16:38 C {"t":"event","at_ms":31877,"node":33120,"kind":"peer_admitted","peer":25344,"slot":0,"a":0,"b":0}
18:16:38 C {"t":"link","up_ms":32440,"node":33120,"peer":25344,"mac":"b8:1f:3f:da:63:00","state":"alive","epoch":138,"espnow_ver":2,"mtu":1446,"misses":0,"rssi":-32,"tx":{"frames":76,"cb_ok":76,"cb_fail":0,"enqueue_err":0,"pdr_ppm":1000000},"rx":{"frames":396,"lost_seqgap":6,"reorder_dup":0,"dropped_bad":0,"hb_lost":0,"bcast_frames":305,"pdr_ppm":985074},"rtt":{"samples":30,"min_us":5748,"max_us":8357,"timeouts":0,"txq_last_us":0,"txq_max_us":0,"remote_turnaround_us":917,"remote_turnaround_max_us":931,"p50_us":[4000,6000],"p99_us":[8000,11000],"hist":[0,0,0,0,22,7,1,0,0,0,0,0,0,0,0,0]}}
18:16:38 C {"t":"auth","node":33120,"up_ms":32493,"enrolled":1,"required":1,"verified_peers":1,"verified":1,"cache_hits":15,"refused":15,"rate_limited":0,"stale_epoch":0,"verify_us_max":85255,"link_stack_free_b":1836,"crypto_stack_free_b":1300,"tags_ok":75,"bad_tag":0,"replayed":0,"untagged":0,"bcast_dropped":0,"beacon_epoch_ignored":0,"tag_us_max":740}
18:16:38 C {"t":"act","node":33120,"setpoint":0,"has_value":0,"writes_served":0}
18:16:38 C {"t":"ss","node":33120,"accepted":0,"unsigned":0,"unknown_sender":0,"bad_signature":0,"replayed":0,"rate_limited":0,"verify_us_max":0,"floors":[]}
18:16:38 C {"t":"node","up_ms":32545,"node":33120,"epoch":143,"peers_alive":1,"peers_dead":0,"no_radio":0,"free_dram":229372,"largest_block":180224,"rx":{"total":731,"bad_frame":0,"unknown_peer":335,"wrong_dst":0,"short_payload":0,"unknown_opcode":0,"queue_dropped":27},"tx":{"total":400,"enqueue_err":0,"done_queue_dropped":0},"membership":{"deaths":0,"revivals":0,"reboots_seen":0,"table_full":0,"events_dropped":0}}
18:16:38 C {"t":"ns","node":33120,"hash":13581963,"owner":33120,"kind":"sampled","unit":100,"class":4,"bound_ms":5000,"quality":"GOOD","age_ms":186,"ts":32398,"updates":3,"value":1}
18:16:38 C {"t":"ns","node":33120,"hash":3142365229,"owner":33120,"kind":"sampled","unit":101,"class":4,"bound_ms":30000,"quality":"GOOD","age_ms":200,"ts":32398,"updates":3,"value":180224}
18:16:38 C {"t":"ns","node":33120,"hash":2033492666,"owner":33120,"kind":"sampled","unit":0,"class":3,"bound_ms":0,"quality":"NO_DATA","age_ms":0,"ts":0,"updates":0,"value":null}
18:16:38 C {"t":"ns","node":33120,"hash":2347817554,"owner":33120,"kind":"sampled","unit":100,"class":4,"bound_ms":0,"quality":"GOOD","age_ms":227,"ts":32398,"updates":3,"value":143}
18:16:38 C {"t":"ns","node":33120,"hash":1170356950,"owner":33120,"kind":"sampled","unit":80,"class":4,"bound_ms":30000,"quality":"GOOD","age_ms":241,"ts":32398,"updates":3,"value":32}
18:16:38 C {"t":"ns","node":33120,"hash":3085599597,"owner":33120,"kind":"sampled","unit":0,"class":4,"bound_ms":5000,"quality":"GOOD","age_ms":255,"ts":32398,"updates":3,"value":-32}
18:16:38 C {"t":"ns","node":33120,"hash":2486014333,"owner":33120,"kind":"sampled","unit":101,"class":4,"bound_ms":30000,"quality":"GOOD","age_ms":269,"ts":32398,"updates":3,"value":229372}
--- A sends a genuine SAFE_STATE (reason 3), recorded to A's NVS
18:16:39 A {"t":"test","cmd":"safe","counter":1,"len":92,"recorded":1}
18:16:42 A {"t":"event","at_ms":33771,"node":25344,"kind":"peer_admitted","peer":33120,"slot":0,"a":0,"b":0}
18:16:42 A {"t":"event","at_ms":35771,"node":25344,"kind":"peer_admitted","peer":33120,"slot":0,"a":0,"b":0}
18:16:42 A {"t":"event","at_ms":36823,"node":25344,"kind":"peer_refused","peer":29544,"slot":255,"a":1,"b":0}
18:16:42 A {"t":"event","at_ms":37771,"node":25344,"kind":"peer_admitted","peer":33120,"slot":0,"a":0,"b":0}
18:16:42 A {"t":"event","at_ms":39771,"node":25344,"kind":"peer_admitted","peer":33120,"slot":0,"a":0,"b":0}
18:16:42 A {"t":"event","at_ms":41771,"node":25344,"kind":"peer_admitted","peer":33120,"slot":0,"a":0,"b":0}
18:16:42 A {"t":"link","up_ms":42787,"node":25344,"peer":33120,"mac":"b8:1f:3f:da:81:60","state":"alive","epoch":143,"espnow_ver":2,"mtu":1446,"misses":0,"rssi":-32,"tx":{"frames":98,"cb_ok":95,"cb_fail":3,"enqueue_err":0,"pdr_ppm":969387},"rx":{"frames":479,"lost_seqgap":0,"reorder_dup":3,"dropped_bad":0,"hb_lost":9,"bcast_frames":366,"pdr_ppm":1000000},"rtt":{"samples":36,"min_us":5423,"max_us":7908,"timeouts":4,"txq_last_us":475,"txq_max_us":4777,"remote_turnaround_us":784,"remote_turnaround_max_us":907,"p50_us":[4000,6000],"p99_us":[6000,8000],"hist":[0,0,0,0,25,11,0,0,0,0,0,0,0,0,0,0]}}
18:16:42 A {"t":"auth","node":25344,"up_ms":42839,"enrolled":1,"required":1,"verified_peers":1,"verified":2,"cache_hits":19,"refused":21,"rate_limited":0,"stale_epoch":0,"verify_us_max":87117,"link_stack_free_b":1740,"crypto_stack_free_b":1252,"tags_ok":92,"bad_tag":0,"replayed":0,"untagged":0,"bcast_dropped":0,"beacon_epoch_ignored":0,"tag_us_max":845}
18:16:42 A {"t":"act","node":25344,"setpoint":0,"has_value":0,"writes_served":0}
18:16:42 A {"t":"ss","node":25344,"accepted":0,"unsigned":0,"unknown_sender":0,"bad_signature":0,"replayed":0,"rate_limited":0,"verify_us_max":0,"floors":[]}
18:16:42 A {"t":"node","up_ms":42892,"node":25344,"epoch":138,"peers_alive":1,"peers_dead":0,"no_radio":0,"free_dram":229340,"largest_block":180224,"rx":{"total":885,"bad_frame":0,"unknown_peer":406,"wrong_dst":0,"short_payload":0,"unknown_opcode":0,"queue_dropped":9},"tx":{"total":532,"enqueue_err":0,"done_queue_dropped":0},"membership":{"deaths":1,"revivals":0,"reboots_seen":1,"table_full":0,"events_dropped":0}}
18:16:42 A {"t":"ns","node":25344,"hash":2410274060,"owner":25344,"kind":"sampled","unit":100,"class":4,"bound_ms":0,"quality":"GOOD","age_ms":177,"ts":42743,"updates":4,"value":138}
18:16:42 A {"t":"ns","node":25344,"hash":1274253983,"owner":25344,"kind":"sampled","unit":0,"class":4,"bound_ms":5000,"quality":"GOOD","age_ms":202,"ts":42743,"updates":4,"value":-32}
18:16:42 A {"t":"ns","node":25344,"hash":3354298913,"owner":25344,"kind":"sampled","unit":100,"class":4,"bound_ms":5000,"quality":"GOOD","age_ms":216,"ts":42743,"updates":4,"value":1}
18:16:42 A {"t":"ns","node":25344,"hash":1771187623,"owner":25344,"kind":"sampled","unit":101,"class":4,"bound_ms":30000,"quality":"GOOD","age_ms":229,"ts":42743,"updates":4,"value":229340}
18:16:42 A {"t":"ns","node":25344,"hash":2033492666,"owner":25344,"kind":"sampled","unit":0,"class":3,"bound_ms":0,"quality":"NO_DATA","age_ms":0,"ts":0,"updates":0,"value":null}
18:16:42 A {"t":"ns","node":25344,"hash":4103947588,"owner":25344,"kind":"sampled","unit":80,"class":4,"bound_ms":30000,"quality":"GOOD","age_ms":257,"ts":42743,"updates":4,"value":42}
18:16:42 A {"t":"ns","node":25344,"hash":1662441583,"owner":25344,"kind":"sampled","unit":101,"class":4,"bound_ms":30000,"quality":"GOOD","age_ms":270,"ts":42743,"updates":4,"value":180224}
18:16:48 C {"t":"event","at_ms":32831,"node":33120,"kind":"peer_refused","peer":29544,"slot":255,"a":1,"b":0}
18:16:48 C {"t":"event","at_ms":33898,"node":33120,"kind":"safe_state_rx","peer":25344,"slot":0,"a":1,"b":3}
18:16:48 C {"t":"event","at_ms":33900,"node":33120,"kind":"peer_admitted","peer":25344,"slot":0,"a":0,"b":0}
18:16:48 C {"t":"event","at_ms":35876,"node":33120,"kind":"peer_admitted","peer":25344,"slot":0,"a":0,"b":0}
18:16:48 C {"t":"event","at_ms":37876,"node":33120,"kind":"peer_admitted","peer":25344,"slot":0,"a":0,"b":0}
18:16:48 C {"t":"event","at_ms":39876,"node":33120,"kind":"peer_admitted","peer":25344,"slot":0,"a":0,"b":0}
18:16:48 C {"t":"event","at_ms":41876,"node":33120,"kind":"peer_admitted","peer":25344,"slot":0,"a":0,"b":0}
18:16:48 C {"t":"link","up_ms":42735,"node":33120,"peer":25344,"mac":"b8:1f:3f:da:63:00","state":"alive","epoch":138,"espnow_ver":2,"mtu":1446,"misses":0,"rssi":-31,"tx":{"frames":101,"cb_ok":101,"cb_fail":0,"enqueue_err":0,"pdr_ppm":1000000},"rx":{"frames":529,"lost_seqgap":6,"reorder_dup":0,"dropped_bad":0,"hb_lost":1,"bcast_frames":407,"pdr_ppm":988785},"rtt":{"samples":40,"min_us":5748,"max_us":8889,"timeouts":0,"txq_last_us":0,"txq_max_us":0,"remote_turnaround_us":913,"remote_turnaround_max_us":1272,"p50_us":[4000,6000],"p99_us":[8000,11000],"hist":[0,0,0,0,29,8,3,0,0,0,0,0,0,0,0,0]}}
18:16:48 C {"t":"auth","node":33120,"up_ms":42789,"enrolled":1,"required":1,"verified_peers":1,"verified":1,"cache_hits":20,"refused":20,"rate_limited":0,"stale_epoch":0,"verify_us_max":85255,"link_stack_free_b":1836,"crypto_stack_free_b":1300,"tags_ok":102,"bad_tag":0,"replayed":0,"untagged":0,"bcast_dropped":0,"beacon_epoch_ignored":0,"tag_us_max":743}
18:16:48 C {"t":"act","node":33120,"setpoint":0,"has_value":0,"writes_served":0}
18:16:48 C {"t":"ss","node":33120,"accepted":1,"unsigned":0,"unknown_sender":0,"bad_signature":0,"replayed":0,"rate_limited":0,"verify_us_max":32012,"floors":[{"src":25344,"epoch":138,"counter":1}]}
18:16:48 C {"t":"node","up_ms":42842,"node":33120,"epoch":143,"peers_alive":1,"peers_dead":0,"no_radio":0,"free_dram":229340,"largest_block":180224,"rx":{"total":975,"bad_frame":0,"unknown_peer":444,"wrong_dst":0,"short_payload":0,"unknown_opcode":0,"queue_dropped":27},"tx":{"total":535,"enqueue_err":0,"done_queue_dropped":0},"membership":{"deaths":0,"revivals":0,"reboots_seen":0,"table_full":0,"events_dropped":0}}
18:16:48 C {"t":"ns","node":33120,"hash":13581963,"owner":33120,"kind":"sampled","unit":100,"class":4,"bound_ms":5000,"quality":"GOOD","age_ms":189,"ts":42681,"updates":4,"value":1}
18:16:48 C {"t":"ns","node":33120,"hash":3142365229,"owner":33120,"kind":"sampled","unit":101,"class":4,"bound_ms":30000,"quality":"GOOD","age_ms":214,"ts":42681,"updates":4,"value":180224}
18:16:48 C {"t":"ns","node":33120,"hash":2033492666,"owner":33120,"kind":"sampled","unit":0,"class":3,"bound_ms":0,"quality":"NO_DATA","age_ms":0,"ts":0,"updates":0,"value":null}
18:16:48 C {"t":"ns","node":33120,"hash":2347817554,"owner":33120,"kind":"sampled","unit":100,"class":4,"bound_ms":0,"quality":"GOOD","age_ms":241,"ts":42681,"updates":4,"value":143}
18:16:48 C {"t":"ns","node":33120,"hash":1170356950,"owner":33120,"kind":"sampled","unit":80,"class":4,"bound_ms":30000,"quality":"GOOD","age_ms":255,"ts":42681,"updates":4,"value":42}
18:16:48 C {"t":"ns","node":33120,"hash":3085599597,"owner":33120,"kind":"sampled","unit":0,"class":4,"bound_ms":5000,"quality":"GOOD","age_ms":269,"ts":42681,"updates":4,"value":-31}
18:16:48 C {"t":"ns","node":33120,"hash":2486014333,"owner":33120,"kind":"sampled","unit":101,"class":4,"bound_ms":30000,"quality":"GOOD","age_ms":283,"ts":42681,"updates":4,"value":229340}
--- RESET ALL THREE (EN via each USB bridge): RAM gone, NVS kept
18:16:50 A ESP-ROM:esp32s3-20210327
18:16:50 A Build:Mar 27 2021
18:16:50 A rst:0x1 (POWERON),boot:0x8 (SPI_FAST_FLASH_BOOT)
18:16:50 A SPIWP:0xee
18:16:50 A mode:DIO, clock div:1
18:16:50 A load:0x3fce2820,len:0x14f0
18:16:50 A load:0x403c8700,len:0xda0
18:16:50 A load:0x403cb700,len:0x2f54
18:16:50 A entry 0x403c8908
18:16:50 A I (24) boot: ESP-IDF v6.0.2 2nd stage bootloader
18:16:50 A I (25) boot: compile time Oct  7 2026 18:14:14
18:16:50 A I (25) boot: Multicore bootloader
18:16:50 A I (25) boot: chip revision: v0.2
18:16:50 A I (28) boot: efuse block revision: v1.4
18:16:50 A I (31) boot.esp32s3: Boot SPI Speed : 80MHz
18:16:50 A I (35) boot.esp32s3: SPI Mode       : DIO
18:16:50 A I (39) boot.esp32s3: SPI Flash Size : 16MB
18:16:50 A I (43) boot: Enabling RNG early entropy source...
18:16:50 A I (47) boot: Partition Table:
18:16:50 A I (50) boot: ## Label            Usage          Type ST Offset   Length
18:16:50 A I (56) boot:  0 nvs              WiFi data        01 02 00009000 00006000
18:16:50 A I (63) boot:  1 phy_init         RF data          01 01 0000f000 00001000
18:16:50 A I (69) boot:  2 factory          factory app      00 00 00010000 00100000
18:16:50 A I (76) boot:  3 modA             Unknown data     01 40 00110000 00010000
18:16:50 A I (82) boot:  4 modB             Unknown data     01 40 00120000 00010000
18:16:50 A I (89) boot: End of partition table
18:16:50 A I (92) esp_image: segment 0: paddr=00010020 vaddr=3c090020 size=1d50ch (120076) map
18:16:50 A I (121) esp_image: segment 1: paddr=0002d534 vaddr=3fc97900 size=02ae4h ( 10980) load
18:16:50 A I (124) esp_image: segment 2: paddr=00030020 vaddr=42000020 size=8af50h (569168) map
18:16:50 A I (229) esp_image: segment 3: paddr=000baf78 vaddr=3fc9a3e4 size=025d4h (  9684) load
18:16:50 A I (231) esp_image: segment 4: paddr=000bd554 vaddr=40374000 size=138d0h ( 80080) load
18:16:50 A I (251) esp_image: segment 5: paddr=000d0e2c vaddr=50000000 size=00024h (    36) load
18:16:50 A I (260) boot: Loaded app from partition at offset 0x10000
18:16:50 A I (260) boot: Disabling RNG early entropy source...
18:16:50 A I (270) cpu_start: Multicore app
18:16:50 A I (279) cpu_start: GPIO 44 and 43 are used as console UART I/O pins
18:16:50 A I (279) cpu_start: Pro cpu start user code
18:16:50 A I (279) cpu_start: cpu freq: 160000000 Hz
18:16:50 A I (281) app_init: Application information:
18:16:50 A I (285) app_init: Project name:     potluck_m0
18:16:50 A I (289) app_init: App version:      deploy-and-detach-29-g23fab51
18:16:50 A I (295) app_init: Compile time:     Oct  7 2026 18:13:29
18:16:50 A I (300) app_init: ELF file SHA256:  0553c4707...
18:16:50 A I (304) app_init: ESP-IDF:          v6.0.2
18:16:50 A I (308) efuse_init: Min chip rev:     v0.0
18:16:50 A I (312) efuse_init: Max chip rev:     v0.99
18:16:50 A I (316) efuse_init: Chip rev:         v0.2
18:16:50 A I (320) heap_init: Initializing. RAM available for dynamic allocation:
18:16:50 A I (326) heap_init: At 3FCB05D0 len 00039140 (228 KiB): RAM
18:16:50 A I (331) heap_init: At 3FCE9710 len 00005724 (21 KiB): RAM
18:16:50 A I (336) heap_init: At 3FCF0000 len 00008000 (32 KiB): DRAM
18:16:50 A I (342) heap_init: At 600FE000 len 00001FE8 (7 KiB): RTCRAM
18:16:50 A I (348) spi_flash: detected chip: generic
18:16:50 A I (351) spi_flash: flash io: dio
18:16:50 A I (354) sleep_gpio: Configure to isolate all GPIO pins in sleep state
18:16:50 A I (360) sleep_gpio: Enable automatic switching of GPIO sleep configuration
18:16:50 A I (367) main_task: Started on CPU0
18:16:50 A I (397) main_task: Calling app_main()
18:16:50 A I (411) pp: pp rom version: e7ae62f
18:16:50 A I (411) net80211: net80211 rom version: e7ae62f
18:16:50 A I (413) wifi:wifi driver task: 3fcee80c, prio:23, stack:6656, core=0
18:16:50 A I (414) wifi:wifi firmware version: 00ad238
18:16:50 A I (417) wifi:wifi certification version: v7.0
18:16:50 A I (421) wifi:config NVS flash: disabled
18:16:50 A I (425) wifi:config nano formatting: disabled
18:16:50 A I (429) wifi:Init data frame dynamic rx buffer num: 16
18:16:50 A I (434) wifi:Init static rx mgmt buffer num: 5
18:16:50 A I (438) wifi:Init management short buffer num: 32
18:16:50 A I (442) wifi:Init dynamic tx buffer num: 32
18:16:50 A I (446) wifi:Init static tx FG buffer num: 2
18:16:50 A I (450) wifi:Init static rx buffer size: 1600
18:16:50 A I (454) wifi:Init static rx buffer num: 6
18:16:50 A I (458) wifi:Init dynamic rx buffer num: 16
18:16:50 A I (463) wifi_init: accept mbox: 6
18:16:50 A I (465) wifi_init: tcpip mbox: 32
18:16:50 A I (468) wifi_init: udp mbox: 6
18:16:50 A I (471) wifi_init: tcp mbox: 6
18:16:50 A I (474) wifi_init: tcp tx win: 5760
18:16:50 A I (477) wifi_init: tcp rx win: 5760
18:16:50 A I (480) wifi_init: tcp mss: 1440
18:16:50 A I (483) wifi_init: WiFi IRAM OP enabled
18:16:50 A I (486) wifi_init: WiFi RX IRAM OP enabled
18:16:51 A I (491) phy_init: phy_version 712,87e8c20e,Apr 13 2026,18:51:10
18:16:51 A I (539) wifi:mode : sta (b8:1f:3f:da:63:00)
18:16:51 A I (539) wifi:enable tsf
18:16:51 A I (541) wifi:Set ps type: 0, coexist: 0
18:16:51 A 
18:16:51 A I (543) ESPNOW: espnow [version: 2.0] init
18:16:51 A I (543) pot.espnow: esp-now v2 up on channel 1, mac b8:1f:3f:da:63:00
18:16:51 A I (550) pot.epoch: boot epoch 139
18:16:51 A I (551) pot.m0: namespace: 6 resources declared
18:16:51 A I (556) pot.serial: frame link on UART1, tx=17 rx=18, 921600 baud
18:16:51 A I (562) pot.m0: status LED on GPIO48 and GPIO38; self-test red, green, blue
18:16:51 C ESP-ROM:esp32s3-20210327
18:16:51 C Build:Mar 27 2021
18:16:51 C rst:0x1 (POWERON),boot:0x8 (SPI_FAST_FLASH_BOOT)
18:16:51 C SPIWP:0xee
18:16:51 C mode:DIO, clock div:1
18:16:51 C load:0x3fce2820,len:0x14f0
18:16:51 C load:0x403c8700,len:0xda0
18:16:51 C load:0x403cb700,len:0x2f54
18:16:51 C entry 0x403c8908
18:16:51 C I (24) boot: ESP-IDF v6.0.2 2nd stage bootloader
18:16:51 C I (25) boot: compile time Oct  7 2026 18:14:14
18:16:51 C I (25) boot: Multicore bootloader
18:16:51 C I (25) boot: chip revision: v0.2
18:16:51 C I (28) boot: efuse block revision: v1.4
18:16:51 C I (31) boot.esp32s3: Boot SPI Speed : 80MHz
18:16:51 C I (35) boot.esp32s3: SPI Mode       : DIO
18:16:51 C I (39) boot.esp32s3: SPI Flash Size : 16MB
18:16:51 C I (43) boot: Enabling RNG early entropy source...
18:16:51 C I (47) boot: Partition Table:
18:16:51 C I (50) boot: ## Label            Usage          Type ST Offset   Length
18:16:51 C I (56) boot:  0 nvs              WiFi data        01 02 00009000 00006000
18:16:51 C I (63) boot:  1 phy_init         RF data          01 01 0000f000 00001000
18:16:51 C I (69) boot:  2 factory          factory app      00 00 00010000 00100000
18:16:51 C I (76) boot:  3 modA             Unknown data     01 40 00110000 00010000
18:16:51 C I (82) boot:  4 modB             Unknown data     01 40 00120000 00010000
18:16:51 C I (89) boot: End of partition table
18:16:51 C I (92) esp_image: segment 0: paddr=00010020 vaddr=3c090020 size=1d50ch (120076) map
18:16:51 C I (121) esp_image: segment 1: paddr=0002d534 vaddr=3fc97900 size=02ae4h ( 10980) load
18:16:51 C I (124) esp_image: segment 2: paddr=00030020 vaddr=42000020 size=8af50h (569168) map
18:16:51 C I (229) esp_image: segment 3: paddr=000baf78 vaddr=3fc9a3e4 size=025d4h (  9684) load
18:16:51 C I (231) esp_image: segment 4: paddr=000bd554 vaddr=40374000 size=138d0h ( 80080) load
18:16:51 C I (251) esp_image: segment 5: paddr=000d0e2c vaddr=50000000 size=00024h (    36) load
18:16:51 C I (260) boot: Loaded app from partition at offset 0x10000
18:16:51 C I (260) boot: Disabling RNG early entropy source...
18:16:51 C I (270) cpu_start: Multicore app
18:16:51 C I (279) cpu_start: GPIO 44 and 43 are used as console UART I/O pins
18:16:51 C I (279) cpu_start: Pro cpu start user code
18:16:51 C I (279) cpu_start: cpu freq: 160000000 Hz
18:16:51 C I (281) app_init: Application information:
18:16:51 C I (285) app_init: Project name:     potluck_m0
18:16:51 C I (289) app_init: App version:      deploy-and-detach-29-g23fab51
18:16:51 C I (295) app_init: Compile time:     Oct  7 2026 18:13:29
18:16:51 C I (300) app_init: ELF file SHA256:  0553c4707...
18:16:51 C I (304) app_init: ESP-IDF:          v6.0.2
18:16:51 C I (308) efuse_init: Min chip rev:     v0.0
18:16:51 C I (312) efuse_init: Max chip rev:     v0.99
18:16:51 C I (316) efuse_init: Chip rev:         v0.2
18:16:51 C I (320) heap_init: Initializing. RAM available for dynamic allocation:
18:16:51 C I (326) heap_init: At 3FCB05D0 len 00039140 (228 KiB): RAM
18:16:51 C I (331) heap_init: At 3FCE9710 len 00005724 (21 KiB): RAM
18:16:51 C I (336) heap_init: At 3FCF0000 len 00008000 (32 KiB): DRAM
18:16:51 C I (342) heap_init: At 600FE000 len 00001FE8 (7 KiB): RTCRAM
18:16:51 C I (348) spi_flash: detected chip: generic
18:16:51 C I (351) spi_flash: flash io: dio
18:16:51 C I (354) sleep_gpio: Configure to isolate all GPIO pins in sleep state
18:16:51 C I (360) sleep_gpio: Enable automatic switching of GPIO sleep configuration
18:16:51 C I (367) main_task: Started on CPU0
18:16:51 C I (397) main_task: Calling app_main()
18:16:51 C I (410) pp: pp rom version: e7ae62f
18:16:51 C I (411) net80211: net80211 rom version: e7ae62f
18:16:51 C I (412) wifi:wifi driver task: 3fcee80c, prio:23, stack:6656, core=0
18:16:51 C I (414) wifi:wifi firmware version: 00ad238
18:16:51 C I (417) wifi:wifi certification version: v7.0
18:16:51 C I (421) wifi:config NVS flash: disabled
18:16:51 C I (425) wifi:config nano formatting: disabled
18:16:51 C I (429) wifi:Init data frame dynamic rx buffer num: 16
18:16:51 C I (434) wifi:Init static rx mgmt buffer num: 5
18:16:51 C I (438) wifi:Init management short buffer num: 32
18:16:51 C I (442) wifi:Init dynamic tx buffer num: 32
18:16:51 C I (446) wifi:Init static tx FG buffer num: 2
18:16:51 C I (450) wifi:Init static rx buffer size: 1600
18:16:51 C I (454) wifi:Init static rx buffer num: 6
18:16:51 C I (458) wifi:Init dynamic rx buffer num: 16
18:16:51 C I (463) wifi_init: accept mbox: 6
18:16:51 C I (465) wifi_init: tcpip mbox: 32
18:16:51 C I (468) wifi_init: udp mbox: 6
18:16:51 C I (471) wifi_init: tcp mbox: 6
18:16:51 C I (473) wifi_init: tcp tx win: 5760
18:16:51 C I (476) wifi_init: tcp rx win: 5760
18:16:51 C I (480) wifi_init: tcp mss: 1440
18:16:51 C I (483) wifi_init: WiFi IRAM OP enabled
18:16:51 C I (486) wifi_init: WiFi RX IRAM OP enabled
18:16:51 C I (490) phy_init: phy_version 712,87e8c20e,Apr 13 2026,18:51:10
18:16:51 C I (536) wifi:mode : sta (b8:1f:3f:da:81:60)
18:16:51 C I (537) wifi:enable tsf
18:16:51 C I (538) wifi:Set ps type: 0, coexist: 0
18:16:51 C 
18:16:51 C I (540) ESPNOW: espnow [version: 2.0] init
18:16:51 C I (541) pot.espnow: esp-now v2 up on channel 1, mac b8:1f:3f:da:81:60
18:16:51 C I (547) pot.epoch: boot epoch 144
18:16:51 C I (549) pot.m0: namespace: 6 resources declared
18:16:51 C I (554) pot.serial: frame link on UART1, tx=17 rx=18, 921600 baud
18:16:51 C I (559) pot.m0: status LED on GPIO48 and GPIO38; self-test red, green, blue
18:16:52 A I (2070) pot.m0: deploy: image counter 2, digest 07759479..., 3 actor(s) in the image
18:16:52 A I (2070) pot.m0: deploy: boot confirmed, running slot B, trial boot 0/3, counter 3
18:16:52 A {"t":"enrol","node":25344,"pub":"b8bc667283c59cc9c247fcaa4d4202779018c9532e92329507b8eaf3f19af4ea","enrolled":1,"ca_fp":"ef76cc2e"}
18:16:52 A I (2086) pot.m0: auth: enrolled, required
18:16:52 A I (2089) pot.m0: Potluck M0 node 0x6300 epoch 139, heartbeat 100 ms x 6 misses = 600 ms
18:16:52 A I (2097) main_task: Returned from app_main()
18:16:52 A {"t":"boot","node":25344,"epoch":139,"mac":"b8:1f:3f:da:63:00","espnow_ver":2,"chan":1,"hb_period_ms":100,"hb_miss_limit":6,"fw":"deploy-and-detach-29-g23fab51","idf":"v6.0.2","dram":{"at_boot":276948,"after_nvs":274920,"after_netif":267076,"after_wifi_init":236528,"after_wifi_start":234824,"after_espnow":234680,"largest_block":188416,"wifi_stack":32252,"espnow":144,"total_to_radio":42268}}
18:16:52 A I (2140) pot.m0: beacon mode: broadcast_beacon
18:16:53 A I (2519) pot.m0: discovered peer 0x8160
18:16:53 A I (2520) pot.m0: peer 0x8160 pinned to ESP-NOW v2, payload cap 1446 B
18:16:53 C I (2067) pot.m0: deploy: image counter 2, digest 07759479..., 3 actor(s) in the image
18:16:53 C I (2067) pot.m0: deploy: boot confirmed, running slot A, trial boot 0/3, counter 3
18:16:53 C {"t":"enrol","node":33120,"pub":"0392ff6cd7890c311c0b048061f7b78a8a4c8f2363360d5bc3a19d91996afe04","enrolled":1,"ca_fp":"ef76cc2e"}
18:16:53 C I (2084) pot.m0: safe_state: high-water table restored from NVS
18:16:53 C I (2088) pot.m0: auth: enrolled, required
18:16:53 C I (2092) pot.m0: Potluck M0 node 0x8160 epoch 144, heartbeat 100 ms x 6 misses = 600 ms
18:16:53 C I (2100) main_task: Returned from app_main()
18:16:53 C {"t":"boot","node":33120,"epoch":144,"mac":"b8:1f:3f:da:81:60","espnow_ver":2,"chan":1,"hb_period_ms":100,"hb_miss_limit":6,"fw":"deploy-and-detach-29-g23fab51","idf":"v6.0.2","dram":{"at_boot":276948,"after_nvs":274920,"after_netif":267076,"after_wifi_init":236528,"after_wifi_start":234824,"after_espnow":234680,"largest_block":188416,"wifi_stack":32252,"espnow":144,"total_to_radio":42268}}
18:16:53 C I (2143) pot.m0: beacon mode: broadcast_beacon
18:16:53 C I (2214) pot.m0: discovered peer 0x6300
18:16:53 C I (2215) pot.m0: peer 0x6300 pinned to ESP-NOW v2, payload cap 1446 B
18:17:02 A {"t":"event","at_ms":1912,"node":25344,"kind":"peer_refused","peer":29544,"slot":255,"a":1,"b":0}
18:17:02 A {"t":"event","at_ms":2172,"node":25344,"kind":"peer_discovered","peer":33120,"slot":0,"a":144,"b":0}
18:17:02 A {"t":"event","at_ms":2173,"node":25344,"kind":"version_pinned","peer":33120,"slot":0,"a":2,"b":1446}
18:17:02 A {"t":"event","at_ms":2174,"node":25344,"kind":"peer_alive","peer":33120,"slot":0,"a":0,"b":0}
18:17:02 A {"t":"event","at_ms":2175,"node":25344,"kind":"peer_admitted","peer":33120,"slot":0,"a":0,"b":0}
18:17:02 A {"t":"event","at_ms":2193,"node":25344,"kind":"peer_admitted","peer":33120,"slot":0,"a":0,"b":0}
18:17:02 A {"t":"event","at_ms":4189,"node":25344,"kind":"peer_admitted","peer":33120,"slot":0,"a":0,"b":0}
18:17:02 A {"t":"event","at_ms":6189,"node":25344,"kind":"peer_admitted","peer":33120,"slot":0,"a":0,"b":0}
18:17:02 A {"t":"event","at_ms":8189,"node":25344,"kind":"peer_admitted","peer":33120,"slot":0,"a":0,"b":0}
18:17:02 A {"t":"event","at_ms":10189,"node":25344,"kind":"peer_admitted","peer":33120,"slot":0,"a":0,"b":0}
18:17:02 A {"t":"link","up_ms":11875,"node":25344,"peer":33120,"mac":"b8:1f:3f:da:81:60","state":"alive","epoch":144,"espnow_ver":2,"mtu":1446,"misses":0,"rssi":-32,"tx":{"frames":25,"cb_ok":25,"cb_fail":0,"enqueue_err":0,"pdr_ppm":1000000},"rx":{"frames":130,"lost_seqgap":0,"reorder_dup":1,"dropped_bad":0,"hb_lost":0,"bcast_frames":98,"pdr_ppm":1000000},"rtt":{"samples":10,"min_us":5780,"max_us":9081,"timeouts":0,"txq_last_us":0,"txq_max_us":0,"remote_turnaround_us":905,"remote_turnaround_max_us":914,"p50_us":[4000,6000],"p99_us":[8000,11000],"hist":[0,0,0,0,8,1,1,0,0,0,0,0,0,0,0,0]}}
18:17:02 A {"t":"auth","node":25344,"up_ms":11928,"enrolled":1,"required":1,"verified_peers":1,"verified":1,"cache_hits":5,"refused":7,"rate_limited":0,"stale_epoch":0,"verify_us_max":78001,"link_stack_free_b":1740,"crypto_stack_free_b":1300,"tags_ok":26,"bad_tag":0,"replayed":0,"untagged":0,"bcast_dropped":0,"beacon_epoch_ignored":0,"tag_us_max":756}
18:17:02 A {"t":"act","node":25344,"setpoint":0,"has_value":0,"writes_served":0}
18:17:02 A {"t":"ss","node":25344,"accepted":0,"unsigned":0,"unknown_sender":0,"bad_signature":0,"replayed":0,"rate_limited":0,"verify_us_max":0,"floors":[]}
18:17:02 A {"t":"node","up_ms":11969,"node":25344,"epoch":139,"peers_alive":1,"peers_dead":0,"no_radio":0,"free_dram":229360,"largest_block":180224,"rx":{"total":238,"bad_frame":0,"unknown_peer":108,"wrong_dst":0,"short_payload":0,"unknown_opcode":0,"queue_dropped":0},"tx":{"total":134,"enqueue_err":0,"done_queue_dropped":0},"membership":{"deaths":0,"revivals":0,"reboots_seen":0,"table_full":0,"events_dropped":0}}
18:17:02 A {"t":"ns","node":25344,"hash":2410274060,"owner":25344,"kind":"sampled","unit":100,"class":4,"bound_ms":0,"quality":"GOOD","age_ms":215,"ts":11794,"updates":1,"value":139}
18:17:02 A {"t":"ns","node":25344,"hash":1274253983,"owner":25344,"kind":"sampled","unit":0,"class":4,"bound_ms":5000,"quality":"GOOD","age_ms":228,"ts":11794,"updates":1,"value":-33}
18:17:02 A {"t":"ns","node":25344,"hash":3354298913,"owner":25344,"kind":"sampled","unit":100,"class":4,"bound_ms":5000,"quality":"GOOD","age_ms":242,"ts":11794,"updates":1,"value":1}
18:17:02 A {"t":"ns","node":25344,"hash":1771187623,"owner":25344,"kind":"sampled","unit":101,"class":4,"bound_ms":30000,"quality":"GOOD","age_ms":256,"ts":11794,"updates":1,"value":229360}
18:17:02 A {"t":"ns","node":25344,"hash":2033492666,"owner":25344,"kind":"sampled","unit":0,"class":3,"bound_ms":0,"quality":"NO_DATA","age_ms":0,"ts":0,"updates":0,"value":null}
18:17:02 A {"t":"ns","node":25344,"hash":4103947588,"owner":25344,"kind":"sampled","unit":80,"class":4,"bound_ms":30000,"quality":"GOOD","age_ms":294,"ts":11794,"updates":1,"value":11}
18:17:02 A {"t":"ns","node":25344,"hash":1662441583,"owner":25344,"kind":"sampled","unit":101,"class":4,"bound_ms":30000,"quality":"GOOD","age_ms":308,"ts":11794,"updates":1,"value":180224}
18:17:03 C {"t":"event","at_ms":1867,"node":33120,"kind":"peer_discovered","peer":25344,"slot":0,"a":139,"b":0}
18:17:03 C {"t":"event","at_ms":1868,"node":33120,"kind":"version_pinned","peer":25344,"slot":0,"a":2,"b":1446}
18:17:03 C {"t":"event","at_ms":1869,"node":33120,"kind":"peer_alive","peer":25344,"slot":0,"a":0,"b":0}
18:17:03 C {"t":"event","at_ms":1870,"node":33120,"kind":"peer_admitted","peer":25344,"slot":0,"a":0,"b":0}
18:17:03 C {"t":"event","at_ms":1871,"node":33120,"kind":"peer_admitted","peer":25344,"slot":0,"a":0,"b":0}
18:17:03 C {"t":"event","at_ms":1872,"node":33120,"kind":"peer_refused","peer":29544,"slot":255,"a":1,"b":0}
18:17:03 C {"t":"event","at_ms":3469,"node":33120,"kind":"peer_admitted","peer":25344,"slot":0,"a":0,"b":0}
18:17:03 C {"t":"event","at_ms":5469,"node":33120,"kind":"peer_admitted","peer":25344,"slot":0,"a":0,"b":0}
18:17:03 C {"t":"event","at_ms":7491,"node":33120,"kind":"peer_admitted","peer":25344,"slot":0,"a":0,"b":0}
18:17:03 C {"t":"event","at_ms":9469,"node":33120,"kind":"peer_admitted","peer":25344,"slot":0,"a":0,"b":0}
18:17:03 C {"t":"event","at_ms":11469,"node":33120,"kind":"peer_admitted","peer":25344,"slot":0,"a":0,"b":0}
18:17:03 C {"t":"link","up_ms":11881,"node":33120,"peer":25344,"mac":"b8:1f:3f:da:63:00","state":"alive","epoch":139,"espnow_ver":2,"mtu":1446,"misses":0,"rssi":-31,"tx":{"frames":27,"cb_ok":27,"cb_fail":0,"enqueue_err":0,"pdr_ppm":1000000},"rx":{"frames":136,"lost_seqgap":0,"reorder_dup":0,"dropped_bad":0,"hb_lost":1,"bcast_frames":103,"pdr_ppm":1000000},"rtt":{"samples":10,"min_us":5717,"max_us":7024,"timeouts":0,"txq_last_us":0,"txq_max_us":0,"remote_turnaround_us":922,"remote_turnaround_max_us":922,"p50_us":[4000,6000],"p99_us":[6000,8000],"hist":[0,0,0,0,9,1,0,0,0,0,0,0,0,0,0,0]}}
18:17:03 C {"t":"auth","node":33120,"up_ms":11934,"enrolled":1,"required":1,"verified_peers":1,"verified":1,"cache_hits":6,"refused":7,"rate_limited":0,"stale_epoch":0,"verify_us_max":87487,"link_stack_free_b":1740,"crypto_stack_free_b":1300,"tags_ok":26,"bad_tag":0,"replayed":0,"untagged":0,"bcast_dropped":0,"beacon_epoch_ignored":0,"tag_us_max":763}
18:17:03 C {"t":"act","node":33120,"setpoint":0,"has_value":0,"writes_served":0}
18:17:03 C {"t":"ss","node":33120,"accepted":0,"unsigned":0,"unknown_sender":0,"bad_signature":0,"replayed":0,"rate_limited":0,"verify_us_max":0,"floors":[{"src":25344,"epoch":138,"counter":1}]}
18:17:03 C {"t":"node","up_ms":11987,"node":33120,"epoch":144,"peers_alive":1,"peers_dead":0,"no_radio":0,"free_dram":229348,"largest_block":180224,"rx":{"total":247,"bad_frame":0,"unknown_peer":111,"wrong_dst":0,"short_payload":0,"unknown_opcode":0,"queue_dropped":2},"tx":{"total":136,"enqueue_err":0,"done_queue_dropped":0},"membership":{"deaths":0,"revivals":0,"reboots_seen":0,"table_full":0,"events_dropped":0}}
18:17:03 C {"t":"ns","node":33120,"hash":13581963,"owner":33120,"kind":"sampled","unit":100,"class":4,"bound_ms":5000,"quality":"GOOD","age_ms":229,"ts":11797,"updates":1,"value":1}
18:17:03 C {"t":"ns","node":33120,"hash":3142365229,"owner":33120,"kind":"sampled","unit":101,"class":4,"bound_ms":30000,"quality":"GOOD","age_ms":243,"ts":11797,"updates":1,"value":180224}
18:17:03 C {"t":"ns","node":33120,"hash":2033492666,"owner":33120,"kind":"sampled","unit":0,"class":3,"bound_ms":0,"quality":"NO_DATA","age_ms":0,"ts":0,"updates":0,"value":null}
18:17:03 C {"t":"ns","node":33120,"hash":2347817554,"owner":33120,"kind":"sampled","unit":100,"class":4,"bound_ms":0,"quality":"GOOD","age_ms":271,"ts":11797,"updates":1,"value":144}
18:17:03 C {"t":"ns","node":33120,"hash":1170356950,"owner":33120,"kind":"sampled","unit":80,"class":4,"bound_ms":30000,"quality":"GOOD","age_ms":284,"ts":11797,"updates":1,"value":11}
18:17:03 C {"t":"ns","node":33120,"hash":3085599597,"owner":33120,"kind":"sampled","unit":0,"class":4,"bound_ms":5000,"quality":"GOOD","age_ms":298,"ts":11797,"updates":1,"value":-31}
18:17:03 C {"t":"ns","node":33120,"hash":2486014333,"owner":33120,"kind":"sampled","unit":101,"class":4,"bound_ms":30000,"quality":"GOOD","age_ms":323,"ts":11797,"updates":1,"value":229348}
--- A replays the recorded pre-reset SAFE_STATE
18:17:13 A {"t":"test","cmd":"replay-ss","len":92,"epoch":138,"counter":1,"err":0}
18:17:13 A {"t":"event","at_ms":11912,"node":25344,"kind":"peer_refused","peer":29544,"slot":255,"a":1,"b":0}
18:17:13 A {"t":"event","at_ms":12189,"node":25344,"kind":"peer_admitted","peer":33120,"slot":0,"a":0,"b":0}
18:17:13 A {"t":"event","at_ms":14189,"node":25344,"kind":"peer_admitted","peer":33120,"slot":0,"a":0,"b":0}
18:17:13 A {"t":"event","at_ms":16189,"node":25344,"kind":"peer_admitted","peer":33120,"slot":0,"a":0,"b":0}
18:17:13 A {"t":"event","at_ms":18189,"node":25344,"kind":"peer_admitted","peer":33120,"slot":0,"a":0,"b":0}
18:17:13 A {"t":"event","at_ms":20189,"node":25344,"kind":"peer_admitted","peer":33120,"slot":0,"a":0,"b":0}
18:17:13 A {"t":"event","at_ms":21912,"node":25344,"kind":"peer_refused","peer":29544,"slot":255,"a":1,"b":0}
18:17:13 A {"t":"link","up_ms":22171,"node":25344,"peer":33120,"mac":"b8:1f:3f:da:81:60","state":"alive","epoch":144,"espnow_ver":2,"mtu":1446,"misses":0,"rssi":-32,"tx":{"frames":51,"cb_ok":51,"cb_fail":0,"enqueue_err":0,"pdr_ppm":1000000},"rx":{"frames":264,"lost_seqgap":0,"reorder_dup":1,"dropped_bad":0,"hb_lost":0,"bcast_frames":201,"pdr_ppm":1000000},"rtt":{"samples":20,"min_us":5770,"max_us":10613,"timeouts":0,"txq_last_us":0,"txq_max_us":0,"remote_turnaround_us":907,"remote_turnaround_max_us":922,"p50_us":[4000,6000],"p99_us":[8000,11000],"hist":[0,0,0,0,17,1,2,0,0,0,0,0,0,0,0,0]}}
18:17:13 A {"t":"auth","node":25344,"up_ms":22224,"enrolled":1,"required":1,"verified_peers":1,"verified":1,"cache_hits":11,"refused":12,"rate_limited":0,"stale_epoch":0,"verify_us_max":78001,"link_stack_free_b":1740,"crypto_stack_free_b":1300,"tags_ok":52,"bad_tag":0,"replayed":0,"untagged":0,"bcast_dropped":0,"beacon_epoch_ignored":0,"tag_us_max":756}
18:17:13 A {"t":"act","node":25344,"setpoint":0,"has_value":0,"writes_served":0}
18:17:13 A {"t":"ss","node":25344,"accepted":0,"unsigned":0,"unknown_sender":0,"bad_signature":0,"replayed":0,"rate_limited":0,"verify_us_max":0,"floors":[]}
18:17:13 A {"t":"node","up_ms":22265,"node":25344,"epoch":139,"peers_alive":1,"peers_dead":0,"no_radio":0,"free_dram":229360,"largest_block":180224,"rx":{"total":480,"bad_frame":0,"unknown_peer":216,"wrong_dst":0,"short_payload":0,"unknown_opcode":0,"queue_dropped":0},"tx":{"total":269,"enqueue_err":0,"done_queue_dropped":0},"membership":{"deaths":0,"revivals":0,"reboots_seen":0,"table_full":0,"events_dropped":0}}
18:17:13 A {"t":"ns","node":25344,"hash":2410274060,"owner":25344,"kind":"sampled","unit":100,"class":4,"bound_ms":0,"quality":"GOOD","age_ms":189,"ts":22116,"updates":2,"value":139}
18:17:13 A {"t":"ns","node":25344,"hash":1274253983,"owner":25344,"kind":"sampled","unit":0,"class":4,"bound_ms":5000,"quality":"GOOD","age_ms":203,"ts":22116,"updates":2,"value":-33}
18:17:13 A {"t":"ns","node":25344,"hash":3354298913,"owner":25344,"kind":"sampled","unit":100,"class":4,"bound_ms":5000,"quality":"GOOD","age_ms":216,"ts":22116,"updates":2,"value":1}
18:17:13 A {"t":"ns","node":25344,"hash":1771187623,"owner":25344,"kind":"sampled","unit":101,"class":4,"bound_ms":30000,"quality":"GOOD","age_ms":241,"ts":22116,"updates":2,"value":229360}
18:17:13 A {"t":"ns","node":25344,"hash":2033492666,"owner":25344,"kind":"sampled","unit":0,"class":3,"bound_ms":0,"quality":"NO_DATA","age_ms":0,"ts":0,"updates":0,"value":null}
18:17:13 A {"t":"ns","node":25344,"hash":4103947588,"owner":25344,"kind":"sampled","unit":80,"class":4,"bound_ms":30000,"quality":"GOOD","age_ms":268,"ts":22116,"updates":2,"value":22}
18:17:13 A {"t":"ns","node":25344,"hash":1662441583,"owner":25344,"kind":"sampled","unit":101,"class":4,"bound_ms":30000,"quality":"GOOD","age_ms":282,"ts":22116,"updates":2,"value":180224}
18:17:13 C {"t":"event","at_ms":13469,"node":33120,"kind":"peer_admitted","peer":25344,"slot":0,"a":0,"b":0}
18:17:13 C {"t":"event","at_ms":13600,"node":33120,"kind":"peer_refused","peer":29544,"slot":255,"a":1,"b":0}
18:17:13 C {"t":"event","at_ms":15469,"node":33120,"kind":"peer_admitted","peer":25344,"slot":0,"a":0,"b":0}
18:17:13 C {"t":"event","at_ms":17469,"node":33120,"kind":"peer_admitted","peer":25344,"slot":0,"a":0,"b":0}
18:17:13 C {"t":"event","at_ms":19470,"node":33120,"kind":"peer_admitted","peer":25344,"slot":0,"a":0,"b":0}
18:17:13 C {"t":"event","at_ms":21469,"node":33120,"kind":"peer_admitted","peer":25344,"slot":0,"a":0,"b":0}
18:17:13 C {"t":"event","at_ms":21678,"node":33120,"kind":"safe_state_rejected","peer":25344,"slot":0,"a":4,"b":1}
18:17:13 C {"t":"link","up_ms":22189,"node":33120,"peer":25344,"mac":"b8:1f:3f:da:63:00","state":"alive","epoch":139,"espnow_ver":2,"mtu":1446,"misses":0,"rssi":-33,"tx":{"frames":52,"cb_ok":52,"cb_fail":0,"enqueue_err":0,"pdr_ppm":1000000},"rx":{"frames":270,"lost_seqgap":0,"reorder_dup":0,"dropped_bad":0,"hb_lost":1,"bcast_frames":206,"pdr_ppm":1000000},"rtt":{"samples":20,"min_us":5717,"max_us":9492,"timeouts":0,"txq_last_us":0,"txq_max_us":0,"remote_turnaround_us":925,"remote_turnaround_max_us":925,"p50_us":[4000,6000],"p99_us":[8000,11000],"hist":[0,0,0,0,16,1,3,0,0,0,0,0,0,0,0,0]}}
18:17:13 C {"t":"auth","node":33120,"up_ms":22242,"enrolled":1,"required":1,"verified_peers":1,"verified":1,"cache_hits":11,"refused":12,"rate_limited":0,"stale_epoch":0,"verify_us_max":87487,"link_stack_free_b":1740,"crypto_stack_free_b":1300,"tags_ok":51,"bad_tag":0,"replayed":0,"untagged":0,"bcast_dropped":0,"beacon_epoch_ignored":0,"tag_us_max":763}
18:17:13 C {"t":"act","node":33120,"setpoint":0,"has_value":0,"writes_served":0}
18:17:13 C {"t":"ss","node":33120,"accepted":0,"unsigned":0,"unknown_sender":0,"bad_signature":0,"replayed":1,"rate_limited":0,"verify_us_max":0,"floors":[{"src":25344,"epoch":138,"counter":1}]}
18:17:13 C {"t":"node","up_ms":22295,"node":33120,"epoch":144,"peers_alive":1,"peers_dead":0,"no_radio":0,"free_dram":229348,"largest_block":180224,"rx":{"total":489,"bad_frame":0,"unknown_peer":219,"wrong_dst":0,"short_payload":0,"unknown_opcode":0,"queue_dropped":2},"tx":{"total":269,"enqueue_err":0,"done_queue_dropped":0},"membership":{"deaths":0,"revivals":0,"reboots_seen":0,"table_full":0,"events_dropped":0}}
18:17:13 C {"t":"ns","node":33120,"hash":13581963,"owner":33120,"kind":"sampled","unit":100,"class":4,"bound_ms":5000,"quality":"GOOD","age_ms":189,"ts":22134,"updates":2,"value":1}
18:17:13 C {"t":"ns","node":33120,"hash":3142365229,"owner":33120,"kind":"sampled","unit":101,"class":4,"bound_ms":30000,"quality":"GOOD","age_ms":214,"ts":22134,"updates":2,"value":180224}
18:17:13 C {"t":"ns","node":33120,"hash":2033492666,"owner":33120,"kind":"sampled","unit":0,"class":3,"bound_ms":0,"quality":"NO_DATA","age_ms":0,"ts":0,"updates":0,"value":null}
18:17:13 C {"t":"ns","node":33120,"hash":2347817554,"owner":33120,"kind":"sampled","unit":100,"class":4,"bound_ms":0,"quality":"GOOD","age_ms":241,"ts":22134,"updates":2,"value":144}
18:17:13 C {"t":"ns","node":33120,"hash":1170356950,"owner":33120,"kind":"sampled","unit":80,"class":4,"bound_ms":30000,"quality":"GOOD","age_ms":255,"ts":22134,"updates":2,"value":22}
18:17:13 C {"t":"ns","node":33120,"hash":3085599597,"owner":33120,"kind":"sampled","unit":0,"class":4,"bound_ms":5000,"quality":"GOOD","age_ms":269,"ts":22134,"updates":2,"value":-33}
18:17:13 C {"t":"ns","node":33120,"hash":2486014333,"owner":33120,"kind":"sampled","unit":101,"class":4,"bound_ms":30000,"quality":"GOOD","age_ms":282,"ts":22134,"updates":2,"value":229348}
18:17:23 A {"t":"event","at_ms":22189,"node":25344,"kind":"peer_admitted","peer":33120,"slot":0,"a":0,"b":0}
18:17:23 A {"t":"event","at_ms":24189,"node":25344,"kind":"peer_admitted","peer":33120,"slot":0,"a":0,"b":0}
18:17:23 A {"t":"event","at_ms":26189,"node":25344,"kind":"peer_admitted","peer":33120,"slot":0,"a":0,"b":0}
18:17:23 A {"t":"event","at_ms":28188,"node":25344,"kind":"peer_admitted","peer":33120,"slot":0,"a":0,"b":0}
18:17:23 A {"t":"event","at_ms":30189,"node":25344,"kind":"peer_admitted","peer":33120,"slot":0,"a":0,"b":0}
18:17:23 A {"t":"event","at_ms":31912,"node":25344,"kind":"peer_refused","peer":29544,"slot":255,"a":1,"b":0}
18:17:23 A {"t":"event","at_ms":32189,"node":25344,"kind":"peer_admitted","peer":33120,"slot":0,"a":0,"b":0}
18:17:23 A {"t":"link","up_ms":32467,"node":25344,"peer":33120,"mac":"b8:1f:3f:da:81:60","state":"alive","epoch":144,"espnow_ver":2,"mtu":1446,"misses":0,"rssi":-32,"tx":{"frames":77,"cb_ok":77,"cb_fail":0,"enqueue_err":0,"pdr_ppm":1000000},"rx":{"frames":398,"lost_seqgap":0,"reorder_dup":1,"dropped_bad":0,"hb_lost":0,"bcast_frames":304,"pdr_ppm":1000000},"rtt":{"samples":30,"min_us":5607,"max_us":10613,"timeouts":0,"txq_last_us":0,"txq_max_us":0,"remote_turnaround_us":898,"remote_turnaround_max_us":922,"p50_us":[4000,6000],"p99_us":[8000,11000],"hist":[0,0,0,0,24,3,3,0,0,0,0,0,0,0,0,0]}}
18:17:23 A {"t":"auth","node":25344,"up_ms":32520,"enrolled":1,"required":1,"verified_peers":1,"verified":1,"cache_hits":16,"refused":17,"rate_limited":0,"stale_epoch":0,"verify_us_max":78001,"link_stack_free_b":1740,"crypto_stack_free_b":1300,"tags_ok":77,"bad_tag":0,"replayed":0,"untagged":0,"bcast_dropped":0,"beacon_epoch_ignored":0,"tag_us_max":756}
18:17:23 A {"t":"act","node":25344,"setpoint":0,"has_value":0,"writes_served":0}
18:17:23 A {"t":"ss","node":25344,"accepted":0,"unsigned":0,"unknown_sender":0,"bad_signature":0,"replayed":0,"rate_limited":0,"verify_us_max":0,"floors":[]}
18:17:23 A {"t":"node","up_ms":32572,"node":25344,"epoch":139,"peers_alive":1,"peers_dead":0,"no_radio":0,"free_dram":229360,"largest_block":180224,"rx":{"total":722,"bad_frame":0,"unknown_peer":324,"wrong_dst":0,"short_payload":0,"unknown_opcode":0,"queue_dropped":0},"tx":{"total":402,"enqueue_err":0,"done_queue_dropped":0},"membership":{"deaths":0,"revivals":0,"reboots_seen":0,"table_full":0,"events_dropped":0}}
18:17:23 A {"t":"ns","node":25344,"hash":2410274060,"owner":25344,"kind":"sampled","unit":100,"class":4,"bound_ms":0,"quality":"GOOD","age_ms":188,"ts":32412,"updates":3,"value":139}
18:17:23 A {"t":"ns","node":25344,"hash":1274253983,"owner":25344,"kind":"sampled","unit":0,"class":4,"bound_ms":5000,"quality":"GOOD","age_ms":202,"ts":32412,"updates":3,"value":-32}
18:17:23 A {"t":"ns","node":25344,"hash":3354298913,"owner":25344,"kind":"sampled","unit":100,"class":4,"bound_ms":5000,"quality":"GOOD","age_ms":216,"ts":32412,"updates":3,"value":1}
18:17:23 A {"t":"ns","node":25344,"hash":1771187623,"owner":25344,"kind":"sampled","unit":101,"class":4,"bound_ms":30000,"quality":"GOOD","age_ms":240,"ts":32412,"updates":3,"value":229360}
18:17:23 A {"t":"ns","node":25344,"hash":2033492666,"owner":25344,"kind":"sampled","unit":0,"class":3,"bound_ms":0,"quality":"NO_DATA","age_ms":0,"ts":0,"updates":0,"value":null}
18:17:23 A {"t":"ns","node":25344,"hash":4103947588,"owner":25344,"kind":"sampled","unit":80,"class":4,"bound_ms":30000,"quality":"GOOD","age_ms":268,"ts":32412,"updates":3,"value":32}
18:17:23 A {"t":"ns","node":25344,"hash":1662441583,"owner":25344,"kind":"sampled","unit":101,"class":4,"bound_ms":30000,"quality":"GOOD","age_ms":282,"ts":32412,"updates":3,"value":180224}
--- A sends a new genuine SAFE_STATE (reason 4)
18:17:23 A {"t":"test","cmd":"safe","counter":1,"len":92,"recorded":1}
18:17:23 C {"t":"event","at_ms":23471,"node":33120,"kind":"peer_admitted","peer":25344,"slot":0,"a":0,"b":0}
18:17:23 C {"t":"event","at_ms":23600,"node":33120,"kind":"peer_refused","peer":29544,"slot":255,"a":1,"b":0}
18:17:23 C {"t":"event","at_ms":25469,"node":33120,"kind":"peer_admitted","peer":25344,"slot":0,"a":0,"b":0}
18:17:23 C {"t":"event","at_ms":27469,"node":33120,"kind":"peer_admitted","peer":25344,"slot":0,"a":0,"b":0}
18:17:23 C {"t":"event","at_ms":29469,"node":33120,"kind":"peer_admitted","peer":25344,"slot":0,"a":0,"b":0}
18:17:23 C {"t":"event","at_ms":31469,"node":33120,"kind":"peer_admitted","peer":25344,"slot":0,"a":0,"b":0}
18:17:23 C {"t":"link","up_ms":32473,"node":33120,"peer":25344,"mac":"b8:1f:3f:da:63:00","state":"alive","epoch":139,"espnow_ver":2,"mtu":1446,"misses":0,"rssi":-31,"tx":{"frames":78,"cb_ok":78,"cb_fail":0,"enqueue_err":0,"pdr_ppm":1000000},"rx":{"frames":404,"lost_seqgap":0,"reorder_dup":0,"dropped_bad":0,"hb_lost":1,"bcast_frames":309,"pdr_ppm":1000000},"rtt":{"samples":30,"min_us":5717,"max_us":38848,"timeouts":0,"txq_last_us":0,"txq_max_us":0,"remote_turnaround_us":906,"remote_turnaround_max_us":925,"p50_us":[4000,6000],"p99_us":[30000,42000],"hist":[0,0,0,0,21,4,3,1,0,0,1,0,0,0,0,0]}}
18:17:23 C {"t":"auth","node":33120,"up_ms":32526,"enrolled":1,"required":1,"verified_peers":1,"verified":1,"cache_hits":16,"refused":17,"rate_limited":0,"stale_epoch":0,"verify_us_max":87487,"link_stack_free_b":1740,"crypto_stack_free_b":1300,"tags_ok":77,"bad_tag":0,"replayed":0,"untagged":0,"bcast_dropped":0,"beacon_epoch_ignored":0,"tag_us_max":763}
18:17:23 C {"t":"act","node":33120,"setpoint":0,"has_value":0,"writes_served":0}
18:17:23 C {"t":"ss","node":33120,"accepted":0,"unsigned":0,"unknown_sender":0,"bad_signature":0,"replayed":1,"rate_limited":0,"verify_us_max":0,"floors":[{"src":25344,"epoch":138,"counter":1}]}
18:17:23 C {"t":"node","up_ms":32579,"node":33120,"epoch":144,"peers_alive":1,"peers_dead":0,"no_radio":0,"free_dram":229348,"largest_block":180224,"rx":{"total":731,"bad_frame":0,"unknown_peer":327,"wrong_dst":0,"short_payload":0,"unknown_opcode":0,"queue_dropped":2},"tx":{"total":403,"enqueue_err":0,"done_queue_dropped":0},"membership":{"deaths":0,"revivals":0,"reboots_seen":0,"table_full":0,"events_dropped":0}}
18:17:23 C {"t":"ns","node":33120,"hash":13581963,"owner":33120,"kind":"sampled","unit":100,"class":4,"bound_ms":5000,"quality":"GOOD","age_ms":188,"ts":32430,"updates":3,"value":1}
18:17:23 C {"t":"ns","node":33120,"hash":3142365229,"owner":33120,"kind":"sampled","unit":101,"class":4,"bound_ms":30000,"quality":"GOOD","age_ms":202,"ts":32430,"updates":3,"value":180224}
18:17:23 C {"t":"ns","node":33120,"hash":2033492666,"owner":33120,"kind":"sampled","unit":0,"class":3,"bound_ms":0,"quality":"NO_DATA","age_ms":0,"ts":0,"updates":0,"value":null}
18:17:23 C {"t":"ns","node":33120,"hash":2347817554,"owner":33120,"kind":"sampled","unit":100,"class":4,"bound_ms":0,"quality":"GOOD","age_ms":230,"ts":32430,"updates":3,"value":144}
18:17:23 C {"t":"ns","node":33120,"hash":1170356950,"owner":33120,"kind":"sampled","unit":80,"class":4,"bound_ms":30000,"quality":"GOOD","age_ms":243,"ts":32430,"updates":3,"value":32}
18:17:23 C {"t":"ns","node":33120,"hash":3085599597,"owner":33120,"kind":"sampled","unit":0,"class":4,"bound_ms":5000,"quality":"GOOD","age_ms":257,"ts":32430,"updates":3,"value":-31}
18:17:23 C {"t":"ns","node":33120,"hash":2486014333,"owner":33120,"kind":"sampled","unit":101,"class":4,"bound_ms":30000,"quality":"GOOD","age_ms":313,"ts":32430,"updates":3,"value":229348}
18:17:33 A {"t":"event","at_ms":34188,"node":25344,"kind":"peer_admitted","peer":33120,"slot":0,"a":0,"b":0}
18:17:33 A {"t":"event","at_ms":36188,"node":25344,"kind":"peer_admitted","peer":33120,"slot":0,"a":0,"b":0}
18:17:33 A {"t":"event","at_ms":38188,"node":25344,"kind":"peer_admitted","peer":33120,"slot":0,"a":0,"b":0}
18:17:33 A {"t":"event","at_ms":40188,"node":25344,"kind":"peer_admitted","peer":33120,"slot":0,"a":0,"b":0}
18:17:33 A {"t":"event","at_ms":41912,"node":25344,"kind":"peer_refused","peer":29544,"slot":255,"a":1,"b":0}
18:17:33 A {"t":"event","at_ms":42188,"node":25344,"kind":"peer_admitted","peer":33120,"slot":0,"a":0,"b":0}
18:17:33 A {"t":"link","up_ms":42750,"node":25344,"peer":33120,"mac":"b8:1f:3f:da:81:60","state":"alive","epoch":144,"espnow_ver":2,"mtu":1446,"misses":0,"rssi":-33,"tx":{"frames":102,"cb_ok":102,"cb_fail":0,"enqueue_err":0,"pdr_ppm":1000000},"rx":{"frames":530,"lost_seqgap":0,"reorder_dup":1,"dropped_bad":0,"hb_lost":0,"bcast_frames":406,"pdr_ppm":1000000},"rtt":{"samples":40,"min_us":5607,"max_us":10613,"timeouts":0,"txq_last_us":0,"txq_max_us":0,"remote_turnaround_us":901,"remote_turnaround_max_us":923,"p50_us":[4000,6000],"p99_us":[8000,11000],"hist":[0,0,0,0,30,7,3,0,0,0,0,0,0,0,0,0]}}
18:17:33 A {"t":"auth","node":25344,"up_ms":42804,"enrolled":1,"required":1,"verified_peers":1,"verified":1,"cache_hits":21,"refused":22,"rate_limited":0,"stale_epoch":0,"verify_us_max":78001,"link_stack_free_b":1740,"crypto_stack_free_b":1300,"tags_ok":103,"bad_tag":0,"replayed":0,"untagged":0,"bcast_dropped":0,"beacon_epoch_ignored":0,"tag_us_max":764}
18:17:33 A {"t":"act","node":25344,"setpoint":0,"has_value":0,"writes_served":0}
18:17:33 A {"t":"ss","node":25344,"accepted":0,"unsigned":0,"unknown_sender":0,"bad_signature":0,"replayed":0,"rate_limited":0,"verify_us_max":0,"floors":[]}
18:17:33 A {"t":"node","up_ms":42856,"node":25344,"epoch":139,"peers_alive":1,"peers_dead":0,"no_radio":0,"free_dram":229360,"largest_block":180224,"rx":{"total":963,"bad_frame":0,"unknown_peer":432,"wrong_dst":0,"short_payload":0,"unknown_opcode":0,"queue_dropped":0},"tx":{"total":537,"enqueue_err":0,"done_queue_dropped":0},"membership":{"deaths":0,"revivals":0,"reboots_seen":0,"table_full":0,"events_dropped":0}}
18:17:33 A {"t":"ns","node":25344,"hash":2410274060,"owner":25344,"kind":"sampled","unit":100,"class":4,"bound_ms":0,"quality":"GOOD","age_ms":187,"ts":42708,"updates":4,"value":139}
18:17:33 A {"t":"ns","node":25344,"hash":1274253983,"owner":25344,"kind":"sampled","unit":0,"class":4,"bound_ms":5000,"quality":"GOOD","age_ms":201,"ts":42708,"updates":4,"value":-33}
18:17:33 A {"t":"ns","node":25344,"hash":3354298913,"owner":25344,"kind":"sampled","unit":100,"class":4,"bound_ms":5000,"quality":"GOOD","age_ms":214,"ts":42708,"updates":4,"value":1}
18:17:33 A {"t":"ns","node":25344,"hash":1771187623,"owner":25344,"kind":"sampled","unit":101,"class":4,"bound_ms":30000,"quality":"GOOD","age_ms":228,"ts":42708,"updates":4,"value":229360}
18:17:33 A {"t":"ns","node":25344,"hash":2033492666,"owner":25344,"kind":"sampled","unit":0,"class":3,"bound_ms":0,"quality":"NO_DATA","age_ms":0,"ts":0,"updates":0,"value":null}
18:17:33 A {"t":"ns","node":25344,"hash":4103947588,"owner":25344,"kind":"sampled","unit":80,"class":4,"bound_ms":30000,"quality":"GOOD","age_ms":256,"ts":42708,"updates":4,"value":42}
18:17:33 A {"t":"ns","node":25344,"hash":1662441583,"owner":25344,"kind":"sampled","unit":101,"class":4,"bound_ms":30000,"quality":"GOOD","age_ms":270,"ts":42708,"updates":4,"value":180224}
18:17:34 C {"t":"event","at_ms":32742,"node":33120,"kind":"safe_state_rx","peer":25344,"slot":0,"a":1,"b":4}
18:17:34 C {"t":"event","at_ms":33469,"node":33120,"kind":"peer_admitted","peer":25344,"slot":0,"a":0,"b":0}
18:17:34 C {"t":"event","at_ms":33600,"node":33120,"kind":"peer_refused","peer":29544,"slot":255,"a":1,"b":0}
18:17:34 C {"t":"event","at_ms":35469,"node":33120,"kind":"peer_admitted","peer":25344,"slot":0,"a":0,"b":0}
18:17:34 C {"t":"event","at_ms":37469,"node":33120,"kind":"peer_admitted","peer":25344,"slot":0,"a":0,"b":0}
18:17:34 C {"t":"event","at_ms":39469,"node":33120,"kind":"peer_admitted","peer":25344,"slot":0,"a":0,"b":0}
18:17:34 C {"t":"event","at_ms":41469,"node":33120,"kind":"peer_admitted","peer":25344,"slot":0,"a":0,"b":0}
18:17:34 C {"t":"link","up_ms":42813,"node":33120,"peer":25344,"mac":"b8:1f:3f:da:63:00","state":"alive","epoch":139,"espnow_ver":2,"mtu":1446,"misses":0,"rssi":-31,"tx":{"frames":104,"cb_ok":104,"cb_fail":0,"enqueue_err":0,"pdr_ppm":1000000},"rx":{"frames":539,"lost_seqgap":0,"reorder_dup":0,"dropped_bad":0,"hb_lost":1,"bcast_frames":412,"pdr_ppm":1000000},"rtt":{"samples":41,"min_us":5717,"max_us":38848,"timeouts":0,"txq_last_us":0,"txq_max_us":0,"remote_turnaround_us":910,"remote_turnaround_max_us":925,"p50_us":[4000,6000],"p99_us":[30000,42000],"hist":[0,0,0,0,28,7,4,1,0,0,1,0,0,0,0,0]}}
18:17:34 C {"t":"auth","node":33120,"up_ms":42866,"enrolled":1,"required":1,"verified_peers":1,"verified":1,"cache_hits":21,"refused":22,"rate_limited":0,"stale_epoch":0,"verify_us_max":87487,"link_stack_free_b":1740,"crypto_stack_free_b":1300,"tags_ok":103,"bad_tag":0,"replayed":0,"untagged":0,"bcast_dropped":0,"beacon_epoch_ignored":0,"tag_us_max":763}
18:17:34 C {"t":"act","node":33120,"setpoint":0,"has_value":0,"writes_served":0}
18:17:34 C {"t":"ss","node":33120,"accepted":1,"unsigned":0,"unknown_sender":0,"bad_signature":0,"replayed":1,"rate_limited":0,"verify_us_max":30453,"floors":[{"src":25344,"epoch":139,"counter":1}]}
18:17:34 C {"t":"node","up_ms":42919,"node":33120,"epoch":144,"peers_alive":1,"peers_dead":0,"no_radio":0,"free_dram":229348,"largest_block":180224,"rx":{"total":975,"bad_frame":0,"unknown_peer":436,"wrong_dst":0,"short_payload":0,"unknown_opcode":0,"queue_dropped":2},"tx":{"total":537,"enqueue_err":0,"done_queue_dropped":0},"membership":{"deaths":0,"revivals":0,"reboots_seen":0,"table_full":0,"events_dropped":0}}
18:17:34 C {"t":"ns","node":33120,"hash":13581963,"owner":33120,"kind":"sampled","unit":100,"class":4,"bound_ms":5000,"quality":"GOOD","age_ms":190,"ts":42757,"updates":4,"value":1}
18:17:34 C {"t":"ns","node":33120,"hash":3142365229,"owner":33120,"kind":"sampled","unit":101,"class":4,"bound_ms":30000,"quality":"GOOD","age_ms":204,"ts":42757,"updates":4,"value":180224}
18:17:34 C {"t":"ns","node":33120,"hash":2033492666,"owner":33120,"kind":"sampled","unit":0,"class":3,"bound_ms":0,"quality":"NO_DATA","age_ms":0,"ts":0,"updates":0,"value":null}
18:17:34 C {"t":"ns","node":33120,"hash":2347817554,"owner":33120,"kind":"sampled","unit":100,"class":4,"bound_ms":0,"quality":"GOOD","age_ms":243,"ts":42757,"updates":4,"value":144}
18:17:34 C {"t":"ns","node":33120,"hash":1170356950,"owner":33120,"kind":"sampled","unit":80,"class":4,"bound_ms":30000,"quality":"GOOD","age_ms":256,"ts":42757,"updates":4,"value":42}
18:17:34 C {"t":"ns","node":33120,"hash":3085599597,"owner":33120,"kind":"sampled","unit":0,"class":4,"bound_ms":5000,"quality":"GOOD","age_ms":270,"ts":42757,"updates":4,"value":-32}
18:17:34 C {"t":"ns","node":33120,"hash":2486014333,"owner":33120,"kind":"sampled","unit":101,"class":4,"bound_ms":30000,"quality":"GOOD","age_ms":284,"ts":42757,"updates":4,"value":229348}
