--- convergence
19:11:27 A naround_max_us":944,"p50_us":[4000,6000],"p99_us":[6000,8000],"hist":[0,0,0,0,12,1,0,0,0,0,0,0,0,0,0,0]}}
19:11:27 A {"t":"auth","node":25344,"up_ms":22288,"enrolled":1,"required":1,"verified_peers":1,"verified":2,"cache_hits":9,"refused":10,"rate_limited":0,"stale_epoch":0,"verify_us_max":87295,"link_stack_free_b":1748,"crypto_stack_free_b":1268,"tags_ok":36,"bad_tag":0,"replayed":0,"untagged":0,"bcast_dropped":0,"beacon_epoch_ignored":0,"tag_us_max":960}
19:11:27 A {"t":"act","node":25344,"setpoint":0,"has_value":0,"writes_served":0}
19:11:27 A {"t":"peers","node":25344,"own_period_ms":100,"own_busy":0,"list":[{"id":33120,"period_ms":100,"misses":6,"busy":0}]}
19:11:27 A {"t":"ss","node":25344,"accepted":0,"unsigned":0,"unknown_sender":0,"bad_signature":0,"replayed":0,"rate_limited":0,"verify_us_max":0,"floors":[]}
19:11:27 A {"t":"node","up_ms":22342,"node":25344,"epoch":144,"peers_alive":1,"peers_dead":0,"no_radio":0,"free_dram":229236,"largest_block":180224,"rx":{"total":394,"bad_frame":0,"unknown_peer":192,"wrong_dst":0,"short_payload":0,"unknown_opcode":0,"queue_dropped":9},"tx":{"total":262,"enqueue_err":0,"done_queue_dropped":0},"membership":{"deaths":1,"revivals":0,"reboots_seen":1,"table_full":0,"events_dropped":0}}
19:11:27 A {"t":"ns","node":25344,"hash":2410274060,"owner":25344,"kind":"sampled","unit":100,"class":4,"bound_ms":0,"quality":"GOOD","age_ms":201,"ts":22180,"updates":2,"value":144}
19:11:27 A {"t":"ns","node":25344,"hash":1274253983,"owner":25344,"kind":"sampled","unit":0,"class":4,"bound_ms":5000,"quality":"GOOD","age_ms":215,"ts":22180,"updates":2,"value":-35}
19:11:27 A {"t":"ns","node":25344,"hash":3354298913,"owner":25344,"kind":"sampled","unit":100,"class":4,"bound_ms":5000,"quality":"GOOD","age_ms":228,"ts":22180,"updates":2,"value":1}
19:11:27 A {"t":"ns","node":25344,"hash":1771187623,"owner":25344,"kind":"sampled","unit":101,"class":4,"bound_ms":30000,"quality":"GOOD","age_ms":242,"ts":22180,"updates":2,"value":229236}
19:11:27 A {"t":"ns","node":25344,"hash":2033492666,"owner":25344,"kind":"sampled","unit":0,"class":3,"bound_ms":0,"quality":"NO_DATA","age_ms":0,"ts":0,"updates":0,"value":null}
19:11:27 A {"t":"ns","node":25344,"hash":4103947588,"owner":25344,"kind":"sampled","unit":80,"class":4,"bound_ms":30000,"quality":"GOOD","age_ms":280,"ts":22180,"updates":2,"value":22}
19:11:27 A {"t":"ns","node":25344,"hash":1662441583,"owner":25344,"kind":"sampled","unit":101,"class":4,"bound_ms":30000,"quality":"GOOD","age_ms":294,"ts":22180,"updates":2,"value":180224}
19:11:33 C {"t":"event","at_ms":12483,"node":33120,"kind":"peer_refused","peer":29544,"slot":255,"a":1,"b":0}
19:11:33 C {"t":"event","at_ms":13554,"node":33120,"kind":"peer_admitted","peer":25344,"slot":0,"a":0,"b":0}
19:11:33 C {"t":"event","at_ms":15554,"node":33120,"kind":"peer_admitted","peer":25344,"slot":0,"a":0,"b":0}
19:11:33 C {"t":"event","at_ms":17554,"node":33120,"kind":"peer_admitted","peer":25344,"slot":0,"a":0,"b":0}
19:11:33 C {"t":"event","at_ms":19554,"node":33120,"kind":"peer_admitted","peer":25344,"slot":0,"a":0,"b":0}
19:11:33 C {"t":"event","at_ms":21554,"node":33120,"kind":"peer_admitted","peer":25344,"slot":0,"a":0,"b":0}
19:11:33 C {"t":"link","up_ms":22169,"node":33120,"peer":25344,"mac":"b8:1f:3f:da:63:00","state":"alive","epoch":144,"espnow_ver":2,"mtu":1446,"misses":0,"rssi":-34,"tx":{"frames":47,"cb_ok":47,"cb_fail":0,"enqueue_err":0,"pdr_ppm":1000000},"rx":{"frames":243,"lost_seqgap":7,"reorder_dup":0,"dropped_bad":0,"hb_lost":0,"bcast_frames":186,"pdr_ppm":972000},"rtt":{"samples":19,"min_us":5761,"max_us":24182,"timeouts":0,"txq_last_us":19165,"txq_max_us":19165,"remote_turnaround_us":916,"remote_turnaround_max_us":932,"p50_us":[4000,6000],"p99_us":[22000,30000],"hist":[0,0,0,0,14,4,0,0,0,1,0,0,0,0,0,0]}}
19:11:33 C {"t":"auth","node":33120,"up_ms":22222,"enrolled":1,"required":1,"verified_peers":1,"verified":1,"cache_hits":9,"refused":11,"rate_limited":0,"stale_epoch":0,"verify_us_max":78675,"link_stack_free_b":1732,"crypto_stack_free_b":1268,"tags_ok":47,"bad_tag":0,"replayed":0,"untagged":0,"bcast_dropped":0,"beacon_epoch_ignored":0,"tag_us_max":764}
19:11:33 C {"t":"act","node":33120,"setpoint":0,"has_value":0,"writes_served":0}
19:11:33 C {"t":"peers","node":33120,"own_period_ms":100,"own_busy":0,"list":[{"id":25344,"period_ms":100,"misses":6,"busy":0}]}
19:11:33 C {"t":"ss","node":33120,"accepted":0,"unsigned":0,"unknown_sender":0,"bad_signature":0,"replayed":0,"rate_limited":0,"verify_us_max":0,"floors":[{"src":25344,"epoch":139,"counter":1}]}
19:11:33 C {"t":"node","up_ms":22289,"node":33120,"epoch":150,"peers_alive":1,"peers_dead":0,"no_radio":0,"free_dram":229248,"largest_block":180224,"rx":{"total":489,"bad_frame":0,"unknown_peer":246,"wrong_dst":0,"short_payload":0,"unknown_opcode":0,"queue_dropped":28},"tx":{"total":264,"enqueue_err":0,"done_queue_dropped":0},"membership":{"deaths":0,"revivals":0,"reboots_seen":0,"table_full":0,"events_dropped":0}}
19:11:33 C {"t":"ns","node":33120,"hash":13581963,"owner":33120,"kind":"sampled","unit":100,"class":4,"bound_ms":5000,"quality":"GOOD","age_ms":201,"ts":22127,"updates":2,"value":1}
19:11:33 C {"t":"ns","node":33120,"hash":3142365229,"owner":33120,"kind":"sampled","unit":101,"class":4,"bound_ms":30000,"quality":"GOOD","age_ms":215,"ts":22127,"updates":2,"value":180224}
19:11:33 C {"t":"ns","node":33120,"hash":2033492666,"owner":33120,"kind":"sampled","unit":0,"class":3,"bound_ms":0,"quality":"NO_DATA","age_ms":0,"ts":0,"updates":0,"value":null}
19:11:33 C {"t":"ns","node":33120,"hash":2347817554,"owner":33120,"kind":"sampled","unit":100,"class":4,"bound_ms":0,"quality":"GOOD","age_ms":242,"ts":22127,"updates":2,"value":150}
19:11:33 C {"t":"ns","node":33120,"hash":1170356950,"owner":33120,"kind":"sampled","unit":80,"class":4,"bound_ms":30000,"quality":"GOOD","age_ms":256,"ts":22127,"updates":2,"value":22}
19:11:33 C {"t":"ns","node":33120,"hash":3085599597,"owner":33120,"kind":"sampled","unit":0,"class":4,"bound_ms":5000,"quality":"GOOD","age_ms":269,"ts":22127,"updates":2,"value":-34}
19:11:33 C {"t":"ns","node":33120,"hash":2486014333,"owner":33120,"kind":"sampled","unit":101,"class":4,"bound_ms":30000,"quality":"GOOD","age_ms":283,"ts":22127,"updates":2,"value":229248}
19:11:37 A {"t":"event","at_ms":24106,"node":25344,"kind":"peer_admitted","peer":33120,"slot":0,"a":0,"b":0}
19:11:37 A {"t":"event","at_ms":24797,"node":25344,"kind":"peer_refused","peer":29544,"slot":255,"a":1,"b":0}
19:11:37 A {"t":"event","at_ms":26106,"node":25344,"kind":"peer_admitted","peer":33120,"slot":0,"a":0,"b":0}
19:11:37 A {"t":"event","at_ms":28108,"node":25344,"kind":"peer_admitted","peer":33120,"slot":0,"a":0,"b":0}
19:11:37 A {"t":"event","at_ms":30105,"node":25344,"kind":"peer_admitted","peer":33120,"slot":0,"a":0,"b":0}
19:11:37 A {"t":"event","at_ms":32105,"node":25344,"kind":"peer_admitted","peer":33120,"slot":0,"a":0,"b":0}
19:11:37 A {"t":"link","up_ms":32531,"node":25344,"peer":33120,"mac":"b8:1f:3f:da:81:60","state":"alive","epoch":150,"espnow_ver":2,"mtu":1446,"misses":0,"rssi":-34,"tx":{"frames":70,"cb_ok":67,"cb_fail":3,"enqueue_err":0,"pdr_ppm":957142},"rx":{"frames":335,"lost_seqgap":0,"reorder_dup":3,"dropped_bad":0,"hb_lost":9,"bcast_frames":258,"pdr_ppm":1000000},"rtt":{"samples":23,"min_us":5715,"max_us":7092,"timeouts":6,"txq_last_us":0,"txq_max_us":0,"remote_turnaround_us":929,"remote_turnaround_max_us":975,"p50_us":[4000,6000],"p99_us":[6000,8000],"hist":[0,0,0,0,19,4,0,0,0,0,0,0,0,0,0,0]}}
19:11:37 A {"t":"auth","node":25344,"up_ms":32584,"enrolled":1,"required":1,"verified_peers":1,"verified":2,"cache_hits":14,"refused":15,"rate_limited":0,"stale_epoch":0,"verify_us_max":87295,"link_stack_free_b":1748,"crypto_stack_free_b":1268,"tags_ok":61,"bad_tag":0,"replayed":0,"untagged":0,"bcast_dropped":0,"beacon_epoch_ignored":0,"tag_us_max":960}
19:11:37 A {"t":"act","node":25344,"setpoint":0,"has_value":0,"writes_served":0}
19:11:37 A {"t":"peers","node":25344,"own_period_ms":100,"own_busy":0,"list":[{"id":33120,"period_ms":100,"misses":6,"busy":0}]}
19:11:37 A {"t":"ss","node":25344,"accepted":0,"unsigned":0,"unknown_sender":0,"bad_signature":0,"replayed":0,"rate_limited":0,"verify_us_max":0,"floors":[]}
19:11:37 A {"t":"node","up_ms":32649,"node":25344,"epoch":144,"peers_alive":1,"peers_dead":0,"no_radio":0,"free_dram":229236,"largest_block":180224,"rx":{"total":635,"bad_frame":0,"unknown_peer":300,"wrong_dst":0,"short_payload":0,"unknown_opcode":0,"queue_dropped":9},"tx":{"total":396,"enqueue_err":0,"done_queue_dropped":0},"membership":{"deaths":1,"revivals":0,"reboots_seen":1,"table_full":0,"events_dropped":0}}
19:11:37 A {"t":"ns","node":25344,"hash":2410274060,"owner":25344,"kind":"sampled","unit":100,"class":4,"bound_ms":0,"quality":"GOOD","age_ms":188,"ts":32489,"updates":3,"value":144}
19:11:37 A {"t":"ns","node":25344,"hash":1274253983,"owner":25344,"kind":"sampled","unit":0,"class":4,"bound_ms":5000,"quality":"GOOD","age_ms":202,"ts":32489,"updates":3,"value":-34}
19:11:37 A {"t":"ns","node":25344,"hash":3354298913,"owner":25344,"kind":"sampled","unit":100,"class":4,"bound_ms":5000,"quality":"GOOD","age_ms":227,"ts":32489,"updates":3,"value":1}
19:11:37 A {"t":"ns","node":25344,"hash":1771187623,"owner":25344,"kind":"sampled","unit":101,"class":4,"bound_ms":30000,"quality":"GOOD","age_ms":240,"ts":32489,"updates":3,"value":229236}
19:11:37 A {"t":"ns","node":25344,"hash":2033492666,"owner":25344,"kind":"sampled","unit":0,"class":3,"bound_ms":0,"quality":"NO_DATA","age_ms":0,"ts":0,"updates":0,"value":null}
19:11:37 A {"t":"ns","node":25344,"hash":4103947588,"owner":25344,"kind":"sampled","unit":80,"class":4,"bound_ms":30000,"quality":"GOOD","age_ms":268,"ts":32489,"updates":3,"value":32}
19:11:37 A {"t":"ns","node":25344,"hash":1662441583,"owner":25344,"kind":"sampled","unit":101,"class":4,"bound_ms":30000,"quality":"GOOD","age_ms":281,"ts":32489,"updates":3,"value":180224}
--- A asked for 1000 ms x 6 (looser): announced now, applied after 600 ms + 2 x 2000 ms
19:11:38 A {"t":"test","cmd":"window","period_ms":1000,"misses":6,"ok":1}
19:11:43 C {"t":"event","at_ms":22483,"node":33120,"kind":"peer_refused","peer":29544,"slot":255,"a":1,"b":0}
19:11:43 C {"t":"event","at_ms":23554,"node":33120,"kind":"peer_admitted","peer":25344,"slot":0,"a":0,"b":0}
19:11:43 C {"t":"event","at_ms":25554,"node":33120,"kind":"peer_admitted","peer":25344,"slot":0,"a":0,"b":0}
19:11:43 C {"t":"event","at_ms":27554,"node":33120,"kind":"peer_admitted","peer":25344,"slot":0,"a":0,"b":0}
19:11:43 C {"t":"event","at_ms":28091,"node":33120,"kind":"peer_admitted","peer":25344,"slot":0,"a":0,"b":0}
19:11:43 C {"t":"event","at_ms":28093,"node":33120,"kind":"peer_admitted","peer":25344,"slot":0,"a":0,"b":0}
19:11:43 C {"t":"event","at_ms":28185,"node":33120,"kind":"peer_admitted","peer":25344,"slot":0,"a":0,"b":0}
19:11:43 C {"t":"event","at_ms":29554,"node":33120,"kind":"peer_admitted","peer":25344,"slot":0,"a":0,"b":0}
19:11:43 C {"t":"event","at_ms":31554,"node":33120,"kind":"peer_admitted","peer":25344,"slot":0,"a":0,"b":0}
19:11:43 C {"t":"event","at_ms":32483,"node":33120,"kind":"peer_refused","peer":29544,"slot":255,"a":1,"b":0}
19:11:43 C {"t":"link","up_ms":32518,"node":33120,"peer":25344,"mac":"b8:1f:3f:da:63:00","state":"alive","epoch":144,"espnow_ver":2,"mtu":1446,"misses":0,"rssi":-33,"tx":{"frames":76,"cb_ok":76,"cb_fail":0,"enqueue_err":0,"pdr_ppm":1000000},"rx":{"frames":380,"lost_seqgap":7,"reorder_dup":0,"dropped_bad":0,"hb_lost":0,"bcast_frames":289,"pdr_ppm":981912},"rtt":{"samples":29,"min_us":5761,"max_us":24182,"timeouts":0,"txq_last_us":19165,"txq_max_us":19165,"remote_turnaround_us":914,"remote_turnaround_max_us":932,"p50_us":[4000,6000],"p99_us":[22000,30000],"hist":[0,0,0,0,22,6,0,0,0,1,0,0,0,0,0,0]}}
19:11:43 C {"t":"auth","node":33120,"up_ms":32571,"enrolled":1,"required":1,"verified_peers":1,"verified":2,"cache_hits":16,"refused":17,"rate_limited":0,"stale_epoch":0,"verify_us_max":78675,"link_stack_free_b":1732,"crypto_stack_free_b":1268,"tags_ok":73,"bad_tag":0,"replayed":0,"untagged":0,"bcast_dropped":0,"beacon_epoch_ignored":0,"tag_us_max":792}
19:11:43 C {"t":"act","node":33120,"setpoint":0,"has_value":0,"writes_served":0}
19:11:43 C {"t":"peers","node":33120,"own_period_ms":100,"own_busy":0,"list":[{"id":25344,"period_ms":1000,"misses":6,"busy":0}]}
19:11:43 C {"t":"ss","node":33120,"accepted":0,"unsigned":0,"unknown_sender":0,"bad_signature":0,"replayed":0,"rate_limited":0,"verify_us_max":0,"floors":[{"src":25344,"epoch":139,"counter":1}]}
19:11:43 C {"t":"node","up_ms":32637,"node":33120,"epoch":150,"peers_alive":1,"peers_dead":0,"no_radio":0,"free_dram":229248,"largest_block":180224,"rx":{"total":735,"bad_frame":0,"unknown_peer":355,"wrong_dst":0,"short_payload":0,"unknown_opcode":0,"queue_dropped":28},"tx":{"total":401,"enqueue_err":0,"done_queue_dropped":0},"membership":{"deaths":0,"revivals":0,"reboots_seen":0,"table_full":0,"events_dropped":0}}
19:11:43 C {"t":"ns","node":33120,"hash":13581963,"owner":33120,"kind":"sampled","unit":100,"class":4,"bound_ms":5000,"quality":"GOOD","age_ms":228,"ts":32437,"updates":3,"value":1}
19:11:43 C {"t":"ns","node":33120,"hash":3142365229,"owner":33120,"kind":"sampled","unit":101,"class":4,"bound_ms":30000,"quality":"GOOD","age_ms":242,"ts":32437,"updates":3,"value":180224}
19:11:43 C {"t":"ns","node":33120,"hash":2033492666,"owner":33120,"kind":"sampled","unit":0,"class":3,"bound_ms":0,"quality":"NO_DATA","age_ms":0,"ts":0,"updates":0,"value":null}
19:11:43 C {"t":"ns","node":33120,"hash":2347817554,"owner":33120,"kind":"sampled","unit":100,"class":4,"bound_ms":0,"quality":"GOOD","age_ms":280,"ts":32437,"updates":3,"value":150}
19:11:43 C {"t":"ns","node":33120,"hash":1170356950,"owner":33120,"kind":"sampled","unit":80,"class":4,"bound_ms":30000,"quality":"GOOD","age_ms":294,"ts":32437,"updates":3,"value":32}
19:11:43 C {"t":"ns","node":33120,"hash":3085599597,"owner":33120,"kind":"sampled","unit":0,"class":4,"bound_ms":5000,"quality":"GOOD","age_ms":307,"ts":32437,"updates":3,"value":-33}
19:11:43 C {"t":"ns","node":33120,"hash":2486014333,"owner":33120,"kind":"sampled","unit":101,"class":4,"bound_ms":30000,"quality":"GOOD","age_ms":321,"ts":32437,"updates":3,"value":228996}
19:11:47 A {"t":"event","at_ms":34105,"node":25344,"kind":"peer_admitted","peer":33120,"slot":0,"a":0,"b":0}
19:11:47 A {"t":"event","at_ms":34800,"node":25344,"kind":"peer_refused","peer":29544,"slot":255,"a":1,"b":0}
19:11:47 A {"t":"event","at_ms":36105,"node":25344,"kind":"peer_admitted","peer":33120,"slot":0,"a":0,"b":0}
19:11:47 A {"t":"event","at_ms":38105,"node":25344,"kind":"peer_admitted","peer":33120,"slot":0,"a":0,"b":0}
19:11:47 A {"t":"event","at_ms":40105,"node":25344,"kind":"peer_admitted","peer":33120,"slot":0,"a":0,"b":0}
19:11:47 A {"t":"event","at_ms":42105,"node":25344,"kind":"peer_admitted","peer":33120,"slot":0,"a":0,"b":0}
19:11:47 A {"t":"link","up_ms":42827,"node":25344,"peer":33120,"mac":"b8:1f:3f:da:81:60","state":"alive","epoch":150,"espnow_ver":2,"mtu":1446,"misses":0,"rssi":-35,"tx":{"frames":96,"cb_ok":93,"cb_fail":3,"enqueue_err":0,"pdr_ppm":968750},"rx":{"frames":472,"lost_seqgap":0,"reorder_dup":3,"dropped_bad":0,"hb_lost":9,"bcast_frames":361,"pdr_ppm":1000000},"rtt":{"samples":34,"min_us":5715,"max_us":8238,"timeouts":6,"txq_last_us":0,"txq_max_us":0,"remote_turnaround_us":956,"remote_turnaround_max_us":975,"p50_us":[4000,6000],"p99_us":[8000,11000],"hist":[0,0,0,0,25,8,1,0,0,0,0,0,0,0,0,0]}}
19:11:47 A {"t":"auth","node":25344,"up_ms":42880,"enrolled":1,"required":1,"verified_peers":1,"verified":2,"cache_hits":19,"refused":21,"rate_limited":0,"stale_epoch":0,"verify_us_max":87295,"link_stack_free_b":1748,"crypto_stack_free_b":1268,"tags_ok":90,"bad_tag":0,"replayed":0,"untagged":0,"bcast_dropped":0,"beacon_epoch_ignored":0,"tag_us_max":960}
19:11:47 A {"t":"act","node":25344,"setpoint":0,"has_value":0,"writes_served":0}
19:11:47 A {"t":"peers","node":25344,"own_period_ms":1000,"own_busy":0,"list":[{"id":33120,"period_ms":100,"misses":6,"busy":0}]}
19:11:47 A {"t":"ss","node":25344,"accepted":0,"unsigned":0,"unknown_sender":0,"bad_signature":0,"replayed":0,"rate_limited":0,"verify_us_max":0,"floors":[]}
19:11:47 A {"t":"node","up_ms":42945,"node":25344,"epoch":144,"peers_alive":1,"peers_dead":0,"no_radio":0,"free_dram":229236,"largest_block":180224,"rx":{"total":881,"bad_frame":0,"unknown_peer":409,"wrong_dst":0,"short_payload":0,"unknown_opcode":0,"queue_dropped":9},"tx":{"total":496,"enqueue_err":0,"done_queue_dropped":0},"membership":{"deaths":1,"revivals":0,"reboots_seen":1,"table_full":0,"events_dropped":0}}
19:11:47 A {"t":"ns","node":25344,"hash":2410274060,"owner":25344,"kind":"sampled","unit":100,"class":4,"bound_ms":0,"quality":"GOOD","age_ms":188,"ts":42785,"updates":4,"value":144}
19:11:47 A {"t":"ns","node":25344,"hash":1274253983,"owner":25344,"kind":"sampled","unit":0,"class":4,"bound_ms":5000,"quality":"GOOD","age_ms":202,"ts":42785,"updates":4,"value":-35}
19:11:47 A {"t":"ns","node":25344,"hash":3354298913,"owner":25344,"kind":"sampled","unit":100,"class":4,"bound_ms":5000,"quality":"GOOD","age_ms":227,"ts":42785,"updates":4,"value":1}
19:11:47 A {"t":"ns","node":25344,"hash":1771187623,"owner":25344,"kind":"sampled","unit":101,"class":4,"bound_ms":30000,"quality":"GOOD","age_ms":240,"ts":42785,"updates":4,"value":229236}
19:11:47 A {"t":"ns","node":25344,"hash":2033492666,"owner":25344,"kind":"sampled","unit":0,"class":3,"bound_ms":0,"quality":"NO_DATA","age_ms":0,"ts":0,"updates":0,"value":null}
19:11:47 A {"t":"ns","node":25344,"hash":4103947588,"owner":25344,"kind":"sampled","unit":80,"class":4,"bound_ms":30000,"quality":"GOOD","age_ms":267,"ts":42785,"updates":4,"value":42}
19:11:47 A {"t":"ns","node":25344,"hash":1662441583,"owner":25344,"kind":"sampled","unit":101,"class":4,"bound_ms":30000,"quality":"GOOD","age_ms":281,"ts":42785,"updates":4,"value":180224}
--- 40 s at A's 1 s heartbeat: C must declare no death
19:11:54 C {"t":"event","at_ms":33554,"node":33120,"kind":"peer_admitted","peer":25344,"slot":0,"a":0,"b":0}
19:11:54 C {"t":"event","at_ms":35554,"node":33120,"kind":"peer_admitted","peer":25344,"slot":0,"a":0,"b":0}
19:11:54 C {"t":"event","at_ms":37554,"node":33120,"kind":"peer_admitted","peer":25344,"slot":0,"a":0,"b":0}
19:11:54 C {"t":"event","at_ms":39554,"node":33120,"kind":"peer_admitted","peer":25344,"slot":0,"a":0,"b":0}
19:11:54 C {"t":"event","at_ms":41554,"node":33120,"kind":"peer_admitted","peer":25344,"slot":0,"a":0,"b":0}
19:11:54 C {"t":"event","at_ms":42483,"node":33120,"kind":"peer_refused","peer":29544,"slot":255,"a":1,"b":0}
19:11:54 C {"t":"link","up_ms":42814,"node":33120,"peer":25344,"mac":"b8:1f:3f:da:63:00","state":"alive","epoch":144,"espnow_ver":2,"mtu":1446,"misses":0,"rssi":-33,"tx":{"frames":102,"cb_ok":102,"cb_fail":0,"enqueue_err":0,"pdr_ppm":1000000},"rx":{"frames":421,"lost_seqgap":7,"reorder_dup":0,"dropped_bad":0,"hb_lost":1,"bcast_frames":299,"pdr_ppm":983644},"rtt":{"samples":40,"min_us":5635,"max_us":24182,"timeouts":0,"txq_last_us":19165,"txq_max_us":19165,"remote_turnaround_us":921,"remote_turnaround_max_us":992,"p50_us":[4000,6000],"p99_us":[22000,30000],"hist":[0,0,0,0,30,9,0,0,0,1,0,0,0,0,0,0]}}
19:11:54 C {"t":"auth","node":33120,"up_ms":42867,"enrolled":1,"required":1,"verified_peers":1,"verified":2,"cache_hits":21,"refused":22,"rate_limited":0,"stale_epoch":0,"verify_us_max":78675,"link_stack_free_b":1732,"crypto_stack_free_b":1268,"tags_ok":99,"bad_tag":0,"replayed":0,"untagged":0,"bcast_dropped":0,"beacon_epoch_ignored":0,"tag_us_max":792}
19:11:54 C {"t":"act","node":33120,"setpoint":0,"has_value":0,"writes_served":0}
19:11:54 C {"t":"peers","node":33120,"own_period_ms":100,"own_busy":0,"list":[{"id":25344,"period_ms":1000,"misses":6,"busy":0}]}
19:11:54 C {"t":"ss","node":33120,"accepted":0,"unsigned":0,"unknown_sender":0,"bad_signature":0,"replayed":0,"rate_limited":0,"verify_us_max":0,"floors":[{"src":25344,"epoch":139,"counter":1}]}
19:11:54 C {"t":"node","up_ms":42933,"node":33120,"epoch":150,"peers_alive":1,"peers_dead":0,"no_radio":0,"free_dram":229248,"largest_block":180224,"rx":{"total":883,"bad_frame":0,"unknown_peer":463,"wrong_dst":0,"short_payload":0,"unknown_opcode":0,"queue_dropped":28},"tx":{"total":535,"enqueue_err":0,"done_queue_dropped":0},"membership":{"deaths":0,"revivals":0,"reboots_seen":0,"table_full":0,"events_dropped":0}}
19:11:54 C {"t":"ns","node":33120,"hash":13581963,"owner":33120,"kind":"sampled","unit":100,"class":4,"bound_ms":5000,"quality":"GOOD","age_ms":200,"ts":42772,"updates":4,"value":1}
19:11:54 C {"t":"ns","node":33120,"hash":3142365229,"owner":33120,"kind":"sampled","unit":101,"class":4,"bound_ms":30000,"quality":"GOOD","age_ms":214,"ts":42772,"updates":4,"value":180224}
19:11:54 C {"t":"ns","node":33120,"hash":2033492666,"owner":33120,"kind":"sampled","unit":0,"class":3,"bound_ms":0,"quality":"NO_DATA","age_ms":0,"ts":0,"updates":0,"value":null}
19:11:54 C {"t":"ns","node":33120,"hash":2347817554,"owner":33120,"kind":"sampled","unit":100,"class":4,"bound_ms":0,"quality":"GOOD","age_ms":241,"ts":42772,"updates":4,"value":150}
19:11:54 C {"t":"ns","node":33120,"hash":1170356950,"owner":33120,"kind":"sampled","unit":80,"class":4,"bound_ms":30000,"quality":"GOOD","age_ms":254,"ts":42772,"updates":4,"value":42}
19:11:54 C {"t":"ns","node":33120,"hash":3085599597,"owner":33120,"kind":"sampled","unit":0,"class":4,"bound_ms":5000,"quality":"GOOD","age_ms":268,"ts":42772,"updates":4,"value":-33}
19:11:54 C {"t":"ns","node":33120,"hash":2486014333,"owner":33120,"kind":"sampled","unit":101,"class":4,"bound_ms":30000,"quality":"GOOD","age_ms":282,"ts":42772,"updates":4,"value":229248}
19:11:57 A {"t":"event","at_ms":44105,"node":25344,"kind":"peer_admitted","peer":33120,"slot":0,"a":0,"b":0}
19:11:57 A {"t":"event","at_ms":46105,"node":25344,"kind":"peer_admitted","peer":33120,"slot":0,"a":0,"b":0}
19:11:57 A {"t":"event","at_ms":46797,"node":25344,"kind":"peer_refused","peer":29544,"slot":255,"a":1,"b":0}
19:11:57 A {"t":"event","at_ms":48105,"node":25344,"kind":"peer_admitted","peer":33120,"slot":0,"a":0,"b":0}
19:11:57 A {"t":"event","at_ms":50105,"node":25344,"kind":"peer_admitted","peer":33120,"slot":0,"a":0,"b":0}
19:11:57 A {"t":"event","at_ms":52105,"node":25344,"kind":"peer_admitted","peer":33120,"slot":0,"a":0,"b":0}
19:11:57 A {"t":"link","up_ms":53123,"node":25344,"peer":33120,"mac":"b8:1f:3f:da:81:60","state":"alive","epoch":150,"espnow_ver":2,"mtu":1446,"misses":0,"rssi":-34,"tx":{"frames":122,"cb_ok":119,"cb_fail":3,"enqueue_err":0,"pdr_ppm":975409},"rx":{"frames":606,"lost_seqgap":0,"reorder_dup":3,"dropped_bad":0,"hb_lost":9,"bcast_frames":464,"pdr_ppm":1000000},"rtt":{"samples":44,"min_us":5715,"max_us":8238,"timeouts":6,"txq_last_us":0,"txq_max_us":0,"remote_turnaround_us":969,"remote_turnaround_max_us":975,"p50_us":[4000,6000],"p99_us":[8000,11000],"hist":[0,0,0,0,35,8,1,0,0,0,0,0,0,0,0,0]}}
19:11:57 A {"t":"auth","node":25344,"up_ms":53176,"enrolled":1,"required":1,"verified_peers":1,"verified":2,"cache_hits":24,"refused":26,"rate_limited":0,"stale_epoch":0,"verify_us_max":87295,"link_stack_free_b":1748,"crypto_stack_free_b":1268,"tags_ok":116,"bad_tag":0,"replayed":0,"untagged":0,"bcast_dropped":0,"beacon_epoch_ignored":0,"tag_us_max":960}
19:11:57 A {"t":"act","node":25344,"setpoint":0,"has_value":0,"writes_served":0}
19:11:57 A {"t":"peers","node":25344,"own_period_ms":1000,"own_busy":0,"list":[{"id":33120,"period_ms":100,"misses":6,"busy":0}]}
19:11:57 A {"t":"ss","node":25344,"accepted":0,"unsigned":0,"unknown_sender":0,"bad_signature":0,"replayed":0,"rate_limited":0,"verify_us_max":0,"floors":[]}
19:11:57 A {"t":"node","up_ms":53241,"node":25344,"epoch":144,"peers_alive":1,"peers_dead":0,"no_radio":0,"free_dram":229236,"largest_block":180224,"rx":{"total":1122,"bad_frame":0,"unknown_peer":516,"wrong_dst":0,"short_payload":0,"unknown_opcode":0,"queue_dropped":9},"tx":{"total":537,"enqueue_err":0,"done_queue_dropped":0},"membership":{"deaths":1,"revivals":0,"reboots_seen":1,"table_full":0,"events_dropped":0}}
19:11:57 A {"t":"ns","node":25344,"hash":2410274060,"owner":25344,"kind":"sampled","unit":100,"class":4,"bound_ms":0,"quality":"GOOD","age_ms":188,"ts":53081,"updates":5,"value":144}
19:11:57 A {"t":"ns","node":25344,"hash":1274253983,"owner":25344,"kind":"sampled","unit":0,"class":4,"bound_ms":5000,"quality":"GOOD","age_ms":202,"ts":53081,"updates":5,"value":-34}
19:11:57 A {"t":"ns","node":25344,"hash":3354298913,"owner":25344,"kind":"sampled","unit":100,"class":4,"bound_ms":5000,"quality":"GOOD","age_ms":227,"ts":53081,"updates":5,"value":1}
19:11:57 A {"t":"ns","node":25344,"hash":1771187623,"owner":25344,"kind":"sampled","unit":101,"class":4,"bound_ms":30000,"quality":"GOOD","age_ms":240,"ts":53081,"updates":5,"value":228984}
19:11:57 A {"t":"ns","node":25344,"hash":2033492666,"owner":25344,"kind":"sampled","unit":0,"class":3,"bound_ms":0,"quality":"NO_DATA","age_ms":0,"ts":0,"updates":0,"value":null}
19:11:57 A {"t":"ns","node":25344,"hash":4103947588,"owner":25344,"kind":"sampled","unit":80,"class":4,"bound_ms":30000,"quality":"GOOD","age_ms":268,"ts":53081,"updates":5,"value":53}
19:11:57 A {"t":"ns","node":25344,"hash":1662441583,"owner":25344,"kind":"sampled","unit":101,"class":4,"bound_ms":30000,"quality":"GOOD","age_ms":281,"ts":53081,"updates":5,"value":180224}
19:12:04 C {"t":"event","at_ms":43554,"node":33120,"kind":"peer_admitted","peer":25344,"slot":0,"a":0,"b":0}
19:12:04 C {"t":"event","at_ms":45554,"node":33120,"kind":"peer_admitted","peer":25344,"slot":0,"a":0,"b":0}
19:12:04 C {"t":"event","at_ms":47554,"node":33120,"kind":"peer_admitted","peer":25344,"slot":0,"a":0,"b":0}
19:12:04 C {"t":"event","at_ms":49554,"node":33120,"kind":"peer_admitted","peer":25344,"slot":0,"a":0,"b":0}
19:12:04 C {"t":"event","at_ms":51554,"node":33120,"kind":"peer_admitted","peer":25344,"slot":0,"a":0,"b":0}
19:12:04 C {"t":"event","at_ms":52483,"node":33120,"kind":"peer_refused","peer":29544,"slot":255,"a":1,"b":0}
19:12:04 C {"t":"link","up_ms":53121,"node":33120,"peer":25344,"mac":"b8:1f:3f:da:63:00","state":"alive","epoch":144,"espnow_ver":2,"mtu":1446,"misses":0,"rssi":-33,"tx":{"frames":127,"cb_ok":127,"cb_fail":0,"enqueue_err":0,"pdr_ppm":1000000},"rx":{"frames":461,"lost_seqgap":7,"reorder_dup":0,"dropped_bad":0,"hb_lost":1,"bcast_frames":309,"pdr_ppm":985042},"rtt":{"samples":50,"min_us":5635,"max_us":24182,"timeouts":0,"txq_last_us":19165,"txq_max_us":19165,"remote_turnaround_us":919,"remote_turnaround_max_us":992,"p50_us":[4000,6000],"p99_us":[22000,30000],"hist":[0,0,0,0,38,11,0,0,0,1,0,0,0,0,0,0]}}
19:12:04 C {"t":"auth","node":33120,"up_ms":53174,"enrolled":1,"required":1,"verified_peers":1,"verified":2,"cache_hits":26,"refused":27,"rate_limited":0,"stale_epoch":0,"verify_us_max":78675,"link_stack_free_b":1732,"crypto_stack_free_b":1268,"tags_ok":124,"bad_tag":0,"replayed":0,"untagged":0,"bcast_dropped":0,"beacon_epoch_ignored":0,"tag_us_max":792}
19:12:04 C {"t":"act","node":33120,"setpoint":0,"has_value":0,"writes_served":0}
19:12:04 C {"t":"peers","node":33120,"own_period_ms":100,"own_busy":0,"list":[{"id":25344,"period_ms":1000,"misses":6,"busy":0}]}
19:12:04 C {"t":"ss","node":33120,"accepted":0,"unsigned":0,"unknown_sender":0,"bad_signature":0,"replayed":0,"rate_limited":0,"verify_us_max":0,"floors":[{"src":25344,"epoch":139,"counter":1}]}
19:12:04 C {"t":"node","up_ms":53240,"node":33120,"epoch":150,"peers_alive":1,"peers_dead":0,"no_radio":0,"free_dram":229248,"largest_block":180224,"rx":{"total":1031,"bad_frame":0,"unknown_peer":571,"wrong_dst":0,"short_payload":0,"unknown_opcode":0,"queue_dropped":28},"tx":{"total":668,"enqueue_err":0,"done_queue_dropped":0},"membership":{"deaths":0,"revivals":0,"reboots_seen":0,"table_full":0,"events_dropped":0}}
19:12:04 C {"t":"ns","node":33120,"hash":13581963,"owner":33120,"kind":"sampled","unit":100,"class":4,"bound_ms":5000,"quality":"GOOD","age_ms":200,"ts":53079,"updates":5,"value":1}
19:12:04 C {"t":"ns","node":33120,"hash":3142365229,"owner":33120,"kind":"sampled","unit":101,"class":4,"bound_ms":30000,"quality":"GOOD","age_ms":214,"ts":53079,"updates":5,"value":180224}
19:12:04 C {"t":"ns","node":33120,"hash":2033492666,"owner":33120,"kind":"sampled","unit":0,"class":3,"bound_ms":0,"quality":"NO_DATA","age_ms":0,"ts":0,"updates":0,"value":null}
19:12:04 C {"t":"ns","node":33120,"hash":2347817554,"owner":33120,"kind":"sampled","unit":100,"class":4,"bound_ms":0,"quality":"GOOD","age_ms":242,"ts":53079,"updates":5,"value":150}
19:12:04 C {"t":"ns","node":33120,"hash":1170356950,"owner":33120,"kind":"sampled","unit":80,"class":4,"bound_ms":30000,"quality":"GOOD","age_ms":255,"ts":53079,"updates":5,"value":53}
19:12:04 C {"t":"ns","node":33120,"hash":3085599597,"owner":33120,"kind":"sampled","unit":0,"class":4,"bound_ms":5000,"quality":"GOOD","age_ms":269,"ts":53079,"updates":5,"value":-33}
19:12:04 C {"t":"ns","node":33120,"hash":2486014333,"owner":33120,"kind":"sampled","unit":101,"class":4,"bound_ms":30000,"quality":"GOOD","age_ms":283,"ts":53079,"updates":5,"value":229248}
19:12:08 A {"t":"event","at_ms":54105,"node":25344,"kind":"peer_admitted","peer":33120,"slot":0,"a":0,"b":0}
19:12:08 A {"t":"event","at_ms":56105,"node":25344,"kind":"peer_admitted","peer":33120,"slot":0,"a":0,"b":0}
19:12:08 A {"t":"event","at_ms":56797,"node":25344,"kind":"peer_refused","peer":29544,"slot":255,"a":1,"b":0}
19:12:08 A {"t":"event","at_ms":58105,"node":25344,"kind":"peer_admitted","peer":33120,"slot":0,"a":0,"b":0}
19:12:08 A {"t":"event","at_ms":60105,"node":25344,"kind":"peer_admitted","peer":33120,"slot":0,"a":0,"b":0}
19:12:08 A {"t":"event","at_ms":62106,"node":25344,"kind":"peer_admitted","peer":33120,"slot":0,"a":0,"b":0}
19:12:08 A {"t":"link","up_ms":63419,"node":25344,"peer":33120,"mac":"b8:1f:3f:da:81:60","state":"alive","epoch":150,"espnow_ver":2,"mtu":1446,"misses":0,"rssi":-35,"tx":{"frames":147,"cb_ok":144,"cb_fail":3,"enqueue_err":0,"pdr_ppm":979591},"rx":{"frames":739,"lost_seqgap":0,"reorder_dup":3,"dropped_bad":0,"hb_lost":9,"bcast_frames":567,"pdr_ppm":1000000},"rtt":{"samples":54,"min_us":5715,"max_us":8238,"timeouts":6,"txq_last_us":0,"txq_max_us":0,"remote_turnaround_us":951,"remote_turnaround_max_us":975,"p50_us":[4000,6000],"p99_us":[8000,11000],"hist":[0,0,0,0,42,11,1,0,0,0,0,0,0,0,0,0]}}
19:12:08 A {"t":"auth","node":25344,"up_ms":63472,"enrolled":1,"required":1,"verified_peers":1,"verified":2,"cache_hits":29,"refused":31,"rate_limited":0,"stale_epoch":0,"verify_us_max":87295,"link_stack_free_b":1748,"crypto_stack_free_b":1268,"tags_ok":141,"bad_tag":0,"replayed":0,"untagged":0,"bcast_dropped":0,"beacon_epoch_ignored":0,"tag_us_max":960}
19:12:08 A {"t":"act","node":25344,"setpoint":0,"has_value":0,"writes_served":0}
19:12:08 A {"t":"peers","node":25344,"own_period_ms":1000,"own_busy":0,"list":[{"id":33120,"period_ms":100,"misses":6,"busy":0}]}
19:12:08 A {"t":"ss","node":25344,"accepted":0,"unsigned":0,"unknown_sender":0,"bad_signature":0,"replayed":0,"rate_limited":0,"verify_us_max":0,"floors":[]}
19:12:08 A {"t":"node","up_ms":63537,"node":25344,"epoch":144,"peers_alive":1,"peers_dead":0,"no_radio":0,"free_dram":229236,"largest_block":180224,"rx":{"total":1363,"bad_frame":0,"unknown_peer":624,"wrong_dst":0,"short_payload":0,"unknown_opcode":0,"queue_dropped":9},"tx":{"total":577,"enqueue_err":0,"done_queue_dropped":0},"membership":{"deaths":1,"revivals":0,"reboots_seen":1,"table_full":0,"events_dropped":0}}
19:12:08 A {"t":"ns","node":25344,"hash":2410274060,"owner":25344,"kind":"sampled","unit":100,"class":4,"bound_ms":0,"quality":"GOOD","age_ms":188,"ts":63377,"updates":6,"value":144}
19:12:08 A {"t":"ns","node":25344,"hash":1274253983,"owner":25344,"kind":"sampled","unit":0,"class":4,"bound_ms":5000,"quality":"GOOD","age_ms":213,"ts":63377,"updates":6,"value":-35}
19:12:08 A {"t":"ns","node":25344,"hash":3354298913,"owner":25344,"kind":"sampled","unit":100,"class":4,"bound_ms":5000,"quality":"GOOD","age_ms":226,"ts":63377,"updates":6,"value":1}
19:12:08 A {"t":"ns","node":25344,"hash":1771187623,"owner":25344,"kind":"sampled","unit":101,"class":4,"bound_ms":30000,"quality":"GOOD","age_ms":240,"ts":63377,"updates":6,"value":229236}
19:12:08 A {"t":"ns","node":25344,"hash":2033492666,"owner":25344,"kind":"sampled","unit":0,"class":3,"bound_ms":0,"quality":"NO_DATA","age_ms":0,"ts":0,"updates":0,"value":null}
19:12:08 A {"t":"ns","node":25344,"hash":4103947588,"owner":25344,"kind":"sampled","unit":80,"class":4,"bound_ms":30000,"quality":"GOOD","age_ms":267,"ts":63377,"updates":6,"value":63}
19:12:08 A {"t":"ns","node":25344,"hash":1662441583,"owner":25344,"kind":"sampled","unit":101,"class":4,"bound_ms":30000,"quality":"GOOD","age_ms":281,"ts":63377,"updates":6,"value":180224}
19:12:14 C {"t":"event","at_ms":53554,"node":33120,"kind":"peer_admitted","peer":25344,"slot":0,"a":0,"b":0}
19:12:14 C {"t":"event","at_ms":55554,"node":33120,"kind":"peer_admitted","peer":25344,"slot":0,"a":0,"b":0}
19:12:14 C {"t":"event","at_ms":57554,"node":33120,"kind":"peer_admitted","peer":25344,"slot":0,"a":0,"b":0}
19:12:14 C {"t":"event","at_ms":59554,"node":33120,"kind":"peer_admitted","peer":25344,"slot":0,"a":0,"b":0}
19:12:14 C {"t":"event","at_ms":61554,"node":33120,"kind":"peer_admitted","peer":25344,"slot":0,"a":0,"b":0}
19:12:14 C {"t":"event","at_ms":62483,"node":33120,"kind":"peer_refused","peer":29544,"slot":255,"a":1,"b":0}
19:12:14 C {"t":"link","up_ms":63429,"node":33120,"peer":25344,"mac":"b8:1f:3f:da:63:00","state":"alive","epoch":144,"espnow_ver":2,"mtu":1446,"misses":0,"rssi":-34,"tx":{"frames":152,"cb_ok":152,"cb_fail":0,"enqueue_err":0,"pdr_ppm":1000000},"rx":{"frames":501,"lost_seqgap":7,"reorder_dup":0,"dropped_bad":0,"hb_lost":1,"bcast_frames":319,"pdr_ppm":986220},"rtt":{"samples":60,"min_us":5635,"max_us":24182,"timeouts":0,"txq_last_us":19165,"txq_max_us":19165,"remote_turnaround_us":928,"remote_turnaround_max_us":992,"p50_us":[4000,6000],"p99_us":[22000,30000],"hist":[0,0,0,0,47,12,0,0,0,1,0,0,0,0,0,0]}}
19:12:14 C {"t":"auth","node":33120,"up_ms":63482,"enrolled":1,"required":1,"verified_peers":1,"verified":2,"cache_hits":31,"refused":32,"rate_limited":0,"stale_epoch":0,"verify_us_max":78675,"link_stack_free_b":1732,"crypto_stack_free_b":1268,"tags_ok":150,"bad_tag":0,"replayed":0,"untagged":0,"bcast_dropped":0,"beacon_epoch_ignored":0,"tag_us_max":792}
19:12:14 C {"t":"act","node":33120,"setpoint":0,"has_value":0,"writes_served":0}
19:12:14 C {"t":"peers","node":33120,"own_period_ms":100,"own_busy":0,"list":[{"id":25344,"period_ms":1000,"misses":6,"busy":0}]}
19:12:14 C {"t":"ss","node":33120,"accepted":0,"unsigned":0,"unknown_sender":0,"bad_signature":0,"replayed":0,"rate_limited":0,"verify_us_max":0,"floors":[{"src":25344,"epoch":139,"counter":1}]}
19:12:14 C {"t":"node","up_ms":63548,"node":33120,"epoch":150,"peers_alive":1,"peers_dead":0,"no_radio":0,"free_dram":229248,"largest_block":180224,"rx":{"total":1180,"bad_frame":0,"unknown_peer":679,"wrong_dst":0,"short_payload":0,"unknown_opcode":0,"queue_dropped":28},"tx":{"total":802,"enqueue_err":0,"done_queue_dropped":0},"membership":{"deaths":0,"revivals":0,"reboots_seen":0,"table_full":0,"events_dropped":0}}
19:12:14 C {"t":"ns","node":33120,"hash":13581963,"owner":33120,"kind":"sampled","unit":100,"class":4,"bound_ms":5000,"quality":"GOOD","age_ms":200,"ts":63387,"updates":6,"value":1}
19:12:14 C {"t":"ns","node":33120,"hash":3142365229,"owner":33120,"kind":"sampled","unit":101,"class":4,"bound_ms":30000,"quality":"GOOD","age_ms":214,"ts":63387,"updates":6,"value":180224}
19:12:14 C {"t":"ns","node":33120,"hash":2033492666,"owner":33120,"kind":"sampled","unit":0,"class":3,"bound_ms":0,"quality":"NO_DATA","age_ms":0,"ts":0,"updates":0,"value":null}
19:12:14 C {"t":"ns","node":33120,"hash":2347817554,"owner":33120,"kind":"sampled","unit":100,"class":4,"bound_ms":0,"quality":"GOOD","age_ms":241,"ts":63387,"updates":6,"value":150}
19:12:14 C {"t":"ns","node":33120,"hash":1170356950,"owner":33120,"kind":"sampled","unit":80,"class":4,"bound_ms":30000,"quality":"GOOD","age_ms":255,"ts":63387,"updates":6,"value":63}
19:12:14 C {"t":"ns","node":33120,"hash":3085599597,"owner":33120,"kind":"sampled","unit":0,"class":4,"bound_ms":5000,"quality":"GOOD","age_ms":268,"ts":63387,"updates":6,"value":-34}
19:12:14 C {"t":"ns","node":33120,"hash":2486014333,"owner":33120,"kind":"sampled","unit":101,"class":4,"bound_ms":30000,"quality":"GOOD","age_ms":282,"ts":63387,"updates":6,"value":229248}
19:12:18 A {"t":"event","at_ms":64105,"node":25344,"kind":"peer_admitted","peer":33120,"slot":0,"a":0,"b":0}
19:12:18 A {"t":"event","at_ms":66105,"node":25344,"kind":"peer_admitted","peer":33120,"slot":0,"a":0,"b":0}
19:12:18 A {"t":"event","at_ms":66797,"node":25344,"kind":"peer_refused","peer":29544,"slot":255,"a":1,"b":0}
19:12:18 A {"t":"event","at_ms":68105,"node":25344,"kind":"peer_admitted","peer":33120,"slot":0,"a":0,"b":0}
19:12:18 A {"t":"event","at_ms":70105,"node":25344,"kind":"peer_admitted","peer":33120,"slot":0,"a":0,"b":0}
19:12:18 A {"t":"event","at_ms":72105,"node":25344,"kind":"peer_admitted","peer":33120,"slot":0,"a":0,"b":0}
19:12:18 A {"t":"link","up_ms":73714,"node":25344,"peer":33120,"mac":"b8:1f:3f:da:81:60","state":"alive","epoch":150,"espnow_ver":2,"mtu":1446,"misses":0,"rssi":-34,"tx":{"frames":172,"cb_ok":169,"cb_fail":3,"enqueue_err":0,"pdr_ppm":982558},"rx":{"frames":872,"lost_seqgap":0,"reorder_dup":3,"dropped_bad":0,"hb_lost":9,"bcast_frames":670,"pdr_ppm":1000000},"rtt":{"samples":64,"min_us":5715,"max_us":8238,"timeouts":6,"txq_last_us":0,"txq_max_us":0,"remote_turnaround_us":951,"remote_turnaround_max_us":1007,"p50_us":[4000,6000],"p99_us":[8000,11000],"hist":[0,0,0,0,48,15,1,0,0,0,0,0,0,0,0,0]}}
19:12:18 A {"t":"auth","node":25344,"up_ms":73767,"enrolled":1,"required":1,"verified_peers":1,"verified":2,"cache_hits":34,"refused":36,"rate_limited":0,"stale_epoch":0,"verify_us_max":87295,"link_stack_free_b":1748,"crypto_stack_free_b":1268,"tags_ok":167,"bad_tag":0,"replayed":0,"untagged":0,"bcast_dropped":0,"beacon_epoch_ignored":0,"tag_us_max":960}
19:12:18 A {"t":"act","node":25344,"setpoint":0,"has_value":0,"writes_served":0}
19:12:18 A {"t":"peers","node":25344,"own_period_ms":1000,"own_busy":0,"list":[{"id":33120,"period_ms":100,"misses":6,"busy":0}]}
19:12:18 A {"t":"ss","node":25344,"accepted":0,"unsigned":0,"unknown_sender":0,"bad_signature":0,"replayed":0,"rate_limited":0,"verify_us_max":0,"floors":[]}
19:12:18 A {"t":"node","up_ms":73832,"node":25344,"epoch":144,"peers_alive":1,"peers_dead":0,"no_radio":0,"free_dram":229236,"largest_block":180224,"rx":{"total":1605,"bad_frame":0,"unknown_peer":732,"wrong_dst":0,"short_payload":0,"unknown_opcode":0,"queue_dropped":9},"tx":{"total":618,"enqueue_err":0,"done_queue_dropped":0},"membership":{"deaths":1,"revivals":0,"reboots_seen":1,"table_full":0,"events_dropped":0}}
19:12:18 A {"t":"ns","node":25344,"hash":2410274060,"owner":25344,"kind":"sampled","unit":100,"class":4,"bound_ms":0,"quality":"GOOD","age_ms":188,"ts":73672,"updates":7,"value":144}
19:12:18 A {"t":"ns","node":25344,"hash":1274253983,"owner":25344,"kind":"sampled","unit":0,"class":4,"bound_ms":5000,"quality":"GOOD","age_ms":202,"ts":73672,"updates":7,"value":-34}
19:12:18 A {"t":"ns","node":25344,"hash":3354298913,"owner":25344,"kind":"sampled","unit":100,"class":4,"bound_ms":5000,"quality":"GOOD","age_ms":227,"ts":73672,"updates":7,"value":1}
19:12:18 A {"t":"ns","node":25344,"hash":1771187623,"owner":25344,"kind":"sampled","unit":101,"class":4,"bound_ms":30000,"quality":"GOOD","age_ms":241,"ts":73672,"updates":7,"value":229236}
19:12:18 A {"t":"ns","node":25344,"hash":2033492666,"owner":25344,"kind":"sampled","unit":0,"class":3,"bound_ms":0,"quality":"NO_DATA","age_ms":0,"ts":0,"updates":0,"value":null}
19:12:18 A {"t":"ns","node":25344,"hash":4103947588,"owner":25344,"kind":"sampled","unit":80,"class":4,"bound_ms":30000,"quality":"GOOD","age_ms":268,"ts":73672,"updates":7,"value":73}
19:12:18 A {"t":"ns","node":25344,"hash":1662441583,"owner":25344,"kind":"sampled","unit":101,"class":4,"bound_ms":30000,"quality":"GOOD","age_ms":282,"ts":73672,"updates":7,"value":180224}
19:12:24 C {"t":"event","at_ms":63554,"node":33120,"kind":"peer_admitted","peer":25344,"slot":0,"a":0,"b":0}
19:12:24 C {"t":"event","at_ms":65554,"node":33120,"kind":"peer_admitted","peer":25344,"slot":0,"a":0,"b":0}
19:12:24 C {"t":"event","at_ms":67554,"node":33120,"kind":"peer_admitted","peer":25344,"slot":0,"a":0,"b":0}
19:12:24 C {"t":"event","at_ms":69554,"node":33120,"kind":"peer_admitted","peer":25344,"slot":0,"a":0,"b":0}
19:12:24 C {"t":"event","at_ms":71554,"node":33120,"kind":"peer_admitted","peer":25344,"slot":0,"a":0,"b":0}
19:12:24 C {"t":"event","at_ms":72483,"node":33120,"kind":"peer_refused","peer":29544,"slot":255,"a":1,"b":0}
19:12:24 C {"t":"event","at_ms":73554,"node":33120,"kind":"peer_admitted","peer":25344,"slot":0,"a":0,"b":0}
19:12:24 C {"t":"link","up_ms":73748,"node":33120,"peer":25344,"mac":"b8:1f:3f:da:63:00","state":"alive","epoch":144,"espnow_ver":2,"mtu":1446,"misses":0,"rssi":-33,"tx":{"frames":179,"cb_ok":179,"cb_fail":0,"enqueue_err":0,"pdr_ppm":1000000},"rx":{"frames":544,"lost_seqgap":7,"reorder_dup":0,"dropped_bad":0,"hb_lost":1,"bcast_frames":330,"pdr_ppm":987295},"rtt":{"samples":70,"min_us":5635,"max_us":24182,"timeouts":0,"txq_last_us":19165,"txq_max_us":19165,"remote_turnaround_us":927,"remote_turnaround_max_us":992,"p50_us":[4000,6000],"p99_us":[22000,30000],"hist":[0,0,0,0,55,14,0,0,0,1,0,0,0,0,0,0]}}
19:12:24 C {"t":"auth","node":33120,"up_ms":73802,"enrolled":1,"required":1,"verified_peers":1,"verified":2,"cache_hits":37,"refused":37,"rate_limited":0,"stale_epoch":0,"verify_us_max":78675,"link_stack_free_b":1732,"crypto_stack_free_b":1268,"tags_ok":177,"bad_tag":0,"replayed":0,"untagged":0,"bcast_dropped":0,"beacon_epoch_ignored":0,"tag_us_max":792}
19:12:24 C {"t":"act","node":33120,"setpoint":0,"has_value":0,"writes_served":0}
19:12:24 C {"t":"peers","node":33120,"own_period_ms":100,"own_busy":0,"list":[{"id":25344,"period_ms":1000,"misses":6,"busy":0}]}
19:12:24 C {"t":"ss","node":33120,"accepted":0,"unsigned":0,"unknown_sender":0,"bad_signature":0,"replayed":0,"rate_limited":0,"verify_us_max":0,"floors":[{"src":25344,"epoch":139,"counter":1}]}
19:12:24 C {"t":"node","up_ms":73868,"node":33120,"epoch":150,"peers_alive":1,"peers_dead":0,"no_radio":0,"free_dram":229248,"largest_block":180224,"rx":{"total":1332,"bad_frame":0,"unknown_peer":787,"wrong_dst":0,"short_payload":0,"unknown_opcode":0,"queue_dropped":28},"tx":{"total":939,"enqueue_err":0,"done_queue_dropped":0},"membership":{"deaths":0,"revivals":0,"reboots_seen":0,"table_full":0,"events_dropped":0}}
19:12:24 C {"t":"ns","node":33120,"hash":13581963,"owner":33120,"kind":"sampled","unit":100,"class":4,"bound_ms":5000,"quality":"GOOD","age_ms":202,"ts":73694,"updates":7,"value":1}
19:12:24 C {"t":"ns","node":33120,"hash":3142365229,"owner":33120,"kind":"sampled","unit":101,"class":4,"bound_ms":30000,"quality":"GOOD","age_ms":216,"ts":73694,"updates":7,"value":180224}
19:12:24 C {"t":"ns","node":33120,"hash":2033492666,"owner":33120,"kind":"sampled","unit":0,"class":3,"bound_ms":0,"quality":"NO_DATA","age_ms":0,"ts":0,"updates":0,"value":null}
19:12:24 C {"t":"ns","node":33120,"hash":2347817554,"owner":33120,"kind":"sampled","unit":100,"class":4,"bound_ms":0,"quality":"GOOD","age_ms":254,"ts":73694,"updates":7,"value":150}
19:12:24 C {"t":"ns","node":33120,"hash":1170356950,"owner":33120,"kind":"sampled","unit":80,"class":4,"bound_ms":30000,"quality":"GOOD","age_ms":268,"ts":73694,"updates":7,"value":73}
19:12:24 C {"t":"ns","node":33120,"hash":3085599597,"owner":33120,"kind":"sampled","unit":0,"class":4,"bound_ms":5000,"quality":"GOOD","age_ms":281,"ts":73694,"updates":7,"value":-33}
19:12:24 C {"t":"ns","node":33120,"hash":2486014333,"owner":33120,"kind":"sampled","unit":101,"class":4,"bound_ms":30000,"quality":"GOOD","age_ms":295,"ts":73694,"updates":7,"value":229248}
19:12:28 A {"t":"event","at_ms":74105,"node":25344,"kind":"peer_admitted","peer":33120,"slot":0,"a":0,"b":0}
19:12:28 A {"t":"event","at_ms":76105,"node":25344,"kind":"peer_admitted","peer":33120,"slot":0,"a":0,"b":0}
19:12:28 A {"t":"event","at_ms":76798,"node":25344,"kind":"peer_refused","peer":29544,"slot":255,"a":1,"b":0}
19:12:28 A {"t":"event","at_ms":78105,"node":25344,"kind":"peer_admitted","peer":33120,"slot":0,"a":0,"b":0}
19:12:28 A {"t":"event","at_ms":80105,"node":25344,"kind":"peer_admitted","peer":33120,"slot":0,"a":0,"b":0}
19:12:28 A {"t":"event","at_ms":82105,"node":25344,"kind":"peer_admitted","peer":33120,"slot":0,"a":0,"b":0}
19:12:28 A {"t":"link","up_ms":84010,"node":25344,"peer":33120,"mac":"b8:1f:3f:da:81:60","state":"alive","epoch":150,"espnow_ver":2,"mtu":1446,"misses":0,"rssi":-34,"tx":{"frames":198,"cb_ok":195,"cb_fail":3,"enqueue_err":0,"pdr_ppm":984848},"rx":{"frames":1007,"lost_seqgap":0,"reorder_dup":3,"dropped_bad":0,"hb_lost":9,"bcast_frames":773,"pdr_ppm":1000000},"rtt":{"samples":75,"min_us":5715,"max_us":8238,"timeouts":6,"txq_last_us":0,"txq_max_us":0,"remote_turnaround_us":957,"remote_turnaround_max_us":1007,"p50_us":[4000,6000],"p99_us":[8000,11000],"hist":[0,0,0,0,57,17,1,0,0,0,0,0,0,0,0,0]}}
19:12:28 A {"t":"auth","node":25344,"up_ms":84063,"enrolled":1,"required":1,"verified_peers":1,"verified":2,"cache_hits":39,"refused":41,"rate_limited":0,"stale_epoch":0,"verify_us_max":87295,"link_stack_free_b":1748,"crypto_stack_free_b":1268,"tags_ok":193,"bad_tag":0,"replayed":0,"untagged":0,"bcast_dropped":0,"beacon_epoch_ignored":0,"tag_us_max":960}
19:12:28 A {"t":"act","node":25344,"setpoint":0,"has_value":0,"writes_served":0}
19:12:28 A {"t":"peers","node":25344,"own_period_ms":1000,"own_busy":0,"list":[{"id":33120,"period_ms":100,"misses":6,"busy":0}]}
19:12:28 A {"t":"ss","node":25344,"accepted":0,"unsigned":0,"unknown_sender":0,"bad_signature":0,"replayed":0,"rate_limited":0,"verify_us_max":0,"floors":[]}
19:12:28 A {"t":"node","up_ms":84128,"node":25344,"epoch":144,"peers_alive":1,"peers_dead":0,"no_radio":0,"free_dram":229236,"largest_block":180224,"rx":{"total":1849,"bad_frame":0,"unknown_peer":840,"wrong_dst":0,"short_payload":0,"unknown_opcode":0,"queue_dropped":9},"tx":{"total":662,"enqueue_err":0,"done_queue_dropped":0},"membership":{"deaths":1,"revivals":0,"reboots_seen":1,"table_full":0,"events_dropped":0}}
19:12:28 A {"t":"ns","node":25344,"hash":2410274060,"owner":25344,"kind":"sampled","unit":100,"class":4,"bound_ms":0,"quality":"GOOD","age_ms":188,"ts":83968,"updates":8,"value":144}
19:12:28 A {"t":"ns","node":25344,"hash":1274253983,"owner":25344,"kind":"sampled","unit":0,"class":4,"bound_ms":5000,"quality":"GOOD","age_ms":202,"ts":83968,"updates":8,"value":-34}
19:12:28 A {"t":"ns","node":25344,"hash":3354298913,"owner":25344,"kind":"sampled","unit":100,"class":4,"bound_ms":5000,"quality":"GOOD","age_ms":227,"ts":83968,"updates":8,"value":1}
19:12:28 A {"t":"ns","node":25344,"hash":1771187623,"owner":25344,"kind":"sampled","unit":101,"class":4,"bound_ms":30000,"quality":"GOOD","age_ms":241,"ts":83968,"updates":8,"value":229236}
19:12:28 A {"t":"ns","node":25344,"hash":2033492666,"owner":25344,"kind":"sampled","unit":0,"class":3,"bound_ms":0,"quality":"NO_DATA","age_ms":0,"ts":0,"updates":0,"value":null}
19:12:28 A {"t":"ns","node":25344,"hash":4103947588,"owner":25344,"kind":"sampled","unit":80,"class":4,"bound_ms":30000,"quality":"GOOD","age_ms":268,"ts":83968,"updates":8,"value":83}
19:12:28 A {"t":"ns","node":25344,"hash":1662441583,"owner":25344,"kind":"sampled","unit":101,"class":4,"bound_ms":30000,"quality":"GOOD","age_ms":282,"ts":83968,"updates":8,"value":180224}
--- A declares itself busy
19:12:30 A {"t":"test","cmd":"busy","busy":1}
19:12:35 C {"t":"event","at_ms":75555,"node":33120,"kind":"peer_admitted","peer":25344,"slot":0,"a":0,"b":0}
19:12:35 C {"t":"event","at_ms":77554,"node":33120,"kind":"peer_admitted","peer":25344,"slot":0,"a":0,"b":0}
19:12:35 C {"t":"event","at_ms":79554,"node":33120,"kind":"peer_admitted","peer":25344,"slot":0,"a":0,"b":0}
19:12:35 C {"t":"event","at_ms":80087,"node":33120,"kind":"peer_admitted","peer":25344,"slot":0,"a":0,"b":0}
19:12:35 C {"t":"event","at_ms":80089,"node":33120,"kind":"peer_admitted","peer":25344,"slot":0,"a":0,"b":0}
19:12:35 C {"t":"event","at_ms":80186,"node":33120,"kind":"peer_admitted","peer":25344,"slot":0,"a":0,"b":0}
19:12:35 C {"t":"event","at_ms":81554,"node":33120,"kind":"peer_admitted","peer":25344,"slot":0,"a":0,"b":0}
19:12:35 C {"t":"event","at_ms":82483,"node":33120,"kind":"peer_refused","peer":29544,"slot":255,"a":1,"b":0}
19:12:35 C {"t":"event","at_ms":83554,"node":33120,"kind":"peer_admitted","peer":25344,"slot":0,"a":0,"b":0}
19:12:35 C {"t":"link","up_ms":84071,"node":33120,"peer":25344,"mac":"b8:1f:3f:da:63:00","state":"alive","epoch":144,"espnow_ver":2,"mtu":1446,"misses":0,"rssi":-33,"tx":{"frames":208,"cb_ok":208,"cb_fail":0,"enqueue_err":0,"pdr_ppm":1000000},"rx":{"frames":589,"lost_seqgap":7,"reorder_dup":0,"dropped_bad":0,"hb_lost":1,"bcast_frames":340,"pdr_ppm":988255},"rtt":{"samples":81,"min_us":5635,"max_us":24182,"timeouts":0,"txq_last_us":19165,"txq_max_us":19165,"remote_turnaround_us":920,"remote_turnaround_max_us":992,"p50_us":[4000,6000],"p99_us":[22000,30000],"hist":[0,0,0,0,61,18,1,0,0,1,0,0,0,0,0,0]}}
19:12:35 C {"t":"auth","node":33120,"up_ms":84124,"enrolled":1,"required":1,"verified_peers":1,"verified":3,"cache_hits":44,"refused":42,"rate_limited":0,"stale_epoch":0,"verify_us_max":82586,"link_stack_free_b":1732,"crypto_stack_free_b":1268,"tags_ok":202,"bad_tag":0,"replayed":0,"untagged":0,"bcast_dropped":0,"beacon_epoch_ignored":0,"tag_us_max":792}
19:12:35 C {"t":"act","node":33120,"setpoint":0,"has_value":0,"writes_served":0}
19:12:35 C {"t":"peers","node":33120,"own_period_ms":100,"own_busy":0,"list":[{"id":25344,"period_ms":1000,"misses":6,"busy":1}]}
19:12:35 C {"t":"ss","node":33120,"accepted":0,"unsigned":0,"unknown_sender":0,"bad_signature":0,"replayed":0,"rate_limited":0,"verify_us_max":0,"floors":[{"src":25344,"epoch":139,"counter":1}]}
19:12:35 C {"t":"node","up_ms":84190,"node":33120,"epoch":150,"peers_alive":1,"peers_dead":0,"no_radio":0,"free_dram":229248,"largest_block":180224,"rx":{"total":1484,"bad_frame":0,"unknown_peer":896,"wrong_dst":0,"short_payload":0,"unknown_opcode":0,"queue_dropped":28},"tx":{"total":1075,"enqueue_err":0,"done_queue_dropped":0},"membership":{"deaths":0,"revivals":0,"reboots_seen":0,"table_full":0,"events_dropped":0}}
19:12:35 C {"t":"ns","node":33120,"hash":13581963,"owner":33120,"kind":"sampled","unit":100,"class":4,"bound_ms":5000,"quality":"GOOD","age_ms":226,"ts":84003,"updates":8,"value":1}
19:12:35 C {"t":"ns","node":33120,"hash":3142365229,"owner":33120,"kind":"sampled","unit":101,"class":4,"bound_ms":30000,"quality":"GOOD","age_ms":240,"ts":84003,"updates":8,"value":180224}
19:12:35 C {"t":"ns","node":33120,"hash":2033492666,"owner":33120,"kind":"sampled","unit":0,"class":3,"bound_ms":0,"quality":"NO_DATA","age_ms":0,"ts":0,"updates":0,"value":null}
19:12:35 C {"t":"ns","node":33120,"hash":2347817554,"owner":33120,"kind":"sampled","unit":100,"class":4,"bound_ms":0,"quality":"GOOD","age_ms":268,"ts":84003,"updates":8,"value":150}
19:12:35 C {"t":"ns","node":33120,"hash":1170356950,"owner":33120,"kind":"sampled","unit":80,"class":4,"bound_ms":30000,"quality":"GOOD","age_ms":281,"ts":84003,"updates":8,"value":84}
19:12:35 C {"t":"ns","node":33120,"hash":3085599597,"owner":33120,"kind":"sampled","unit":0,"class":4,"bound_ms":5000,"quality":"GOOD","age_ms":295,"ts":84003,"updates":8,"value":-33}
19:12:35 C {"t":"ns","node":33120,"hash":2486014333,"owner":33120,"kind":"sampled","unit":101,"class":4,"bound_ms":30000,"quality":"GOOD","age_ms":309,"ts":84003,"updates":8,"value":229248}
19:12:39 A {"t":"event","at_ms":84105,"node":25344,"kind":"peer_admitted","peer":33120,"slot":0,"a":0,"b":0}
19:12:39 A {"t":"event","at_ms":86105,"node":25344,"kind":"peer_admitted","peer":33120,"slot":0,"a":0,"b":0}
19:12:39 A {"t":"event","at_ms":88105,"node":25344,"kind":"peer_admitted","peer":33120,"slot":0,"a":0,"b":0}
19:12:39 A {"t":"event","at_ms":88797,"node":25344,"kind":"peer_refused","peer":29544,"slot":255,"a":1,"b":0}
19:12:39 A {"t":"event","at_ms":90105,"node":25344,"kind":"peer_admitted","peer":33120,"slot":0,"a":0,"b":0}
19:12:39 A {"t":"event","at_ms":92105,"node":25344,"kind":"peer_admitted","peer":33120,"slot":0,"a":0,"b":0}
19:12:39 A {"t":"event","at_ms":94107,"node":25344,"kind":"peer_admitted","peer":33120,"slot":0,"a":0,"b":0}
19:12:39 A {"t":"link","up_ms":94318,"node":25344,"peer":33120,"mac":"b8:1f:3f:da:81:60","state":"alive","epoch":150,"espnow_ver":2,"mtu":1446,"misses":0,"rssi":-35,"tx":{"frames":225,"cb_ok":222,"cb_fail":3,"enqueue_err":0,"pdr_ppm":986666},"rx":{"frames":1145,"lost_seqgap":0,"reorder_dup":3,"dropped_bad":0,"hb_lost":9,"bcast_frames":876,"pdr_ppm":1000000},"rtt":{"samples":85,"min_us":5651,"max_us":8238,"timeouts":6,"txq_last_us":0,"txq_max_us":0,"remote_turnaround_us":956,"remote_turnaround_max_us":1007,"p50_us":[4000,6000],"p99_us":[8000,11000],"hist":[0,0,0,0,64,20,1,0,0,0,0,0,0,0,0,0]}}
19:12:39 A {"t":"auth","node":25344,"up_ms":94371,"enrolled":1,"required":1,"verified_peers":1,"verified":2,"cache_hits":45,"refused":46,"rate_limited":0,"stale_epoch":0,"verify_us_max":87295,"link_stack_free_b":1748,"crypto_stack_free_b":1268,"tags_ok":222,"bad_tag":0,"replayed":0,"untagged":0,"bcast_dropped":0,"beacon_epoch_ignored":0,"tag_us_max":960}
19:12:39 A {"t":"act","node":25344,"setpoint":0,"has_value":0,"writes_served":0}
19:12:39 A {"t":"peers","node":25344,"own_period_ms":1000,"own_busy":1,"list":[{"id":33120,"period_ms":100,"misses":6,"busy":0}]}
19:12:39 A {"t":"ss","node":25344,"accepted":0,"unsigned":0,"unknown_sender":0,"bad_signature":0,"replayed":0,"rate_limited":0,"verify_us_max":0,"floors":[]}
19:12:39 A {"t":"node","up_ms":94425,"node":25344,"epoch":144,"peers_alive":1,"peers_dead":0,"no_radio":0,"free_dram":229236,"largest_block":180224,"rx":{"total":2093,"bad_frame":0,"unknown_peer":948,"wrong_dst":0,"short_payload":0,"unknown_opcode":0,"queue_dropped":9},"tx":{"total":705,"enqueue_err":0,"done_queue_dropped":0},"membership":{"deaths":1,"revivals":0,"reboots_seen":1,"table_full":0,"events_dropped":0}}
19:12:39 A {"t":"ns","node":25344,"hash":2410274060,"owner":25344,"kind":"sampled","unit":100,"class":4,"bound_ms":0,"quality":"GOOD","age_ms":200,"ts":94264,"updates":9,"value":144}
19:12:39 A {"t":"ns","node":25344,"hash":1274253983,"owner":25344,"kind":"sampled","unit":0,"class":4,"bound_ms":5000,"quality":"GOOD","age_ms":214,"ts":94264,"updates":9,"value":-34}
19:12:39 A {"t":"ns","node":25344,"hash":3354298913,"owner":25344,"kind":"sampled","unit":100,"class":4,"bound_ms":5000,"quality":"GOOD","age_ms":228,"ts":94264,"updates":9,"value":1}
19:12:39 A {"t":"ns","node":25344,"hash":1771187623,"owner":25344,"kind":"sampled","unit":101,"class":4,"bound_ms":30000,"quality":"GOOD","age_ms":241,"ts":94264,"updates":9,"value":229236}
19:12:39 A {"t":"ns","node":25344,"hash":2033492666,"owner":25344,"kind":"sampled","unit":0,"class":3,"bound_ms":0,"quality":"NO_DATA","age_ms":0,"ts":0,"updates":0,"value":null}
19:12:39 A {"t":"ns","node":25344,"hash":4103947588,"owner":25344,"kind":"sampled","unit":80,"class":4,"bound_ms":30000,"quality":"GOOD","age_ms":280,"ts":94264,"updates":9,"value":94}
19:12:39 A {"t":"ns","node":25344,"hash":1662441583,"owner":25344,"kind":"sampled","unit":101,"class":4,"bound_ms":30000,"quality":"GOOD","age_ms":293,"ts":94264,"updates":9,"value":180224}
--- A back to 100 ms x 6 and not busy (tighter: immediate)
19:12:42 A {"t":"test","cmd":"busy","busy":0}
19:12:42 A {"t":"test","cmd":"window","period_ms":100,"misses":6,"ok":1}
19:12:45 C {"t":"event","at_ms":85554,"node":33120,"kind":"peer_admitted","peer":25344,"slot":0,"a":0,"b":0}
19:12:45 C {"t":"event","at_ms":87554,"node":33120,"kind":"peer_admitted","peer":25344,"slot":0,"a":0,"b":0}
19:12:45 C {"t":"event","at_ms":89554,"node":33120,"kind":"peer_admitted","peer":25344,"slot":0,"a":0,"b":0}
19:12:45 C {"t":"event","at_ms":91555,"node":33120,"kind":"peer_admitted","peer":25344,"slot":0,"a":0,"b":0}
19:12:45 C {"t":"event","at_ms":92106,"node":33120,"kind":"peer_admitted","peer":25344,"slot":0,"a":0,"b":0}
19:12:45 C {"t":"event","at_ms":92107,"node":33120,"kind":"peer_admitted","peer":25344,"slot":0,"a":0,"b":0}
19:12:45 C {"t":"event","at_ms":92205,"node":33120,"kind":"peer_admitted","peer":25344,"slot":0,"a":0,"b":0}
19:12:45 C {"t":"event","at_ms":92483,"node":33120,"kind":"peer_refused","peer":29544,"slot":255,"a":1,"b":0}
19:12:45 C {"t":"event","at_ms":93554,"node":33120,"kind":"peer_admitted","peer":25344,"slot":0,"a":0,"b":0}
19:12:45 C {"t":"link","up_ms":94406,"node":33120,"peer":25344,"mac":"b8:1f:3f:da:63:00","state":"alive","epoch":144,"espnow_ver":2,"mtu":1446,"misses":0,"rssi":-33,"tx":{"frames":236,"cb_ok":236,"cb_fail":0,"enqueue_err":0,"pdr_ppm":1000000},"rx":{"frames":648,"lost_seqgap":7,"reorder_dup":0,"dropped_bad":0,"hb_lost":2,"bcast_frames":366,"pdr_ppm":989312},"rtt":{"samples":91,"min_us":5620,"max_us":24182,"timeouts":0,"txq_last_us":19165,"txq_max_us":19165,"remote_turnaround_us":947,"remote_turnaround_max_us":992,"p50_us":[4000,6000],"p99_us":[22000,30000],"hist":[0,0,0,0,69,19,2,0,0,1,0,0,0,0,0,0]}}
19:12:45 C {"t":"auth","node":33120,"up_ms":94459,"enrolled":1,"required":1,"verified_peers":1,"verified":4,"cache_hits":51,"refused":47,"rate_limited":0,"stale_epoch":0,"verify_us_max":82586,"link_stack_free_b":1732,"crypto_stack_free_b":1268,"tags_ok":228,"bad_tag":0,"replayed":0,"untagged":0,"bcast_dropped":0,"beacon_epoch_ignored":0,"tag_us_max":792}
19:12:45 C {"t":"act","node":33120,"setpoint":0,"has_value":0,"writes_served":0}
19:12:45 C {"t":"peers","node":33120,"own_period_ms":100,"own_busy":0,"list":[{"id":25344,"period_ms":100,"misses":6,"busy":0}]}
19:12:45 C {"t":"ss","node":33120,"accepted":0,"unsigned":0,"unknown_sender":0,"bad_signature":0,"replayed":0,"rate_limited":0,"verify_us_max":0,"floors":[{"src":25344,"epoch":139,"counter":1}]}
19:12:45 C {"t":"node","up_ms":94525,"node":33120,"epoch":150,"peers_alive":1,"peers_dead":0,"no_radio":0,"free_dram":229248,"largest_block":180224,"rx":{"total":1654,"bad_frame":0,"unknown_peer":1005,"wrong_dst":0,"short_payload":0,"unknown_opcode":0,"queue_dropped":28},"tx":{"total":1212,"enqueue_err":0,"done_queue_dropped":0},"membership":{"deaths":0,"revivals":0,"reboots_seen":0,"table_full":0,"events_dropped":0}}
19:12:45 C {"t":"ns","node":33120,"hash":13581963,"owner":33120,"kind":"sampled","unit":100,"class":4,"bound_ms":5000,"quality":"GOOD","age_ms":227,"ts":94337,"updates":9,"value":1}
19:12:45 C {"t":"ns","node":33120,"hash":3142365229,"owner":33120,"kind":"sampled","unit":101,"class":4,"bound_ms":30000,"quality":"GOOD","age_ms":241,"ts":94337,"updates":9,"value":180224}
19:12:45 C {"t":"ns","node":33120,"hash":2033492666,"owner":33120,"kind":"sampled","unit":0,"class":3,"bound_ms":0,"quality":"NO_DATA","age_ms":0,"ts":0,"updates":0,"value":null}
19:12:45 C {"t":"ns","node":33120,"hash":2347817554,"owner":33120,"kind":"sampled","unit":100,"class":4,"bound_ms":0,"quality":"GOOD","age_ms":268,"ts":94337,"updates":9,"value":150}
19:12:45 C {"t":"ns","node":33120,"hash":1170356950,"owner":33120,"kind":"sampled","unit":80,"class":4,"bound_ms":30000,"quality":"GOOD","age_ms":282,"ts":94337,"updates":9,"value":94}
19:12:45 C {"t":"ns","node":33120,"hash":3085599597,"owner":33120,"kind":"sampled","unit":0,"class":4,"bound_ms":5000,"quality":"GOOD","age_ms":295,"ts":94337,"updates":9,"value":-36}
19:12:45 C {"t":"ns","node":33120,"hash":2486014333,"owner":33120,"kind":"sampled","unit":101,"class":4,"bound_ms":30000,"quality":"GOOD","age_ms":309,"ts":94337,"updates":9,"value":229248}
19:12:49 A {"t":"event","at_ms":96105,"node":25344,"kind":"peer_admitted","peer":33120,"slot":0,"a":0,"b":0}
19:12:49 A {"t":"event","at_ms":98105,"node":25344,"kind":"peer_admitted","peer":33120,"slot":0,"a":0,"b":0}
19:12:49 A {"t":"event","at_ms":98797,"node":25344,"kind":"peer_refused","peer":29544,"slot":255,"a":1,"b":0}
19:12:49 A {"t":"event","at_ms":100105,"node":25344,"kind":"peer_admitted","peer":33120,"slot":0,"a":0,"b":0}
19:12:49 A {"t":"event","at_ms":102105,"node":25344,"kind":"peer_admitted","peer":33120,"slot":0,"a":0,"b":0}
19:12:49 A {"t":"event","at_ms":104106,"node":25344,"kind":"peer_admitted","peer":33120,"slot":0,"a":0,"b":0}
19:12:49 A {"t":"link","up_ms":104613,"node":25344,"peer":33120,"mac":"b8:1f:3f:da:81:60","state":"alive","epoch":150,"espnow_ver":2,"mtu":1446,"misses":0,"rssi":-34,"tx":{"frames":250,"cb_ok":247,"cb_fail":3,"enqueue_err":0,"pdr_ppm":988000},"rx":{"frames":1281,"lost_seqgap":0,"reorder_dup":3,"dropped_bad":0,"hb_lost":9,"bcast_frames":979,"pdr_ppm":1000000},"rtt":{"samples":95,"min_us":5651,"max_us":28224,"timeouts":6,"txq_last_us":2845,"txq_max_us":2845,"remote_turnaround_us":927,"remote_turnaround_max_us":1007,"p50_us":[4000,6000],"p99_us":[22000,30000],"hist":[0,0,0,0,72,20,2,0,0,1,0,0,0,0,0,0]}}
19:12:49 A {"t":"auth","node":25344,"up_ms":104666,"enrolled":1,"required":1,"verified_peers":1,"verified":2,"cache_hits":50,"refused":51,"rate_limited":0,"stale_epoch":0,"verify_us_max":87295,"link_stack_free_b":1748,"crypto_stack_free_b":1268,"tags_ok":250,"bad_tag":0,"replayed":0,"untagged":0,"bcast_dropped":0,"beacon_epoch_ignored":0,"tag_us_max":960}
19:12:49 A {"t":"act","node":25344,"setpoint":0,"has_value":0,"writes_served":0}
19:12:49 A {"t":"peers","node":25344,"own_period_ms":100,"own_busy":0,"list":[{"id":33120,"period_ms":100,"misses":6,"busy":0}]}
19:12:49 A {"t":"ss","node":25344,"accepted":0,"unsigned":0,"unknown_sender":0,"bad_signature":0,"replayed":0,"rate_limited":0,"verify_us_max":0,"floors":[]}
19:12:49 A {"t":"node","up_ms":104732,"node":25344,"epoch":144,"peers_alive":1,"peers_dead":0,"no_radio":0,"free_dram":229236,"largest_block":180224,"rx":{"total":2336,"bad_frame":0,"unknown_peer":1055,"wrong_dst":0,"short_payload":0,"unknown_opcode":0,"queue_dropped":9},"tx":{"total":801,"enqueue_err":0,"done_queue_dropped":0},"membership":{"deaths":1,"revivals":0,"reboots_seen":1,"table_full":0,"events_dropped":0}}
19:12:49 A {"t":"ns","node":25344,"hash":2410274060,"owner":25344,"kind":"sampled","unit":100,"class":4,"bound_ms":0,"quality":"GOOD","age_ms":189,"ts":104571,"updates":10,"value":144}
19:12:49 A {"t":"ns","node":25344,"hash":1274253983,"owner":25344,"kind":"sampled","unit":0,"class":4,"bound_ms":5000,"quality":"GOOD","age_ms":214,"ts":104571,"updates":10,"value":-34}
19:12:49 A {"t":"ns","node":25344,"hash":3354298913,"owner":25344,"kind":"sampled","unit":100,"class":4,"bound_ms":5000,"quality":"GOOD","age_ms":228,"ts":104571,"updates":10,"value":1}
19:12:49 A {"t":"ns","node":25344,"hash":1771187623,"owner":25344,"kind":"sampled","unit":101,"class":4,"bound_ms":30000,"quality":"GOOD","age_ms":242,"ts":104571,"updates":10,"value":229236}
19:12:49 A {"t":"ns","node":25344,"hash":2033492666,"owner":25344,"kind":"sampled","unit":0,"class":3,"bound_ms":0,"quality":"NO_DATA","age_ms":0,"ts":0,"updates":0,"value":null}
19:12:49 A {"t":"ns","node":25344,"hash":4103947588,"owner":25344,"kind":"sampled","unit":80,"class":4,"bound_ms":30000,"quality":"GOOD","age_ms":269,"ts":104571,"updates":10,"value":104}
19:12:49 A {"t":"ns","node":25344,"hash":1662441583,"owner":25344,"kind":"sampled","unit":101,"class":4,"bound_ms":30000,"quality":"GOOD","age_ms":282,"ts":104571,"updates":10,"value":180224}
