--- convergence on channel 1
19:32:26 C I (230) esp_image: segment 3: paddr=000bbafc vaddr=3fc9a0f4 size=028c4h ( 10436) load
19:32:26 C I (232) esp_image: segment 4: paddr=000be3c8 vaddr=40374000 size=138d0h ( 80080) load
19:32:26 C I (252) esp_image: segment 5: paddr=000d1ca0 vaddr=50000000 size=00024h (    36) load
19:32:26 C I (261) boot: Loaded app from partition at offset 0x10000
19:32:26 C I (261) boot: Disabling RNG early entropy source...
19:32:26 C I (271) cpu_start: Multicore app
19:32:26 C I (279) cpu_start: GPIO 44 and 43 are used as console UART I/O pins
19:32:26 C I (280) cpu_start: Pro cpu start user code
19:32:26 C I (280) cpu_start: cpu freq: 160000000 Hz
19:32:26 C I (282) app_init: Application information:
19:32:26 C I (286) app_init: Project name:     potluck_m0
19:32:26 C I (290) app_init: App version:      deploy-and-detach-36-g6595bcf
19:32:26 C I (296) app_init: Compile time:     Oct  7 2026 19:29:54
19:32:26 C I (301) app_init: ELF file SHA256:  fc22eaa91...
19:32:26 C I (305) app_init: ESP-IDF:          v6.0.2
19:32:26 C I (309) efuse_init: Min chip rev:     v0.0
19:32:26 C I (313) efuse_init: Max chip rev:     v0.99
19:32:26 C I (317) efuse_init: Chip rev:         v0.2
19:32:26 C I (320) heap_init: Initializing. RAM available for dynamic allocation:
19:32:26 C I (327) heap_init: At 3FCB06E0 len 00039030 (228 KiB): RAM
19:32:26 C I (332) heap_init: At 3FCE9710 len 00005724 (21 KiB): RAM
19:32:26 C I (337) heap_init: At 3FCF0000 len 00008000 (32 KiB): DRAM
19:32:26 C I (342) heap_init: At 600FE000 len 00001FE8 (7 KiB): RTCRAM
19:32:26 C I (348) spi_flash: detected chip: generic
19:32:26 C I (351) spi_flash: flash io: dio
19:32:26 C I (355) sleep_gpio: Configure to isolate all GPIO pins in sleep state
19:32:26 C I (361) sleep_gpio: Enable automatic switching of GPIO sleep configuration
19:32:26 C I (368) main_task: Started on CPU0
19:32:26 C I (398) main_task: Calling app_main()
19:32:26 C I (412) pp: pp rom version: e7ae62f
19:32:26 C I (412) net80211: net80211 rom version: e7ae62f
19:32:26 C I (414) wifi:wifi driver task: 3fcee80c, prio:23, stack:6656, core=0
19:32:26 C I (415) wifi:wifi firmware version: 00ad238
19:32:26 C I (418) wifi:wifi certification version: v7.0
19:32:26 C I (422) wifi:config NVS flash: disabled
19:32:26 C I (426) wifi:config nano formatting: disabled
19:32:26 C I (430) wifi:Init data frame dynamic rx buffer num: 16
19:32:26 C I (435) wifi:Init static rx mgmt buffer num: 5
19:32:26 C I (439) wifi:Init management short buffer num: 32
19:32:26 C I (443) wifi:Init dynamic tx buffer num: 32
19:32:26 C I (447) wifi:Init static tx FG buffer num: 2
19:32:26 C I (451) wifi:Init static rx buffer size: 1600
19:32:26 C I (456) wifi:Init static rx buffer num: 6
19:32:26 C I (459) wifi:Init dynamic rx buffer num: 16
19:32:26 C I (464) wifi_init: accept mbox: 6
19:32:26 C I (466) wifi_init: tcpip mbox: 32
19:32:26 C I (469) wifi_init: udp mbox: 6
19:32:26 C I (472) wifi_init: tcp mbox: 6
19:32:26 C I (475) wifi_init: tcp tx win: 5760
19:32:26 C I (478) wifi_init: tcp rx win: 5760
19:32:26 C I (481) wifi_init: tcp mss: 1440
19:32:26 C I (484) wifi_init: WiFi IRAM OP enabled
19:32:26 C I (488) wifi_init: WiFi RX IRAM OP enabled
19:32:26 C I (492) phy_init: phy_version 712,87e8c20e,Apr 13 2026,18:51:10
19:32:26 C I (540) wifi:mode : sta (b8:1f:3f:da:81:60)
19:32:26 C I (540) wifi:enable tsf
19:32:26 C I (541) wifi:Set ps type: 0, coexist: 0
19:32:26 C 
19:32:26 C I (544) ESPNOW: espnow [version: 2.0] init
19:32:26 C I (544) pot.espnow: esp-now v2 up on channel 1, mac b8:1f:3f:da:81:60
19:32:26 C I (551) pot.epoch: boot epoch 154
19:32:26 C I (552) pot.m0: namespace: 6 resources declared
19:32:26 C I (557) pot.serial: frame link on UART1, tx=17 rx=18, 921600 baud
19:32:26 C I (563) pot.m0: status LED on GPIO48 and GPIO38; self-test red, green, blue
19:32:28 C I (2071) pot.m0: deploy: image counter 4, digest 07759479..., 3 actor(s) in the image
19:32:28 C I (2071) pot.m0: deploy: boot confirmed, running slot B, trial boot 0/3, counter 4
19:32:28 C {"t":"enrol","node":33120,"pub":"0392ff6cd7890c311c0b048061f7b78a8a4c8f2363360d5bc3a19d91996afe04","enrolled":1,"ca_fp":"ef76cc2e"}
19:32:28 C I (2088) pot.m0: safe_state: high-water table restored from NVS
19:32:28 C I (2092) pot.m0: auth: enrolled, required
19:32:28 C I (2096) pot.m0: Potluck M0 node 0x8160 epoch 154, heartbeat 100 ms x 6 misses = 600 ms
19:32:28 C I (2104) main_task: Returned from app_main()
19:32:28 C {"t":"boot","node":33120,"epoch":154,"mac":"b8:1f:3f:da:81:60","espnow_ver":2,"chan":1,"hb_period_ms":100,"hb_miss_limit":6,"fw":"deploy-and-detach-36-g6595bcf","idf":"v6.0.2","dram":{"at_boot":276676,"after_nvs":274648,"after_netif":266804,"after_wifi_init":236256,"after_wifi_start":234552,"after_espnow":234408,"largest_block":188416,"wifi_stack":32252,"espnow":144,"total_to_radio":42268}}
19:32:28 C I (2147) pot.m0: beacon mode: broadcast_beacon
19:32:28 C I (2217) pot.m0: discovered peer 0x6300
19:32:28 C I (2219) pot.m0: peer 0x6300 pinned to ESP-NOW v2, payload cap 1446 B
19:32:28 C W (2904) pot.m0: peer 0x6300 declared DEAD after 6 misses (683 ms silent)
19:32:29 C I (4013) pot.m0: peer 0x6300 revived
19:32:30 A W (10504) pot.m0: peer 0x8160 rebooted, epoch now 154
19:32:32 A {"t":"event","at_ms":1862,"node":25344,"kind":"peer_discovered","peer":33120,"slot":0,"a":153,"b":0}
19:32:32 A {"t":"event","at_ms":1863,"node":25344,"kind":"version_pinned","peer":33120,"slot":0,"a":2,"b":1446}
19:32:32 A {"t":"event","at_ms":1864,"node":25344,"kind":"peer_alive","peer":33120,"slot":0,"a":0,"b":0}
19:32:32 A {"t":"event","at_ms":1865,"node":25344,"kind":"peer_admitted","peer":33120,"slot":0,"a":0,"b":0}
19:32:32 A {"t":"event","at_ms":2708,"node":25344,"kind":"peer_admitted","peer":33120,"slot":0,"a":0,"b":0}
19:32:32 A {"t":"event","at_ms":3748,"node":25344,"kind":"peer_dead","peer":33120,"slot":0,"a":6,"b":691}
19:32:32 A {"t":"event","at_ms":4668,"node":25344,"kind":"peer_refused","peer":29544,"slot":255,"a":1,"b":0}
19:32:32 A {"t":"event","at_ms":4749,"node":25344,"kind":"probe_timeout","peer":33120,"slot":0,"a":2,"b":0}
19:32:32 A {"t":"event","at_ms":5748,"node":25344,"kind":"probe_timeout","peer":33120,"slot":0,"a":3,"b":0}
19:32:32 A {"t":"event","at_ms":6761,"node":25344,"kind":"probe_timeout","peer":33120,"slot":0,"a":4,"b":0}
19:32:32 A {"t":"event","at_ms":7761,"node":25344,"kind":"probe_timeout","peer":33120,"slot":0,"a":5,"b":0}
19:32:32 A {"t":"event","at_ms":8761,"node":25344,"kind":"probe_timeout","peer":33120,"slot":0,"a":6,"b":0}
19:32:32 A {"t":"event","at_ms":9761,"node":25344,"kind":"probe_timeout","peer":33120,"slot":0,"a":7,"b":0}
19:32:32 A {"t":"event","at_ms":9847,"node":25344,"kind":"frame_rejected","peer":33120,"slot":0,"a":1,"b":2}
19:32:32 A {"t":"event","at_ms":10155,"node":25344,"kind":"peer_rebooted","peer":33120,"slot":0,"a":154,"b":0}
19:32:32 A {"t":"event","at_ms":10157,"node":25344,"kind":"peer_admitted","peer":33120,"slot":0,"a":0,"b":0}
19:32:32 A {"t":"event","at_ms":10158,"node":25344,"kind":"channel_changed","peer":0,"slot":255,"a":2,"b":2}
19:32:32 A {"t":"link","up_ms":11928,"node":25344,"peer":33120,"mac":"b8:1f:3f:da:81:60","state":"alive","epoch":154,"espnow_ver":2,"mtu":1446,"misses":0,"rssi":-35,"tx":{"frames":15,"cb_ok":10,"cb_fail":5,"enqueue_err":0,"pdr_ppm":666666},"rx":{"frames":45,"lost_seqgap":0,"reorder_dup":3,"dropped_bad":0,"hb_lost":10,"bcast_frames":32,"pdr_ppm":1000000},"rtt":{"samples":3,"min_us":5532,"max_us":6783,"timeouts":6,"txq_last_us":3648,"txq_max_us":3648,"remote_turnaround_us":1016,"remote_turnaround_max_us":1016,"p50_us":[4000,6000],"p99_us":[6000,8000],"hist":[0,0,0,0,2,1,0,0,0,0,0,0,0,0,0,0]}}
19:32:32 A {"t":"auth","node":25344,"up_ms":11981,"enrolled":1,"required":1,"verified_peers":1,"verified":2,"cache_hits":1,"refused":6,"rate_limited":0,"stale_epoch":0,"verify_us_max":87001,"link_stack_free_b":1732,"crypto_stack_free_b":1268,"tags_ok":9,"bad_tag":1,"replayed":2,"untagged":0,"bcast_dropped":0,"beacon_epoch_ignored":3,"tag_us_max":930}
19:32:32 A {"t":"act","node":25344,"setpoint":0,"has_value":0,"writes_served":0}
19:32:32 A {"t":"peers","node":25344,"own_period_ms":100,"own_busy":0,"channel":2,"scanning":0,"scans":1,"hops":12,"found":1,"lost_to_found_ms":6423,"moves_followed":0,"moves_refused":0,"list":[{"id":33120,"period_ms":100,"misses":6,"busy":0}]}
19:32:32 A {"t":"ss","node":25344,"accepted":0,"unsigned":0,"unknown_sender":0,"bad_signature":0,"replayed":0,"rate_limited":0,"verify_us_max":0,"floors":[]}
19:32:32 A {"t":"node","up_ms":12047,"node":25344,"epoch":148,"peers_alive":1,"peers_dead":0,"no_radio":0,"free_dram":228948,"largest_block":180224,"rx":{"total":93,"bad_frame":0,"unknown_peer":42,"wrong_dst":0,"short_payload":0,"unknown_opcode":0,"queue_dropped":9},"tx":{"total":137,"enqueue_err":0,"done_queue_dropped":0},"membership":{"deaths":1,"revivals":0,"reboots_seen":1,"table_full":0,"events_dropped":0}}
19:32:32 A {"t":"ns","node":25344,"hash":2410274060,"owner":25344,"kind":"sampled","unit":100,"class":4,"bound_ms":0,"quality":"GOOD","age_ms":372,"ts":11792,"updates":1,"value":148}
19:32:32 A {"t":"ns","node":25344,"hash":1274253983,"owner":25344,"kind":"sampled","unit":0,"class":4,"bound_ms":5000,"quality":"GOOD","age_ms":386,"ts":11792,"updates":1,"value":-34}
19:32:32 A {"t":"ns","node":25344,"hash":3354298913,"owner":25344,"kind":"sampled","unit":100,"class":4,"bound_ms":5000,"quality":"GOOD","age_ms":400,"ts":11792,"updates":1,"value":1}
19:32:32 A {"t":"ns","node":25344,"hash":1771187623,"owner":25344,"kind":"sampled","unit":101,"class":4,"bound_ms":30000,"quality":"GOOD","age_ms":413,"ts":11792,"updates":1,"value":228948}
19:32:32 A {"t":"ns","node":25344,"hash":2033492666,"owner":25344,"kind":"sampled","unit":0,"class":3,"bound_ms":0,"quality":"NO_DATA","age_ms":0,"ts":0,"updates":0,"value":null}
19:32:32 A {"t":"ns","node":25344,"hash":4103947588,"owner":25344,"kind":"sampled","unit":80,"class":4,"bound_ms":30000,"quality":"GOOD","age_ms":441,"ts":11792,"updates":1,"value":11}
19:32:32 A {"t":"ns","node":25344,"hash":1662441583,"owner":25344,"kind":"sampled","unit":101,"class":4,"bound_ms":30000,"quality":"GOOD","age_ms":454,"ts":11792,"updates":1,"value":180224}
--- 1. A announces a move to channel 6 (in 500 ms)
19:32:38 A {"t":"test","cmd":"channel","channel":6,"quiet":0,"ok":1}
19:32:38 C {"t":"event","at_ms":1782,"node":33120,"kind":"peer_refused","peer":29544,"slot":255,"a":1,"b":0}
19:32:38 C {"t":"event","at_ms":1869,"node":33120,"kind":"peer_discovered","peer":25344,"slot":0,"a":148,"b":0}
19:32:38 C {"t":"event","at_ms":1871,"node":33120,"kind":"channel_changed","peer":25344,"slot":0,"a":2,"b":5}
19:32:38 C {"t":"event","at_ms":1871,"node":33120,"kind":"version_pinned","peer":25344,"slot":0,"a":2,"b":1446}
19:32:38 C {"t":"event","at_ms":1872,"node":33120,"kind":"peer_alive","peer":25344,"slot":0,"a":0,"b":0}
19:32:38 C {"t":"event","at_ms":1873,"node":33120,"kind":"peer_admitted","peer":25344,"slot":0,"a":0,"b":0}
19:32:38 C {"t":"event","at_ms":2555,"node":33120,"kind":"peer_dead","peer":25344,"slot":0,"a":6,"b":683}
19:32:38 C {"t":"event","at_ms":3664,"node":33120,"kind":"channel_changed","peer":25344,"slot":0,"a":1,"b":5}
19:32:38 C {"t":"event","at_ms":3664,"node":33120,"kind":"peer_revived","peer":25344,"slot":0,"a":0,"b":0}
19:32:38 C {"t":"event","at_ms":3667,"node":33120,"kind":"peer_admitted","peer":25344,"slot":0,"a":0,"b":0}
19:32:38 C {"t":"event","at_ms":3667,"node":33120,"kind":"frame_rejected","peer":25344,"slot":0,"a":2,"b":10}
19:32:38 C {"t":"event","at_ms":3691,"node":33120,"kind":"peer_admitted","peer":25344,"slot":0,"a":0,"b":0}
19:32:38 C {"t":"event","at_ms":3755,"node":33120,"kind":"probe_timeout","peer":25344,"slot":0,"a":1,"b":0}
19:32:38 C {"t":"event","at_ms":4755,"node":33120,"kind":"probe_timeout","peer":25344,"slot":0,"a":2,"b":0}
19:32:38 C {"t":"event","at_ms":5779,"node":33120,"kind":"channel_changed","peer":25344,"slot":0,"a":2,"b":5}
19:32:38 C {"t":"event","at_ms":5780,"node":33120,"kind":"peer_admitted","peer":25344,"slot":0,"a":0,"b":0}
19:32:38 C {"t":"event","at_ms":7691,"node":33120,"kind":"peer_admitted","peer":25344,"slot":0,"a":0,"b":0}
19:32:38 C {"t":"event","at_ms":9692,"node":33120,"kind":"peer_admitted","peer":25344,"slot":0,"a":0,"b":0}
19:32:38 C {"t":"event","at_ms":11692,"node":33120,"kind":"peer_admitted","peer":25344,"slot":0,"a":0,"b":0}
19:32:38 C {"t":"link","up_ms":11985,"node":33120,"peer":25344,"mac":"b8:1f:3f:da:63:00","state":"alive","epoch":148,"espnow_ver":2,"mtu":1446,"misses":0,"rssi":-36,"tx":{"frames":25,"cb_ok":23,"cb_fail":2,"enqueue_err":0,"pdr_ppm":920000},"rx":{"frames":111,"lost_seqgap":6,"reorder_dup":0,"dropped_bad":0,"hb_lost":5,"bcast_frames":80,"pdr_ppm":948717},"rtt":{"samples":8,"min_us":5808,"max_us":8181,"timeouts":2,"txq_last_us":0,"txq_max_us":0,"remote_turnaround_us":999,"remote_turnaround_max_us":1010,"p50_us":[6000,8000],"p99_us":[8000,11000],"hist":[0,0,0,0,3,4,1,0,0,0,0,0,0,0,0,0]}}
19:32:38 C {"t":"auth","node":33120,"up_ms":12038,"enrolled":1,"required":1,"verified_peers":1,"verified":3,"cache_hits":4,"refused":9,"rate_limited":0,"stale_epoch":0,"verify_us_max":86497,"link_stack_free_b":1732,"crypto_stack_free_b":1220,"tags_ok":21,"bad_tag":1,"replayed":0,"untagged":0,"bcast_dropped":0,"beacon_epoch_ignored":0,"tag_us_max":765}
19:32:38 C {"t":"act","node":33120,"setpoint":0,"has_value":0,"writes_served":0}
19:32:38 C {"t":"peers","node":33120,"own_period_ms":100,"own_busy":0,"channel":2,"scanning":0,"scans":0,"hops":0,"found":0,"lost_to_found_ms":0,"moves_followed":1,"moves_refused":0,"list":[{"id":25344,"period_ms":100,"misses":6,"busy":0}]}
19:32:38 C {"t":"ss","node":33120,"accepted":0,"unsigned":0,"unknown_sender":0,"bad_signature":0,"replayed":0,"rate_limited":0,"verify_us_max":0,"floors":[{"src":25344,"epoch":139,"counter":1}]}
19:32:38 C {"t":"node","up_ms":12116,"node":33120,"epoch":154,"peers_alive":1,"peers_dead":0,"no_radio":0,"free_dram":228948,"largest_block":180224,"rx":{"total":149,"bad_frame":0,"unknown_peer":37,"wrong_dst":0,"short_payload":0,"unknown_opcode":0,"queue_dropped":14},"tx":{"total":135,"enqueue_err":0,"done_queue_dropped":0},"membership":{"deaths":1,"revivals":1,"reboots_seen":0,"table_full":0,"events_dropped":0}}
19:32:38 C {"t":"ns","node":33120,"hash":13581963,"owner":33120,"kind":"sampled","unit":100,"class":4,"bound_ms":5000,"quality":"GOOD","age_ms":344,"ts":11800,"updates":1,"value":1}
19:32:38 C {"t":"ns","node":33120,"hash":3142365229,"owner":33120,"kind":"sampled","unit":101,"class":4,"bound_ms":30000,"quality":"GOOD","age_ms":358,"ts":11800,"updates":1,"value":180224}
19:32:38 C {"t":"ns","node":33120,"hash":2033492666,"owner":33120,"kind":"sampled","unit":0,"class":3,"bound_ms":0,"quality":"NO_DATA","age_ms":0,"ts":0,"updates":0,"value":null}
19:32:38 C {"t":"ns","node":33120,"hash":2347817554,"owner":33120,"kind":"sampled","unit":100,"class":4,"bound_ms":0,"quality":"GOOD","age_ms":397,"ts":11800,"updates":1,"value":154}
19:32:38 C {"t":"ns","node":33120,"hash":1170356950,"owner":33120,"kind":"sampled","unit":80,"class":4,"bound_ms":30000,"quality":"GOOD","age_ms":410,"ts":11800,"updates":1,"value":11}
19:32:38 C {"t":"ns","node":33120,"hash":3085599597,"owner":33120,"kind":"sampled","unit":0,"class":4,"bound_ms":5000,"quality":"GOOD","age_ms":424,"ts":11800,"updates":1,"value":-32}
19:32:38 C {"t":"ns","node":33120,"hash":2486014333,"owner":33120,"kind":"sampled","unit":101,"class":4,"bound_ms":30000,"quality":"GOOD","age_ms":438,"ts":11800,"updates":1,"value":228948}
19:32:42 A {"t":"event","at_ms":12163,"node":25344,"kind":"peer_admitted","peer":33120,"slot":0,"a":0,"b":0}
19:32:42 A {"t":"event","at_ms":14056,"node":25344,"kind":"peer_admitted","peer":33120,"slot":0,"a":0,"b":0}
19:32:42 A {"t":"event","at_ms":14671,"node":25344,"kind":"peer_refused","peer":29544,"slot":255,"a":1,"b":0}
19:32:42 A {"t":"event","at_ms":16056,"node":25344,"kind":"peer_admitted","peer":33120,"slot":0,"a":0,"b":0}
19:32:42 A {"t":"event","at_ms":18059,"node":25344,"kind":"peer_admitted","peer":33120,"slot":0,"a":0,"b":0}
19:32:42 A {"t":"event","at_ms":18528,"node":25344,"kind":"channel_changed","peer":0,"slot":255,"a":6,"b":1}
19:32:42 A {"t":"event","at_ms":18665,"node":25344,"kind":"peer_admitted","peer":33120,"slot":0,"a":0,"b":0}
19:32:42 A {"t":"event","at_ms":20058,"node":25344,"kind":"peer_admitted","peer":33120,"slot":0,"a":0,"b":0}
19:32:42 A {"t":"event","at_ms":22058,"node":25344,"kind":"peer_admitted","peer":33120,"slot":0,"a":0,"b":0}
19:32:42 A {"t":"link","up_ms":22329,"node":25344,"peer":33120,"mac":"b8:1f:3f:da:81:60","state":"alive","epoch":154,"espnow_ver":2,"mtu":1446,"misses":0,"rssi":-29,"tx":{"frames":43,"cb_ok":38,"cb_fail":5,"enqueue_err":0,"pdr_ppm":883720},"rx":{"frames":182,"lost_seqgap":0,"reorder_dup":3,"dropped_bad":0,"hb_lost":11,"bcast_frames":135,"pdr_ppm":1000000},"rtt":{"samples":13,"min_us":5532,"max_us":9822,"timeouts":6,"txq_last_us":2741,"txq_max_us":4727,"remote_turnaround_us":955,"remote_turnaround_max_us":1016,"p50_us":[4000,6000],"p99_us":[8000,11000],"hist":[0,0,0,0,7,4,2,0,0,0,0,0,0,0,0,0]}}
19:32:42 A {"t":"auth","node":25344,"up_ms":22383,"enrolled":1,"required":1,"verified_peers":1,"verified":4,"cache_hits":6,"refused":18,"rate_limited":0,"stale_epoch":0,"verify_us_max":87001,"link_stack_free_b":1732,"crypto_stack_free_b":1172,"tags_ok":34,"bad_tag":1,"replayed":2,"untagged":0,"bcast_dropped":0,"beacon_epoch_ignored":3,"tag_us_max":930}
19:32:42 A {"t":"act","node":25344,"setpoint":0,"has_value":0,"writes_served":0}
19:32:42 A {"t":"peers","node":25344,"own_period_ms":100,"own_busy":0,"channel":6,"scanning":0,"scans":1,"hops":12,"found":1,"lost_to_found_ms":6423,"moves_followed":0,"moves_refused":0,"list":[{"id":33120,"period_ms":100,"misses":6,"busy":0}]}
19:32:42 A {"t":"ss","node":25344,"accepted":0,"unsigned":0,"unknown_sender":0,"bad_signature":0,"replayed":0,"rate_limited":0,"verify_us_max":0,"floors":[]}
19:32:42 A {"t":"node","up_ms":22450,"node":25344,"epoch":148,"peers_alive":1,"peers_dead":0,"no_radio":0,"free_dram":228744,"largest_block":180224,"rx":{"total":266,"bad_frame":0,"unknown_peer":80,"wrong_dst":0,"short_payload":0,"unknown_opcode":0,"queue_dropped":9},"tx":{"total":278,"enqueue_err":0,"done_queue_dropped":0},"membership":{"deaths":1,"revivals":0,"reboots_seen":1,"table_full":0,"events_dropped":0}}
19:32:42 A {"t":"ns","node":25344,"hash":2410274060,"owner":25344,"kind":"sampled","unit":100,"class":4,"bound_ms":0,"quality":"GOOD","age_ms":228,"ts":22261,"updates":2,"value":148}
19:32:42 A {"t":"ns","node":25344,"hash":1274253983,"owner":25344,"kind":"sampled","unit":0,"class":4,"bound_ms":5000,"quality":"GOOD","age_ms":241,"ts":22261,"updates":2,"value":-29}
19:32:42 A {"t":"ns","node":25344,"hash":3354298913,"owner":25344,"kind":"sampled","unit":100,"class":4,"bound_ms":5000,"quality":"GOOD","age_ms":255,"ts":22261,"updates":2,"value":1}
19:32:42 A {"t":"ns","node":25344,"hash":1771187623,"owner":25344,"kind":"sampled","unit":101,"class":4,"bound_ms":30000,"quality":"GOOD","age_ms":269,"ts":22261,"updates":2,"value":228948}
19:32:42 A {"t":"ns","node":25344,"hash":2033492666,"owner":25344,"kind":"sampled","unit":0,"class":3,"bound_ms":0,"quality":"NO_DATA","age_ms":0,"ts":0,"updates":0,"value":null}
19:32:42 A {"t":"ns","node":25344,"hash":4103947588,"owner":25344,"kind":"sampled","unit":80,"class":4,"bound_ms":30000,"quality":"GOOD","age_ms":307,"ts":22261,"updates":2,"value":22}
19:32:42 A {"t":"ns","node":25344,"hash":1662441583,"owner":25344,"kind":"sampled","unit":101,"class":4,"bound_ms":30000,"quality":"GOOD","age_ms":321,"ts":22261,"updates":2,"value":180224}
19:32:48 C {"t":"event","at_ms":12375,"node":33120,"kind":"channel_changed","peer":0,"slot":255,"a":6,"b":1}
19:32:48 C {"t":"event","at_ms":12490,"node":33120,"kind":"peer_refused","peer":29544,"slot":255,"a":1,"b":0}
19:32:48 C {"t":"event","at_ms":13771,"node":33120,"kind":"peer_admitted","peer":25344,"slot":0,"a":0,"b":0}
19:32:48 C {"t":"event","at_ms":15691,"node":33120,"kind":"peer_admitted","peer":25344,"slot":0,"a":0,"b":0}
19:32:48 C {"t":"event","at_ms":17691,"node":33120,"kind":"peer_admitted","peer":25344,"slot":0,"a":0,"b":0}
19:32:48 C {"t":"event","at_ms":19691,"node":33120,"kind":"peer_admitted","peer":25344,"slot":0,"a":0,"b":0}
19:32:48 C {"t":"event","at_ms":21691,"node":33120,"kind":"peer_admitted","peer":25344,"slot":0,"a":0,"b":0}
19:32:48 C {"t":"link","up_ms":22307,"node":33120,"peer":25344,"mac":"b8:1f:3f:da:63:00","state":"alive","epoch":148,"espnow_ver":2,"mtu":1446,"misses":0,"rssi":-28,"tx":{"frames":50,"cb_ok":48,"cb_fail":2,"enqueue_err":0,"pdr_ppm":960000},"rx":{"frames":244,"lost_seqgap":6,"reorder_dup":0,"dropped_bad":0,"hb_lost":6,"bcast_frames":182,"pdr_ppm":976000},"rtt":{"samples":18,"min_us":5684,"max_us":8181,"timeouts":2,"txq_last_us":0,"txq_max_us":0,"remote_turnaround_us":981,"remote_turnaround_max_us":1014,"p50_us":[6000,8000],"p99_us":[8000,11000],"hist":[0,0,0,0,8,9,1,0,0,0,0,0,0,0,0,0]}}
19:32:48 C {"t":"auth","node":33120,"up_ms":22360,"enrolled":1,"required":1,"verified_peers":1,"verified":4,"cache_hits":8,"refused":18,"rate_limited":0,"stale_epoch":0,"verify_us_max":86497,"link_stack_free_b":1732,"crypto_stack_free_b":1220,"tags_ok":47,"bad_tag":1,"replayed":0,"untagged":0,"bcast_dropped":0,"beacon_epoch_ignored":0,"tag_us_max":765}
19:32:48 C {"t":"act","node":33120,"setpoint":0,"has_value":0,"writes_served":0}
19:32:48 C {"t":"peers","node":33120,"own_period_ms":100,"own_busy":0,"channel":6,"scanning":0,"scans":0,"hops":0,"found":0,"lost_to_found_ms":0,"moves_followed":1,"moves_refused":0,"list":[{"id":25344,"period_ms":100,"misses":6,"busy":0}]}
19:32:48 C {"t":"ss","node":33120,"accepted":0,"unsigned":0,"unknown_sender":0,"bad_signature":0,"replayed":0,"rate_limited":0,"verify_us_max":0,"floors":[{"src":25344,"epoch":139,"counter":1}]}
19:32:48 C {"t":"node","up_ms":22427,"node":33120,"epoch":154,"peers_alive":1,"peers_dead":0,"no_radio":0,"free_dram":228948,"largest_block":180224,"rx":{"total":322,"bad_frame":0,"unknown_peer":77,"wrong_dst":0,"short_payload":0,"unknown_opcode":0,"queue_dropped":14},"tx":{"total":269,"enqueue_err":0,"done_queue_dropped":0},"membership":{"deaths":1,"revivals":1,"reboots_seen":0,"table_full":0,"events_dropped":0}}
19:32:48 C {"t":"ns","node":33120,"hash":13581963,"owner":33120,"kind":"sampled","unit":100,"class":4,"bound_ms":5000,"quality":"GOOD","age_ms":214,"ts":22252,"updates":2,"value":1}
19:32:48 C {"t":"ns","node":33120,"hash":3142365229,"owner":33120,"kind":"sampled","unit":101,"class":4,"bound_ms":30000,"quality":"GOOD","age_ms":228,"ts":22252,"updates":2,"value":180224}
19:32:48 C {"t":"ns","node":33120,"hash":2033492666,"owner":33120,"kind":"sampled","unit":0,"class":3,"bound_ms":0,"quality":"NO_DATA","age_ms":0,"ts":0,"updates":0,"value":null}
19:32:48 C {"t":"ns","node":33120,"hash":2347817554,"owner":33120,"kind":"sampled","unit":100,"class":4,"bound_ms":0,"quality":"GOOD","age_ms":256,"ts":22252,"updates":2,"value":154}
19:32:48 C {"t":"ns","node":33120,"hash":1170356950,"owner":33120,"kind":"sampled","unit":80,"class":4,"bound_ms":30000,"quality":"GOOD","age_ms":269,"ts":22252,"updates":2,"value":22}
19:32:48 C {"t":"ns","node":33120,"hash":3085599597,"owner":33120,"kind":"sampled","unit":0,"class":4,"bound_ms":5000,"quality":"GOOD","age_ms":294,"ts":22252,"updates":2,"value":-28}
19:32:48 C {"t":"ns","node":33120,"hash":2486014333,"owner":33120,"kind":"sampled","unit":101,"class":4,"bound_ms":30000,"quality":"GOOD","age_ms":308,"ts":22252,"updates":2,"value":228948}
19:32:53 A {"t":"event","at_ms":24058,"node":25344,"kind":"peer_admitted","peer":33120,"slot":0,"a":0,"b":0}
19:32:53 A {"t":"event","at_ms":25069,"node":25344,"kind":"peer_refused","peer":29544,"slot":255,"a":1,"b":0}
19:32:53 A {"t":"event","at_ms":26059,"node":25344,"kind":"peer_admitted","peer":33120,"slot":0,"a":0,"b":0}
19:32:53 A {"t":"event","at_ms":28061,"node":25344,"kind":"peer_admitted","peer":33120,"slot":0,"a":0,"b":0}
19:32:53 A {"t":"event","at_ms":30059,"node":25344,"kind":"peer_admitted","peer":33120,"slot":0,"a":0,"b":0}
19:32:53 A {"t":"event","at_ms":32059,"node":25344,"kind":"peer_admitted","peer":33120,"slot":0,"a":0,"b":0}
19:32:53 A {"t":"link","up_ms":32638,"node":25344,"peer":33120,"mac":"b8:1f:3f:da:81:60","state":"alive","epoch":154,"espnow_ver":2,"mtu":1446,"misses":0,"rssi":-29,"tx":{"frames":68,"cb_ok":63,"cb_fail":5,"enqueue_err":0,"pdr_ppm":926470},"rx":{"frames":316,"lost_seqgap":0,"reorder_dup":3,"dropped_bad":0,"hb_lost":11,"bcast_frames":239,"pdr_ppm":1000000},"rtt":{"samples":23,"min_us":5532,"max_us":9822,"timeouts":6,"txq_last_us":2734,"txq_max_us":4727,"remote_turnaround_us":964,"remote_turnaround_max_us":1016,"p50_us":[4000,6000],"p99_us":[8000,11000],"hist":[0,0,0,0,15,6,2,0,0,0,0,0,0,0,0,0]}}
19:32:53 A {"t":"auth","node":25344,"up_ms":32691,"enrolled":1,"required":1,"verified_peers":1,"verified":4,"cache_hits":11,"refused":26,"rate_limited":0,"stale_epoch":0,"verify_us_max":87001,"link_stack_free_b":1732,"crypto_stack_free_b":1172,"tags_ok":59,"bad_tag":1,"replayed":2,"untagged":0,"bcast_dropped":0,"beacon_epoch_ignored":3,"tag_us_max":930}
19:32:53 A {"t":"act","node":25344,"setpoint":0,"has_value":0,"writes_served":0}
19:32:53 A {"t":"peers","node":25344,"own_period_ms":100,"own_busy":0,"channel":6,"scanning":0,"scans":1,"hops":12,"found":1,"lost_to_found_ms":6423,"moves_followed":0,"moves_refused":0,"list":[{"id":33120,"period_ms":100,"misses":6,"busy":0}]}
19:32:53 A {"t":"ss","node":25344,"accepted":0,"unsigned":0,"unknown_sender":0,"bad_signature":0,"replayed":0,"rate_limited":0,"verify_us_max":0,"floors":[]}
19:32:53 A {"t":"node","up_ms":32758,"node":25344,"epoch":148,"peers_alive":1,"peers_dead":0,"no_radio":0,"free_dram":228948,"largest_block":180224,"rx":{"total":427,"bad_frame":0,"unknown_peer":108,"wrong_dst":0,"short_payload":0,"unknown_opcode":0,"queue_dropped":9},"tx":{"total":411,"enqueue_err":0,"done_queue_dropped":0},"membership":{"deaths":1,"revivals":0,"reboots_seen":1,"table_full":0,"events_dropped":0}}
19:32:53 A {"t":"ns","node":25344,"hash":2410274060,"owner":25344,"kind":"sampled","unit":100,"class":4,"bound_ms":0,"quality":"GOOD","age_ms":201,"ts":32596,"updates":3,"value":148}
19:32:53 A {"t":"ns","node":25344,"hash":1274253983,"owner":25344,"kind":"sampled","unit":0,"class":4,"bound_ms":5000,"quality":"GOOD","age_ms":215,"ts":32596,"updates":3,"value":-30}
19:32:53 A {"t":"ns","node":25344,"hash":3354298913,"owner":25344,"kind":"sampled","unit":100,"class":4,"bound_ms":5000,"quality":"GOOD","age_ms":229,"ts":32596,"updates":3,"value":1}
19:32:53 A {"t":"ns","node":25344,"hash":1771187623,"owner":25344,"kind":"sampled","unit":101,"class":4,"bound_ms":30000,"quality":"GOOD","age_ms":253,"ts":32596,"updates":3,"value":228948}
19:32:53 A {"t":"ns","node":25344,"hash":2033492666,"owner":25344,"kind":"sampled","unit":0,"class":3,"bound_ms":0,"quality":"NO_DATA","age_ms":0,"ts":0,"updates":0,"value":null}
19:32:53 A {"t":"ns","node":25344,"hash":4103947588,"owner":25344,"kind":"sampled","unit":80,"class":4,"bound_ms":30000,"quality":"GOOD","age_ms":281,"ts":32596,"updates":3,"value":32}
19:32:53 A {"t":"ns","node":25344,"hash":1662441583,"owner":25344,"kind":"sampled","unit":101,"class":4,"bound_ms":30000,"quality":"GOOD","age_ms":295,"ts":32596,"updates":3,"value":180224}
19:32:59 C {"t":"event","at_ms":22490,"node":33120,"kind":"peer_refused","peer":29544,"slot":255,"a":1,"b":0}
19:32:59 C {"t":"event","at_ms":23692,"node":33120,"kind":"peer_admitted","peer":25344,"slot":0,"a":0,"b":0}
19:32:59 C {"t":"event","at_ms":25691,"node":33120,"kind":"peer_admitted","peer":25344,"slot":0,"a":0,"b":0}
19:32:59 C {"t":"event","at_ms":27691,"node":33120,"kind":"peer_admitted","peer":25344,"slot":0,"a":0,"b":0}
19:32:59 C {"t":"event","at_ms":29691,"node":33120,"kind":"peer_admitted","peer":25344,"slot":0,"a":0,"b":0}
19:32:59 C {"t":"event","at_ms":31691,"node":33120,"kind":"peer_admitted","peer":25344,"slot":0,"a":0,"b":0}
19:32:59 C {"t":"event","at_ms":32490,"node":33120,"kind":"peer_refused","peer":29544,"slot":255,"a":1,"b":0}
19:32:59 C {"t":"link","up_ms":32629,"node":33120,"peer":25344,"mac":"b8:1f:3f:da:63:00","state":"alive","epoch":148,"espnow_ver":2,"mtu":1446,"misses":0,"rssi":-28,"tx":{"frames":76,"cb_ok":74,"cb_fail":2,"enqueue_err":0,"pdr_ppm":973684},"rx":{"frames":378,"lost_seqgap":6,"reorder_dup":0,"dropped_bad":0,"hb_lost":6,"bcast_frames":285,"pdr_ppm":984375},"rtt":{"samples":28,"min_us":5684,"max_us":8181,"timeouts":2,"txq_last_us":0,"txq_max_us":0,"remote_turnaround_us":1007,"remote_turnaround_max_us":1025,"p50_us":[4000,6000],"p99_us":[8000,11000],"hist":[0,0,0,0,17,10,1,0,0,0,0,0,0,0,0,0]}}
19:32:59 C {"t":"auth","node":33120,"up_ms":32682,"enrolled":1,"required":1,"verified_peers":1,"verified":4,"cache_hits":13,"refused":28,"rate_limited":0,"stale_epoch":0,"verify_us_max":86497,"link_stack_free_b":1732,"crypto_stack_free_b":1220,"tags_ok":73,"bad_tag":1,"replayed":0,"untagged":0,"bcast_dropped":0,"beacon_epoch_ignored":0,"tag_us_max":768}
19:32:59 C {"t":"act","node":33120,"setpoint":0,"has_value":0,"writes_served":0}
19:32:59 C {"t":"peers","node":33120,"own_period_ms":100,"own_busy":0,"channel":6,"scanning":0,"scans":0,"hops":0,"found":0,"lost_to_found_ms":0,"moves_followed":1,"moves_refused":0,"list":[{"id":25344,"period_ms":100,"misses":6,"busy":0}]}
19:32:59 C {"t":"ss","node":33120,"accepted":0,"unsigned":0,"unknown_sender":0,"bad_signature":0,"replayed":0,"rate_limited":0,"verify_us_max":0,"floors":[{"src":25344,"epoch":139,"counter":1}]}
19:32:59 C {"t":"node","up_ms":32749,"node":33120,"epoch":154,"peers_alive":1,"peers_dead":0,"no_radio":0,"free_dram":228948,"largest_block":180224,"rx":{"total":493,"bad_frame":0,"unknown_peer":114,"wrong_dst":0,"short_payload":0,"unknown_opcode":0,"queue_dropped":14},"tx":{"total":403,"enqueue_err":0,"done_queue_dropped":0},"membership":{"deaths":1,"revivals":1,"reboots_seen":0,"table_full":0,"events_dropped":0}}
19:32:59 C {"t":"ns","node":33120,"hash":13581963,"owner":33120,"kind":"sampled","unit":100,"class":4,"bound_ms":5000,"quality":"GOOD","age_ms":216,"ts":32574,"updates":3,"value":1}
19:32:59 C {"t":"ns","node":33120,"hash":3142365229,"owner":33120,"kind":"sampled","unit":101,"class":4,"bound_ms":30000,"quality":"GOOD","age_ms":230,"ts":32574,"updates":3,"value":180224}
19:32:59 C {"t":"ns","node":33120,"hash":2033492666,"owner":33120,"kind":"sampled","unit":0,"class":3,"bound_ms":0,"quality":"NO_DATA","age_ms":0,"ts":0,"updates":0,"value":null}
19:32:59 C {"t":"ns","node":33120,"hash":2347817554,"owner":33120,"kind":"sampled","unit":100,"class":4,"bound_ms":0,"quality":"GOOD","age_ms":257,"ts":32574,"updates":3,"value":154}
19:32:59 C {"t":"ns","node":33120,"hash":1170356950,"owner":33120,"kind":"sampled","unit":80,"class":4,"bound_ms":30000,"quality":"GOOD","age_ms":270,"ts":32574,"updates":3,"value":32}
19:32:59 C {"t":"ns","node":33120,"hash":3085599597,"owner":33120,"kind":"sampled","unit":0,"class":4,"bound_ms":5000,"quality":"GOOD","age_ms":284,"ts":32574,"updates":3,"value":-29}
19:32:59 C {"t":"ns","node":33120,"hash":2486014333,"owner":33120,"kind":"sampled","unit":101,"class":4,"bound_ms":30000,"quality":"GOOD","age_ms":309,"ts":32574,"updates":3,"value":228948}
19:33:00 A {"t":"test","cmd":"fixed","fixed":1}
--- 2. A is router-tied and jumps to 11 unannounced; C must lose it, scan and find it
19:33:00 A {"t":"test","cmd":"channel","channel":11,"quiet":1,"ok":1}
19:33:00 A W (41197) pot.m0: peer 0x8160 declared DEAD after 6 misses (613 ms silent)
19:33:01 C W (35104) pot.m0: peer 0x6300 declared DEAD after 6 misses (684 ms silent)
19:33:03 A {"t":"event","at_ms":34058,"node":25344,"kind":"peer_admitted","peer":33120,"slot":0,"a":0,"b":0}
19:33:03 A {"t":"event","at_ms":35269,"node":25344,"kind":"peer_refused","peer":29544,"slot":255,"a":1,"b":0}
19:33:03 A {"t":"event","at_ms":36059,"node":25344,"kind":"peer_admitted","peer":33120,"slot":0,"a":0,"b":0}
19:33:03 A {"t":"event","at_ms":38058,"node":25344,"kind":"peer_admitted","peer":33120,"slot":0,"a":0,"b":0}
19:33:03 A {"t":"event","at_ms":40059,"node":25344,"kind":"peer_admitted","peer":33120,"slot":0,"a":0,"b":0}
19:33:03 A {"t":"event","at_ms":40301,"node":25344,"kind":"channel_changed","peer":0,"slot":255,"a":11,"b":3}
19:33:03 A {"t":"event","at_ms":40848,"node":25344,"kind":"peer_dead","peer":33120,"slot":0,"a":6,"b":613}
19:33:03 A {"t":"event","at_ms":41761,"node":25344,"kind":"probe_timeout","peer":33120,"slot":0,"a":39,"b":0}
19:33:03 A {"t":"event","at_ms":42761,"node":25344,"kind":"probe_timeout","peer":33120,"slot":0,"a":40,"b":0}
19:33:03 A {"t":"link","up_ms":42974,"node":25344,"peer":33120,"mac":"b8:1f:3f:da:81:60","state":"dead","epoch":154,"espnow_ver":2,"mtu":1446,"misses":6,"rssi":-31,"tx":{"frames":91,"cb_ok":83,"cb_fail":8,"enqueue_err":0,"pdr_ppm":912087},"rx":{"frames":416,"lost_seqgap":0,"reorder_dup":3,"dropped_bad":0,"hb_lost":11,"bcast_frames":315,"pdr_ppm":1000000},"rtt":{"samples":31,"min_us":5532,"max_us":9822,"timeouts":8,"txq_last_us":2759,"txq_max_us":4727,"remote_turnaround_us":978,"remote_turnaround_max_us":1016,"p50_us":[4000,6000],"p99_us":[8000,11000],"hist":[0,0,0,0,20,9,2,0,0,0,0,0,0,0,0,0]}}
19:33:03 A {"t":"auth","node":25344,"up_ms":43026,"enrolled":1,"required":1,"verified_peers":1,"verified":4,"cache_hits":15,"refused":32,"rate_limited":0,"stale_epoch":0,"verify_us_max":87001,"link_stack_free_b":1732,"crypto_stack_free_b":1172,"tags_ok":79,"bad_tag":1,"replayed":2,"untagged":0,"bcast_dropped":0,"beacon_epoch_ignored":3,"tag_us_max":930}
19:33:03 A {"t":"act","node":25344,"setpoint":0,"has_value":0,"writes_served":0}
19:33:03 A {"t":"peers","node":25344,"own_period_ms":100,"own_busy":0,"channel":11,"scanning":0,"scans":1,"hops":12,"found":1,"lost_to_found_ms":6423,"moves_followed":0,"moves_refused":0,"list":[{"id":33120,"period_ms":100,"misses":6,"busy":0}]}
19:33:03 A {"t":"ss","node":25344,"accepted":0,"unsigned":0,"unknown_sender":0,"bad_signature":0,"replayed":0,"rate_limited":0,"verify_us_max":0,"floors":[]}
19:33:03 A {"t":"node","up_ms":43093,"node":25344,"epoch":148,"peers_alive":0,"peers_dead":1,"no_radio":0,"free_dram":228824,"largest_block":180224,"rx":{"total":547,"bad_frame":0,"unknown_peer":129,"wrong_dst":0,"short_payload":0,"unknown_opcode":0,"queue_dropped":9},"tx":{"total":543,"enqueue_err":0,"done_queue_dropped":0},"membership":{"deaths":2,"revivals":0,"reboots_seen":1,"table_full":0,"events_dropped":0}}
19:33:03 A {"t":"ns","node":25344,"hash":2410274060,"owner":25344,"kind":"sampled","unit":100,"class":4,"bound_ms":0,"quality":"GOOD","age_ms":227,"ts":42905,"updates":4,"value":148}
19:33:03 A {"t":"ns","node":25344,"hash":1274253983,"owner":25344,"kind":"sampled","unit":0,"class":4,"bound_ms":5000,"quality":"GOOD","age_ms":241,"ts":42905,"updates":4,"value":0}
19:33:03 A {"t":"ns","node":25344,"hash":3354298913,"owner":25344,"kind":"sampled","unit":100,"class":4,"bound_ms":5000,"quality":"GOOD","age_ms":255,"ts":42905,"updates":4,"value":0}
19:33:03 A {"t":"ns","node":25344,"hash":1771187623,"owner":25344,"kind":"sampled","unit":101,"class":4,"bound_ms":30000,"quality":"GOOD","age_ms":268,"ts":42905,"updates":4,"value":228824}
19:33:03 A {"t":"ns","node":25344,"hash":2033492666,"owner":25344,"kind":"sampled","unit":0,"class":3,"bound_ms":0,"quality":"NO_DATA","age_ms":0,"ts":0,"updates":0,"value":null}
19:33:03 A {"t":"ns","node":25344,"hash":4103947588,"owner":25344,"kind":"sampled","unit":80,"class":4,"bound_ms":30000,"quality":"GOOD","age_ms":307,"ts":42905,"updates":4,"value":42}
19:33:03 A {"t":"ns","node":25344,"hash":1662441583,"owner":25344,"kind":"sampled","unit":101,"class":4,"bound_ms":30000,"quality":"GOOD","age_ms":321,"ts":42905,"updates":4,"value":180224}
19:33:04 C I (39021) pot.m0: peer 0x6300 revived
19:33:05 A I (45287) pot.m0: peer 0x8160 revived
19:33:09 C {"t":"event","at_ms":33691,"node":33120,"kind":"peer_admitted","peer":25344,"slot":0,"a":0,"b":0}
19:33:09 C {"t":"event","at_ms":34755,"node":33120,"kind":"peer_dead","peer":25344,"slot":0,"a":6,"b":684}
19:33:09 C {"t":"event","at_ms":35780,"node":33120,"kind":"probe_timeout","peer":25344,"slot":0,"a":33,"b":0}
19:33:09 C {"t":"event","at_ms":36780,"node":33120,"kind":"probe_timeout","peer":25344,"slot":0,"a":34,"b":0}
19:33:09 C {"t":"event","at_ms":37780,"node":33120,"kind":"probe_timeout","peer":25344,"slot":0,"a":35,"b":0}
19:33:09 C {"t":"event","at_ms":38672,"node":33120,"kind":"peer_revived","peer":25344,"slot":0,"a":0,"b":0}
19:33:09 C {"t":"event","at_ms":38674,"node":33120,"kind":"channel_changed","peer":0,"slot":255,"a":10,"b":2}
19:33:09 C {"t":"event","at_ms":38780,"node":33120,"kind":"probe_timeout","peer":25344,"slot":0,"a":36,"b":0}
19:33:09 C {"t":"event","at_ms":40594,"node":33120,"kind":"frame_rejected","peer":25344,"slot":0,"a":1,"b":98}
19:33:09 C {"t":"event","at_ms":41768,"node":33120,"kind":"channel_changed","peer":25344,"slot":0,"a":11,"b":5}
19:33:09 C {"t":"event","at_ms":41769,"node":33120,"kind":"peer_admitted","peer":25344,"slot":0,"a":0,"b":0}
19:33:09 C {"t":"link","up_ms":42991,"node":33120,"peer":25344,"mac":"b8:1f:3f:da:63:00","state":"alive","epoch":148,"espnow_ver":2,"mtu":1446,"misses":0,"rssi":-27,"tx":{"frames":94,"cb_ok":88,"cb_fail":6,"enqueue_err":0,"pdr_ppm":936170},"rx":{"frames":453,"lost_seqgap":11,"reorder_dup":0,"dropped_bad":0,"hb_lost":53,"bcast_frames":342,"pdr_ppm":976293},"rtt":{"samples":35,"min_us":5684,"max_us":8229,"timeouts":6,"txq_last_us":0,"txq_max_us":0,"remote_turnaround_us":1007,"remote_turnaround_max_us":1025,"p50_us":[4000,6000],"p99_us":[8000,11000],"hist":[0,0,0,0,22,11,2,0,0,0,0,0,0,0,0,0]}}
19:33:09 C {"t":"auth","node":33120,"up_ms":43033,"enrolled":1,"required":1,"verified_peers":1,"verified":5,"cache_hits":14,"refused":35,"rate_limited":0,"stale_epoch":0,"verify_us_max":86497,"link_stack_free_b":1732,"crypto_stack_free_b":1220,"tags_ok":89,"bad_tag":1,"replayed":1,"untagged":0,"bcast_dropped":0,"beacon_epoch_ignored":0,"tag_us_max":775}
19:33:09 C {"t":"act","node":33120,"setpoint":0,"has_value":0,"writes_served":0}
19:33:09 C {"t":"peers","node":33120,"own_period_ms":100,"own_busy":0,"channel":11,"scanning":0,"scans":1,"hops":4,"found":1,"lost_to_found_ms":3931,"moves_followed":1,"moves_refused":0,"list":[{"id":25344,"period_ms":100,"misses":6,"busy":0}]}
19:33:09 C {"t":"ss","node":33120,"accepted":0,"unsigned":0,"unknown_sender":0,"bad_signature":0,"replayed":0,"rate_limited":0,"verify_us_max":0,"floors":[{"src":25344,"epoch":139,"counter":1}]}
19:33:09 C {"t":"node","up_ms":43111,"node":33120,"epoch":154,"peers_alive":1,"peers_dead":0,"no_radio":0,"free_dram":228948,"largest_block":180224,"rx":{"total":592,"bad_frame":0,"unknown_peer":137,"wrong_dst":0,"short_payload":0,"unknown_opcode":0,"queue_dropped":14},"tx":{"total":534,"enqueue_err":0,"done_queue_dropped":0},"membership":{"deaths":2,"revivals":2,"reboots_seen":0,"table_full":0,"events_dropped":0}}
19:33:09 C {"t":"ns","node":33120,"hash":13581963,"owner":33120,"kind":"sampled","unit":100,"class":4,"bound_ms":5000,"quality":"GOOD","age_ms":253,"ts":42897,"updates":4,"value":1}
19:33:09 C {"t":"ns","node":33120,"hash":3142365229,"owner":33120,"kind":"sampled","unit":101,"class":4,"bound_ms":30000,"quality":"GOOD","age_ms":267,"ts":42897,"updates":4,"value":180224}
19:33:09 C {"t":"ns","node":33120,"hash":2033492666,"owner":33120,"kind":"sampled","unit":0,"class":3,"bound_ms":0,"quality":"NO_DATA","age_ms":0,"ts":0,"updates":0,"value":null}
19:33:09 C {"t":"ns","node":33120,"hash":2347817554,"owner":33120,"kind":"sampled","unit":100,"class":4,"bound_ms":0,"quality":"GOOD","age_ms":295,"ts":42897,"updates":4,"value":154}
19:33:09 C {"t":"ns","node":33120,"hash":1170356950,"owner":33120,"kind":"sampled","unit":80,"class":4,"bound_ms":30000,"quality":"GOOD","age_ms":308,"ts":42897,"updates":4,"value":42}
19:33:09 C {"t":"ns","node":33120,"hash":3085599597,"owner":33120,"kind":"sampled","unit":0,"class":4,"bound_ms":5000,"quality":"GOOD","age_ms":322,"ts":42897,"updates":4,"value":-25}
19:33:09 C {"t":"ns","node":33120,"hash":2486014333,"owner":33120,"kind":"sampled","unit":101,"class":4,"bound_ms":30000,"quality":"GOOD","age_ms":336,"ts":42897,"updates":4,"value":228948}
19:33:13 A {"t":"event","at_ms":43761,"node":25344,"kind":"probe_timeout","peer":33120,"slot":0,"a":41,"b":0}
19:33:13 A {"t":"event","at_ms":44761,"node":25344,"kind":"probe_timeout","peer":33120,"slot":0,"a":42,"b":0}
19:33:13 A {"t":"event","at_ms":44939,"node":25344,"kind":"peer_revived","peer":33120,"slot":0,"a":0,"b":0}
19:33:13 A {"t":"event","at_ms":44941,"node":25344,"kind":"peer_admitted","peer":33120,"slot":0,"a":0,"b":0}
19:33:13 A {"t":"event","at_ms":45761,"node":25344,"kind":"probe_timeout","peer":33120,"slot":0,"a":43,"b":0}
19:33:13 A {"t":"event","at_ms":46059,"node":25344,"kind":"peer_admitted","peer":33120,"slot":0,"a":0,"b":0}
19:33:13 A {"t":"event","at_ms":46369,"node":25344,"kind":"peer_refused","peer":29544,"slot":255,"a":1,"b":0}
19:33:13 A {"t":"event","at_ms":48155,"node":25344,"kind":"peer_admitted","peer":33120,"slot":0,"a":0,"b":0}
19:33:13 A {"t":"event","at_ms":50058,"node":25344,"kind":"peer_admitted","peer":33120,"slot":0,"a":0,"b":0}
19:33:13 A {"t":"event","at_ms":52058,"node":25344,"kind":"peer_admitted","peer":33120,"slot":0,"a":0,"b":0}
19:33:13 A {"t":"link","up_ms":53322,"node":25344,"peer":33120,"mac":"b8:1f:3f:da:81:60","state":"alive","epoch":154,"espnow_ver":2,"mtu":1446,"misses":0,"rssi":-26,"tx":{"frames":115,"cb_ok":105,"cb_fail":10,"enqueue_err":0,"pdr_ppm":913043},"rx":{"frames":516,"lost_seqgap":4,"reorder_dup":3,"dropped_bad":0,"hb_lost":66,"bcast_frames":390,"pdr_ppm":992307},"rtt":{"samples":39,"min_us":5532,"max_us":9822,"timeouts":11,"txq_last_us":2759,"txq_max_us":4727,"remote_turnaround_us":937,"remote_turnaround_max_us":1016,"p50_us":[4000,6000],"p99_us":[8000,11000],"hist":[0,0,0,0,25,11,3,0,0,0,0,0,0,0,0,0]}}
19:33:13 A {"t":"auth","node":25344,"up_ms":53375,"enrolled":1,"required":1,"verified_peers":1,"verified":6,"cache_hits":18,"refused":41,"rate_limited":0,"stale_epoch":0,"verify_us_max":87001,"link_stack_free_b":1732,"crypto_stack_free_b":1076,"tags_ok":99,"bad_tag":1,"replayed":2,"untagged":0,"bcast_dropped":0,"beacon_epoch_ignored":3,"tag_us_max":930}
19:33:13 A {"t":"act","node":25344,"setpoint":0,"has_value":0,"writes_served":0}
19:33:13 A {"t":"peers","node":25344,"own_period_ms":100,"own_busy":0,"channel":11,"scanning":0,"scans":1,"hops":12,"found":1,"lost_to_found_ms":6423,"moves_followed":0,"moves_refused":0,"list":[{"id":33120,"period_ms":100,"misses":6,"busy":0}]}
19:33:13 A {"t":"ss","node":25344,"accepted":0,"unsigned":0,"unknown_sender":0,"bad_signature":0,"replayed":0,"rate_limited":0,"verify_us_max":0,"floors":[]}
19:33:13 A {"t":"node","up_ms":53442,"node":25344,"epoch":148,"peers_alive":1,"peers_dead":0,"no_radio":0,"free_dram":228824,"largest_block":180224,"rx":{"total":677,"bad_frame":0,"unknown_peer":157,"wrong_dst":0,"short_payload":0,"unknown_opcode":0,"queue_dropped":9},"tx":{"total":675,"enqueue_err":0,"done_queue_dropped":0},"membership":{"deaths":2,"revivals":1,"reboots_seen":1,"table_full":0,"events_dropped":0}}
19:33:13 A {"t":"ns","node":25344,"hash":2410274060,"owner":25344,"kind":"sampled","unit":100,"class":4,"bound_ms":0,"quality":"GOOD","age_ms":241,"ts":53240,"updates":5,"value":148}
19:33:13 A {"t":"ns","node":25344,"hash":1274253983,"owner":25344,"kind":"sampled","unit":0,"class":4,"bound_ms":5000,"quality":"GOOD","age_ms":255,"ts":53240,"updates":5,"value":-26}
19:33:13 A {"t":"ns","node":25344,"hash":3354298913,"owner":25344,"kind":"sampled","unit":100,"class":4,"bound_ms":5000,"quality":"GOOD","age_ms":268,"ts":53240,"updates":5,"value":1}
19:33:13 A {"t":"ns","node":25344,"hash":1771187623,"owner":25344,"kind":"sampled","unit":101,"class":4,"bound_ms":30000,"quality":"GOOD","age_ms":282,"ts":53240,"updates":5,"value":228824}
19:33:13 A {"t":"ns","node":25344,"hash":2033492666,"owner":25344,"kind":"sampled","unit":0,"class":3,"bound_ms":0,"quality":"NO_DATA","age_ms":0,"ts":0,"updates":0,"value":null}
19:33:13 A {"t":"ns","node":25344,"hash":4103947588,"owner":25344,"kind":"sampled","unit":80,"class":4,"bound_ms":30000,"quality":"GOOD","age_ms":310,"ts":53240,"updates":5,"value":53}
19:33:13 A {"t":"ns","node":25344,"hash":1662441583,"owner":25344,"kind":"sampled","unit":101,"class":4,"bound_ms":30000,"quality":"GOOD","age_ms":324,"ts":53240,"updates":5,"value":180224}
19:33:19 C {"t":"event","at_ms":43490,"node":33120,"kind":"peer_refused","peer":29544,"slot":255,"a":1,"b":0}
19:33:19 C {"t":"event","at_ms":43691,"node":33120,"kind":"peer_admitted","peer":25344,"slot":0,"a":0,"b":0}
19:33:19 C {"t":"event","at_ms":45691,"node":33120,"kind":"peer_admitted","peer":25344,"slot":0,"a":0,"b":0}
19:33:19 C {"t":"event","at_ms":47691,"node":33120,"kind":"peer_admitted","peer":25344,"slot":0,"a":0,"b":0}
19:33:19 C {"t":"event","at_ms":49691,"node":33120,"kind":"peer_admitted","peer":25344,"slot":0,"a":0,"b":0}
19:33:19 C {"t":"event","at_ms":51691,"node":33120,"kind":"peer_admitted","peer":25344,"slot":0,"a":0,"b":0}
19:33:19 C {"t":"link","up_ms":53300,"node":33120,"peer":25344,"mac":"b8:1f:3f:da:63:00","state":"alive","epoch":148,"espnow_ver":2,"mtu":1446,"misses":0,"rssi":-25,"tx":{"frames":119,"cb_ok":113,"cb_fail":6,"enqueue_err":0,"pdr_ppm":949579},"rx":{"frames":586,"lost_seqgap":11,"reorder_dup":0,"dropped_bad":0,"hb_lost":53,"bcast_frames":445,"pdr_ppm":981574},"rtt":{"samples":45,"min_us":5684,"max_us":8229,"timeouts":6,"txq_last_us":0,"txq_max_us":0,"remote_turnaround_us":1016,"remote_turnaround_max_us":1025,"p50_us":[4000,6000],"p99_us":[8000,11000],"hist":[0,0,0,0,29,14,2,0,0,0,0,0,0,0,0,0]}}
19:33:19 C {"t":"auth","node":33120,"up_ms":53353,"enrolled":1,"required":1,"verified_peers":1,"verified":5,"cache_hits":19,"refused":41,"rate_limited":0,"stale_epoch":0,"verify_us_max":86497,"link_stack_free_b":1732,"crypto_stack_free_b":1220,"tags_ok":114,"bad_tag":1,"replayed":1,"untagged":0,"bcast_dropped":0,"beacon_epoch_ignored":0,"tag_us_max":775}
19:33:19 C {"t":"act","node":33120,"setpoint":0,"has_value":0,"writes_served":0}
19:33:19 C {"t":"peers","node":33120,"own_period_ms":100,"own_busy":0,"channel":11,"scanning":0,"scans":1,"hops":4,"found":1,"lost_to_found_ms":3931,"moves_followed":1,"moves_refused":0,"list":[{"id":25344,"period_ms":100,"misses":6,"busy":0}]}
19:33:19 C {"t":"ss","node":33120,"accepted":0,"unsigned":0,"unknown_sender":0,"bad_signature":0,"replayed":0,"rate_limited":0,"verify_us_max":0,"floors":[{"src":25344,"epoch":139,"counter":1}]}
19:33:19 C {"t":"node","up_ms":53431,"node":33120,"epoch":154,"peers_alive":1,"peers_dead":0,"no_radio":0,"free_dram":228948,"largest_block":180224,"rx":{"total":747,"bad_frame":0,"unknown_peer":159,"wrong_dst":0,"short_payload":0,"unknown_opcode":0,"queue_dropped":14},"tx":{"total":667,"enqueue_err":0,"done_queue_dropped":0},"membership":{"deaths":2,"revivals":2,"reboots_seen":0,"table_full":0,"events_dropped":0}}
19:33:19 C {"t":"ns","node":33120,"hash":13581963,"owner":33120,"kind":"sampled","unit":100,"class":4,"bound_ms":5000,"quality":"GOOD","age_ms":201,"ts":53258,"updates":5,"value":1}
19:33:19 C {"t":"ns","node":33120,"hash":3142365229,"owner":33120,"kind":"sampled","unit":101,"class":4,"bound_ms":30000,"quality":"GOOD","age_ms":215,"ts":53258,"updates":5,"value":180224}
19:33:19 C {"t":"ns","node":33120,"hash":2033492666,"owner":33120,"kind":"sampled","unit":0,"class":3,"bound_ms":0,"quality":"NO_DATA","age_ms":0,"ts":0,"updates":0,"value":null}
19:33:19 C {"t":"ns","node":33120,"hash":2347817554,"owner":33120,"kind":"sampled","unit":100,"class":4,"bound_ms":0,"quality":"GOOD","age_ms":254,"ts":53258,"updates":5,"value":154}
19:33:19 C {"t":"ns","node":33120,"hash":1170356950,"owner":33120,"kind":"sampled","unit":80,"class":4,"bound_ms":30000,"quality":"GOOD","age_ms":267,"ts":53258,"updates":5,"value":53}
19:33:19 C {"t":"ns","node":33120,"hash":3085599597,"owner":33120,"kind":"sampled","unit":0,"class":4,"bound_ms":5000,"quality":"GOOD","age_ms":281,"ts":53258,"updates":5,"value":-24}
19:33:19 C {"t":"ns","node":33120,"hash":2486014333,"owner":33120,"kind":"sampled","unit":101,"class":4,"bound_ms":30000,"quality":"GOOD","age_ms":295,"ts":53258,"updates":5,"value":228948}
19:33:24 A {"t":"event","at_ms":54058,"node":25344,"kind":"peer_admitted","peer":33120,"slot":0,"a":0,"b":0}
19:33:24 A {"t":"event","at_ms":56058,"node":25344,"kind":"peer_admitted","peer":33120,"slot":0,"a":0,"b":0}
19:33:24 A {"t":"event","at_ms":56569,"node":25344,"kind":"peer_refused","peer":29544,"slot":255,"a":1,"b":0}
19:33:24 A {"t":"event","at_ms":58058,"node":25344,"kind":"peer_admitted","peer":33120,"slot":0,"a":0,"b":0}
19:33:24 A {"t":"event","at_ms":60058,"node":25344,"kind":"peer_admitted","peer":33120,"slot":0,"a":0,"b":0}
19:33:24 A {"t":"event","at_ms":62058,"node":25344,"kind":"peer_admitted","peer":33120,"slot":0,"a":0,"b":0}
19:33:24 A {"t":"link","up_ms":63631,"node":25344,"peer":33120,"mac":"b8:1f:3f:da:81:60","state":"alive","epoch":154,"espnow_ver":2,"mtu":1446,"misses":0,"rssi":-26,"tx":{"frames":140,"cb_ok":130,"cb_fail":10,"enqueue_err":0,"pdr_ppm":928571},"rx":{"frames":649,"lost_seqgap":4,"reorder_dup":3,"dropped_bad":0,"hb_lost":66,"bcast_frames":493,"pdr_ppm":993874},"rtt":{"samples":49,"min_us":5532,"max_us":9822,"timeouts":11,"txq_last_us":2740,"txq_max_us":4727,"remote_turnaround_us":939,"remote_turnaround_max_us":1016,"p50_us":[4000,6000],"p99_us":[8000,11000],"hist":[0,0,0,0,32,12,5,0,0,0,0,0,0,0,0,0]}}
19:33:24 A {"t":"auth","node":25344,"up_ms":63684,"enrolled":1,"required":1,"verified_peers":1,"verified":6,"cache_hits":23,"refused":48,"rate_limited":0,"stale_epoch":0,"verify_us_max":87001,"link_stack_free_b":1732,"crypto_stack_free_b":1076,"tags_ok":124,"bad_tag":1,"replayed":2,"untagged":0,"bcast_dropped":0,"beacon_epoch_ignored":3,"tag_us_max":930}
19:33:24 A {"t":"act","node":25344,"setpoint":0,"has_value":0,"writes_served":0}
19:33:24 A {"t":"peers","node":25344,"own_period_ms":100,"own_busy":0,"channel":11,"scanning":0,"scans":1,"hops":12,"found":1,"lost_to_found_ms":6423,"moves_followed":0,"moves_refused":0,"list":[{"id":33120,"period_ms":100,"misses":6,"busy":0}]}
19:33:24 A {"t":"ss","node":25344,"accepted":0,"unsigned":0,"unknown_sender":0,"bad_signature":0,"replayed":0,"rate_limited":0,"verify_us_max":0,"floors":[]}
19:33:24 A {"t":"node","up_ms":63751,"node":25344,"epoch":148,"peers_alive":1,"peers_dead":0,"no_radio":0,"free_dram":228824,"largest_block":180224,"rx":{"total":833,"bad_frame":0,"unknown_peer":180,"wrong_dst":0,"short_payload":0,"unknown_opcode":0,"queue_dropped":9},"tx":{"total":809,"enqueue_err":0,"done_queue_dropped":0},"membership":{"deaths":2,"revivals":1,"reboots_seen":1,"table_full":0,"events_dropped":0}}
19:33:24 A {"t":"ns","node":25344,"hash":2410274060,"owner":25344,"kind":"sampled","unit":100,"class":4,"bound_ms":0,"quality":"GOOD","age_ms":202,"ts":63589,"updates":6,"value":148}
19:33:24 A {"t":"ns","node":25344,"hash":1274253983,"owner":25344,"kind":"sampled","unit":0,"class":4,"bound_ms":5000,"quality":"GOOD","age_ms":215,"ts":63589,"updates":6,"value":-26}
19:33:24 A {"t":"ns","node":25344,"hash":3354298913,"owner":25344,"kind":"sampled","unit":100,"class":4,"bound_ms":5000,"quality":"GOOD","age_ms":229,"ts":63589,"updates":6,"value":1}
19:33:24 A {"t":"ns","node":25344,"hash":1771187623,"owner":25344,"kind":"sampled","unit":101,"class":4,"bound_ms":30000,"quality":"GOOD","age_ms":254,"ts":63589,"updates":6,"value":228824}
19:33:24 A {"t":"ns","node":25344,"hash":2033492666,"owner":25344,"kind":"sampled","unit":0,"class":3,"bound_ms":0,"quality":"NO_DATA","age_ms":0,"ts":0,"updates":0,"value":null}
19:33:24 A {"t":"ns","node":25344,"hash":4103947588,"owner":25344,"kind":"sampled","unit":80,"class":4,"bound_ms":30000,"quality":"GOOD","age_ms":281,"ts":63589,"updates":6,"value":63}
19:33:24 A {"t":"ns","node":25344,"hash":1662441583,"owner":25344,"kind":"sampled","unit":101,"class":4,"bound_ms":30000,"quality":"GOOD","age_ms":296,"ts":63589,"updates":6,"value":180224}
19:33:30 C {"t":"event","at_ms":53691,"node":33120,"kind":"peer_admitted","peer":25344,"slot":0,"a":0,"b":0}
19:33:30 C {"t":"event","at_ms":53692,"node":33120,"kind":"peer_refused","peer":29544,"slot":255,"a":1,"b":0}
19:33:30 C {"t":"event","at_ms":55691,"node":33120,"kind":"peer_admitted","peer":25344,"slot":0,"a":0,"b":0}
19:33:30 C {"t":"event","at_ms":57691,"node":33120,"kind":"peer_admitted","peer":25344,"slot":0,"a":0,"b":0}
19:33:30 C {"t":"event","at_ms":59691,"node":33120,"kind":"peer_admitted","peer":25344,"slot":0,"a":0,"b":0}
19:33:30 C {"t":"event","at_ms":61691,"node":33120,"kind":"peer_admitted","peer":25344,"slot":0,"a":0,"b":0}
19:33:30 C {"t":"link","up_ms":63609,"node":33120,"peer":25344,"mac":"b8:1f:3f:da:63:00","state":"alive","epoch":148,"espnow_ver":2,"mtu":1446,"misses":0,"rssi":-25,"tx":{"frames":145,"cb_ok":139,"cb_fail":6,"enqueue_err":0,"pdr_ppm":958620},"rx":{"frames":720,"lost_seqgap":11,"reorder_dup":0,"dropped_bad":0,"hb_lost":53,"bcast_frames":548,"pdr_ppm":984952},"rtt":{"samples":55,"min_us":5684,"max_us":8255,"timeouts":6,"txq_last_us":0,"txq_max_us":0,"remote_turnaround_us":1007,"remote_turnaround_max_us":1031,"p50_us":[4000,6000],"p99_us":[8000,11000],"hist":[0,0,0,0,35,17,3,0,0,0,0,0,0,0,0,0]}}
19:33:30 C {"t":"auth","node":33120,"up_ms":63662,"enrolled":1,"required":1,"verified_peers":1,"verified":5,"cache_hits":24,"refused":48,"rate_limited":0,"stale_epoch":0,"verify_us_max":86497,"link_stack_free_b":1732,"crypto_stack_free_b":1220,"tags_ok":140,"bad_tag":1,"replayed":1,"untagged":0,"bcast_dropped":0,"beacon_epoch_ignored":0,"tag_us_max":775}
19:33:30 C {"t":"act","node":33120,"setpoint":0,"has_value":0,"writes_served":0}
19:33:30 C {"t":"peers","node":33120,"own_period_ms":100,"own_busy":0,"channel":11,"scanning":0,"scans":1,"hops":4,"found":1,"lost_to_found_ms":3931,"moves_followed":1,"moves_refused":0,"list":[{"id":25344,"period_ms":100,"misses":6,"busy":0}]}
19:33:30 C {"t":"ss","node":33120,"accepted":0,"unsigned":0,"unknown_sender":0,"bad_signature":0,"replayed":0,"rate_limited":0,"verify_us_max":0,"floors":[{"src":25344,"epoch":139,"counter":1}]}
19:33:30 C {"t":"node","up_ms":63741,"node":33120,"epoch":154,"peers_alive":1,"peers_dead":0,"no_radio":0,"free_dram":228948,"largest_block":180224,"rx":{"total":909,"bad_frame":0,"unknown_peer":186,"wrong_dst":0,"short_payload":0,"unknown_opcode":0,"queue_dropped":14},"tx":{"total":802,"enqueue_err":0,"done_queue_dropped":0},"membership":{"deaths":2,"revivals":2,"reboots_seen":0,"table_full":0,"events_dropped":0}}
19:33:30 C {"t":"ns","node":33120,"hash":13581963,"owner":33120,"kind":"sampled","unit":100,"class":4,"bound_ms":5000,"quality":"GOOD","age_ms":202,"ts":63567,"updates":6,"value":1}
19:33:30 C {"t":"ns","node":33120,"hash":3142365229,"owner":33120,"kind":"sampled","unit":101,"class":4,"bound_ms":30000,"quality":"GOOD","age_ms":216,"ts":63567,"updates":6,"value":180224}
19:33:30 C {"t":"ns","node":33120,"hash":2033492666,"owner":33120,"kind":"sampled","unit":0,"class":3,"bound_ms":0,"quality":"NO_DATA","age_ms":0,"ts":0,"updates":0,"value":null}
19:33:30 C {"t":"ns","node":33120,"hash":2347817554,"owner":33120,"kind":"sampled","unit":100,"class":4,"bound_ms":0,"quality":"GOOD","age_ms":255,"ts":63567,"updates":6,"value":154}
19:33:30 C {"t":"ns","node":33120,"hash":1170356950,"owner":33120,"kind":"sampled","unit":80,"class":4,"bound_ms":30000,"quality":"GOOD","age_ms":269,"ts":63567,"updates":6,"value":63}
19:33:30 C {"t":"ns","node":33120,"hash":3085599597,"owner":33120,"kind":"sampled","unit":0,"class":4,"bound_ms":5000,"quality":"GOOD","age_ms":282,"ts":63567,"updates":6,"value":-25}
19:33:30 C {"t":"ns","node":33120,"hash":2486014333,"owner":33120,"kind":"sampled","unit":101,"class":4,"bound_ms":30000,"quality":"GOOD","age_ms":296,"ts":63567,"updates":6,"value":228948}
19:33:32 A {"t":"test","cmd":"fixed","fixed":0}
--- 3. announced move back to channel 1
19:33:32 A {"t":"test","cmd":"channel","channel":1,"quiet":0,"ok":1}
19:33:34 A {"t":"event","at_ms":64058,"node":25344,"kind":"peer_admitted","peer":33120,"slot":0,"a":0,"b":0}
19:33:34 A {"t":"event","at_ms":66058,"node":25344,"kind":"peer_admitted","peer":33120,"slot":0,"a":0,"b":0}
19:33:34 A {"t":"event","at_ms":66669,"node":25344,"kind":"peer_refused","peer":29544,"slot":255,"a":1,"b":0}
19:33:34 A {"t":"event","at_ms":68058,"node":25344,"kind":"peer_admitted","peer":33120,"slot":0,"a":0,"b":0}
19:33:34 A {"t":"event","at_ms":70059,"node":25344,"kind":"peer_admitted","peer":33120,"slot":0,"a":0,"b":0}
19:33:34 A {"t":"event","at_ms":72059,"node":25344,"kind":"peer_admitted","peer":33120,"slot":0,"a":0,"b":0}
19:33:34 A {"t":"event","at_ms":73126,"node":25344,"kind":"channel_changed","peer":0,"slot":255,"a":1,"b":1}
19:33:34 A {"t":"event","at_ms":73268,"node":25344,"kind":"peer_admitted","peer":33120,"slot":0,"a":0,"b":0}
19:33:34 A {"t":"link","up_ms":73966,"node":25344,"peer":33120,"mac":"b8:1f:3f:da:81:60","state":"alive","epoch":154,"espnow_ver":2,"mtu":1446,"misses":0,"rssi":-34,"tx":{"frames":168,"cb_ok":157,"cb_fail":10,"enqueue_err":0,"pdr_ppm":940119},"rx":{"frames":786,"lost_seqgap":4,"reorder_dup":3,"dropped_bad":0,"hb_lost":67,"bcast_frames":596,"pdr_ppm":994936},"rtt":{"samples":60,"min_us":5532,"max_us":9822,"timeouts":11,"txq_last_us":4827,"txq_max_us":4827,"remote_turnaround_us":939,"remote_turnaround_max_us":1016,"p50_us":[4000,6000],"p99_us":[8000,11000],"hist":[0,0,0,0,39,16,5,0,0,0,0,0,0,0,0,0]}}
19:33:34 A {"t":"auth","node":25344,"up_ms":74020,"enrolled":1,"required":1,"verified_peers":1,"verified":7,"cache_hits":28,"refused":55,"rate_limited":0,"stale_epoch":0,"verify_us_max":87001,"link_stack_free_b":1732,"crypto_stack_free_b":1076,"tags_ok":152,"bad_tag":1,"replayed":2,"untagged":0,"bcast_dropped":0,"beacon_epoch_ignored":3,"tag_us_max":930}
19:33:34 A {"t":"act","node":25344,"setpoint":0,"has_value":0,"writes_served":0}
19:33:34 A {"t":"peers","node":25344,"own_period_ms":100,"own_busy":0,"channel":1,"scanning":0,"scans":1,"hops":12,"found":1,"lost_to_found_ms":6423,"moves_followed":0,"moves_refused":0,"list":[{"id":33120,"period_ms":100,"misses":6,"busy":0}]}
19:33:34 A {"t":"ss","node":25344,"accepted":0,"unsigned":0,"unknown_sender":0,"bad_signature":0,"replayed":0,"rate_limited":0,"verify_us_max":0,"floors":[]}
19:33:34 A {"t":"node","up_ms":74087,"node":25344,"epoch":148,"peers_alive":1,"peers_dead":0,"no_radio":0,"free_dram":228824,"largest_block":180224,"rx":{"total":995,"bad_frame":0,"unknown_peer":205,"wrong_dst":0,"short_payload":0,"unknown_opcode":0,"queue_dropped":9},"tx":{"total":951,"enqueue_err":0,"done_queue_dropped":0},"membership":{"deaths":2,"revivals":1,"reboots_seen":1,"table_full":0,"events_dropped":0}}
19:33:34 A {"t":"ns","node":25344,"hash":2410274060,"owner":25344,"kind":"sampled","unit":100,"class":4,"bound_ms":0,"quality":"GOOD","age_ms":216,"ts":73899,"updates":7,"value":148}
19:33:34 A {"t":"ns","node":25344,"hash":1274253983,"owner":25344,"kind":"sampled","unit":0,"class":4,"bound_ms":5000,"quality":"GOOD","age_ms":241,"ts":73899,"updates":7,"value":-34}
19:33:34 A {"t":"ns","node":25344,"hash":3354298913,"owner":25344,"kind":"sampled","unit":100,"class":4,"bound_ms":5000,"quality":"GOOD","age_ms":254,"ts":73899,"updates":7,"value":1}
19:33:34 A {"t":"ns","node":25344,"hash":1771187623,"owner":25344,"kind":"sampled","unit":101,"class":4,"bound_ms":30000,"quality":"GOOD","age_ms":268,"ts":73899,"updates":7,"value":228824}
19:33:34 A {"t":"ns","node":25344,"hash":2033492666,"owner":25344,"kind":"sampled","unit":0,"class":3,"bound_ms":0,"quality":"NO_DATA","age_ms":0,"ts":0,"updates":0,"value":null}
19:33:34 A {"t":"ns","node":25344,"hash":4103947588,"owner":25344,"kind":"sampled","unit":80,"class":4,"bound_ms":30000,"quality":"GOOD","age_ms":295,"ts":73899,"updates":7,"value":73}
19:33:34 A {"t":"ns","node":25344,"hash":1662441583,"owner":25344,"kind":"sampled","unit":101,"class":4,"bound_ms":30000,"quality":"GOOD","age_ms":309,"ts":73899,"updates":7,"value":180224}
19:33:40 C {"t":"event","at_ms":63693,"node":33120,"kind":"peer_admitted","peer":25344,"slot":0,"a":0,"b":0}
19:33:40 C {"t":"event","at_ms":65691,"node":33120,"kind":"peer_admitted","peer":25344,"slot":0,"a":0,"b":0}
19:33:40 C {"t":"event","at_ms":66592,"node":33120,"kind":"peer_refused","peer":29544,"slot":255,"a":1,"b":0}
19:33:40 C {"t":"event","at_ms":66973,"node":33120,"kind":"channel_changed","peer":0,"slot":255,"a":1,"b":1}
19:33:40 C {"t":"event","at_ms":67767,"node":33120,"kind":"peer_admitted","peer":25344,"slot":0,"a":0,"b":0}
19:33:40 C {"t":"event","at_ms":69691,"node":33120,"kind":"peer_admitted","peer":25344,"slot":0,"a":0,"b":0}
19:33:40 C {"t":"event","at_ms":71692,"node":33120,"kind":"peer_admitted","peer":25344,"slot":0,"a":0,"b":0}
19:33:40 C {"t":"event","at_ms":73691,"node":33120,"kind":"peer_admitted","peer":25344,"slot":0,"a":0,"b":0}
19:33:40 C {"t":"link","up_ms":73945,"node":33120,"peer":25344,"mac":"b8:1f:3f:da:63:00","state":"alive","epoch":148,"espnow_ver":2,"mtu":1446,"misses":0,"rssi":-33,"tx":{"frames":172,"cb_ok":166,"cb_fail":6,"enqueue_err":0,"pdr_ppm":965116},"rx":{"frames":860,"lost_seqgap":11,"reorder_dup":0,"dropped_bad":0,"hb_lost":53,"bcast_frames":651,"pdr_ppm":987370},"rtt":{"samples":66,"min_us":5684,"max_us":8748,"timeouts":6,"txq_last_us":0,"txq_max_us":0,"remote_turnaround_us":1000,"remote_turnaround_max_us":1039,"p50_us":[4000,6000],"p99_us":[8000,11000],"hist":[0,0,0,0,41,20,5,0,0,0,0,0,0,0,0,0]}}
19:33:40 C {"t":"auth","node":33120,"up_ms":73998,"enrolled":1,"required":1,"verified_peers":1,"verified":6,"cache_hits":29,"refused":56,"rate_limited":0,"stale_epoch":0,"verify_us_max":86497,"link_stack_free_b":1732,"crypto_stack_free_b":1220,"tags_ok":168,"bad_tag":1,"replayed":1,"untagged":0,"bcast_dropped":0,"beacon_epoch_ignored":0,"tag_us_max":775}
19:33:40 C {"t":"act","node":33120,"setpoint":0,"has_value":0,"writes_served":0}
19:33:40 C {"t":"peers","node":33120,"own_period_ms":100,"own_busy":0,"channel":1,"scanning":0,"scans":1,"hops":4,"found":1,"lost_to_found_ms":3931,"moves_followed":2,"moves_refused":0,"list":[{"id":25344,"period_ms":100,"misses":6,"busy":0}]}
19:33:40 C {"t":"ss","node":33120,"accepted":0,"unsigned":0,"unknown_sender":0,"bad_signature":0,"replayed":0,"rate_limited":0,"verify_us_max":0,"floors":[{"src":25344,"epoch":139,"counter":1}]}
19:33:40 C {"t":"node","up_ms":74066,"node":33120,"epoch":154,"peers_alive":1,"peers_dead":0,"no_radio":0,"free_dram":228948,"largest_block":180224,"rx":{"total":1073,"bad_frame":0,"unknown_peer":211,"wrong_dst":0,"short_payload":0,"unknown_opcode":0,"queue_dropped":14},"tx":{"total":939,"enqueue_err":0,"done_queue_dropped":0},"membership":{"deaths":2,"revivals":2,"reboots_seen":0,"table_full":0,"events_dropped":0}}
19:33:40 C {"t":"ns","node":33120,"hash":13581963,"owner":33120,"kind":"sampled","unit":100,"class":4,"bound_ms":5000,"quality":"GOOD","age_ms":227,"ts":73878,"updates":7,"value":1}
19:33:40 C {"t":"ns","node":33120,"hash":3142365229,"owner":33120,"kind":"sampled","unit":101,"class":4,"bound_ms":30000,"quality":"GOOD","age_ms":241,"ts":73878,"updates":7,"value":180224}
19:33:40 C {"t":"ns","node":33120,"hash":2033492666,"owner":33120,"kind":"sampled","unit":0,"class":3,"bound_ms":0,"quality":"NO_DATA","age_ms":0,"ts":0,"updates":0,"value":null}
19:33:40 C {"t":"ns","node":33120,"hash":2347817554,"owner":33120,"kind":"sampled","unit":100,"class":4,"bound_ms":0,"quality":"GOOD","age_ms":268,"ts":73878,"updates":7,"value":154}
19:33:40 C {"t":"ns","node":33120,"hash":1170356950,"owner":33120,"kind":"sampled","unit":80,"class":4,"bound_ms":30000,"quality":"GOOD","age_ms":282,"ts":73878,"updates":7,"value":73}
19:33:40 C {"t":"ns","node":33120,"hash":3085599597,"owner":33120,"kind":"sampled","unit":0,"class":4,"bound_ms":5000,"quality":"GOOD","age_ms":295,"ts":73878,"updates":7,"value":-33}
19:33:40 C {"t":"ns","node":33120,"hash":2486014333,"owner":33120,"kind":"sampled","unit":101,"class":4,"bound_ms":30000,"quality":"GOOD","age_ms":309,"ts":73878,"updates":7,"value":228544}
19:33:44 A {"t":"event","at_ms":74058,"node":25344,"kind":"peer_admitted","peer":33120,"slot":0,"a":0,"b":0}
19:33:44 A {"t":"event","at_ms":76058,"node":25344,"kind":"peer_admitted","peer":33120,"slot":0,"a":0,"b":0}
19:33:44 A {"t":"event","at_ms":76669,"node":25344,"kind":"peer_refused","peer":29544,"slot":255,"a":1,"b":0}
19:33:44 A {"t":"event","at_ms":78060,"node":25344,"kind":"peer_admitted","peer":33120,"slot":0,"a":0,"b":0}
19:33:44 A {"t":"event","at_ms":80058,"node":25344,"kind":"peer_admitted","peer":33120,"slot":0,"a":0,"b":0}
19:33:44 A {"t":"event","at_ms":82058,"node":25344,"kind":"peer_admitted","peer":33120,"slot":0,"a":0,"b":0}
19:33:44 A {"t":"event","at_ms":84058,"node":25344,"kind":"peer_admitted","peer":33120,"slot":0,"a":0,"b":0}
19:33:44 A {"t":"link","up_ms":84277,"node":25344,"peer":33120,"mac":"b8:1f:3f:da:81:60","state":"alive","epoch":154,"espnow_ver":2,"mtu":1446,"misses":0,"rssi":-35,"tx":{"frames":194,"cb_ok":184,"cb_fail":10,"enqueue_err":0,"pdr_ppm":948453},"rx":{"frames":920,"lost_seqgap":4,"reorder_dup":3,"dropped_bad":0,"hb_lost":67,"bcast_frames":699,"pdr_ppm":995670},"rtt":{"samples":70,"min_us":5532,"max_us":9822,"timeouts":11,"txq_last_us":2759,"txq_max_us":4827,"remote_turnaround_us":932,"remote_turnaround_max_us":1016,"p50_us":[4000,6000],"p99_us":[8000,11000],"hist":[0,0,0,0,44,20,6,0,0,0,0,0,0,0,0,0]}}
19:33:44 A {"t":"auth","node":25344,"up_ms":84330,"enrolled":1,"required":1,"verified_peers":1,"verified":7,"cache_hits":34,"refused":62,"rate_limited":0,"stale_epoch":0,"verify_us_max":87001,"link_stack_free_b":1732,"crypto_stack_free_b":1076,"tags_ok":177,"bad_tag":1,"replayed":2,"untagged":0,"bcast_dropped":0,"beacon_epoch_ignored":3,"tag_us_max":930}
19:33:44 A {"t":"act","node":25344,"setpoint":0,"has_value":0,"writes_served":0}
19:33:44 A {"t":"peers","node":25344,"own_period_ms":100,"own_busy":0,"channel":1,"scanning":0,"scans":1,"hops":12,"found":1,"lost_to_found_ms":6423,"moves_followed":0,"moves_refused":0,"list":[{"id":33120,"period_ms":100,"misses":6,"busy":0}]}
19:33:44 A {"t":"ss","node":25344,"accepted":0,"unsigned":0,"unknown_sender":0,"bad_signature":0,"replayed":0,"rate_limited":0,"verify_us_max":0,"floors":[]}
19:33:44 A {"t":"node","up_ms":84397,"node":25344,"epoch":148,"peers_alive":1,"peers_dead":0,"no_radio":0,"free_dram":228824,"largest_block":180224,"rx":{"total":1153,"bad_frame":0,"unknown_peer":230,"wrong_dst":0,"short_payload":0,"unknown_opcode":0,"queue_dropped":9},"tx":{"total":1084,"enqueue_err":0,"done_queue_dropped":0},"membership":{"deaths":2,"revivals":1,"reboots_seen":1,"table_full":0,"events_dropped":0}}
19:33:44 A {"t":"ns","node":25344,"hash":2410274060,"owner":25344,"kind":"sampled","unit":100,"class":4,"bound_ms":0,"quality":"GOOD","age_ms":214,"ts":84222,"updates":8,"value":148}
19:33:44 A {"t":"ns","node":25344,"hash":1274253983,"owner":25344,"kind":"sampled","unit":0,"class":4,"bound_ms":5000,"quality":"GOOD","age_ms":228,"ts":84222,"updates":8,"value":-35}
19:33:44 A {"t":"ns","node":25344,"hash":3354298913,"owner":25344,"kind":"sampled","unit":100,"class":4,"bound_ms":5000,"quality":"GOOD","age_ms":242,"ts":84222,"updates":8,"value":1}
19:33:44 A {"t":"ns","node":25344,"hash":1771187623,"owner":25344,"kind":"sampled","unit":101,"class":4,"bound_ms":30000,"quality":"GOOD","age_ms":255,"ts":84222,"updates":8,"value":228824}
19:33:44 A {"t":"ns","node":25344,"hash":2033492666,"owner":25344,"kind":"sampled","unit":0,"class":3,"bound_ms":0,"quality":"NO_DATA","age_ms":0,"ts":0,"updates":0,"value":null}
19:33:44 A {"t":"ns","node":25344,"hash":4103947588,"owner":25344,"kind":"sampled","unit":80,"class":4,"bound_ms":30000,"quality":"GOOD","age_ms":282,"ts":84222,"updates":8,"value":84}
19:33:44 A {"t":"ns","node":25344,"hash":1662441583,"owner":25344,"kind":"sampled","unit":101,"class":4,"bound_ms":30000,"quality":"GOOD","age_ms":307,"ts":84222,"updates":8,"value":180224}
19:33:50 C {"t":"event","at_ms":75691,"node":33120,"kind":"peer_admitted","peer":25344,"slot":0,"a":0,"b":0}
19:33:50 C {"t":"event","at_ms":77091,"node":33120,"kind":"peer_refused","peer":29544,"slot":255,"a":1,"b":0}
19:33:50 C {"t":"event","at_ms":77691,"node":33120,"kind":"peer_admitted","peer":25344,"slot":0,"a":0,"b":0}
19:33:50 C {"t":"event","at_ms":79691,"node":33120,"kind":"peer_admitted","peer":25344,"slot":0,"a":0,"b":0}
19:33:50 C {"t":"event","at_ms":81691,"node":33120,"kind":"peer_admitted","peer":25344,"slot":0,"a":0,"b":0}
19:33:50 C {"t":"event","at_ms":83691,"node":33120,"kind":"peer_admitted","peer":25344,"slot":0,"a":0,"b":0}
19:33:50 C {"t":"link","up_ms":84254,"node":33120,"peer":25344,"mac":"b8:1f:3f:da:63:00","state":"alive","epoch":148,"espnow_ver":2,"mtu":1446,"misses":0,"rssi":-34,"tx":{"frames":197,"cb_ok":191,"cb_fail":6,"enqueue_err":0,"pdr_ppm":969543},"rx":{"frames":993,"lost_seqgap":11,"reorder_dup":0,"dropped_bad":0,"hb_lost":53,"bcast_frames":754,"pdr_ppm":989043},"rtt":{"samples":76,"min_us":5684,"max_us":8748,"timeouts":6,"txq_last_us":0,"txq_max_us":0,"remote_turnaround_us":982,"remote_turnaround_max_us":1039,"p50_us":[4000,6000],"p99_us":[8000,11000],"hist":[0,0,0,0,48,23,5,0,0,0,0,0,0,0,0,0]}}
19:33:50 C {"t":"auth","node":33120,"up_ms":84307,"enrolled":1,"required":1,"verified_peers":1,"verified":6,"cache_hits":34,"refused":64,"rate_limited":0,"stale_epoch":0,"verify_us_max":86497,"link_stack_free_b":1732,"crypto_stack_free_b":1220,"tags_ok":193,"bad_tag":1,"replayed":1,"untagged":0,"bcast_dropped":0,"beacon_epoch_ignored":0,"tag_us_max":775}
19:33:50 C {"t":"act","node":33120,"setpoint":0,"has_value":0,"writes_served":0}
19:33:50 C {"t":"peers","node":33120,"own_period_ms":100,"own_busy":0,"channel":1,"scanning":0,"scans":1,"hops":4,"found":1,"lost_to_found_ms":3931,"moves_followed":2,"moves_refused":0,"list":[{"id":25344,"period_ms":100,"misses":6,"busy":0}]}
19:33:50 C {"t":"ss","node":33120,"accepted":0,"unsigned":0,"unknown_sender":0,"bad_signature":0,"replayed":0,"rate_limited":0,"verify_us_max":0,"floors":[{"src":25344,"epoch":139,"counter":1}]}
19:33:50 C {"t":"node","up_ms":84385,"node":33120,"epoch":154,"peers_alive":1,"peers_dead":0,"no_radio":0,"free_dram":228948,"largest_block":180224,"rx":{"total":1233,"bad_frame":0,"unknown_peer":237,"wrong_dst":0,"short_payload":0,"unknown_opcode":0,"queue_dropped":14},"tx":{"total":1072,"enqueue_err":0,"done_queue_dropped":0},"membership":{"deaths":2,"revivals":2,"reboots_seen":0,"table_full":0,"events_dropped":0}}
19:33:50 C {"t":"ns","node":33120,"hash":13581963,"owner":33120,"kind":"sampled","unit":100,"class":4,"bound_ms":5000,"quality":"GOOD","age_ms":201,"ts":84212,"updates":8,"value":1}
19:33:50 C {"t":"ns","node":33120,"hash":3142365229,"owner":33120,"kind":"sampled","unit":101,"class":4,"bound_ms":30000,"quality":"GOOD","age_ms":226,"ts":84212,"updates":8,"value":180224}
19:33:50 C {"t":"ns","node":33120,"hash":2033492666,"owner":33120,"kind":"sampled","unit":0,"class":3,"bound_ms":0,"quality":"NO_DATA","age_ms":0,"ts":0,"updates":0,"value":null}
19:33:50 C {"t":"ns","node":33120,"hash":2347817554,"owner":33120,"kind":"sampled","unit":100,"class":4,"bound_ms":0,"quality":"GOOD","age_ms":254,"ts":84212,"updates":8,"value":154}
19:33:50 C {"t":"ns","node":33120,"hash":1170356950,"owner":33120,"kind":"sampled","unit":80,"class":4,"bound_ms":30000,"quality":"GOOD","age_ms":267,"ts":84212,"updates":8,"value":84}
19:33:50 C {"t":"ns","node":33120,"hash":3085599597,"owner":33120,"kind":"sampled","unit":0,"class":4,"bound_ms":5000,"quality":"GOOD","age_ms":281,"ts":84212,"updates":8,"value":-34}
19:33:50 C {"t":"ns","node":33120,"hash":2486014333,"owner":33120,"kind":"sampled","unit":101,"class":4,"bound_ms":30000,"quality":"GOOD","age_ms":295,"ts":84212,"updates":8,"value":228948}
19:33:54 A {"t":"event","at_ms":86058,"node":25344,"kind":"peer_admitted","peer":33120,"slot":0,"a":0,"b":0}
19:33:54 A {"t":"event","at_ms":86669,"node":25344,"kind":"peer_refused","peer":29544,"slot":255,"a":1,"b":0}
19:33:54 A {"t":"event","at_ms":88061,"node":25344,"kind":"peer_admitted","peer":33120,"slot":0,"a":0,"b":0}
19:33:54 A {"t":"event","at_ms":90058,"node":25344,"kind":"peer_admitted","peer":33120,"slot":0,"a":0,"b":0}
19:33:54 A {"t":"event","at_ms":92059,"node":25344,"kind":"peer_admitted","peer":33120,"slot":0,"a":0,"b":0}
19:33:54 A {"t":"event","at_ms":94058,"node":25344,"kind":"peer_admitted","peer":33120,"slot":0,"a":0,"b":0}
19:33:54 A {"t":"link","up_ms":94586,"node":25344,"peer":33120,"mac":"b8:1f:3f:da:81:60","state":"alive","epoch":154,"espnow_ver":2,"mtu":1446,"misses":0,"rssi":-34,"tx":{"frames":219,"cb_ok":209,"cb_fail":10,"enqueue_err":0,"pdr_ppm":954337},"rx":{"frames":1053,"lost_seqgap":4,"reorder_dup":3,"dropped_bad":0,"hb_lost":67,"bcast_frames":802,"pdr_ppm":996215},"rtt":{"samples":80,"min_us":5532,"max_us":9822,"timeouts":11,"txq_last_us":2726,"txq_max_us":4827,"remote_turnaround_us":934,"remote_turnaround_max_us":1016,"p50_us":[4000,6000],"p99_us":[8000,11000],"hist":[0,0,0,0,51,22,7,0,0,0,0,0,0,0,0,0]}}
19:33:54 A {"t":"auth","node":25344,"up_ms":94639,"enrolled":1,"required":1,"verified_peers":1,"verified":7,"cache_hits":39,"refused":69,"rate_limited":0,"stale_epoch":0,"verify_us_max":87001,"link_stack_free_b":1732,"crypto_stack_free_b":1076,"tags_ok":202,"bad_tag":1,"replayed":2,"untagged":0,"bcast_dropped":0,"beacon_epoch_ignored":3,"tag_us_max":930}
19:33:54 A {"t":"act","node":25344,"setpoint":0,"has_value":0,"writes_served":0}
19:33:54 A {"t":"peers","node":25344,"own_period_ms":100,"own_busy":0,"channel":1,"scanning":0,"scans":1,"hops":12,"found":1,"lost_to_found_ms":6423,"moves_followed":0,"moves_refused":0,"list":[{"id":33120,"period_ms":100,"misses":6,"busy":0}]}
19:33:54 A {"t":"ss","node":25344,"accepted":0,"unsigned":0,"unknown_sender":0,"bad_signature":0,"replayed":0,"rate_limited":0,"verify_us_max":0,"floors":[]}
19:33:54 A {"t":"node","up_ms":94717,"node":25344,"epoch":148,"peers_alive":1,"peers_dead":0,"no_radio":0,"free_dram":228824,"largest_block":180224,"rx":{"total":1311,"bad_frame":0,"unknown_peer":255,"wrong_dst":0,"short_payload":0,"unknown_opcode":0,"queue_dropped":9},"tx":{"total":1217,"enqueue_err":0,"done_queue_dropped":0},"membership":{"deaths":2,"revivals":1,"reboots_seen":1,"table_full":0,"events_dropped":0}}
19:33:54 A {"t":"ns","node":25344,"hash":2410274060,"owner":25344,"kind":"sampled","unit":100,"class":4,"bound_ms":0,"quality":"GOOD","age_ms":201,"ts":94544,"updates":9,"value":148}
19:33:54 A {"t":"ns","node":25344,"hash":1274253983,"owner":25344,"kind":"sampled","unit":0,"class":4,"bound_ms":5000,"quality":"GOOD","age_ms":215,"ts":94544,"updates":9,"value":-34}
19:33:54 A {"t":"ns","node":25344,"hash":3354298913,"owner":25344,"kind":"sampled","unit":100,"class":4,"bound_ms":5000,"quality":"GOOD","age_ms":229,"ts":94544,"updates":9,"value":1}
19:33:54 A {"t":"ns","node":25344,"hash":1771187623,"owner":25344,"kind":"sampled","unit":101,"class":4,"bound_ms":30000,"quality":"GOOD","age_ms":254,"ts":94544,"updates":9,"value":228824}
19:33:54 A {"t":"ns","node":25344,"hash":2033492666,"owner":25344,"kind":"sampled","unit":0,"class":3,"bound_ms":0,"quality":"NO_DATA","age_ms":0,"ts":0,"updates":0,"value":null}
19:33:54 A {"t":"ns","node":25344,"hash":4103947588,"owner":25344,"kind":"sampled","unit":80,"class":4,"bound_ms":30000,"quality":"GOOD","age_ms":281,"ts":94544,"updates":9,"value":94}
19:33:54 A {"t":"ns","node":25344,"hash":1662441583,"owner":25344,"kind":"sampled","unit":101,"class":4,"bound_ms":30000,"quality":"GOOD","age_ms":295,"ts":94544,"updates":9,"value":180224}
