--- convergence on channel 1
19:25:13 C {"t":"event","at_ms":13779,"node":33120,"kind":"peer_admitted","peer":25344,"slot":0,"a":0,"b":0}
19:25:13 C {"t":"event","at_ms":14709,"node":33120,"kind":"peer_refused","peer":29544,"slot":255,"a":1,"b":0}
19:25:13 C {"t":"event","at_ms":15779,"node":33120,"kind":"peer_admitted","peer":25344,"slot":0,"a":0,"b":0}
19:25:13 C {"t":"event","at_ms":17779,"node":33120,"kind":"peer_admitted","peer":25344,"slot":0,"a":0,"b":0}
19:25:13 C {"t":"event","at_ms":19779,"node":33120,"kind":"peer_admitted","peer":25344,"slot":0,"a":0,"b":0}
19:25:13 C {"t":"event","at_ms":21779,"node":33120,"kind":"peer_admitted","peer":25344,"slot":0,"a":0,"b":0}
19:25:13 C {"t":"link","up_ms":22210,"node":33120,"peer":25344,"mac":"b8:1f:3f:da:63:00","state":"alive","epoch":146,"espnow_ver":2,"mtu":1446,"misses":0,"rssi":-32,"tx":{"frames":48,"cb_ok":48,"cb_fail":0,"enqueue_err":0,"pdr_ppm":1000000},"rx":{"frames":244,"lost_seqgap":0,"reorder_dup":6,"dropped_bad":0,"hb_lost":0,"bcast_frames":187,"pdr_ppm":1000000},"rtt":{"samples":18,"min_us":5621,"max_us":9087,"timeouts":1,"txq_last_us":0,"txq_max_us":0,"remote_turnaround_us":940,"remote_turnaround_max_us":969,"p50_us":[6000,8000],"p99_us":[8000,11000],"hist":[0,0,0,0,3,14,1,0,0,0,0,0,0,0,0,0]}}
19:25:13 C {"t":"auth","node":33120,"up_ms":22263,"enrolled":1,"required":1,"verified_peers":1,"verified":1,"cache_hits":10,"refused":13,"rate_limited":0,"stale_epoch":0,"verify_us_max":84079,"link_stack_free_b":1828,"crypto_stack_free_b":1268,"tags_ok":46,"bad_tag":1,"replayed":0,"untagged":0,"bcast_dropped":0,"beacon_epoch_ignored":0,"tag_us_max":746}
19:25:13 C {"t":"act","node":33120,"setpoint":0,"has_value":0,"writes_served":0}
19:25:13 C {"t":"peers","node":33120,"own_period_ms":100,"own_busy":0,"channel":1,"scanning":0,"scans":0,"hops":0,"found":0,"lost_to_found_ms":0,"moves_followed":0,"moves_refused":0,"list":[{"id":25344,"period_ms":100,"misses":6,"busy":0}]}
19:25:13 C {"t":"ss","node":33120,"accepted":0,"unsigned":0,"unknown_sender":0,"bad_signature":0,"replayed":0,"rate_limited":0,"verify_us_max":0,"floors":[{"src":25344,"epoch":139,"counter":1}]}
19:25:13 C {"t":"node","up_ms":22342,"node":33120,"epoch":152,"peers_alive":1,"peers_dead":0,"no_radio":0,"free_dram":229088,"largest_block":180224,"rx":{"total":304,"bad_frame":0,"unknown_peer":59,"wrong_dst":0,"short_payload":0,"unknown_opcode":0,"queue_dropped":17},"tx":{"total":265,"enqueue_err":0,"done_queue_dropped":0},"membership":{"deaths":0,"revivals":0,"reboots_seen":0,"table_full":0,"events_dropped":0}}
19:25:13 C {"t":"ns","node":33120,"hash":13581963,"owner":33120,"kind":"sampled","unit":100,"class":4,"bound_ms":5000,"quality":"GOOD","age_ms":202,"ts":22168,"updates":2,"value":1}
19:25:13 C {"t":"ns","node":33120,"hash":3142365229,"owner":33120,"kind":"sampled","unit":101,"class":4,"bound_ms":30000,"quality":"GOOD","age_ms":216,"ts":22168,"updates":2,"value":180224}
19:25:13 C {"t":"ns","node":33120,"hash":2033492666,"owner":33120,"kind":"sampled","unit":0,"class":3,"bound_ms":0,"quality":"NO_DATA","age_ms":0,"ts":0,"updates":0,"value":null}
19:25:13 C {"t":"ns","node":33120,"hash":2347817554,"owner":33120,"kind":"sampled","unit":100,"class":4,"bound_ms":0,"quality":"GOOD","age_ms":254,"ts":22168,"updates":2,"value":152}
19:25:13 C {"t":"ns","node":33120,"hash":1170356950,"owner":33120,"kind":"sampled","unit":80,"class":4,"bound_ms":30000,"quality":"GOOD","age_ms":267,"ts":22168,"updates":2,"value":22}
19:25:13 C {"t":"ns","node":33120,"hash":3085599597,"owner":33120,"kind":"sampled","unit":0,"class":4,"bound_ms":5000,"quality":"GOOD","age_ms":281,"ts":22168,"updates":2,"value":-32}
19:25:13 C {"t":"ns","node":33120,"hash":2486014333,"owner":33120,"kind":"sampled","unit":101,"class":4,"bound_ms":30000,"quality":"GOOD","age_ms":295,"ts":22168,"updates":2,"value":229088}
19:25:17 A {"t":"event","at_ms":23885,"node":25344,"kind":"peer_admitted","peer":33120,"slot":0,"a":0,"b":0}
19:25:17 A {"t":"event","at_ms":25886,"node":25344,"kind":"peer_admitted","peer":33120,"slot":0,"a":0,"b":0}
19:25:17 A {"t":"event","at_ms":27600,"node":25344,"kind":"peer_refused","peer":29544,"slot":255,"a":1,"b":0}
19:25:17 A {"t":"event","at_ms":27885,"node":25344,"kind":"peer_admitted","peer":33120,"slot":0,"a":0,"b":0}
19:25:17 A {"t":"event","at_ms":29885,"node":25344,"kind":"peer_admitted","peer":33120,"slot":0,"a":0,"b":0}
19:25:17 A {"t":"event","at_ms":31885,"node":25344,"kind":"peer_admitted","peer":33120,"slot":0,"a":0,"b":0}
19:25:17 A {"t":"link","up_ms":32547,"node":25344,"peer":33120,"mac":"b8:1f:3f:da:81:60","state":"alive","epoch":152,"espnow_ver":2,"mtu":1446,"misses":0,"rssi":-33,"tx":{"frames":66,"cb_ok":61,"cb_fail":5,"enqueue_err":0,"pdr_ppm":924242},"rx":{"frames":312,"lost_seqgap":0,"reorder_dup":3,"dropped_bad":0,"hb_lost":12,"bcast_frames":237,"pdr_ppm":1000000},"rtt":{"samples":23,"min_us":5588,"max_us":9108,"timeouts":6,"txq_last_us":5841,"txq_max_us":5841,"remote_turnaround_us":901,"remote_turnaround_max_us":955,"p50_us":[6000,8000],"p99_us":[8000,11000],"hist":[0,0,0,0,9,13,1,0,0,0,0,0,0,0,0,0]}}
19:25:17 A {"t":"auth","node":25344,"up_ms":32600,"enrolled":1,"required":1,"verified_peers":1,"verified":2,"cache_hits":11,"refused":20,"rate_limited":0,"stale_epoch":0,"verify_us_max":87508,"link_stack_free_b":1732,"crypto_stack_free_b":1268,"tags_ok":59,"bad_tag":0,"replayed":3,"untagged":0,"bcast_dropped":0,"beacon_epoch_ignored":3,"tag_us_max":938}
19:25:17 A {"t":"act","node":25344,"setpoint":0,"has_value":0,"writes_served":0}
19:25:17 A {"t":"peers","node":25344,"own_period_ms":100,"own_busy":0,"channel":1,"scanning":0,"scans":1,"hops":11,"found":1,"lost_to_found_ms":6335,"moves_followed":0,"moves_refused":0,"list":[{"id":33120,"period_ms":100,"misses":6,"busy":0}]}
19:25:17 A {"t":"ss","node":25344,"accepted":0,"unsigned":0,"unknown_sender":0,"bad_signature":0,"replayed":0,"rate_limited":0,"verify_us_max":0,"floors":[]}
19:25:17 A {"t":"node","up_ms":32667,"node":25344,"epoch":146,"peers_alive":1,"peers_dead":0,"no_radio":0,"free_dram":228948,"largest_block":180224,"rx":{"total":406,"bad_frame":0,"unknown_peer":90,"wrong_dst":0,"short_payload":0,"unknown_opcode":0,"queue_dropped":10},"tx":{"total":403,"enqueue_err":0,"done_queue_dropped":0},"membership":{"deaths":1,"revivals":0,"reboots_seen":1,"table_full":0,"events_dropped":0}}
19:25:17 A {"t":"ns","node":25344,"hash":2410274060,"owner":25344,"kind":"sampled","unit":100,"class":4,"bound_ms":0,"quality":"GOOD","age_ms":201,"ts":32505,"updates":3,"value":146}
19:25:17 A {"t":"ns","node":25344,"hash":1274253983,"owner":25344,"kind":"sampled","unit":0,"class":4,"bound_ms":5000,"quality":"GOOD","age_ms":215,"ts":32505,"updates":3,"value":-33}
19:25:17 A {"t":"ns","node":25344,"hash":3354298913,"owner":25344,"kind":"sampled","unit":100,"class":4,"bound_ms":5000,"quality":"GOOD","age_ms":228,"ts":32505,"updates":3,"value":1}
19:25:17 A {"t":"ns","node":25344,"hash":1771187623,"owner":25344,"kind":"sampled","unit":101,"class":4,"bound_ms":30000,"quality":"GOOD","age_ms":253,"ts":32505,"updates":3,"value":228948}
19:25:17 A {"t":"ns","node":25344,"hash":2033492666,"owner":25344,"kind":"sampled","unit":0,"class":3,"bound_ms":0,"quality":"NO_DATA","age_ms":0,"ts":0,"updates":0,"value":null}
19:25:17 A {"t":"ns","node":25344,"hash":4103947588,"owner":25344,"kind":"sampled","unit":80,"class":4,"bound_ms":30000,"quality":"GOOD","age_ms":281,"ts":32505,"updates":3,"value":32}
19:25:17 A {"t":"ns","node":25344,"hash":1662441583,"owner":25344,"kind":"sampled","unit":101,"class":4,"bound_ms":30000,"quality":"GOOD","age_ms":295,"ts":32505,"updates":3,"value":180224}
--- 1. A announces a move to channel 6 (in 500 ms)
19:25:20 A {"t":"test","cmd":"channel","channel":6,"quiet":0,"ok":1}
19:25:23 C {"t":"event","at_ms":23779,"node":33120,"kind":"peer_admitted","peer":25344,"slot":0,"a":0,"b":0}
19:25:23 C {"t":"event","at_ms":24709,"node":33120,"kind":"peer_refused","peer":29544,"slot":255,"a":1,"b":0}
19:25:23 C {"t":"event","at_ms":25779,"node":33120,"kind":"peer_admitted","peer":25344,"slot":0,"a":0,"b":0}
19:25:23 C {"t":"event","at_ms":27779,"node":33120,"kind":"peer_admitted","peer":25344,"slot":0,"a":0,"b":0}
19:25:23 C {"t":"event","at_ms":29779,"node":33120,"kind":"peer_admitted","peer":25344,"slot":0,"a":0,"b":0}
19:25:23 C {"t":"event","at_ms":30227,"node":33120,"kind":"channel_changed","peer":0,"slot":255,"a":6,"b":1}
19:25:23 C {"t":"event","at_ms":31779,"node":33120,"kind":"peer_admitted","peer":25344,"slot":0,"a":0,"b":0}
19:25:23 C {"t":"link","up_ms":32532,"node":33120,"peer":25344,"mac":"b8:1f:3f:da:63:00","state":"alive","epoch":146,"espnow_ver":2,"mtu":1446,"misses":0,"rssi":-29,"tx":{"frames":73,"cb_ok":73,"cb_fail":0,"enqueue_err":0,"pdr_ppm":1000000},"rx":{"frames":381,"lost_seqgap":0,"reorder_dup":6,"dropped_bad":0,"hb_lost":0,"bcast_frames":290,"pdr_ppm":1000000},"rtt":{"samples":28,"min_us":5621,"max_us":10046,"timeouts":1,"txq_last_us":0,"txq_max_us":0,"remote_turnaround_us":894,"remote_turnaround_max_us":969,"p50_us":[6000,8000],"p99_us":[8000,11000],"hist":[0,0,0,0,7,19,2,0,0,0,0,0,0,0,0,0]}}
19:25:23 C {"t":"auth","node":33120,"up_ms":32586,"enrolled":1,"required":1,"verified_peers":1,"verified":1,"cache_hits":15,"refused":18,"rate_limited":0,"stale_epoch":0,"verify_us_max":84079,"link_stack_free_b":1828,"crypto_stack_free_b":1268,"tags_ok":72,"bad_tag":1,"replayed":0,"untagged":0,"bcast_dropped":0,"beacon_epoch_ignored":0,"tag_us_max":748}
19:25:23 C {"t":"act","node":33120,"setpoint":0,"has_value":0,"writes_served":0}
19:25:23 C {"t":"peers","node":33120,"own_period_ms":100,"own_busy":0,"channel":6,"scanning":0,"scans":0,"hops":0,"found":0,"lost_to_found_ms":0,"moves_followed":1,"moves_refused":0,"list":[{"id":25344,"period_ms":100,"misses":6,"busy":0}]}
19:25:23 C {"t":"ss","node":33120,"accepted":0,"unsigned":0,"unknown_sender":0,"bad_signature":0,"replayed":0,"rate_limited":0,"verify_us_max":0,"floors":[{"src":25344,"epoch":139,"counter":1}]}
19:25:23 C {"t":"node","up_ms":32653,"node":33120,"epoch":152,"peers_alive":1,"peers_dead":0,"no_radio":0,"free_dram":228948,"largest_block":180224,"rx":{"total":463,"bad_frame":0,"unknown_peer":81,"wrong_dst":0,"short_payload":0,"unknown_opcode":0,"queue_dropped":17},"tx":{"total":399,"enqueue_err":0,"done_queue_dropped":0},"membership":{"deaths":0,"revivals":0,"reboots_seen":0,"table_full":0,"events_dropped":0}}
19:25:23 C {"t":"ns","node":33120,"hash":13581963,"owner":33120,"kind":"sampled","unit":100,"class":4,"bound_ms":5000,"quality":"GOOD","age_ms":214,"ts":32478,"updates":3,"value":1}
19:25:23 C {"t":"ns","node":33120,"hash":3142365229,"owner":33120,"kind":"sampled","unit":101,"class":4,"bound_ms":30000,"quality":"GOOD","age_ms":228,"ts":32478,"updates":3,"value":180224}
19:25:23 C {"t":"ns","node":33120,"hash":2033492666,"owner":33120,"kind":"sampled","unit":0,"class":3,"bound_ms":0,"quality":"NO_DATA","age_ms":0,"ts":0,"updates":0,"value":null}
19:25:23 C {"t":"ns","node":33120,"hash":2347817554,"owner":33120,"kind":"sampled","unit":100,"class":4,"bound_ms":0,"quality":"GOOD","age_ms":255,"ts":32478,"updates":3,"value":152}
19:25:23 C {"t":"ns","node":33120,"hash":1170356950,"owner":33120,"kind":"sampled","unit":80,"class":4,"bound_ms":30000,"quality":"GOOD","age_ms":269,"ts":32478,"updates":3,"value":32}
19:25:23 C {"t":"ns","node":33120,"hash":3085599597,"owner":33120,"kind":"sampled","unit":0,"class":4,"bound_ms":5000,"quality":"GOOD","age_ms":294,"ts":32478,"updates":3,"value":-29}
19:25:23 C {"t":"ns","node":33120,"hash":2486014333,"owner":33120,"kind":"sampled","unit":101,"class":4,"bound_ms":30000,"quality":"GOOD","age_ms":308,"ts":32478,"updates":3,"value":228948}
19:25:28 A {"t":"event","at_ms":33885,"node":25344,"kind":"peer_admitted","peer":33120,"slot":0,"a":0,"b":0}
19:25:28 A {"t":"event","at_ms":35885,"node":25344,"kind":"peer_admitted","peer":33120,"slot":0,"a":0,"b":0}
19:25:28 A {"t":"event","at_ms":36297,"node":25344,"kind":"channel_changed","peer":0,"slot":255,"a":6,"b":1}
19:25:28 A {"t":"event","at_ms":36324,"node":25344,"kind":"peer_admitted","peer":33120,"slot":0,"a":0,"b":0}
19:25:28 A {"t":"event","at_ms":37885,"node":25344,"kind":"peer_admitted","peer":33120,"slot":0,"a":0,"b":0}
19:25:28 A {"t":"event","at_ms":38700,"node":25344,"kind":"peer_refused","peer":29544,"slot":255,"a":1,"b":0}
19:25:28 A {"t":"event","at_ms":39888,"node":25344,"kind":"peer_admitted","peer":33120,"slot":0,"a":0,"b":0}
19:25:28 A {"t":"event","at_ms":41885,"node":25344,"kind":"peer_admitted","peer":33120,"slot":0,"a":0,"b":0}
19:25:28 A {"t":"link","up_ms":42882,"node":25344,"peer":33120,"mac":"b8:1f:3f:da:81:60","state":"alive","epoch":152,"espnow_ver":2,"mtu":1446,"misses":0,"rssi":-30,"tx":{"frames":94,"cb_ok":89,"cb_fail":5,"enqueue_err":0,"pdr_ppm":946808},"rx":{"frames":448,"lost_seqgap":0,"reorder_dup":3,"dropped_bad":0,"hb_lost":13,"bcast_frames":340,"pdr_ppm":1000000},"rtt":{"samples":34,"min_us":5588,"max_us":11942,"timeouts":6,"txq_last_us":2837,"txq_max_us":5841,"remote_turnaround_us":947,"remote_turnaround_max_us":1010,"p50_us":[6000,8000],"p99_us":[11000,16000],"hist":[0,0,0,0,13,18,2,1,0,0,0,0,0,0,0,0]}}
19:25:28 A {"t":"auth","node":25344,"up_ms":42935,"enrolled":1,"required":1,"verified_peers":1,"verified":2,"cache_hits":17,"refused":25,"rate_limited":0,"stale_epoch":0,"verify_us_max":87508,"link_stack_free_b":1732,"crypto_stack_free_b":1268,"tags_ok":86,"bad_tag":0,"replayed":3,"untagged":0,"bcast_dropped":0,"beacon_epoch_ignored":3,"tag_us_max":938}
19:25:28 A {"t":"act","node":25344,"setpoint":0,"has_value":0,"writes_served":0}
19:25:28 A {"t":"peers","node":25344,"own_period_ms":100,"own_busy":0,"channel":6,"scanning":0,"scans":1,"hops":11,"found":1,"lost_to_found_ms":6335,"moves_followed":0,"moves_refused":0,"list":[{"id":33120,"period_ms":100,"misses":6,"busy":0}]}
19:25:28 A {"t":"ss","node":25344,"accepted":0,"unsigned":0,"unknown_sender":0,"bad_signature":0,"replayed":0,"rate_limited":0,"verify_us_max":0,"floors":[]}
19:25:28 A {"t":"node","up_ms":43002,"node":25344,"epoch":146,"peers_alive":1,"peers_dead":0,"no_radio":0,"free_dram":228948,"largest_block":180224,"rx":{"total":568,"bad_frame":0,"unknown_peer":117,"wrong_dst":0,"short_payload":0,"unknown_opcode":0,"queue_dropped":10},"tx":{"total":543,"enqueue_err":0,"done_queue_dropped":0},"membership":{"deaths":1,"revivals":0,"reboots_seen":1,"table_full":0,"events_dropped":0}}
19:25:28 A {"t":"ns","node":25344,"hash":2410274060,"owner":25344,"kind":"sampled","unit":100,"class":4,"bound_ms":0,"quality":"GOOD","age_ms":216,"ts":42814,"updates":4,"value":146}
19:25:28 A {"t":"ns","node":25344,"hash":1274253983,"owner":25344,"kind":"sampled","unit":0,"class":4,"bound_ms":5000,"quality":"GOOD","age_ms":241,"ts":42814,"updates":4,"value":-30}
19:25:28 A {"t":"ns","node":25344,"hash":3354298913,"owner":25344,"kind":"sampled","unit":100,"class":4,"bound_ms":5000,"quality":"GOOD","age_ms":254,"ts":42814,"updates":4,"value":1}
19:25:28 A {"t":"ns","node":25344,"hash":1771187623,"owner":25344,"kind":"sampled","unit":101,"class":4,"bound_ms":30000,"quality":"GOOD","age_ms":268,"ts":42814,"updates":4,"value":228948}
19:25:28 A {"t":"ns","node":25344,"hash":2033492666,"owner":25344,"kind":"sampled","unit":0,"class":3,"bound_ms":0,"quality":"NO_DATA","age_ms":0,"ts":0,"updates":0,"value":null}
19:25:28 A {"t":"ns","node":25344,"hash":4103947588,"owner":25344,"kind":"sampled","unit":80,"class":4,"bound_ms":30000,"quality":"GOOD","age_ms":295,"ts":42814,"updates":4,"value":42}
19:25:28 A {"t":"ns","node":25344,"hash":1662441583,"owner":25344,"kind":"sampled","unit":101,"class":4,"bound_ms":30000,"quality":"GOOD","age_ms":309,"ts":42814,"updates":4,"value":180224}
19:25:34 C {"t":"event","at_ms":33779,"node":33120,"kind":"peer_admitted","peer":25344,"slot":0,"a":0,"b":0}
19:25:34 C {"t":"event","at_ms":35609,"node":33120,"kind":"peer_refused","peer":29544,"slot":255,"a":1,"b":0}
19:25:34 C {"t":"event","at_ms":35779,"node":33120,"kind":"peer_admitted","peer":25344,"slot":0,"a":0,"b":0}
19:25:34 C {"t":"event","at_ms":37779,"node":33120,"kind":"peer_admitted","peer":25344,"slot":0,"a":0,"b":0}
19:25:34 C {"t":"event","at_ms":39779,"node":33120,"kind":"peer_admitted","peer":25344,"slot":0,"a":0,"b":0}
19:25:34 C {"t":"event","at_ms":41779,"node":33120,"kind":"peer_admitted","peer":25344,"slot":0,"a":0,"b":0}
19:25:34 C {"t":"link","up_ms":42842,"node":33120,"peer":25344,"mac":"b8:1f:3f:da:63:00","state":"alive","epoch":146,"espnow_ver":2,"mtu":1446,"misses":0,"rssi":-29,"tx":{"frames":100,"cb_ok":100,"cb_fail":0,"enqueue_err":0,"pdr_ppm":1000000},"rx":{"frames":516,"lost_seqgap":0,"reorder_dup":6,"dropped_bad":0,"hb_lost":0,"bcast_frames":393,"pdr_ppm":1000000},"rtt":{"samples":39,"min_us":5621,"max_us":10046,"timeouts":1,"txq_last_us":0,"txq_max_us":0,"remote_turnaround_us":925,"remote_turnaround_max_us":969,"p50_us":[6000,8000],"p99_us":[8000,11000],"hist":[0,0,0,0,14,22,3,0,0,0,0,0,0,0,0,0]}}
19:25:34 C {"t":"auth","node":33120,"up_ms":42895,"enrolled":1,"required":1,"verified_peers":1,"verified":1,"cache_hits":20,"refused":29,"rate_limited":0,"stale_epoch":0,"verify_us_max":84079,"link_stack_free_b":1828,"crypto_stack_free_b":1268,"tags_ok":99,"bad_tag":1,"replayed":0,"untagged":0,"bcast_dropped":0,"beacon_epoch_ignored":0,"tag_us_max":769}
19:25:34 C {"t":"act","node":33120,"setpoint":0,"has_value":0,"writes_served":0}
19:25:34 C {"t":"peers","node":33120,"own_period_ms":100,"own_busy":0,"channel":6,"scanning":0,"scans":0,"hops":0,"found":0,"lost_to_found_ms":0,"moves_followed":1,"moves_refused":0,"list":[{"id":25344,"period_ms":100,"misses":6,"busy":0}]}
19:25:34 C {"t":"ss","node":33120,"accepted":0,"unsigned":0,"unknown_sender":0,"bad_signature":0,"replayed":0,"rate_limited":0,"verify_us_max":0,"floors":[{"src":25344,"epoch":139,"counter":1}]}
19:25:34 C {"t":"node","up_ms":42973,"node":33120,"epoch":152,"peers_alive":1,"peers_dead":0,"no_radio":0,"free_dram":228948,"largest_block":180224,"rx":{"total":635,"bad_frame":0,"unknown_peer":117,"wrong_dst":0,"short_payload":0,"unknown_opcode":0,"queue_dropped":17},"tx":{"total":535,"enqueue_err":0,"done_queue_dropped":0},"membership":{"deaths":0,"revivals":0,"reboots_seen":0,"table_full":0,"events_dropped":0}}
19:25:34 C {"t":"ns","node":33120,"hash":13581963,"owner":33120,"kind":"sampled","unit":100,"class":4,"bound_ms":5000,"quality":"GOOD","age_ms":202,"ts":42800,"updates":4,"value":1}
19:25:34 C {"t":"ns","node":33120,"hash":3142365229,"owner":33120,"kind":"sampled","unit":101,"class":4,"bound_ms":30000,"quality":"GOOD","age_ms":215,"ts":42800,"updates":4,"value":180224}
19:25:34 C {"t":"ns","node":33120,"hash":2033492666,"owner":33120,"kind":"sampled","unit":0,"class":3,"bound_ms":0,"quality":"NO_DATA","age_ms":0,"ts":0,"updates":0,"value":null}
19:25:34 C {"t":"ns","node":33120,"hash":2347817554,"owner":33120,"kind":"sampled","unit":100,"class":4,"bound_ms":0,"quality":"GOOD","age_ms":254,"ts":42800,"updates":4,"value":152}
19:25:34 C {"t":"ns","node":33120,"hash":1170356950,"owner":33120,"kind":"sampled","unit":80,"class":4,"bound_ms":30000,"quality":"GOOD","age_ms":268,"ts":42800,"updates":4,"value":42}
19:25:34 C {"t":"ns","node":33120,"hash":3085599597,"owner":33120,"kind":"sampled","unit":0,"class":4,"bound_ms":5000,"quality":"GOOD","age_ms":281,"ts":42800,"updates":4,"value":-29}
19:25:34 C {"t":"ns","node":33120,"hash":2486014333,"owner":33120,"kind":"sampled","unit":101,"class":4,"bound_ms":30000,"quality":"GOOD","age_ms":295,"ts":42800,"updates":4,"value":228948}
19:25:38 A {"t":"event","at_ms":43885,"node":25344,"kind":"peer_admitted","peer":33120,"slot":0,"a":0,"b":0}
19:25:38 A {"t":"event","at_ms":45885,"node":25344,"kind":"peer_admitted","peer":33120,"slot":0,"a":0,"b":0}
19:25:38 A {"t":"event","at_ms":47885,"node":25344,"kind":"peer_admitted","peer":33120,"slot":0,"a":0,"b":0}
19:25:38 A {"t":"event","at_ms":48801,"node":25344,"kind":"peer_refused","peer":29544,"slot":255,"a":1,"b":0}
19:25:38 A {"t":"event","at_ms":49888,"node":25344,"kind":"peer_admitted","peer":33120,"slot":0,"a":0,"b":0}
19:25:38 A {"t":"event","at_ms":51885,"node":25344,"kind":"peer_admitted","peer":33120,"slot":0,"a":0,"b":0}
19:25:38 A {"t":"link","up_ms":53180,"node":25344,"peer":33120,"mac":"b8:1f:3f:da:81:60","state":"alive","epoch":152,"espnow_ver":2,"mtu":1446,"misses":0,"rssi":-30,"tx":{"frames":119,"cb_ok":114,"cb_fail":5,"enqueue_err":0,"pdr_ppm":957983},"rx":{"frames":581,"lost_seqgap":0,"reorder_dup":3,"dropped_bad":0,"hb_lost":13,"bcast_frames":443,"pdr_ppm":1000000},"rtt":{"samples":44,"min_us":5588,"max_us":11942,"timeouts":6,"txq_last_us":2855,"txq_max_us":5841,"remote_turnaround_us":916,"remote_turnaround_max_us":1010,"p50_us":[6000,8000],"p99_us":[11000,16000],"hist":[0,0,0,0,20,20,3,1,0,0,0,0,0,0,0,0]}}
19:25:38 A {"t":"auth","node":25344,"up_ms":53233,"enrolled":1,"required":1,"verified_peers":1,"verified":2,"cache_hits":22,"refused":32,"rate_limited":0,"stale_epoch":0,"verify_us_max":87508,"link_stack_free_b":1732,"crypto_stack_free_b":1268,"tags_ok":111,"bad_tag":0,"replayed":3,"untagged":0,"bcast_dropped":0,"beacon_epoch_ignored":3,"tag_us_max":938}
19:25:38 A {"t":"act","node":25344,"setpoint":0,"has_value":0,"writes_served":0}
19:25:38 A {"t":"peers","node":25344,"own_period_ms":100,"own_busy":0,"channel":6,"scanning":0,"scans":1,"hops":11,"found":1,"lost_to_found_ms":6335,"moves_followed":0,"moves_refused":0,"list":[{"id":33120,"period_ms":100,"misses":6,"busy":0}]}
19:25:38 A {"t":"ss","node":25344,"accepted":0,"unsigned":0,"unknown_sender":0,"bad_signature":0,"replayed":0,"rate_limited":0,"verify_us_max":0,"floors":[]}
19:25:38 A {"t":"node","up_ms":53299,"node":25344,"epoch":146,"peers_alive":1,"peers_dead":0,"no_radio":0,"free_dram":228948,"largest_block":180224,"rx":{"total":730,"bad_frame":0,"unknown_peer":146,"wrong_dst":0,"short_payload":0,"unknown_opcode":0,"queue_dropped":10},"tx":{"total":676,"enqueue_err":0,"done_queue_dropped":0},"membership":{"deaths":1,"revivals":0,"reboots_seen":1,"table_full":0,"events_dropped":0}}
19:25:38 A {"t":"ns","node":25344,"hash":2410274060,"owner":25344,"kind":"sampled","unit":100,"class":4,"bound_ms":0,"quality":"GOOD","age_ms":202,"ts":53137,"updates":5,"value":146}
19:25:38 A {"t":"ns","node":25344,"hash":1274253983,"owner":25344,"kind":"sampled","unit":0,"class":4,"bound_ms":5000,"quality":"GOOD","age_ms":216,"ts":53137,"updates":5,"value":-29}
19:25:38 A {"t":"ns","node":25344,"hash":3354298913,"owner":25344,"kind":"sampled","unit":100,"class":4,"bound_ms":5000,"quality":"GOOD","age_ms":229,"ts":53137,"updates":5,"value":1}
19:25:38 A {"t":"ns","node":25344,"hash":1771187623,"owner":25344,"kind":"sampled","unit":101,"class":4,"bound_ms":30000,"quality":"GOOD","age_ms":243,"ts":53137,"updates":5,"value":228948}
19:25:38 A {"t":"ns","node":25344,"hash":2033492666,"owner":25344,"kind":"sampled","unit":0,"class":3,"bound_ms":0,"quality":"NO_DATA","age_ms":0,"ts":0,"updates":0,"value":null}
19:25:38 A {"t":"ns","node":25344,"hash":4103947588,"owner":25344,"kind":"sampled","unit":80,"class":4,"bound_ms":30000,"quality":"GOOD","age_ms":281,"ts":53137,"updates":5,"value":53}
19:25:38 A {"t":"ns","node":25344,"hash":1662441583,"owner":25344,"kind":"sampled","unit":101,"class":4,"bound_ms":30000,"quality":"GOOD","age_ms":295,"ts":53137,"updates":5,"value":180224}
19:25:42 A {"t":"test","cmd":"fixed","fixed":1}
--- 2. A is router-tied and jumps to 11 unannounced; C must lose it, scan and find it
19:25:43 A {"t":"test","cmd":"channel","channel":11,"quiet":1,"ok":1}
19:25:43 C W (52910) pot.m0: peer 0x6300 declared DEAD after 6 misses (603 ms silent)
19:25:43 A W (59097) pot.m0: peer 0x8160 declared DEAD after 6 misses (693 ms silent)
19:25:44 C {"t":"event","at_ms":43781,"node":33120,"kind":"peer_admitted","peer":25344,"slot":0,"a":0,"b":0}
19:25:44 C {"t":"event","at_ms":45779,"node":33120,"kind":"peer_admitted","peer":25344,"slot":0,"a":0,"b":0}
19:25:44 C {"t":"event","at_ms":45809,"node":33120,"kind":"peer_refused","peer":29544,"slot":255,"a":1,"b":0}
19:25:44 C {"t":"event","at_ms":47779,"node":33120,"kind":"peer_admitted","peer":25344,"slot":0,"a":0,"b":0}
19:25:44 C {"t":"event","at_ms":49779,"node":33120,"kind":"peer_admitted","peer":25344,"slot":0,"a":0,"b":0}
19:25:44 C {"t":"event","at_ms":51781,"node":33120,"kind":"peer_admitted","peer":25344,"slot":0,"a":0,"b":0}
19:25:44 C {"t":"event","at_ms":52562,"node":33120,"kind":"peer_dead","peer":25344,"slot":0,"a":6,"b":603}
19:25:44 C {"t":"link","up_ms":53164,"node":33120,"peer":25344,"mac":"b8:1f:3f:da:63:00","state":"dead","epoch":146,"espnow_ver":2,"mtu":1446,"misses":6,"rssi":-30,"tx":{"frames":124,"cb_ok":123,"cb_fail":1,"enqueue_err":0,"pdr_ppm":991935},"rx":{"frames":636,"lost_seqgap":0,"reorder_dup":6,"dropped_bad":0,"hb_lost":0,"bcast_frames":485,"pdr_ppm":1000000},"rtt":{"samples":48,"min_us":5621,"max_us":10046,"timeouts":1,"txq_last_us":0,"txq_max_us":0,"remote_turnaround_us":919,"remote_turnaround_max_us":969,"p50_us":[6000,8000],"p99_us":[8000,11000],"hist":[0,0,0,0,20,24,4,0,0,0,0,0,0,0,0,0]}}
19:25:44 C {"t":"auth","node":33120,"up_ms":53217,"enrolled":1,"required":1,"verified_peers":1,"verified":1,"cache_hits":25,"refused":38,"rate_limited":0,"stale_epoch":0,"verify_us_max":84079,"link_stack_free_b":1828,"crypto_stack_free_b":1268,"tags_ok":122,"bad_tag":1,"replayed":0,"untagged":0,"bcast_dropped":0,"beacon_epoch_ignored":0,"tag_us_max":769}
19:25:44 C {"t":"act","node":33120,"setpoint":0,"has_value":0,"writes_served":0}
19:25:44 C {"t":"peers","node":33120,"own_period_ms":100,"own_busy":0,"channel":6,"scanning":0,"scans":0,"hops":0,"found":0,"lost_to_found_ms":0,"moves_followed":1,"moves_refused":0,"list":[{"id":25344,"period_ms":100,"misses":6,"busy":0}]}
19:25:44 C {"t":"ss","node":33120,"accepted":0,"unsigned":0,"unknown_sender":0,"bad_signature":0,"replayed":0,"rate_limited":0,"verify_us_max":0,"floors":[{"src":25344,"epoch":139,"counter":1}]}
19:25:44 C {"t":"node","up_ms":53284,"node":33120,"epoch":152,"peers_alive":0,"peers_dead":1,"no_radio":0,"free_dram":228948,"largest_block":180224,"rx":{"total":787,"bad_frame":0,"unknown_peer":151,"wrong_dst":0,"short_payload":0,"unknown_opcode":0,"queue_dropped":17},"tx":{"total":667,"enqueue_err":0,"done_queue_dropped":0},"membership":{"deaths":1,"revivals":0,"reboots_seen":0,"table_full":0,"events_dropped":0}}
19:25:44 C {"t":"ns","node":33120,"hash":13581963,"owner":33120,"kind":"sampled","unit":100,"class":4,"bound_ms":5000,"quality":"GOOD","age_ms":214,"ts":53109,"updates":5,"value":0}
19:25:44 C {"t":"ns","node":33120,"hash":3142365229,"owner":33120,"kind":"sampled","unit":101,"class":4,"bound_ms":30000,"quality":"GOOD","age_ms":228,"ts":53109,"updates":5,"value":180224}
19:25:44 C {"t":"ns","node":33120,"hash":2033492666,"owner":33120,"kind":"sampled","unit":0,"class":3,"bound_ms":0,"quality":"NO_DATA","age_ms":0,"ts":0,"updates":0,"value":null}
19:25:44 C {"t":"ns","node":33120,"hash":2347817554,"owner":33120,"kind":"sampled","unit":100,"class":4,"bound_ms":0,"quality":"GOOD","age_ms":256,"ts":53109,"updates":5,"value":152}
19:25:44 C {"t":"ns","node":33120,"hash":1170356950,"owner":33120,"kind":"sampled","unit":80,"class":4,"bound_ms":30000,"quality":"GOOD","age_ms":269,"ts":53109,"updates":5,"value":53}
19:25:44 C {"t":"ns","node":33120,"hash":3085599597,"owner":33120,"kind":"sampled","unit":0,"class":4,"bound_ms":5000,"quality":"GOOD","age_ms":294,"ts":53109,"updates":5,"value":0}
19:25:44 C {"t":"ns","node":33120,"hash":2486014333,"owner":33120,"kind":"sampled","unit":101,"class":4,"bound_ms":30000,"quality":"GOOD","age_ms":308,"ts":53109,"updates":5,"value":228948}
19:25:47 C I (56808) pot.m0: peer 0x6300 revived
19:25:47 A I (62903) pot.m0: peer 0x8160 revived
19:25:48 A {"t":"event","at_ms":53885,"node":25344,"kind":"peer_admitted","peer":33120,"slot":0,"a":0,"b":0}
19:25:48 A {"t":"event","at_ms":55885,"node":25344,"kind":"peer_admitted","peer":33120,"slot":0,"a":0,"b":0}
19:25:48 A {"t":"event","at_ms":57885,"node":25344,"kind":"peer_admitted","peer":33120,"slot":0,"a":0,"b":0}
19:25:48 A {"t":"event","at_ms":58068,"node":25344,"kind":"channel_changed","peer":0,"slot":255,"a":11,"b":3}
19:25:48 A {"t":"event","at_ms":58749,"node":25344,"kind":"peer_dead","peer":33120,"slot":0,"a":6,"b":693}
19:25:48 A {"t":"event","at_ms":59750,"node":25344,"kind":"probe_timeout","peer":33120,"slot":0,"a":57,"b":0}
19:25:48 A {"t":"event","at_ms":60001,"node":25344,"kind":"peer_refused","peer":29544,"slot":255,"a":1,"b":0}
19:25:48 A {"t":"event","at_ms":60749,"node":25344,"kind":"probe_timeout","peer":33120,"slot":0,"a":58,"b":0}
19:25:48 A {"t":"event","at_ms":61750,"node":25344,"kind":"probe_timeout","peer":33120,"slot":0,"a":59,"b":0}
19:25:48 A {"t":"event","at_ms":62555,"node":25344,"kind":"peer_revived","peer":33120,"slot":0,"a":0,"b":0}
19:25:48 A {"t":"event","at_ms":62750,"node":25344,"kind":"probe_timeout","peer":33120,"slot":0,"a":60,"b":0}
19:25:48 A {"t":"link","up_ms":63540,"node":25344,"peer":33120,"mac":"b8:1f:3f:da:81:60","state":"alive","epoch":152,"espnow_ver":2,"mtu":1446,"misses":0,"rssi":-28,"tx":{"frames":138,"cb_ok":129,"cb_fail":9,"enqueue_err":0,"pdr_ppm":934782},"rx":{"frames":655,"lost_seqgap":4,"reorder_dup":3,"dropped_bad":0,"hb_lost":60,"bcast_frames":499,"pdr_ppm":993930},"rtt":{"samples":50,"min_us":5588,"max_us":11942,"timeouts":10,"txq_last_us":2580,"txq_max_us":5841,"remote_turnaround_us":928,"remote_turnaround_max_us":1010,"p50_us":[6000,8000],"p99_us":[11000,16000],"hist":[0,0,0,0,22,20,7,1,0,0,0,0,0,0,0,0]}}
19:25:48 A {"t":"auth","node":25344,"up_ms":63593,"enrolled":1,"required":1,"verified_peers":1,"verified":2,"cache_hits":25,"refused":37,"rate_limited":0,"stale_epoch":0,"verify_us_max":87508,"link_stack_free_b":1732,"crypto_stack_free_b":1268,"tags_ok":126,"bad_tag":0,"replayed":3,"untagged":0,"bcast_dropped":0,"beacon_epoch_ignored":3,"tag_us_max":938}
19:25:48 A {"t":"act","node":25344,"setpoint":0,"has_value":0,"writes_served":0}
19:25:48 A {"t":"peers","node":25344,"own_period_ms":100,"own_busy":0,"channel":11,"scanning":0,"scans":1,"hops":11,"found":1,"lost_to_found_ms":6335,"moves_followed":0,"moves_refused":0,"list":[{"id":33120,"period_ms":100,"misses":6,"busy":0}]}
19:25:48 A {"t":"ss","node":25344,"accepted":0,"unsigned":0,"unknown_sender":0,"bad_signature":0,"replayed":0,"rate_limited":0,"verify_us_max":0,"floors":[]}
19:25:48 A {"t":"node","up_ms":63660,"node":25344,"epoch":146,"peers_alive":1,"peers_dead":0,"no_radio":0,"free_dram":228824,"largest_block":180224,"rx":{"total":826,"bad_frame":0,"unknown_peer":167,"wrong_dst":0,"short_payload":0,"unknown_opcode":0,"queue_dropped":10},"tx":{"total":805,"enqueue_err":0,"done_queue_dropped":0},"membership":{"deaths":2,"revivals":1,"reboots_seen":1,"table_full":0,"events_dropped":0}}
19:25:48 A {"t":"ns","node":25344,"hash":2410274060,"owner":25344,"kind":"sampled","unit":100,"class":4,"bound_ms":0,"quality":"GOOD","age_ms":242,"ts":63446,"updates":6,"value":146}
19:25:48 A {"t":"ns","node":25344,"hash":1274253983,"owner":25344,"kind":"sampled","unit":0,"class":4,"bound_ms":5000,"quality":"GOOD","age_ms":266,"ts":63446,"updates":6,"value":-27}
19:25:48 A {"t":"ns","node":25344,"hash":3354298913,"owner":25344,"kind":"sampled","unit":100,"class":4,"bound_ms":5000,"quality":"GOOD","age_ms":280,"ts":63446,"updates":6,"value":1}
19:25:48 A {"t":"ns","node":25344,"hash":1771187623,"owner":25344,"kind":"sampled","unit":101,"class":4,"bound_ms":30000,"quality":"GOOD","age_ms":293,"ts":63446,"updates":6,"value":228824}
19:25:48 A {"t":"ns","node":25344,"hash":2033492666,"owner":25344,"kind":"sampled","unit":0,"class":3,"bound_ms":0,"quality":"NO_DATA","age_ms":0,"ts":0,"updates":0,"value":null}
19:25:48 A {"t":"ns","node":25344,"hash":4103947588,"owner":25344,"kind":"sampled","unit":80,"class":4,"bound_ms":30000,"quality":"GOOD","age_ms":321,"ts":63446,"updates":6,"value":63}
19:25:48 A {"t":"ns","node":25344,"hash":1662441583,"owner":25344,"kind":"sampled","unit":101,"class":4,"bound_ms":30000,"quality":"GOOD","age_ms":335,"ts":63446,"updates":6,"value":180224}
19:25:54 C {"t":"event","at_ms":53763,"node":33120,"kind":"probe_timeout","peer":25344,"slot":0,"a":50,"b":0}
19:25:54 C {"t":"event","at_ms":54763,"node":33120,"kind":"probe_timeout","peer":25344,"slot":0,"a":51,"b":0}
19:25:54 C {"t":"event","at_ms":55763,"node":33120,"kind":"probe_timeout","peer":25344,"slot":0,"a":52,"b":0}
19:25:54 C {"t":"event","at_ms":56009,"node":33120,"kind":"peer_refused","peer":29544,"slot":255,"a":1,"b":0}
19:25:54 C {"t":"event","at_ms":56461,"node":33120,"kind":"peer_revived","peer":25344,"slot":0,"a":0,"b":0}
19:25:54 C {"t":"event","at_ms":56463,"node":33120,"kind":"channel_changed","peer":0,"slot":255,"a":10,"b":2}
19:25:54 C {"t":"event","at_ms":56763,"node":33120,"kind":"probe_timeout","peer":25344,"slot":0,"a":53,"b":0}
19:25:54 C {"t":"event","at_ms":57780,"node":33120,"kind":"peer_admitted","peer":25344,"slot":0,"a":0,"b":0}
19:25:54 C {"t":"event","at_ms":59779,"node":33120,"kind":"peer_admitted","peer":25344,"slot":0,"a":0,"b":0}
19:25:54 C {"t":"link","up_ms":63500,"node":33120,"peer":25344,"mac":"b8:1f:3f:da:63:00","state":"alive","epoch":146,"espnow_ver":2,"mtu":1446,"misses":0,"rssi":-26,"tx":{"frames":143,"cb_ok":139,"cb_fail":4,"enqueue_err":0,"pdr_ppm":972027},"rx":{"frames":714,"lost_seqgap":4,"reorder_dup":6,"dropped_bad":0,"hb_lost":54,"bcast_frames":546,"pdr_ppm":994428},"rtt":{"samples":55,"min_us":5621,"max_us":12267,"timeouts":5,"txq_last_us":0,"txq_max_us":0,"remote_turnaround_us":907,"remote_turnaround_max_us":996,"p50_us":[6000,8000],"p99_us":[11000,16000],"hist":[0,0,0,0,23,27,4,1,0,0,0,0,0,0,0,0]}}
19:25:54 C {"t":"auth","node":33120,"up_ms":63553,"enrolled":1,"required":1,"verified_peers":1,"verified":1,"cache_hits":27,"refused":53,"rate_limited":0,"stale_epoch":0,"verify_us_max":84079,"link_stack_free_b":1828,"crypto_stack_free_b":1268,"tags_ok":137,"bad_tag":1,"replayed":0,"untagged":0,"bcast_dropped":0,"beacon_epoch_ignored":0,"tag_us_max":769}
19:25:54 C {"t":"act","node":33120,"setpoint":0,"has_value":0,"writes_served":0}
19:25:54 C {"t":"peers","node":33120,"own_period_ms":100,"own_busy":0,"channel":10,"scanning":0,"scans":1,"hops":4,"found":1,"lost_to_found_ms":3906,"moves_followed":1,"moves_refused":0,"list":[{"id":25344,"period_ms":100,"misses":6,"busy":0}]}
19:25:54 C {"t":"ss","node":33120,"accepted":0,"unsigned":0,"unknown_sender":0,"bad_signature":0,"replayed":0,"rate_limited":0,"verify_us_max":0,"floors":[{"src":25344,"epoch":139,"counter":1}]}
19:25:54 C {"t":"node","up_ms":63631,"node":33120,"epoch":152,"peers_alive":1,"peers_dead":0,"no_radio":0,"free_dram":228948,"largest_block":180224,"rx":{"total":909,"bad_frame":0,"unknown_peer":194,"wrong_dst":0,"short_payload":0,"unknown_opcode":0,"queue_dropped":17},"tx":{"total":798,"enqueue_err":0,"done_queue_dropped":0},"membership":{"deaths":1,"revivals":1,"reboots_seen":0,"table_full":0,"events_dropped":0}}
19:25:54 C {"t":"ns","node":33120,"hash":13581963,"owner":33120,"kind":"sampled","unit":100,"class":4,"bound_ms":5000,"quality":"GOOD","age_ms":228,"ts":63431,"updates":6,"value":1}
19:25:54 C {"t":"ns","node":33120,"hash":3142365229,"owner":33120,"kind":"sampled","unit":101,"class":4,"bound_ms":30000,"quality":"GOOD","age_ms":242,"ts":63431,"updates":6,"value":180224}
19:25:54 C {"t":"ns","node":33120,"hash":2033492666,"owner":33120,"kind":"sampled","unit":0,"class":3,"bound_ms":0,"quality":"NO_DATA","age_ms":0,"ts":0,"updates":0,"value":null}
19:25:54 C {"t":"ns","node":33120,"hash":2347817554,"owner":33120,"kind":"sampled","unit":100,"class":4,"bound_ms":0,"quality":"GOOD","age_ms":281,"ts":63431,"updates":6,"value":152}
19:25:54 C {"t":"ns","node":33120,"hash":1170356950,"owner":33120,"kind":"sampled","unit":80,"class":4,"bound_ms":30000,"quality":"GOOD","age_ms":294,"ts":63431,"updates":6,"value":63}
19:25:54 C {"t":"ns","node":33120,"hash":3085599597,"owner":33120,"kind":"sampled","unit":0,"class":4,"bound_ms":5000,"quality":"GOOD","age_ms":308,"ts":63431,"updates":6,"value":-26}
19:25:54 C {"t":"ns","node":33120,"hash":2486014333,"owner":33120,"kind":"sampled","unit":101,"class":4,"bound_ms":30000,"quality":"GOOD","age_ms":322,"ts":63431,"updates":6,"value":228948}
19:25:59 A {"t":"event","at_ms":65885,"node":25344,"kind":"peer_admitted","peer":33120,"slot":0,"a":0,"b":0}
19:25:59 A {"t":"event","at_ms":69885,"node":25344,"kind":"peer_admitted","peer":33120,"slot":0,"a":0,"b":0}
19:25:59 A {"t":"event","at_ms":71885,"node":25344,"kind":"peer_admitted","peer":33120,"slot":0,"a":0,"b":0}
19:25:59 A {"t":"event","at_ms":72901,"node":25344,"kind":"peer_refused","peer":29544,"slot":255,"a":1,"b":0}
19:25:59 A {"t":"link","up_ms":73823,"node":25344,"peer":33120,"mac":"b8:1f:3f:da:81:60","state":"alive","epoch":152,"espnow_ver":2,"mtu":1446,"misses":0,"rssi":-28,"tx":{"frames":162,"cb_ok":153,"cb_fail":9,"enqueue_err":0,"pdr_ppm":944444},"rx":{"frames":755,"lost_seqgap":4,"reorder_dup":3,"dropped_bad":0,"hb_lost":91,"bcast_frames":571,"pdr_ppm":994729},"rtt":{"samples":61,"min_us":5588,"max_us":17134,"timeouts":10,"txq_last_us":2864,"txq_max_us":5841,"remote_turnaround_us":907,"remote_turnaround_max_us":1271,"p50_us":[6000,8000],"p99_us":[16000,22000],"hist":[0,0,0,0,25,23,11,1,1,0,0,0,0,0,0,0]}}
19:25:59 A {"t":"auth","node":25344,"up_ms":73877,"enrolled":1,"required":1,"verified_peers":1,"verified":2,"cache_hits":28,"refused":42,"rate_limited":0,"stale_epoch":0,"verify_us_max":87508,"link_stack_free_b":1732,"crypto_stack_free_b":1268,"tags_ok":153,"bad_tag":0,"replayed":3,"untagged":0,"bcast_dropped":0,"beacon_epoch_ignored":3,"tag_us_max":938}
19:25:59 A {"t":"act","node":25344,"setpoint":0,"has_value":0,"writes_served":0}
19:25:59 A {"t":"peers","node":25344,"own_period_ms":100,"own_busy":0,"channel":11,"scanning":0,"scans":1,"hops":11,"found":1,"lost_to_found_ms":6335,"moves_followed":0,"moves_refused":0,"list":[{"id":33120,"period_ms":100,"misses":6,"busy":0}]}
19:25:59 A {"t":"ss","node":25344,"accepted":0,"unsigned":0,"unknown_sender":0,"bad_signature":0,"replayed":0,"rate_limited":0,"verify_us_max":0,"floors":[]}
19:25:59 A {"t":"node","up_ms":73943,"node":25344,"epoch":146,"peers_alive":1,"peers_dead":0,"no_radio":0,"free_dram":228824,"largest_block":180224,"rx":{"total":946,"bad_frame":0,"unknown_peer":186,"wrong_dst":0,"short_payload":0,"unknown_opcode":0,"queue_dropped":10},"tx":{"total":938,"enqueue_err":0,"done_queue_dropped":0},"membership":{"deaths":2,"revivals":1,"reboots_seen":1,"table_full":0,"events_dropped":0}}
19:25:59 A {"t":"ns","node":25344,"hash":2410274060,"owner":25344,"kind":"sampled","unit":100,"class":4,"bound_ms":0,"quality":"GOOD","age_ms":188,"ts":73795,"updates":7,"value":146}
19:25:59 A {"t":"ns","node":25344,"hash":1274253983,"owner":25344,"kind":"sampled","unit":0,"class":4,"bound_ms":5000,"quality":"GOOD","age_ms":201,"ts":73795,"updates":7,"value":-28}
19:25:59 A {"t":"ns","node":25344,"hash":3354298913,"owner":25344,"kind":"sampled","unit":100,"class":4,"bound_ms":5000,"quality":"GOOD","age_ms":215,"ts":73795,"updates":7,"value":1}
19:25:59 A {"t":"ns","node":25344,"hash":1771187623,"owner":25344,"kind":"sampled","unit":101,"class":4,"bound_ms":30000,"quality":"GOOD","age_ms":228,"ts":73795,"updates":7,"value":228824}
19:25:59 A {"t":"ns","node":25344,"hash":2033492666,"owner":25344,"kind":"sampled","unit":0,"class":3,"bound_ms":0,"quality":"NO_DATA","age_ms":0,"ts":0,"updates":0,"value":null}
19:25:59 A {"t":"ns","node":25344,"hash":4103947588,"owner":25344,"kind":"sampled","unit":80,"class":4,"bound_ms":30000,"quality":"GOOD","age_ms":267,"ts":73795,"updates":7,"value":73}
19:25:59 A {"t":"ns","node":25344,"hash":1662441583,"owner":25344,"kind":"sampled","unit":101,"class":4,"bound_ms":30000,"quality":"GOOD","age_ms":281,"ts":73795,"updates":7,"value":180224}
19:26:05 C {"t":"event","at_ms":63779,"node":33120,"kind":"peer_admitted","peer":25344,"slot":0,"a":0,"b":0}
19:26:05 C {"t":"event","at_ms":65779,"node":33120,"kind":"peer_admitted","peer":25344,"slot":0,"a":0,"b":0}
19:26:05 C {"t":"event","at_ms":66509,"node":33120,"kind":"peer_refused","peer":29544,"slot":255,"a":1,"b":0}
19:26:05 C {"t":"event","at_ms":67779,"node":33120,"kind":"peer_admitted","peer":25344,"slot":0,"a":0,"b":0}
19:26:05 C {"t":"event","at_ms":69779,"node":33120,"kind":"peer_admitted","peer":25344,"slot":0,"a":0,"b":0}
19:26:05 C {"t":"event","at_ms":71779,"node":33120,"kind":"peer_admitted","peer":25344,"slot":0,"a":0,"b":0}
19:26:05 C {"t":"event","at_ms":73780,"node":33120,"kind":"peer_admitted","peer":25344,"slot":0,"a":0,"b":0}
19:26:05 C {"t":"link","up_ms":73823,"node":33120,"peer":25344,"mac":"b8:1f:3f:da:63:00","state":"alive","epoch":146,"espnow_ver":2,"mtu":1446,"misses":0,"rssi":-26,"tx":{"frames":171,"cb_ok":167,"cb_fail":4,"enqueue_err":0,"pdr_ppm":976608},"rx":{"frames":839,"lost_seqgap":4,"reorder_dup":6,"dropped_bad":0,"hb_lost":65,"bcast_frames":638,"pdr_ppm":995255},"rtt":{"samples":66,"min_us":5621,"max_us":12267,"timeouts":5,"txq_last_us":0,"txq_max_us":0,"remote_turnaround_us":1005,"remote_turnaround_max_us":1005,"p50_us":[6000,8000],"p99_us":[11000,16000],"hist":[0,0,0,0,27,31,7,1,0,0,0,0,0,0,0,0]}}
19:26:05 C {"t":"auth","node":33120,"up_ms":73876,"enrolled":1,"required":1,"verified_peers":1,"verified":1,"cache_hits":33,"refused":61,"rate_limited":0,"stale_epoch":0,"verify_us_max":84079,"link_stack_free_b":1828,"crypto_stack_free_b":1268,"tags_ok":164,"bad_tag":1,"replayed":0,"untagged":0,"bcast_dropped":0,"beacon_epoch_ignored":0,"tag_us_max":945}
19:26:05 C {"t":"act","node":33120,"setpoint":0,"has_value":0,"writes_served":0}
19:26:05 C {"t":"peers","node":33120,"own_period_ms":100,"own_busy":0,"channel":10,"scanning":0,"scans":1,"hops":4,"found":1,"lost_to_found_ms":3906,"moves_followed":1,"moves_refused":0,"list":[{"id":25344,"period_ms":100,"misses":6,"busy":0}]}
19:26:05 C {"t":"ss","node":33120,"accepted":0,"unsigned":0,"unknown_sender":0,"bad_signature":0,"replayed":0,"rate_limited":0,"verify_us_max":0,"floors":[{"src":25344,"epoch":139,"counter":1}]}
19:26:05 C {"t":"node","up_ms":73943,"node":33120,"epoch":152,"peers_alive":1,"peers_dead":0,"no_radio":0,"free_dram":228948,"largest_block":180224,"rx":{"total":1071,"bad_frame":0,"unknown_peer":231,"wrong_dst":0,"short_payload":0,"unknown_opcode":0,"queue_dropped":17},"tx":{"total":935,"enqueue_err":0,"done_queue_dropped":0},"membership":{"deaths":1,"revivals":1,"reboots_seen":0,"table_full":0,"events_dropped":0}}
19:26:05 C {"t":"ns","node":33120,"hash":13581963,"owner":33120,"kind":"sampled","unit":100,"class":4,"bound_ms":5000,"quality":"GOOD","age_ms":216,"ts":73767,"updates":7,"value":1}
19:26:05 C {"t":"ns","node":33120,"hash":3142365229,"owner":33120,"kind":"sampled","unit":101,"class":4,"bound_ms":30000,"quality":"GOOD","age_ms":229,"ts":73767,"updates":7,"value":180224}
19:26:05 C {"t":"ns","node":33120,"hash":2033492666,"owner":33120,"kind":"sampled","unit":0,"class":3,"bound_ms":0,"quality":"NO_DATA","age_ms":0,"ts":0,"updates":0,"value":null}
19:26:05 C {"t":"ns","node":33120,"hash":2347817554,"owner":33120,"kind":"sampled","unit":100,"class":4,"bound_ms":0,"quality":"GOOD","age_ms":257,"ts":73767,"updates":7,"value":152}
19:26:05 C {"t":"ns","node":33120,"hash":1170356950,"owner":33120,"kind":"sampled","unit":80,"class":4,"bound_ms":30000,"quality":"GOOD","age_ms":270,"ts":73767,"updates":7,"value":73}
19:26:05 C {"t":"ns","node":33120,"hash":3085599597,"owner":33120,"kind":"sampled","unit":0,"class":4,"bound_ms":5000,"quality":"GOOD","age_ms":295,"ts":73767,"updates":7,"value":-27}
19:26:05 C {"t":"ns","node":33120,"hash":2486014333,"owner":33120,"kind":"sampled","unit":101,"class":4,"bound_ms":30000,"quality":"GOOD","age_ms":309,"ts":73767,"updates":7,"value":228696}
19:26:09 A {"t":"event","at_ms":75885,"node":25344,"kind":"peer_admitted","peer":33120,"slot":0,"a":0,"b":0}
19:26:09 A {"t":"event","at_ms":77885,"node":25344,"kind":"peer_admitted","peer":33120,"slot":0,"a":0,"b":0}
19:26:09 A {"t":"event","at_ms":79885,"node":25344,"kind":"peer_admitted","peer":33120,"slot":0,"a":0,"b":0}
19:26:09 A {"t":"event","at_ms":83101,"node":25344,"kind":"peer_refused","peer":29544,"slot":255,"a":1,"b":0}
19:26:09 A {"t":"event","at_ms":83885,"node":25344,"kind":"peer_admitted","peer":33120,"slot":0,"a":0,"b":0}
19:26:09 A {"t":"link","up_ms":84131,"node":25344,"peer":33120,"mac":"b8:1f:3f:da:81:60","state":"alive","epoch":152,"espnow_ver":2,"mtu":1446,"misses":0,"rssi":-27,"tx":{"frames":187,"cb_ok":178,"cb_fail":9,"enqueue_err":0,"pdr_ppm":951871},"rx":{"frames":869,"lost_seqgap":4,"reorder_dup":3,"dropped_bad":0,"hb_lost":111,"bcast_frames":654,"pdr_ppm":995418},"rtt":{"samples":71,"min_us":5588,"max_us":17134,"timeouts":10,"txq_last_us":2823,"txq_max_us":6123,"remote_turnaround_us":915,"remote_turnaround_max_us":1664,"p50_us":[6000,8000],"p99_us":[16000,22000],"hist":[0,0,0,0,26,26,16,2,1,0,0,0,0,0,0,0]}}
19:26:09 A {"t":"auth","node":25344,"up_ms":84185,"enrolled":1,"required":1,"verified_peers":1,"verified":2,"cache_hits":32,"refused":46,"rate_limited":0,"stale_epoch":0,"verify_us_max":87508,"link_stack_free_b":1732,"crypto_stack_free_b":1268,"tags_ok":178,"bad_tag":0,"replayed":3,"untagged":0,"bcast_dropped":0,"beacon_epoch_ignored":3,"tag_us_max":938}
19:26:09 A {"t":"act","node":25344,"setpoint":0,"has_value":0,"writes_served":0}
19:26:09 A {"t":"peers","node":25344,"own_period_ms":100,"own_busy":0,"channel":11,"scanning":0,"scans":1,"hops":11,"found":1,"lost_to_found_ms":6335,"moves_followed":0,"moves_refused":0,"list":[{"id":33120,"period_ms":100,"misses":6,"busy":0}]}
19:26:09 A {"t":"ss","node":25344,"accepted":0,"unsigned":0,"unknown_sender":0,"bad_signature":0,"replayed":0,"rate_limited":0,"verify_us_max":0,"floors":[]}
19:26:09 A {"t":"node","up_ms":84252,"node":25344,"epoch":146,"peers_alive":1,"peers_dead":0,"no_radio":0,"free_dram":228824,"largest_block":180224,"rx":{"total":1076,"bad_frame":0,"unknown_peer":205,"wrong_dst":0,"short_payload":0,"unknown_opcode":0,"queue_dropped":10},"tx":{"total":1071,"enqueue_err":0,"done_queue_dropped":0},"membership":{"deaths":2,"revivals":1,"reboots_seen":1,"table_full":0,"events_dropped":0}}
19:26:09 A {"t":"ns","node":25344,"hash":2410274060,"owner":25344,"kind":"sampled","unit":100,"class":4,"bound_ms":0,"quality":"GOOD","age_ms":200,"ts":84091,"updates":8,"value":146}
19:26:09 A {"t":"ns","node":25344,"hash":1274253983,"owner":25344,"kind":"sampled","unit":0,"class":4,"bound_ms":5000,"quality":"GOOD","age_ms":214,"ts":84091,"updates":8,"value":-27}
19:26:09 A {"t":"ns","node":25344,"hash":3354298913,"owner":25344,"kind":"sampled","unit":100,"class":4,"bound_ms":5000,"quality":"GOOD","age_ms":227,"ts":84091,"updates":8,"value":1}
19:26:09 A {"t":"ns","node":25344,"hash":1771187623,"owner":25344,"kind":"sampled","unit":101,"class":4,"bound_ms":30000,"quality":"GOOD","age_ms":241,"ts":84091,"updates":8,"value":228824}
19:26:09 A {"t":"ns","node":25344,"hash":2033492666,"owner":25344,"kind":"sampled","unit":0,"class":3,"bound_ms":0,"quality":"NO_DATA","age_ms":0,"ts":0,"updates":0,"value":null}
19:26:09 A {"t":"ns","node":25344,"hash":4103947588,"owner":25344,"kind":"sampled","unit":80,"class":4,"bound_ms":30000,"quality":"GOOD","age_ms":268,"ts":84091,"updates":8,"value":84}
19:26:09 A {"t":"ns","node":25344,"hash":1662441583,"owner":25344,"kind":"sampled","unit":101,"class":4,"bound_ms":30000,"quality":"GOOD","age_ms":282,"ts":84091,"updates":8,"value":180224}
19:26:15 A {"t":"test","cmd":"fixed","fixed":0}
--- 3. announced move back to channel 1
19:26:15 A {"t":"test","cmd":"channel","channel":1,"quiet":0,"ok":1}
19:26:15 C {"t":"event","at_ms":75779,"node":33120,"kind":"peer_admitted","peer":25344,"slot":0,"a":0,"b":0}
19:26:15 C {"t":"event","at_ms":76710,"node":33120,"kind":"peer_refused","peer":29544,"slot":255,"a":1,"b":0}
19:26:15 C {"t":"event","at_ms":77779,"node":33120,"kind":"peer_admitted","peer":25344,"slot":0,"a":0,"b":0}
19:26:15 C {"t":"event","at_ms":79779,"node":33120,"kind":"peer_admitted","peer":25344,"slot":0,"a":0,"b":0}
19:26:15 C {"t":"event","at_ms":81779,"node":33120,"kind":"peer_admitted","peer":25344,"slot":0,"a":0,"b":0}
19:26:15 C {"t":"event","at_ms":83780,"node":33120,"kind":"peer_admitted","peer":25344,"slot":0,"a":0,"b":0}
19:26:15 C {"t":"link","up_ms":84133,"node":33120,"peer":25344,"mac":"b8:1f:3f:da:63:00","state":"alive","epoch":146,"espnow_ver":2,"mtu":1446,"misses":0,"rssi":-26,"tx":{"frames":196,"cb_ok":192,"cb_fail":4,"enqueue_err":0,"pdr_ppm":979591},"rx":{"frames":956,"lost_seqgap":4,"reorder_dup":6,"dropped_bad":0,"hb_lost":80,"bcast_frames":726,"pdr_ppm":995833},"rtt":{"samples":76,"min_us":5621,"max_us":12267,"timeouts":5,"txq_last_us":0,"txq_max_us":0,"remote_turnaround_us":933,"remote_turnaround_max_us":1005,"p50_us":[6000,8000],"p99_us":[11000,16000],"hist":[0,0,0,0,29,36,10,1,0,0,0,0,0,0,0,0]}}
19:26:15 C {"t":"auth","node":33120,"up_ms":84186,"enrolled":1,"required":1,"verified_peers":1,"verified":1,"cache_hits":38,"refused":70,"rate_limited":0,"stale_epoch":0,"verify_us_max":84079,"link_stack_free_b":1828,"crypto_stack_free_b":1268,"tags_ok":188,"bad_tag":1,"replayed":0,"untagged":0,"bcast_dropped":0,"beacon_epoch_ignored":0,"tag_us_max":945}
19:26:15 C {"t":"act","node":33120,"setpoint":0,"has_value":0,"writes_served":0}
19:26:15 C {"t":"peers","node":33120,"own_period_ms":100,"own_busy":0,"channel":10,"scanning":0,"scans":1,"hops":4,"found":1,"lost_to_found_ms":3906,"moves_followed":1,"moves_refused":0,"list":[{"id":25344,"period_ms":100,"misses":6,"busy":0}]}
19:26:15 C {"t":"ss","node":33120,"accepted":0,"unsigned":0,"unknown_sender":0,"bad_signature":0,"replayed":0,"rate_limited":0,"verify_us_max":0,"floors":[{"src":25344,"epoch":139,"counter":1}]}
19:26:15 C {"t":"node","up_ms":84264,"node":33120,"epoch":152,"peers_alive":1,"peers_dead":0,"no_radio":0,"free_dram":228948,"largest_block":180224,"rx":{"total":1222,"bad_frame":0,"unknown_peer":264,"wrong_dst":0,"short_payload":0,"unknown_opcode":0,"queue_dropped":17},"tx":{"total":1069,"enqueue_err":0,"done_queue_dropped":0},"membership":{"deaths":1,"revivals":1,"reboots_seen":0,"table_full":0,"events_dropped":0}}
19:26:15 C {"t":"ns","node":33120,"hash":13581963,"owner":33120,"kind":"sampled","unit":100,"class":4,"bound_ms":5000,"quality":"GOOD","age_ms":202,"ts":84091,"updates":8,"value":1}
19:26:15 C {"t":"ns","node":33120,"hash":3142365229,"owner":33120,"kind":"sampled","unit":101,"class":4,"bound_ms":30000,"quality":"GOOD","age_ms":243,"ts":84091,"updates":8,"value":180224}
19:26:15 C {"t":"ns","node":33120,"hash":2033492666,"owner":33120,"kind":"sampled","unit":0,"class":3,"bound_ms":0,"quality":"NO_DATA","age_ms":0,"ts":0,"updates":0,"value":null}
19:26:15 C {"t":"ns","node":33120,"hash":2347817554,"owner":33120,"kind":"sampled","unit":100,"class":4,"bound_ms":0,"quality":"GOOD","age_ms":271,"ts":84091,"updates":8,"value":152}
19:26:15 C {"t":"ns","node":33120,"hash":1170356950,"owner":33120,"kind":"sampled","unit":80,"class":4,"bound_ms":30000,"quality":"GOOD","age_ms":284,"ts":84091,"updates":8,"value":84}
19:26:15 C {"t":"ns","node":33120,"hash":3085599597,"owner":33120,"kind":"sampled","unit":0,"class":4,"bound_ms":5000,"quality":"GOOD","age_ms":298,"ts":84091,"updates":8,"value":-26}
19:26:15 C {"t":"ns","node":33120,"hash":2486014333,"owner":33120,"kind":"sampled","unit":101,"class":4,"bound_ms":30000,"quality":"GOOD","age_ms":312,"ts":84091,"updates":8,"value":228948}
19:26:19 A {"t":"event","at_ms":85885,"node":25344,"kind":"peer_admitted","peer":33120,"slot":0,"a":0,"b":0}
19:26:19 A {"t":"event","at_ms":87885,"node":25344,"kind":"peer_admitted","peer":33120,"slot":0,"a":0,"b":0}
19:26:19 A {"t":"event","at_ms":89885,"node":25344,"kind":"peer_admitted","peer":33120,"slot":0,"a":0,"b":0}
19:26:19 A {"t":"event","at_ms":90900,"node":25344,"kind":"channel_changed","peer":0,"slot":255,"a":1,"b":1}
19:26:19 A {"t":"event","at_ms":90934,"node":25344,"kind":"peer_admitted","peer":33120,"slot":0,"a":0,"b":0}
19:26:19 A {"t":"event","at_ms":91886,"node":25344,"kind":"peer_admitted","peer":33120,"slot":0,"a":0,"b":0}
19:26:19 A {"t":"event","at_ms":93301,"node":25344,"kind":"peer_refused","peer":29544,"slot":255,"a":1,"b":0}
19:26:19 A {"t":"event","at_ms":93886,"node":25344,"kind":"peer_admitted","peer":33120,"slot":0,"a":0,"b":0}
19:26:19 A {"t":"link","up_ms":94465,"node":25344,"peer":33120,"mac":"b8:1f:3f:da:81:60","state":"alive","epoch":152,"espnow_ver":2,"mtu":1446,"misses":0,"rssi":-33,"tx":{"frames":213,"cb_ok":204,"cb_fail":9,"enqueue_err":0,"pdr_ppm":957746},"rx":{"frames":991,"lost_seqgap":4,"reorder_dup":3,"dropped_bad":0,"hb_lost":124,"bcast_frames":745,"pdr_ppm":995979},"rtt":{"samples":81,"min_us":5588,"max_us":17134,"timeouts":10,"txq_last_us":2849,"txq_max_us":6123,"remote_turnaround_us":913,"remote_turnaround_max_us":1664,"p50_us":[6000,8000],"p99_us":[16000,22000],"hist":[0,0,0,0,30,30,18,2,1,0,0,0,0,0,0,0]}}
19:26:19 A {"t":"auth","node":25344,"up_ms":94518,"enrolled":1,"required":1,"verified_peers":1,"verified":2,"cache_hits":38,"refused":52,"rate_limited":0,"stale_epoch":0,"verify_us_max":87508,"link_stack_free_b":1732,"crypto_stack_free_b":1268,"tags_ok":203,"bad_tag":0,"replayed":3,"untagged":0,"bcast_dropped":0,"beacon_epoch_ignored":3,"tag_us_max":938}
19:26:19 A {"t":"act","node":25344,"setpoint":0,"has_value":0,"writes_served":0}
19:26:19 A {"t":"peers","node":25344,"own_period_ms":100,"own_busy":0,"channel":1,"scanning":0,"scans":1,"hops":11,"found":1,"lost_to_found_ms":6335,"moves_followed":0,"moves_refused":0,"list":[{"id":33120,"period_ms":100,"misses":6,"busy":0}]}
19:26:19 A {"t":"ss","node":25344,"accepted":0,"unsigned":0,"unknown_sender":0,"bad_signature":0,"replayed":0,"rate_limited":0,"verify_us_max":0,"floors":[]}
19:26:19 A {"t":"node","up_ms":94585,"node":25344,"epoch":146,"peers_alive":1,"peers_dead":0,"no_radio":0,"free_dram":228824,"largest_block":180224,"rx":{"total":1221,"bad_frame":0,"unknown_peer":227,"wrong_dst":0,"short_payload":0,"unknown_opcode":0,"queue_dropped":10},"tx":{"total":1209,"enqueue_err":0,"done_queue_dropped":0},"membership":{"deaths":2,"revivals":1,"reboots_seen":1,"table_full":0,"events_dropped":0}}
19:26:19 A {"t":"ns","node":25344,"hash":2410274060,"owner":25344,"kind":"sampled","unit":100,"class":4,"bound_ms":0,"quality":"GOOD","age_ms":226,"ts":94398,"updates":9,"value":146}
19:26:19 A {"t":"ns","node":25344,"hash":1274253983,"owner":25344,"kind":"sampled","unit":0,"class":4,"bound_ms":5000,"quality":"GOOD","age_ms":240,"ts":94398,"updates":9,"value":-33}
19:26:19 A {"t":"ns","node":25344,"hash":3354298913,"owner":25344,"kind":"sampled","unit":100,"class":4,"bound_ms":5000,"quality":"GOOD","age_ms":254,"ts":94398,"updates":9,"value":1}
19:26:19 A {"t":"ns","node":25344,"hash":1771187623,"owner":25344,"kind":"sampled","unit":101,"class":4,"bound_ms":30000,"quality":"GOOD","age_ms":267,"ts":94398,"updates":9,"value":228824}
19:26:19 A {"t":"ns","node":25344,"hash":2033492666,"owner":25344,"kind":"sampled","unit":0,"class":3,"bound_ms":0,"quality":"NO_DATA","age_ms":0,"ts":0,"updates":0,"value":null}
19:26:19 A {"t":"ns","node":25344,"hash":4103947588,"owner":25344,"kind":"sampled","unit":80,"class":4,"bound_ms":30000,"quality":"GOOD","age_ms":295,"ts":94398,"updates":9,"value":94}
19:26:19 A {"t":"ns","node":25344,"hash":1662441583,"owner":25344,"kind":"sampled","unit":101,"class":4,"bound_ms":30000,"quality":"GOOD","age_ms":309,"ts":94398,"updates":9,"value":180224}
19:26:25 C {"t":"event","at_ms":84837,"node":33120,"kind":"channel_changed","peer":0,"slot":255,"a":1,"b":1}
19:26:25 C {"t":"event","at_ms":85779,"node":33120,"kind":"peer_admitted","peer":25344,"slot":0,"a":0,"b":0}
19:26:25 C {"t":"event","at_ms":87209,"node":33120,"kind":"peer_refused","peer":29544,"slot":255,"a":1,"b":0}
19:26:25 C {"t":"event","at_ms":87789,"node":33120,"kind":"peer_admitted","peer":25344,"slot":0,"a":0,"b":0}
19:26:25 C {"t":"event","at_ms":89779,"node":33120,"kind":"peer_admitted","peer":25344,"slot":0,"a":0,"b":0}
19:26:25 C {"t":"event","at_ms":91779,"node":33120,"kind":"peer_admitted","peer":25344,"slot":0,"a":0,"b":0}
19:26:25 C {"t":"event","at_ms":93779,"node":33120,"kind":"peer_admitted","peer":25344,"slot":0,"a":0,"b":0}
19:26:25 C {"t":"link","up_ms":94472,"node":33120,"peer":25344,"mac":"b8:1f:3f:da:63:00","state":"alive","epoch":146,"espnow_ver":2,"mtu":1446,"misses":0,"rssi":-33,"tx":{"frames":221,"cb_ok":217,"cb_fail":4,"enqueue_err":0,"pdr_ppm":981900},"rx":{"frames":1092,"lost_seqgap":4,"reorder_dup":6,"dropped_bad":0,"hb_lost":82,"bcast_frames":828,"pdr_ppm":996350},"rtt":{"samples":86,"min_us":5621,"max_us":25981,"timeouts":5,"txq_last_us":22298,"txq_max_us":22298,"remote_turnaround_us":899,"remote_turnaround_max_us":1005,"p50_us":[6000,8000],"p99_us":[22000,30000],"hist":[0,0,0,0,36,38,10,1,0,1,0,0,0,0,0,0]}}
19:26:25 C {"t":"auth","node":33120,"up_ms":94525,"enrolled":1,"required":1,"verified_peers":1,"verified":1,"cache_hits":43,"refused":78,"rate_limited":0,"stale_epoch":0,"verify_us_max":84079,"link_stack_free_b":1828,"crypto_stack_free_b":1268,"tags_ok":214,"bad_tag":1,"replayed":0,"untagged":0,"bcast_dropped":0,"beacon_epoch_ignored":0,"tag_us_max":945}
19:26:25 C {"t":"act","node":33120,"setpoint":0,"has_value":0,"writes_served":0}
19:26:25 C {"t":"peers","node":33120,"own_period_ms":100,"own_busy":0,"channel":1,"scanning":0,"scans":1,"hops":4,"found":1,"lost_to_found_ms":3906,"moves_followed":2,"moves_refused":0,"list":[{"id":25344,"period_ms":100,"misses":6,"busy":0}]}
19:26:25 C {"t":"ss","node":33120,"accepted":0,"unsigned":0,"unknown_sender":0,"bad_signature":0,"replayed":0,"rate_limited":0,"verify_us_max":0,"floors":[{"src":25344,"epoch":139,"counter":1}]}
19:26:25 C {"t":"node","up_ms":94592,"node":33120,"epoch":152,"peers_alive":1,"peers_dead":0,"no_radio":0,"free_dram":228948,"largest_block":180224,"rx":{"total":1380,"bad_frame":0,"unknown_peer":287,"wrong_dst":0,"short_payload":0,"unknown_opcode":0,"queue_dropped":17},"tx":{"total":1203,"enqueue_err":0,"done_queue_dropped":0},"membership":{"deaths":1,"revivals":1,"reboots_seen":0,"table_full":0,"events_dropped":0}}
19:26:25 C {"t":"ns","node":33120,"hash":13581963,"owner":33120,"kind":"sampled","unit":100,"class":4,"bound_ms":5000,"quality":"GOOD","age_ms":215,"ts":94417,"updates":9,"value":1}
19:26:25 C {"t":"ns","node":33120,"hash":3142365229,"owner":33120,"kind":"sampled","unit":101,"class":4,"bound_ms":30000,"quality":"GOOD","age_ms":228,"ts":94417,"updates":9,"value":180224}
19:26:25 C {"t":"ns","node":33120,"hash":2033492666,"owner":33120,"kind":"sampled","unit":0,"class":3,"bound_ms":0,"quality":"NO_DATA","age_ms":0,"ts":0,"updates":0,"value":null}
19:26:25 C {"t":"ns","node":33120,"hash":2347817554,"owner":33120,"kind":"sampled","unit":100,"class":4,"bound_ms":0,"quality":"GOOD","age_ms":256,"ts":94417,"updates":9,"value":152}
19:26:25 C {"t":"ns","node":33120,"hash":1170356950,"owner":33120,"kind":"sampled","unit":80,"class":4,"bound_ms":30000,"quality":"GOOD","age_ms":281,"ts":94417,"updates":9,"value":94}
19:26:25 C {"t":"ns","node":33120,"hash":3085599597,"owner":33120,"kind":"sampled","unit":0,"class":4,"bound_ms":5000,"quality":"GOOD","age_ms":294,"ts":94417,"updates":9,"value":-33}
19:26:25 C {"t":"ns","node":33120,"hash":2486014333,"owner":33120,"kind":"sampled","unit":101,"class":4,"bound_ms":30000,"quality":"GOOD","age_ms":308,"ts":94417,"updates":9,"value":228948}
19:26:30 A {"t":"event","at_ms":95886,"node":25344,"kind":"peer_admitted","peer":33120,"slot":0,"a":0,"b":0}
19:26:30 A {"t":"event","at_ms":97886,"node":25344,"kind":"peer_admitted","peer":33120,"slot":0,"a":0,"b":0}
19:26:30 A {"t":"event","at_ms":99886,"node":25344,"kind":"peer_admitted","peer":33120,"slot":0,"a":0,"b":0}
19:26:30 A {"t":"event","at_ms":101886,"node":25344,"kind":"peer_admitted","peer":33120,"slot":0,"a":0,"b":0}
19:26:30 A {"t":"event","at_ms":103501,"node":25344,"kind":"peer_refused","peer":29544,"slot":255,"a":1,"b":0}
19:26:30 A {"t":"event","at_ms":103886,"node":25344,"kind":"peer_admitted","peer":33120,"slot":0,"a":0,"b":0}
19:26:30 A {"t":"link","up_ms":104766,"node":25344,"peer":33120,"mac":"b8:1f:3f:da:81:60","state":"alive","epoch":152,"espnow_ver":2,"mtu":1446,"misses":0,"rssi":-34,"tx":{"frames":239,"cb_ok":230,"cb_fail":9,"enqueue_err":0,"pdr_ppm":962343},"rx":{"frames":1124,"lost_seqgap":4,"reorder_dup":3,"dropped_bad":0,"hb_lost":125,"bcast_frames":847,"pdr_ppm":996453},"rtt":{"samples":92,"min_us":5588,"max_us":17134,"timeouts":10,"txq_last_us":4990,"txq_max_us":6123,"remote_turnaround_us":1215,"remote_turnaround_max_us":1664,"p50_us":[6000,8000],"p99_us":[16000,22000],"hist":[0,0,0,0,38,32,19,2,1,0,0,0,0,0,0,0]}}
19:26:30 A {"t":"auth","node":25344,"up_ms":104819,"enrolled":1,"required":1,"verified_peers":1,"verified":2,"cache_hits":43,"refused":59,"rate_limited":0,"stale_epoch":0,"verify_us_max":87508,"link_stack_free_b":1732,"crypto_stack_free_b":1268,"tags_ok":229,"bad_tag":0,"replayed":3,"untagged":0,"bcast_dropped":0,"beacon_epoch_ignored":3,"tag_us_max":938}
19:26:30 A {"t":"act","node":25344,"setpoint":0,"has_value":0,"writes_served":0}
19:26:30 A {"t":"peers","node":25344,"own_period_ms":100,"own_busy":0,"channel":1,"scanning":0,"scans":1,"hops":11,"found":1,"lost_to_found_ms":6335,"moves_followed":0,"moves_refused":0,"list":[{"id":33120,"period_ms":100,"misses":6,"busy":0}]}
19:26:30 A {"t":"ss","node":25344,"accepted":0,"unsigned":0,"unknown_sender":0,"bad_signature":0,"replayed":0,"rate_limited":0,"verify_us_max":0,"floors":[]}
19:26:30 A {"t":"node","up_ms":104886,"node":25344,"epoch":146,"peers_alive":1,"peers_dead":0,"no_radio":0,"free_dram":228824,"largest_block":180224,"rx":{"total":1380,"bad_frame":0,"unknown_peer":252,"wrong_dst":0,"short_payload":0,"unknown_opcode":0,"queue_dropped":10},"tx":{"total":1344,"enqueue_err":0,"done_queue_dropped":0},"membership":{"deaths":2,"revivals":1,"reboots_seen":1,"table_full":0,"events_dropped":0}}
19:26:30 A {"t":"ns","node":25344,"hash":2410274060,"owner":25344,"kind":"sampled","unit":100,"class":4,"bound_ms":0,"quality":"GOOD","age_ms":205,"ts":104721,"updates":10,"value":146}
19:26:30 A {"t":"ns","node":25344,"hash":1274253983,"owner":25344,"kind":"sampled","unit":0,"class":4,"bound_ms":5000,"quality":"GOOD","age_ms":218,"ts":104721,"updates":10,"value":-34}
19:26:30 A {"t":"ns","node":25344,"hash":3354298913,"owner":25344,"kind":"sampled","unit":100,"class":4,"bound_ms":5000,"quality":"GOOD","age_ms":232,"ts":104721,"updates":10,"value":1}
19:26:30 A {"t":"ns","node":25344,"hash":1771187623,"owner":25344,"kind":"sampled","unit":101,"class":4,"bound_ms":30000,"quality":"GOOD","age_ms":246,"ts":104721,"updates":10,"value":228824}
19:26:30 A {"t":"ns","node":25344,"hash":2033492666,"owner":25344,"kind":"sampled","unit":0,"class":3,"bound_ms":0,"quality":"NO_DATA","age_ms":0,"ts":0,"updates":0,"value":null}
19:26:30 A {"t":"ns","node":25344,"hash":4103947588,"owner":25344,"kind":"sampled","unit":80,"class":4,"bound_ms":30000,"quality":"GOOD","age_ms":284,"ts":104721,"updates":10,"value":104}
19:26:30 A {"t":"ns","node":25344,"hash":1662441583,"owner":25344,"kind":"sampled","unit":101,"class":4,"bound_ms":30000,"quality":"GOOD","age_ms":298,"ts":104721,"updates":10,"value":180224}
19:26:36 C {"t":"event","at_ms":95779,"node":33120,"kind":"peer_admitted","peer":25344,"slot":0,"a":0,"b":0}
19:26:36 C {"t":"event","at_ms":97409,"node":33120,"kind":"peer_refused","peer":29544,"slot":255,"a":1,"b":0}
19:26:36 C {"t":"event","at_ms":97779,"node":33120,"kind":"peer_admitted","peer":25344,"slot":0,"a":0,"b":0}
19:26:36 C {"t":"event","at_ms":99779,"node":33120,"kind":"peer_admitted","peer":25344,"slot":0,"a":0,"b":0}
19:26:36 C {"t":"event","at_ms":101779,"node":33120,"kind":"peer_admitted","peer":25344,"slot":0,"a":0,"b":0}
19:26:36 C {"t":"event","at_ms":103779,"node":33120,"kind":"peer_admitted","peer":25344,"slot":0,"a":0,"b":0}
19:26:36 C {"t":"link","up_ms":104781,"node":33120,"peer":25344,"mac":"b8:1f:3f:da:63:00","state":"alive","epoch":146,"espnow_ver":2,"mtu":1446,"misses":0,"rssi":-35,"tx":{"frames":248,"cb_ok":244,"cb_fail":4,"enqueue_err":0,"pdr_ppm":983870},"rx":{"frames":1227,"lost_seqgap":4,"reorder_dup":6,"dropped_bad":0,"hb_lost":82,"bcast_frames":931,"pdr_ppm":996750},"rtt":{"samples":97,"min_us":5621,"max_us":25981,"timeouts":5,"txq_last_us":22298,"txq_max_us":22298,"remote_turnaround_us":903,"remote_turnaround_max_us":1084,"p50_us":[6000,8000],"p99_us":[22000,30000],"hist":[0,0,0,0,43,40,12,1,0,1,0,0,0,0,0,0]}}
19:26:36 C {"t":"auth","node":33120,"up_ms":104834,"enrolled":1,"required":1,"verified_peers":1,"verified":1,"cache_hits":48,"refused":85,"rate_limited":0,"stale_epoch":0,"verify_us_max":84079,"link_stack_free_b":1828,"crypto_stack_free_b":1268,"tags_ok":241,"bad_tag":1,"replayed":0,"untagged":0,"bcast_dropped":0,"beacon_epoch_ignored":0,"tag_us_max":945}
19:26:36 C {"t":"act","node":33120,"setpoint":0,"has_value":0,"writes_served":0}
19:26:36 C {"t":"peers","node":33120,"own_period_ms":100,"own_busy":0,"channel":1,"scanning":0,"scans":1,"hops":4,"found":1,"lost_to_found_ms":3906,"moves_followed":2,"moves_refused":0,"list":[{"id":25344,"period_ms":100,"misses":6,"busy":0}]}
19:26:36 C {"t":"ss","node":33120,"accepted":0,"unsigned":0,"unknown_sender":0,"bad_signature":0,"replayed":0,"rate_limited":0,"verify_us_max":0,"floors":[{"src":25344,"epoch":139,"counter":1}]}
19:26:36 C {"t":"node","up_ms":104913,"node":33120,"epoch":152,"peers_alive":1,"peers_dead":0,"no_radio":0,"free_dram":228948,"largest_block":180224,"rx":{"total":1543,"bad_frame":0,"unknown_peer":315,"wrong_dst":0,"short_payload":0,"unknown_opcode":0,"queue_dropped":17},"tx":{"total":1338,"enqueue_err":0,"done_queue_dropped":0},"membership":{"deaths":1,"revivals":1,"reboots_seen":0,"table_full":0,"events_dropped":0}}
19:26:36 C {"t":"ns","node":33120,"hash":13581963,"owner":33120,"kind":"sampled","unit":100,"class":4,"bound_ms":5000,"quality":"GOOD","age_ms":202,"ts":104739,"updates":10,"value":1}
19:26:36 C {"t":"ns","node":33120,"hash":3142365229,"owner":33120,"kind":"sampled","unit":101,"class":4,"bound_ms":30000,"quality":"GOOD","age_ms":227,"ts":104739,"updates":10,"value":180224}
19:26:36 C {"t":"ns","node":33120,"hash":2033492666,"owner":33120,"kind":"sampled","unit":0,"class":3,"bound_ms":0,"quality":"NO_DATA","age_ms":0,"ts":0,"updates":0,"value":null}
19:26:36 C {"t":"ns","node":33120,"hash":2347817554,"owner":33120,"kind":"sampled","unit":100,"class":4,"bound_ms":0,"quality":"GOOD","age_ms":254,"ts":104739,"updates":10,"value":152}
19:26:36 C {"t":"ns","node":33120,"hash":1170356950,"owner":33120,"kind":"sampled","unit":80,"class":4,"bound_ms":30000,"quality":"GOOD","age_ms":268,"ts":104739,"updates":10,"value":104}
19:26:36 C {"t":"ns","node":33120,"hash":3085599597,"owner":33120,"kind":"sampled","unit":0,"class":4,"bound_ms":5000,"quality":"GOOD","age_ms":282,"ts":104739,"updates":10,"value":-33}
19:26:36 C {"t":"ns","node":33120,"hash":2486014333,"owner":33120,"kind":"sampled","unit":101,"class":4,"bound_ms":30000,"quality":"GOOD","age_ms":296,"ts":104739,"updates":10,"value":228948}
