1791674194.635 I (297807) pot.m0: peer 0x00fe revived
1791674195.384 W (298504) pot.m0: deploy: guest 0's author signature failed
1791674195.384 W (298506) pot.m0: deploy: refused, image signature check failed (bad_signature)
1791674195.384 I (298561) pot.m0: peer 0x00fe left
1791674196.823 {"t":"clk","node":25344,"up_ms":298662}
1791674196.823 {"t":"led","node":25344,"shows":"green","app":0}
1791674196.823 {"t":"event","at_ms":289700,"node":25344,"kind":"peer_admitted","peer":29544,"slot":0,"a":0,"b":0}
1791674196.823 {"t":"event","at_ms":290150,"node":25344,"kind":"peer_admitted","peer":33120,"slot":1,"a":0,"b":0}
1791674196.823 {"t":"event","at_ms":290790,"node":25344,"kind":"probe_timeout","peer":254,"slot":2,"a":446,"b":0}
1791674196.823 {"t":"event","at_ms":291700,"node":25344,"kind":"peer_admitted","peer":29544,"slot":0,"a":0,"b":0}
1791674196.823 {"t":"event","at_ms":292150,"node":25344,"kind":"peer_admitted","peer":33120,"slot":1,"a":0,"b":0}
1791674196.823 {"t":"event","at_ms":293700,"node":25344,"kind":"peer_admitted","peer":29544,"slot":0,"a":0,"b":0}
1791674196.823 {"t":"event","at_ms":293790,"node":25344,"kind":"probe_timeout","peer":254,"slot":2,"a":447,"b":0}
1791674196.823 {"t":"event","at_ms":294150,"node":25344,"kind":"peer_admitted","peer":33120,"slot":1,"a":0,"b":0}
1791674196.823 {"t":"event","at_ms":295700,"node":25344,"kind":"peer_admitted","peer":29544,"slot":0,"a":0,"b":0}
1791674196.823 {"t":"event","at_ms":296150,"node":25344,"kind":"peer_admitted","peer":33120,"slot":1,"a":0,"b":0}
1791674196.823 {"t":"event","at_ms":296622,"node":25344,"kind":"peer_revived","peer":254,"slot":2,"a":0,"b":0}
1791674196.823 {"t":"event","at_ms":296623,"node":25344,"kind":"peer_admitted","peer":254,"slot":2,"a":0,"b":0}
1791674196.823 {"t":"event","at_ms":296790,"node":25344,"kind":"probe_timeout","peer":254,"slot":2,"a":448,"b":0}
1791674196.823 {"t":"event","at_ms":297376,"node":25344,"kind":"peer_left","peer":254,"slot":2,"a":0,"b":0}
1791674196.823 {"t":"event","at_ms":297700,"node":25344,"kind":"peer_admitted","peer":29544,"slot":0,"a":0,"b":0}
1791674196.823 {"t":"event","at_ms":298150,"node":25344,"kind":"peer_admitted","peer":33120,"slot":1,"a":0,"b":0}
1791674196.823 {"t":"link","up_ms":298806,"node":25344,"peer":29544,"mac":"b8:1f:3f:da:73:68","state":"alive","epoch":176,"espnow_ver":2,"mtu":1446,"misses":0,"rssi":-37,"tx":{"frames":2083,"cb_ok":2060,"cb_fail":23,"enqueue_err":0,"pdr_ppm":988958},"rx":{"frames":5509,"lost_seqgap":11,"reorder_dup":0,"dropped_bad":0,"hb_lost":55,"bcast_frames":2859,"pdr_ppm":998007},"rtt":{"samples":100,"min_us":5549,"max_us":88207,"timeouts":1,"txq_last_us":4686,"txq_max_us":82632,"remote_turnaround_us":857,"remote_turnaround_max_us":2391,"p50_us":[6000,8000],"p99_us":[22000,30000],"hist":[0,0,0,0,39,56,3,0,0,1,0,0,0,1,0,0]}}
1791674196.823 {"t":"link","up_ms":298860,"node":25344,"peer":33120,"mac":"b8:1f:3f:da:81:60","state":"alive","epoch":297,"espnow_ver":2,"mtu":1446,"misses":0,"rssi":-17,"tx":{"frames":864,"cb_ok":862,"cb_fail":2,"enqueue_err":0,"pdr_ppm":997685},"rx":{"frames":4164,"lost_seqgap":0,"reorder_dup":0,"dropped_bad":0,"hb_lost":13,"bcast_frames":2956,"pdr_ppm":1000000},"rtt":{"samples":101,"min_us":5922,"max_us":300383,"timeouts":0,"txq_last_us":3519,"txq_max_us":275693,"remote_turnaround_us":980,"remote_turnaround_max_us":1257,"p50_us":[6000,8000],"p99_us":[11000,16000],"hist":[0,0,0,0,11,82,6,1,0,0,0,0,0,0,0,1]}}
1791674196.823 {"t":"link","up_ms":298904,"node":25344,"peer":254,"mac":"02:00:00:00:00:fe","state":"left","epoch":0,"espnow_ver":0,"mtu":226,"misses":0,"rssi":0,"tx":{"frames":1769,"cb_ok":0,"cb_fail":0,"enqueue_err":0,"pdr_ppm":null},"rx":{"frames":3808,"lost_seqgap":0,"reorder_dup":36,"dropped_bad":0,"hb_lost":0,"bcast_frames":0,"pdr_ppm":1000000},"rtt":{"samples":86,"min_us":51924,"max_us":141023,"timeouts":7,"txq_last_us":0,"txq_max_us":0,"remote_turnaround_us":12,"remote_turnaround_max_us":42,"p50_us":[42000,60000],"p99_us":[110000,200000],"hist":[0,0,0,0,0,0,0,0,0,0,0,44,12,20,10,0]}}
1791674196.823 {"t":"auth","node":25344,"up_ms":298957,"enrolled":1,"required":1,"verified_peers":2,"verified":11,"cache_hits":311,"refused":0,"rate_limited":0,"stale_epoch":0,"verify_us_max":86347,"link_stack_free_b":820,"crypto_stack_free_b":1220,"tags_ok":3537,"bad_tag":0,"replayed":0,"untagged":0,"bcast_dropped":0,"beacon_epoch_ignored":0,"tag_us_max":1146}
1791674196.823 {"t":"act","node":25344,"setpoint":0,"has_value":0,"writes_served":0}
1791674197.328 {"t":"peers","node":25344,"own_period_ms":100,"own_busy":0,"channel":1,"scanning":0,"scans":0,"hops":10,"found":0,"lost_to_found_ms":0,"moves_followed":0,"moves_refused":0,"sweeps":1,"sweep_found":0,"sweeping":0,"search_visits":2,"relay":0,"fwd_u":0,"fwd_b":0,"fwd_h":0,"relay_dup":2979,"list":[{"id":29544,"state":"alive","via_relay":0,"period_ms":100,"misses":6,"busy":1,"rtt_n":100},{"id":33120,"state":"alive","via_relay":0,"period_ms":100,"misses":6,"busy":0,"rtt_n":101},{"id":254,"state":"other","via_relay":0,"period_ms":100,"misses":6,"busy":0,"rtt_n":86}]}
1791674197.328 {"t":"ss","node":25344,"accepted":0,"unsigned":0,"unknown_sender":0,"bad_signature":0,"replayed":0,"rate_limited":0,"verify_us_max":0,"floors":[]}
1791674197.328 {"t":"rec","node":25344,"up_ms":299053,"settled":1,"sent":1198,"received":1187,"malformed":0,"views":13,"replies_fenced":0,"actors":[{"key":3267574664,"running":0,"term":0,"owner":29544,"owner_term":4,"assigned":29544,"starts":1,"fenced":0,"released":1},{"key":1182575845,"running":0,"term":0,"owner":29544,"owner_term":4,"assigned":29544,"starts":2,"fenced":0,"released":2}]}
1791674197.328 {"t":"node","up_ms":299092,"node":25344,"epoch":248,"peers_alive":2,"peers_dead":0,"no_radio":0,"free_dram":230847,"largest_block":147456,"rx":{"total":19450,"bad_frame":0,"unknown_peer":3,"wrong_dst":0,"short_payload":0,"unknown_opcode":0,"queue_dropped":2},"tx":{"total":7855,"enqueue_err":0,"done_queue_dropped":0},"membership":{"deaths":3,"revivals":2,"reboots_seen":1,"table_full":0,"events_dropped":2}}
1791674197.328 {"t":"ns","node":25344,"hash":3267574664,"owner":29544,"kind":"sampled","unit":0,"class":3,"bound_ms":5000,"quality":"STALE","age_ms":28965,"ts":90316,"updates":82,"value":52.5}
1791674197.328 {"t":"ns","node":25344,"hash":2410274060,"owner":25344,"kind":"sampled","unit":100,"class":4,"bound_ms":0,"quality":"GOOD","age_ms":473,"ts":298663,"updates":28,"value":248}
1791674197.328 {"t":"ns","node":25344,"hash":1274253983,"owner":25344,"kind":"sampled","unit":0,"class":4,"bound_ms":5000,"quality":"GOOD","age_ms":497,"ts":298664,"updates":28,"value":-37}
1791674197.328 {"t":"ns","node":25344,"hash":3354298913,"owner":25344,"kind":"sampled","unit":100,"class":4,"bound_ms":5000,"quality":"GOOD","age_ms":511,"ts":298664,"updates":28,"value":2}
1791674197.328 {"t":"ns","node":25344,"hash":1771187623,"owner":25344,"kind":"sampled","unit":101,"class":4,"bound_ms":30000,"quality":"GOOD","age_ms":527,"ts":298663,"updates":28,"value":230847}
1791674197.328 {"t":"ns","node":25344,"hash":273573289,"owner":29544,"kind":"sampled","unit":0,"class":3,"bound_ms":5000,"quality":"STALE","age_ms":29047,"ts":90316,"updates":82,"value":1}
1791674197.329 {"t":"ns","node":25344,"hash":2033492666,"owner":25344,"kind":"sampled","unit":0,"class":3,"bound_ms":0,"quality":"NO_DATA","age_ms":0,"ts":0,"updates":0,"value":null}
1791674197.329 {"t":"ns","node":25344,"hash":4103947588,"owner":25344,"kind":"sampled","unit":80,"class":4,"bound_ms":30000,"quality":"GOOD","age_ms":570,"ts":298663,"updates":28,"value":298}
1791674197.329 {"t":"ns","node":25344,"hash":1182575845,"owner":29544,"kind":"sampled","unit":0,"class":3,"bound_ms":10000,"quality":"FAULTY","age_ms":101930,"ts":17475,"updates":82,"value":null}
1791674197.329 {"t":"ns","node":25344,"hash":3213530222,"owner":29544,"kind":"sampled","unit":50,"class":4,"bound_ms":3000,"quality":"STALE","age_ms":28483,"ts":90938,"updates":253,"value":52.5}
1791674197.329 {"t":"ns","node":25344,"hash":1662441583,"owner":25344,"kind":"sampled","unit":101,"class":4,"bound_ms":30000,"quality":"GOOD","age_ms":612,"ts":298663,"updates":28,"value":147456}
1791674197.329 {"t":"ns","node":25344,"hash":452408187,"owner":29544,"kind":"sampled","unit":0,"class":3,"bound_ms":5000,"quality":"STALE","age_ms":29144,"ts":90316,"updates":82,"value":251}
1791674207.475 {"t":"clk","node":25344,"up_ms":309316}
1791674207.475 {"t":"led","node":25344,"shows":"green","app":0}
1791674207.475 {"t":"event","at_ms":299701,"node":25344,"kind":"peer_admitted","peer":29544,"slot":0,"a":0,"b":0}
1791674207.475 {"t":"event","at_ms":300150,"node":25344,"kind":"peer_admitted","peer":33120,"slot":1,"a":0,"b":0}
1791674207.475 {"t":"event","at_ms":301700,"node":25344,"kind":"peer_admitted","peer":29544,"slot":0,"a":0,"b":0}
1791674207.475 {"t":"event","at_ms":302150,"node":25344,"kind":"peer_admitted","peer":33120,"slot":1,"a":0,"b":0}
1791674207.475 {"t":"event","at_ms":303700,"node":25344,"kind":"peer_admitted","peer":29544,"slot":0,"a":0,"b":0}
1791674207.475 {"t":"event","at_ms":304150,"node":25344,"kind":"peer_admitted","peer":33120,"slot":1,"a":0,"b":0}
1791674207.475 {"t":"event","at_ms":305700,"node":25344,"kind":"peer_admitted","peer":29544,"slot":0,"a":0,"b":0}
1791674207.475 {"t":"event","at_ms":306152,"node":25344,"kind":"peer_admitted","peer":33120,"slot":1,"a":0,"b":0}
1791674207.475 {"t":"event","at_ms":307740,"node":25344,"kind":"peer_admitted","peer":29544,"slot":0,"a":0,"b":0}
1791674207.475 {"t":"event","at_ms":308150,"node":25344,"kind":"peer_admitted","peer":33120,"slot":1,"a":0,"b":0}
1791674207.475 {"t":"link","up_ms":309401,"node":25344,"peer":29544,"mac":"b8:1f:3f:da:73:68","state":"alive","epoch":176,"espnow_ver":2,"mtu":1446,"misses":0,"rssi":-39,"tx":{"frames":2119,"cb_ok":2096,"cb_fail":23,"enqueue_err":0,"pdr_ppm":989145},"rx":{"frames":5666,"lost_seqgap":11,"reorder_dup":0,"dropped_bad":0,"hb_lost":56,"bcast_frames":2964,"pdr_ppm":998062},"rtt":{"samples":105,"min_us":5549,"max_us":88207,"timeouts":1,"txq_last_us":4686,"txq_max_us":82632,"remote_turnaround_us":856,"remote_turnaround_max_us":2391,"p50_us":[6000,8000],"p99_us":[22000,30000],"hist":[0,0,0,0,39,61,3,0,0,1,0,0,0,1,0,0]}}
1791674207.475 {"t":"link","up_ms":309455,"node":25344,"peer":33120,"mac":"b8:1f:3f:da:81:60","state":"alive","epoch":297,"espnow_ver":2,"mtu":1446,"misses":0,"rssi":-17,"tx":{"frames":900,"cb_ok":898,"cb_fail":2,"enqueue_err":0,"pdr_ppm":997777},"rx":{"frames":4312,"lost_seqgap":0,"reorder_dup":0,"dropped_bad":0,"hb_lost":13,"bcast_frames":3062,"pdr_ppm":1000000},"rtt":{"samples":106,"min_us":5922,"max_us":300383,"timeouts":0,"txq_last_us":4819,"txq_max_us":275693,"remote_turnaround_us":995,"remote_turnaround_max_us":1257,"p50_us":[6000,8000],"p99_us":[11000,16000],"hist":[0,0,0,0,11,86,7,1,0,0,0,0,0,0,0,1]}}
1791674207.475 {"t":"link","up_ms":309509,"node":25344,"peer":254,"mac":"02:00:00:00:00:fe","state":"left","epoch":0,"espnow_ver":0,"mtu":226,"misses":0,"rssi":0,"tx":{"frames":1769,"cb_ok":0,"cb_fail":0,"enqueue_err":0,"pdr_ppm":null},"rx":{"frames":3808,"lost_seqgap":0,"reorder_dup":36,"dropped_bad":0,"hb_lost":0,"bcast_frames":0,"pdr_ppm":1000000},"rtt":{"samples":86,"min_us":51924,"max_us":141023,"timeouts":7,"txq_last_us":0,"txq_max_us":0,"remote_turnaround_us":12,"remote_turnaround_max_us":42,"p50_us":[42000,60000],"p99_us":[110000,200000],"hist":[0,0,0,0,0,0,0,0,0,0,0,44,12,20,10,0]}}
1791674207.475 {"t":"auth","node":25344,"up_ms":309563,"enrolled":1,"required":1,"verified_peers":2,"verified":11,"cache_hits":321,"refused":0,"rate_limited":0,"stale_epoch":0,"verify_us_max":86347,"link_stack_free_b":820,"crypto_stack_free_b":1220,"tags_ok":3620,"bad_tag":0,"replayed":0,"untagged":0,"bcast_dropped":0,"beacon_epoch_ignored":0,"tag_us_max":1146}
1791674207.475 {"t":"act","node":25344,"setpoint":0,"has_value":0,"writes_served":0}
1791674207.475 {"t":"peers","node":25344,"own_period_ms":100,"own_busy":0,"channel":1,"scanning":0,"scans":0,"hops":10,"found":0,"lost_to_found_ms":0,"moves_followed":0,"moves_refused":0,"sweeps":1,"sweep_found":0,"sweeping":0,"search_visits":2,"relay":0,"fwd_u":0,"fwd_b":0,"fwd_h":0,"relay_dup":3090,"list":[{"id":29544,"state":"alive","via_relay":0,"period_ms":100,"misses":6,"busy":1,"rtt_n":105},{"id":33120,"state":"alive","via_relay":0,"period_ms":100,"misses":6,"busy":0,"rtt_n":106},{"id":254,"state":"other","via_relay":0,"period_ms":100,"misses":6,"busy":0,"rtt_n":86}]}
1791674207.475 {"t":"ss","node":25344,"accepted":0,"unsigned":0,"unknown_sender":0,"bad_signature":0,"replayed":0,"rate_limited":0,"verify_us_max":0,"floors":[]}
1791674207.932 {"t":"rec","node":25344,"up_ms":309659,"settled":1,"sent":1240,"received":1229,"malformed":0,"views":13,"replies_fenced":0,"actors":[{"key":3267574664,"running":0,"term":0,"owner":29544,"owner_term":4,"assigned":29544,"starts":1,"fenced":0,"released":1},{"key":1182575845,"running":0,"term":0,"owner":29544,"owner_term":4,"assigned":29544,"starts":2,"fenced":0,"released":2}]}
1791674207.932 {"t":"node","up_ms":309687,"node":25344,"epoch":248,"peers_alive":2,"peers_dead":0,"no_radio":0,"free_dram":230847,"largest_block":147456,"rx":{"total":19975,"bad_frame":0,"unknown_peer":3,"wrong_dst":0,"short_payload":0,"unknown_opcode":0,"queue_dropped":2},"tx":{"total":8037,"enqueue_err":0,"done_queue_dropped":0},"membership":{"deaths":3,"revivals":2,"reboots_seen":1,"table_full":0,"events_dropped":2}}
1791674207.932 {"t":"ns","node":25344,"hash":3267574664,"owner":29544,"kind":"sampled","unit":0,"class":3,"bound_ms":5000,"quality":"STALE","age_ms":39572,"ts":90316,"updates":82,"value":52.5}
1791674207.932 {"t":"ns","node":25344,"hash":2410274060,"owner":25344,"kind":"sampled","unit":100,"class":4,"bound_ms":0,"quality":"GOOD","age_ms":424,"ts":309318,"updates":29,"value":248}
1791674207.932 {"t":"ns","node":25344,"hash":1274253983,"owner":25344,"kind":"sampled","unit":0,"class":4,"bound_ms":5000,"quality":"GOOD","age_ms":438,"ts":309318,"updates":29,"value":-39}
1791674207.932 {"t":"ns","node":25344,"hash":3354298913,"owner":25344,"kind":"sampled","unit":100,"class":4,"bound_ms":5000,"quality":"GOOD","age_ms":452,"ts":309318,"updates":29,"value":2}
1791674207.932 {"t":"ns","node":25344,"hash":1771187623,"owner":25344,"kind":"sampled","unit":101,"class":4,"bound_ms":30000,"quality":"GOOD","age_ms":467,"ts":309317,"updates":29,"value":230847}
1791674207.932 {"t":"ns","node":25344,"hash":273573289,"owner":29544,"kind":"sampled","unit":0,"class":3,"bound_ms":5000,"quality":"STALE","age_ms":39652,"ts":90316,"updates":82,"value":1}
1791674207.932 {"t":"ns","node":25344,"hash":2033492666,"owner":25344,"kind":"sampled","unit":0,"class":3,"bound_ms":0,"quality":"NO_DATA","age_ms":0,"ts":0,"updates":0,"value":null}
1791674207.932 {"t":"ns","node":25344,"hash":4103947588,"owner":25344,"kind":"sampled","unit":80,"class":4,"bound_ms":30000,"quality":"GOOD","age_ms":521,"ts":309317,"updates":29,"value":309}
1791674207.932 {"t":"ns","node":25344,"hash":1182575845,"owner":29544,"kind":"sampled","unit":0,"class":3,"bound_ms":10000,"quality":"FAULTY","age_ms":112535,"ts":17475,"updates":82,"value":null}
1791674207.932 {"t":"ns","node":25344,"hash":3213530222,"owner":29544,"kind":"sampled","unit":50,"class":4,"bound_ms":3000,"quality":"STALE","age_ms":39088,"ts":90938,"updates":253,"value":52.5}
1791674207.932 {"t":"ns","node":25344,"hash":1662441583,"owner":25344,"kind":"sampled","unit":101,"class":4,"bound_ms":30000,"quality":"GOOD","age_ms":564,"ts":309317,"updates":29,"value":147456}
1791674207.932 {"t":"ns","node":25344,"hash":452408187,"owner":29544,"kind":"sampled","unit":0,"class":3,"bound_ms":5000,"quality":"STALE","age_ms":39738,"ts":90316,"updates":82,"value":251}
1791674218.066 {"t":"clk","node":25344,"up_ms":319910}
1791674218.066 {"t":"led","node":25344,"shows":"green","app":0}
1791674218.066 {"t":"event","at_ms":309700,"node":25344,"kind":"peer_admitted","peer":29544,"slot":0,"a":0,"b":0}
1791674218.066 {"t":"event","at_ms":310150,"node":25344,"kind":"peer_admitted","peer":33120,"slot":1,"a":0,"b":0}
1791674218.066 {"t":"event","at_ms":311700,"node":25344,"kind":"peer_admitted","peer":29544,"slot":0,"a":0,"b":0}
1791674218.066 {"t":"event","at_ms":312150,"node":25344,"kind":"peer_admitted","peer":33120,"slot":1,"a":0,"b":0}
1791674218.066 {"t":"event","at_ms":313700,"node":25344,"kind":"peer_admitted","peer":29544,"slot":0,"a":0,"b":0}
1791674218.066 {"t":"event","at_ms":314150,"node":25344,"kind":"peer_admitted","peer":33120,"slot":1,"a":0,"b":0}
1791674218.066 {"t":"event","at_ms":315700,"node":25344,"kind":"peer_admitted","peer":29544,"slot":0,"a":0,"b":0}
1791674218.066 {"t":"event","at_ms":316151,"node":25344,"kind":"peer_admitted","peer":33120,"slot":1,"a":0,"b":0}
1791674218.066 {"t":"event","at_ms":317700,"node":25344,"kind":"peer_admitted","peer":29544,"slot":0,"a":0,"b":0}
1791674218.066 {"t":"event","at_ms":318150,"node":25344,"kind":"peer_admitted","peer":33120,"slot":1,"a":0,"b":0}
1791674218.066 {"t":"event","at_ms":319700,"node":25344,"kind":"peer_admitted","peer":29544,"slot":0,"a":0,"b":0}
1791674218.066 {"t":"link","up_ms":320008,"node":25344,"peer":29544,"mac":"b8:1f:3f:da:73:68","state":"alive","epoch":176,"espnow_ver":2,"mtu":1446,"misses":0,"rssi":-38,"tx":{"frames":2156,"cb_ok":2133,"cb_fail":23,"enqueue_err":0,"pdr_ppm":989332},"rx":{"frames":5824,"lost_seqgap":11,"reorder_dup":0,"dropped_bad":0,"hb_lost":56,"bcast_frames":3070,"pdr_ppm":998114},"rtt":{"samples":110,"min_us":5549,"max_us":88207,"timeouts":1,"txq_last_us":3597,"txq_max_us":82632,"remote_turnaround_us":863,"remote_turnaround_max_us":2391,"p50_us":[6000,8000],"p99_us":[22000,30000],"hist":[0,0,0,0,39,64,5,0,0,1,0,0,0,1,0,0]}}
1791674218.066 {"t":"link","up_ms":320062,"node":25344,"peer":33120,"mac":"b8:1f:3f:da:81:60","state":"alive","epoch":297,"espnow_ver":2,"mtu":1446,"misses":0,"rssi":-16,"tx":{"frames":939,"cb_ok":937,"cb_fail":2,"enqueue_err":0,"pdr_ppm":997870},"rx":{"frames":4462,"lost_seqgap":0,"reorder_dup":0,"dropped_bad":0,"hb_lost":13,"bcast_frames":3168,"pdr_ppm":1000000},"rtt":{"samples":112,"min_us":5922,"max_us":300383,"timeouts":0,"txq_last_us":3599,"txq_max_us":275693,"remote_turnaround_us":987,"remote_turnaround_max_us":1257,"p50_us":[6000,8000],"p99_us":[11000,16000],"hist":[0,0,0,0,11,92,7,1,0,0,0,0,0,0,0,1]}}
1791674218.066 {"t":"link","up_ms":320117,"node":25344,"peer":254,"mac":"02:00:00:00:00:fe","state":"left","epoch":0,"espnow_ver":0,"mtu":226,"misses":0,"rssi":0,"tx":{"frames":1769,"cb_ok":0,"cb_fail":0,"enqueue_err":0,"pdr_ppm":null},"rx":{"frames":3808,"lost_seqgap":0,"reorder_dup":36,"dropped_bad":0,"hb_lost":0,"bcast_frames":0,"pdr_ppm":1000000},"rtt":{"samples":86,"min_us":51924,"max_us":141023,"timeouts":7,"txq_last_us":0,"txq_max_us":0,"remote_turnaround_us":12,"remote_turnaround_max_us":42,"p50_us":[42000,60000],"p99_us":[110000,200000],"hist":[0,0,0,0,0,0,0,0,0,0,0,44,12,20,10,0]}}
1791674218.066 {"t":"auth","node":25344,"up_ms":320160,"enrolled":1,"required":1,"verified_peers":2,"verified":11,"cache_hits":333,"refused":0,"rate_limited":0,"stale_epoch":0,"verify_us_max":86347,"link_stack_free_b":820,"crypto_stack_free_b":1220,"tags_ok":3706,"bad_tag":0,"replayed":0,"untagged":0,"bcast_dropped":0,"beacon_epoch_ignored":0,"tag_us_max":1146}
1791674218.066 {"t":"act","node":25344,"setpoint":0,"has_value":0,"writes_served":0}
1791674218.066 {"t":"peers","node":25344,"own_period_ms":100,"own_busy":0,"channel":1,"scanning":0,"scans":0,"hops":10,"found":0,"lost_to_found_ms":0,"moves_followed":0,"moves_refused":0,"sweeps":1,"sweep_found":0,"sweeping":0,"search_visits":2,"relay":0,"fwd_u":0,"fwd_b":0,"fwd_h":0,"relay_dup":3202,"list":[{"id":29544,"state":"alive","via_relay":0,"period_ms":100,"misses":6,"busy":1,"rtt_n":110},{"id":33120,"state":"alive","via_relay":0,"period_ms":100,"misses":6,"busy":0,"rtt_n":112},{"id":254,"state":"other","via_relay":0,"period_ms":100,"misses":6,"busy":0,"rtt_n":86}]}
1791674218.537 {"t":"ss","node":25344,"accepted":0,"unsigned":0,"unknown_sender":0,"bad_signature":0,"replayed":0,"rate_limited":0,"verify_us_max":0,"floors":[]}
1791674218.537 {"t":"rec","node":25344,"up_ms":320267,"settled":1,"sent":1283,"received":1271,"malformed":0,"views":13,"replies_fenced":0,"actors":[{"key":3267574664,"running":0,"term":0,"owner":29544,"owner_term":4,"assigned":29544,"starts":1,"fenced":0,"released":1},{"key":1182575845,"running":0,"term":0,"owner":29544,"owner_term":4,"assigned":29544,"starts":2,"fenced":0,"released":2}]}
1791674218.537 {"t":"node","up_ms":320295,"node":25344,"epoch":248,"peers_alive":2,"peers_dead":0,"no_radio":0,"free_dram":230847,"largest_block":147456,"rx":{"total":20510,"bad_frame":0,"unknown_peer":3,"wrong_dst":0,"short_payload":0,"unknown_opcode":0,"queue_dropped":2},"tx":{"total":8227,"enqueue_err":0,"done_queue_dropped":0},"membership":{"deaths":3,"revivals":2,"reboots_seen":1,"table_full":0,"events_dropped":2}}
1791674218.537 {"t":"ns","node":25344,"hash":3267574664,"owner":29544,"kind":"sampled","unit":0,"class":3,"bound_ms":5000,"quality":"STALE","age_ms":50179,"ts":90316,"updates":82,"value":52.5}
1791674218.537 {"t":"ns","node":25344,"hash":2410274060,"owner":25344,"kind":"sampled","unit":100,"class":4,"bound_ms":0,"quality":"GOOD","age_ms":438,"ts":319911,"updates":30,"value":248}
1791674218.537 {"t":"ns","node":25344,"hash":1274253983,"owner":25344,"kind":"sampled","unit":0,"class":4,"bound_ms":5000,"quality":"GOOD","age_ms":451,"ts":319912,"updates":30,"value":-38}
1791674218.537 {"t":"ns","node":25344,"hash":3354298913,"owner":25344,"kind":"sampled","unit":100,"class":4,"bound_ms":5000,"quality":"GOOD","age_ms":465,"ts":319912,"updates":30,"value":2}
1791674218.537 {"t":"ns","node":25344,"hash":1771187623,"owner":25344,"kind":"sampled","unit":101,"class":4,"bound_ms":30000,"quality":"GOOD","age_ms":481,"ts":319911,"updates":30,"value":230847}
1791674218.537 {"t":"ns","node":25344,"hash":273573289,"owner":29544,"kind":"sampled","unit":0,"class":3,"bound_ms":5000,"quality":"STALE","age_ms":50248,"ts":90316,"updates":82,"value":1}
1791674218.537 {"t":"ns","node":25344,"hash":2033492666,"owner":25344,"kind":"sampled","unit":0,"class":3,"bound_ms":0,"quality":"NO_DATA","age_ms":0,"ts":0,"updates":0,"value":null}
1791674218.537 {"t":"ns","node":25344,"hash":4103947588,"owner":25344,"kind":"sampled","unit":80,"class":4,"bound_ms":30000,"quality":"GOOD","age_ms":523,"ts":319911,"updates":30,"value":319}
1791674218.537 {"t":"ns","node":25344,"hash":1182575845,"owner":29544,"kind":"sampled","unit":0,"class":3,"bound_ms":10000,"quality":"FAULTY","age_ms":123131,"ts":17475,"updates":82,"value":null}
1791674218.537 {"t":"ns","node":25344,"hash":3213530222,"owner":29544,"kind":"sampled","unit":50,"class":4,"bound_ms":3000,"quality":"STALE","age_ms":49696,"ts":90938,"updates":253,"value":52.5}
1791674218.537 {"t":"ns","node":25344,"hash":1662441583,"owner":25344,"kind":"sampled","unit":101,"class":4,"bound_ms":30000,"quality":"GOOD","age_ms":577,"ts":319911,"updates":30,"value":147456}
1791674218.537 {"t":"ns","node":25344,"hash":452408187,"owner":29544,"kind":"sampled","unit":0,"class":3,"bound_ms":5000,"quality":"STALE","age_ms":50346,"ts":90316,"updates":82,"value":251}
1791674228.676 {"t":"clk","node":25344,"up_ms":330518}
1791674228.676 {"t":"led","node":25344,"shows":"green","app":0}
1791674228.676 {"t":"event","at_ms":320151,"node":25344,"kind":"peer_admitted","peer":33120,"slot":1,"a":0,"b":0}
1791674228.676 {"t":"event","at_ms":321701,"node":25344,"kind":"peer_admitted","peer":29544,"slot":0,"a":0,"b":0}
1791674228.676 {"t":"event","at_ms":322150,"node":25344,"kind":"peer_admitted","peer":33120,"slot":1,"a":0,"b":0}
1791674228.676 {"t":"event","at_ms":323700,"node":25344,"kind":"peer_admitted","peer":29544,"slot":0,"a":0,"b":0}
1791674228.676 {"t":"event","at_ms":324150,"node":25344,"kind":"peer_admitted","peer":33120,"slot":1,"a":0,"b":0}
1791674228.676 {"t":"event","at_ms":325700,"node":25344,"kind":"peer_admitted","peer":29544,"slot":0,"a":0,"b":0}
1791674228.676 {"t":"event","at_ms":326150,"node":25344,"kind":"peer_admitted","peer":33120,"slot":1,"a":0,"b":0}
1791674228.676 {"t":"event","at_ms":327700,"node":25344,"kind":"peer_admitted","peer":29544,"slot":0,"a":0,"b":0}
1791674228.676 {"t":"event","at_ms":328150,"node":25344,"kind":"peer_admitted","peer":33120,"slot":1,"a":0,"b":0}
1791674228.676 {"t":"event","at_ms":329702,"node":25344,"kind":"peer_admitted","peer":29544,"slot":0,"a":0,"b":0}
1791674228.676 {"t":"event","at_ms":330150,"node":25344,"kind":"peer_admitted","peer":33120,"slot":1,"a":0,"b":0}
1791674228.676 {"t":"link","up_ms":330616,"node":25344,"peer":29544,"mac":"b8:1f:3f:da:73:68","state":"alive","epoch":176,"espnow_ver":2,"mtu":1446,"misses":0,"rssi":-38,"tx":{"frames":2192,"cb_ok":2169,"cb_fail":23,"enqueue_err":0,"pdr_ppm":989507},"rx":{"frames":5983,"lost_seqgap":11,"reorder_dup":0,"dropped_bad":0,"hb_lost":56,"bcast_frames":3176,"pdr_ppm":998164},"rtt":{"samples":115,"min_us":5549,"max_us":88207,"timeouts":1,"txq_last_us":3121,"txq_max_us":82632,"remote_turnaround_us":886,"remote_turnaround_max_us":2391,"p50_us":[6000,8000],"p99_us":[22000,30000],"hist":[0,0,0,0,39,68,6,0,0,1,0,0,0,1,0,0]}}
1791674228.676 {"t":"link","up_ms":330670,"node":25344,"peer":33120,"mac":"b8:1f:3f:da:81:60","state":"alive","epoch":297,"espnow_ver":2,"mtu":1446,"misses":0,"rssi":-16,"tx":{"frames":976,"cb_ok":974,"cb_fail":2,"enqueue_err":0,"pdr_ppm":997950},"rx":{"frames":4610,"lost_seqgap":0,"reorder_dup":0,"dropped_bad":0,"hb_lost":13,"bcast_frames":3274,"pdr_ppm":1000000},"rtt":{"samples":117,"min_us":5922,"max_us":300383,"timeouts":0,"txq_last_us":3599,"txq_max_us":275693,"remote_turnaround_us":981,"remote_turnaround_max_us":1257,"p50_us":[6000,8000],"p99_us":[11000,16000],"hist":[0,0,0,0,11,97,7,1,0,0,0,0,0,0,0,1]}}
1791674228.676 {"t":"link","up_ms":330724,"node":25344,"peer":254,"mac":"02:00:00:00:00:fe","state":"left","epoch":0,"espnow_ver":0,"mtu":226,"misses":0,"rssi":0,"tx":{"frames":1769,"cb_ok":0,"cb_fail":0,"enqueue_err":0,"pdr_ppm":null},"rx":{"frames":3808,"lost_seqgap":0,"reorder_dup":36,"dropped_bad":0,"hb_lost":0,"bcast_frames":0,"pdr_ppm":1000000},"rtt":{"samples":86,"min_us":51924,"max_us":141023,"timeouts":7,"txq_last_us":0,"txq_max_us":0,"remote_turnaround_us":12,"remote_turnaround_max_us":42,"p50_us":[42000,60000],"p99_us":[110000,200000],"hist":[0,0,0,0,0,0,0,0,0,0,0,44,12,20,10,0]}}
1791674228.676 {"t":"auth","node":25344,"up_ms":330767,"enrolled":1,"required":1,"verified_peers":2,"verified":11,"cache_hits":343,"refused":0,"rate_limited":0,"stale_epoch":0,"verify_us_max":86347,"link_stack_free_b":820,"crypto_stack_free_b":1220,"tags_ok":3790,"bad_tag":0,"replayed":0,"untagged":0,"bcast_dropped":0,"beacon_epoch_ignored":0,"tag_us_max":1146}
1791674228.676 {"t":"act","node":25344,"setpoint":0,"has_value":0,"writes_served":0}
1791674228.676 {"t":"peers","node":25344,"own_period_ms":100,"own_busy":0,"channel":1,"scanning":0,"scans":0,"hops":10,"found":0,"lost_to_found_ms":0,"moves_followed":0,"moves_refused":0,"sweeps":1,"sweep_found":0,"sweeping":0,"search_visits":2,"relay":0,"fwd_u":0,"fwd_b":0,"fwd_h":0,"relay_dup":3313,"list":[{"id":29544,"state":"alive","via_relay":0,"period_ms":100,"misses":6,"busy":1,"rtt_n":116},{"id":33120,"state":"alive","via_relay":0,"period_ms":100,"misses":6,"busy":0,"rtt_n":117},{"id":254,"state":"other","via_relay":0,"period_ms":100,"misses":6,"busy":0,"rtt_n":86}]}
1791674229.142 {"t":"ss","node":25344,"accepted":0,"unsigned":0,"unknown_sender":0,"bad_signature":0,"replayed":0,"rate_limited":0,"verify_us_max":0,"floors":[]}
1791674229.142 {"t":"rec","node":25344,"up_ms":330874,"settled":1,"sent":1325,"received":1313,"malformed":0,"views":13,"replies_fenced":0,"actors":[{"key":3267574664,"running":0,"term":0,"owner":29544,"owner_term":4,"assigned":29544,"starts":1,"fenced":0,"released":1},{"key":1182575845,"running":0,"term":0,"owner":29544,"owner_term":4,"assigned":29544,"starts":2,"fenced":0,"released":2}]}
1791674229.142 {"t":"node","up_ms":330902,"node":25344,"epoch":248,"peers_alive":2,"peers_dead":0,"no_radio":0,"free_dram":230847,"largest_block":147456,"rx":{"total":21038,"bad_frame":0,"unknown_peer":3,"wrong_dst":0,"short_payload":0,"unknown_opcode":0,"queue_dropped":2},"tx":{"total":8412,"enqueue_err":0,"done_queue_dropped":0},"membership":{"deaths":3,"revivals":2,"reboots_seen":1,"table_full":0,"events_dropped":2}}
1791674229.142 {"t":"ns","node":25344,"hash":3267574664,"owner":29544,"kind":"sampled","unit":0,"class":3,"bound_ms":5000,"quality":"STALE","age_ms":60786,"ts":90316,"updates":82,"value":52.5}
1791674229.142 {"t":"ns","node":25344,"hash":2410274060,"owner":25344,"kind":"sampled","unit":100,"class":4,"bound_ms":0,"quality":"GOOD","age_ms":437,"ts":330520,"updates":31,"value":248}
1791674229.142 {"t":"ns","node":25344,"hash":1274253983,"owner":25344,"kind":"sampled","unit":0,"class":4,"bound_ms":5000,"quality":"GOOD","age_ms":451,"ts":330520,"updates":31,"value":-39}
1791674229.142 {"t":"ns","node":25344,"hash":3354298913,"owner":25344,"kind":"sampled","unit":100,"class":4,"bound_ms":5000,"quality":"GOOD","age_ms":465,"ts":330520,"updates":31,"value":2}
1791674229.142 {"t":"ns","node":25344,"hash":1771187623,"owner":25344,"kind":"sampled","unit":101,"class":4,"bound_ms":30000,"quality":"GOOD","age_ms":480,"ts":330519,"updates":31,"value":230847}
1791674229.142 {"t":"ns","node":25344,"hash":273573289,"owner":29544,"kind":"sampled","unit":0,"class":3,"bound_ms":5000,"quality":"STALE","age_ms":60855,"ts":90316,"updates":82,"value":1}
1791674229.142 {"t":"ns","node":25344,"hash":2033492666,"owner":25344,"kind":"sampled","unit":0,"class":3,"bound_ms":0,"quality":"NO_DATA","age_ms":0,"ts":0,"updates":0,"value":null}
1791674229.142 {"t":"ns","node":25344,"hash":4103947588,"owner":25344,"kind":"sampled","unit":80,"class":4,"bound_ms":30000,"quality":"GOOD","age_ms":522,"ts":330519,"updates":31,"value":330}
1791674229.142 {"t":"ns","node":25344,"hash":1182575845,"owner":29544,"kind":"sampled","unit":0,"class":3,"bound_ms":10000,"quality":"FAULTY","age_ms":133749,"ts":17475,"updates":82,"value":null}
1791674229.142 {"t":"ns","node":25344,"hash":3213530222,"owner":29544,"kind":"sampled","unit":50,"class":4,"bound_ms":3000,"quality":"STALE","age_ms":60302,"ts":90938,"updates":253,"value":52.5}
1791674229.142 {"t":"ns","node":25344,"hash":1662441583,"owner":25344,"kind":"sampled","unit":101,"class":4,"bound_ms":30000,"quality":"GOOD","age_ms":576,"ts":330519,"updates":31,"value":147456}
1791674229.142 {"t":"ns","node":25344,"hash":452408187,"owner":29544,"kind":"sampled","unit":0,"class":3,"bound_ms":5000,"quality":"STALE","age_ms":60952,"ts":90316,"updates":82,"value":251}
1791674239.279 {"t":"clk","node":25344,"up_ms":341124}
1791674239.279 {"t":"led","node":25344,"shows":"green","app":0}
1791674239.279 {"t":"event","at_ms":331702,"node":25344,"kind":"peer_admitted","peer":29544,"slot":0,"a":0,"b":0}
1791674239.279 {"t":"event","at_ms":332150,"node":25344,"kind":"peer_admitted","peer":33120,"slot":1,"a":0,"b":0}
1791674239.279 {"t":"event","at_ms":333700,"node":25344,"kind":"peer_admitted","peer":29544,"slot":0,"a":0,"b":0}
1791674239.279 {"t":"event","at_ms":334150,"node":25344,"kind":"peer_admitted","peer":33120,"slot":1,"a":0,"b":0}
1791674239.279 {"t":"event","at_ms":335701,"node":25344,"kind":"peer_admitted","peer":29544,"slot":0,"a":0,"b":0}
1791674239.279 {"t":"event","at_ms":336150,"node":25344,"kind":"peer_admitted","peer":33120,"slot":1,"a":0,"b":0}
1791674239.279 {"t":"event","at_ms":337700,"node":25344,"kind":"peer_admitted","peer":29544,"slot":0,"a":0,"b":0}
1791674239.279 {"t":"event","at_ms":338153,"node":25344,"kind":"peer_admitted","peer":33120,"slot":1,"a":0,"b":0}
1791674239.279 {"t":"event","at_ms":339700,"node":25344,"kind":"peer_admitted","peer":29544,"slot":0,"a":0,"b":0}
1791674239.279 {"t":"event","at_ms":340150,"node":25344,"kind":"peer_admitted","peer":33120,"slot":1,"a":0,"b":0}
1791674239.279 {"t":"link","up_ms":341209,"node":25344,"peer":29544,"mac":"b8:1f:3f:da:73:68","state":"alive","epoch":176,"espnow_ver":2,"mtu":1446,"misses":0,"rssi":-39,"tx":{"frames":2230,"cb_ok":2207,"cb_fail":23,"enqueue_err":0,"pdr_ppm":989686},"rx":{"frames":6141,"lost_seqgap":11,"reorder_dup":0,"dropped_bad":0,"hb_lost":57,"bcast_frames":3281,"pdr_ppm":998211},"rtt":{"samples":121,"min_us":5549,"max_us":88207,"timeouts":1,"txq_last_us":2723,"txq_max_us":82632,"remote_turnaround_us":968,"remote_turnaround_max_us":2391,"p50_us":[6000,8000],"p99_us":[22000,30000],"hist":[0,0,0,0,39,73,7,0,0,1,0,0,0,1,0,0]}}
1791674239.279 {"t":"link","up_ms":341262,"node":25344,"peer":33120,"mac":"b8:1f:3f:da:81:60","state":"alive","epoch":297,"espnow_ver":2,"mtu":1446,"misses":0,"rssi":-17,"tx":{"frames":1012,"cb_ok":1010,"cb_fail":2,"enqueue_err":0,"pdr_ppm":998023},"rx":{"frames":4757,"lost_seqgap":0,"reorder_dup":0,"dropped_bad":0,"hb_lost":13,"bcast_frames":3380,"pdr_ppm":1000000},"rtt":{"samples":122,"min_us":5922,"max_us":300383,"timeouts":0,"txq_last_us":3143,"txq_max_us":275693,"remote_turnaround_us":980,"remote_turnaround_max_us":1257,"p50_us":[6000,8000],"p99_us":[11000,16000],"hist":[0,0,0,0,11,101,8,1,0,0,0,0,0,0,0,1]}}
1791674239.279 {"t":"link","up_ms":341317,"node":25344,"peer":254,"mac":"02:00:00:00:00:fe","state":"left","epoch":0,"espnow_ver":0,"mtu":226,"misses":0,"rssi":0,"tx":{"frames":1769,"cb_ok":0,"cb_fail":0,"enqueue_err":0,"pdr_ppm":null},"rx":{"frames":3808,"lost_seqgap":0,"reorder_dup":36,"dropped_bad":0,"hb_lost":0,"bcast_frames":0,"pdr_ppm":1000000},"rtt":{"samples":86,"min_us":51924,"max_us":141023,"timeouts":7,"txq_last_us":0,"txq_max_us":0,"remote_turnaround_us":12,"remote_turnaround_max_us":42,"p50_us":[42000,60000],"p99_us":[110000,200000],"hist":[0,0,0,0,0,0,0,0,0,0,0,44,12,20,10,0]}}
1791674239.279 {"t":"auth","node":25344,"up_ms":341371,"enrolled":1,"required":1,"verified_peers":2,"verified":11,"cache_hits":353,"refused":0,"rate_limited":0,"stale_epoch":0,"verify_us_max":86347,"link_stack_free_b":820,"crypto_stack_free_b":1220,"tags_ok":3873,"bad_tag":0,"replayed":0,"untagged":0,"bcast_dropped":0,"beacon_epoch_ignored":0,"tag_us_max":1146}
1791674239.279 {"t":"act","node":25344,"setpoint":0,"has_value":0,"writes_served":0}
1791674239.279 {"t":"peers","node":25344,"own_period_ms":100,"own_busy":0,"channel":1,"scanning":0,"scans":0,"hops":10,"found":0,"lost_to_found_ms":0,"moves_followed":0,"moves_refused":0,"sweeps":1,"sweep_found":0,"sweeping":0,"search_visits":2,"relay":0,"fwd_u":0,"fwd_b":0,"fwd_h":0,"relay_dup":3423,"list":[{"id":29544,"state":"alive","via_relay":0,"period_ms":100,"misses":6,"busy":1,"rtt_n":121},{"id":33120,"state":"alive","via_relay":0,"period_ms":100,"misses":6,"busy":0,"rtt_n":122},{"id":254,"state":"other","via_relay":0,"period_ms":100,"misses":6,"busy":0,"rtt_n":86}]}
1791674239.279 {"t":"ss","node":25344,"accepted":0,"unsigned":0,"unknown_sender":0,"bad_signature":0,"replayed":0,"rate_limited":0,"verify_us_max":0,"floors":[]}
1791674239.730 {"t":"rec","node":25344,"up_ms":341467,"settled":1,"sent":1367,"received":1356,"malformed":0,"views":13,"replies_fenced":0,"actors":[{"key":3267574664,"running":0,"term":0,"owner":29544,"owner_term":4,"assigned":29544,"starts":1,"fenced":0,"released":1},{"key":1182575845,"running":0,"term":0,"owner":29544,"owner_term":4,"assigned":29544,"starts":2,"fenced":0,"released":2}]}
1791674239.730 {"t":"node","up_ms":341495,"node":25344,"epoch":248,"peers_alive":2,"peers_dead":0,"no_radio":0,"free_dram":230847,"largest_block":147456,"rx":{"total":21560,"bad_frame":0,"unknown_peer":3,"wrong_dst":0,"short_payload":0,"unknown_opcode":0,"queue_dropped":2},"tx":{"total":8595,"enqueue_err":0,"done_queue_dropped":0},"membership":{"deaths":3,"revivals":2,"reboots_seen":1,"table_full":0,"events_dropped":2}}
1791674239.730 {"t":"ns","node":25344,"hash":3267574664,"owner":29544,"kind":"sampled","unit":0,"class":3,"bound_ms":5000,"quality":"STALE","age_ms":71379,"ts":90316,"updates":82,"value":52.5}
1791674239.730 {"t":"ns","node":25344,"hash":2410274060,"owner":25344,"kind":"sampled","unit":100,"class":4,"bound_ms":0,"quality":"GOOD","age_ms":423,"ts":341126,"updates":32,"value":248}
1791674239.730 {"t":"ns","node":25344,"hash":1274253983,"owner":25344,"kind":"sampled","unit":0,"class":4,"bound_ms":5000,"quality":"GOOD","age_ms":438,"ts":341126,"updates":32,"value":-40}
1791674239.730 {"t":"ns","node":25344,"hash":3354298913,"owner":25344,"kind":"sampled","unit":100,"class":4,"bound_ms":5000,"quality":"GOOD","age_ms":452,"ts":341126,"updates":32,"value":2}
1791674239.730 {"t":"ns","node":25344,"hash":1771187623,"owner":25344,"kind":"sampled","unit":101,"class":4,"bound_ms":30000,"quality":"GOOD","age_ms":467,"ts":341125,"updates":32,"value":230847}
1791674239.730 {"t":"ns","node":25344,"hash":273573289,"owner":29544,"kind":"sampled","unit":0,"class":3,"bound_ms":5000,"quality":"STALE","age_ms":71460,"ts":90316,"updates":82,"value":1}
1791674239.730 {"t":"ns","node":25344,"hash":2033492666,"owner":25344,"kind":"sampled","unit":0,"class":3,"bound_ms":0,"quality":"NO_DATA","age_ms":0,"ts":0,"updates":0,"value":null}
1791674239.730 {"t":"ns","node":25344,"hash":4103947588,"owner":25344,"kind":"sampled","unit":80,"class":4,"bound_ms":30000,"quality":"GOOD","age_ms":520,"ts":341126,"updates":32,"value":341}
1791674239.730 {"t":"ns","node":25344,"hash":1182575845,"owner":29544,"kind":"sampled","unit":0,"class":3,"bound_ms":10000,"quality":"FAULTY","age_ms":144343,"ts":17475,"updates":82,"value":null}
1791674239.730 {"t":"ns","node":25344,"hash":3213530222,"owner":29544,"kind":"sampled","unit":50,"class":4,"bound_ms":3000,"quality":"STALE","age_ms":70896,"ts":90938,"updates":253,"value":52.5}
1791674239.730 {"t":"ns","node":25344,"hash":1662441583,"owner":25344,"kind":"sampled","unit":101,"class":4,"bound_ms":30000,"quality":"GOOD","age_ms":562,"ts":341126,"updates":32,"value":147456}
1791674239.730 {"t":"ns","node":25344,"hash":452408187,"owner":29544,"kind":"sampled","unit":0,"class":3,"bound_ms":5000,"quality":"STALE","age_ms":71545,"ts":90316,"updates":82,"value":251}
1791674249.874 {"t":"clk","node":25344,"up_ms":351717}
1791674249.874 {"t":"led","node":25344,"shows":"green","app":0}
1791674249.874 {"t":"event","at_ms":341700,"node":25344,"kind":"peer_admitted","peer":29544,"slot":0,"a":0,"b":0}
1791674249.874 {"t":"event","at_ms":342150,"node":25344,"kind":"peer_admitted","peer":33120,"slot":1,"a":0,"b":0}
1791674249.874 {"t":"event","at_ms":343704,"node":25344,"kind":"peer_admitted","peer":29544,"slot":0,"a":0,"b":0}
1791674249.874 {"t":"event","at_ms":344150,"node":25344,"kind":"peer_admitted","peer":33120,"slot":1,"a":0,"b":0}
1791674249.874 {"t":"event","at_ms":345700,"node":25344,"kind":"peer_admitted","peer":29544,"slot":0,"a":0,"b":0}
1791674249.874 {"t":"event","at_ms":346150,"node":25344,"kind":"peer_admitted","peer":33120,"slot":1,"a":0,"b":0}
1791674249.874 {"t":"event","at_ms":347700,"node":25344,"kind":"peer_admitted","peer":29544,"slot":0,"a":0,"b":0}
1791674249.874 {"t":"event","at_ms":348150,"node":25344,"kind":"peer_admitted","peer":33120,"slot":1,"a":0,"b":0}
1791674249.874 {"t":"event","at_ms":349700,"node":25344,"kind":"peer_admitted","peer":29544,"slot":0,"a":0,"b":0}
1791674249.874 {"t":"event","at_ms":350151,"node":25344,"kind":"peer_admitted","peer":33120,"slot":1,"a":0,"b":0}
1791674249.874 {"t":"event","at_ms":351700,"node":25344,"kind":"peer_admitted","peer":29544,"slot":0,"a":0,"b":0}
1791674249.874 {"t":"link","up_ms":351817,"node":25344,"peer":29544,"mac":"b8:1f:3f:da:73:68","state":"alive","epoch":176,"espnow_ver":2,"mtu":1446,"misses":0,"rssi":-37,"tx":{"frames":2268,"cb_ok":2245,"cb_fail":23,"enqueue_err":0,"pdr_ppm":989858},"rx":{"frames":6300,"lost_seqgap":11,"reorder_dup":0,"dropped_bad":0,"hb_lost":57,"bcast_frames":3387,"pdr_ppm":998257},"rtt":{"samples":126,"min_us":5549,"max_us":88207,"timeouts":1,"txq_last_us":2723,"txq_max_us":82632,"remote_turnaround_us":850,"remote_turnaround_max_us":2391,"p50_us":[6000,8000],"p99_us":[22000,30000],"hist":[0,0,0,0,39,78,7,0,0,1,0,0,0,1,0,0]}}
1791674249.874 {"t":"link","up_ms":351871,"node":25344,"peer":33120,"mac":"b8:1f:3f:da:81:60","state":"alive","epoch":297,"espnow_ver":2,"mtu":1446,"misses":0,"rssi":-16,"tx":{"frames":1050,"cb_ok":1048,"cb_fail":2,"enqueue_err":0,"pdr_ppm":998095},"rx":{"frames":4906,"lost_seqgap":0,"reorder_dup":0,"dropped_bad":0,"hb_lost":13,"bcast_frames":3486,"pdr_ppm":1000000},"rtt":{"samples":128,"min_us":5922,"max_us":300383,"timeouts":0,"txq_last_us":3143,"txq_max_us":275693,"remote_turnaround_us":912,"remote_turnaround_max_us":1257,"p50_us":[6000,8000],"p99_us":[11000,16000],"hist":[0,0,0,0,11,107,8,1,0,0,0,0,0,0,0,1]}}
1791674249.874 {"t":"link","up_ms":351925,"node":25344,"peer":254,"mac":"02:00:00:00:00:fe","state":"left","epoch":0,"espnow_ver":0,"mtu":226,"misses":0,"rssi":0,"tx":{"frames":1769,"cb_ok":0,"cb_fail":0,"enqueue_err":0,"pdr_ppm":null},"rx":{"frames":3808,"lost_seqgap":0,"reorder_dup":36,"dropped_bad":0,"hb_lost":0,"bcast_frames":0,"pdr_ppm":1000000},"rtt":{"samples":86,"min_us":51924,"max_us":141023,"timeouts":7,"txq_last_us":0,"txq_max_us":0,"remote_turnaround_us":12,"remote_turnaround_max_us":42,"p50_us":[42000,60000],"p99_us":[110000,200000],"hist":[0,0,0,0,0,0,0,0,0,0,0,44,12,20,10,0]}}
1791674249.874 {"t":"auth","node":25344,"up_ms":351968,"enrolled":1,"required":1,"verified_peers":2,"verified":11,"cache_hits":364,"refused":0,"rate_limited":0,"stale_epoch":0,"verify_us_max":86347,"link_stack_free_b":820,"crypto_stack_free_b":1220,"tags_ok":3959,"bad_tag":0,"replayed":0,"untagged":0,"bcast_dropped":0,"beacon_epoch_ignored":0,"tag_us_max":1146}
1791674249.874 {"t":"act","node":25344,"setpoint":0,"has_value":0,"writes_served":0}
1791674249.874 {"t":"peers","node":25344,"own_period_ms":100,"own_busy":0,"channel":1,"scanning":0,"scans":0,"hops":10,"found":0,"lost_to_found_ms":0,"moves_followed":0,"moves_refused":0,"sweeps":1,"sweep_found":0,"sweeping":0,"search_visits":2,"relay":0,"fwd_u":0,"fwd_b":0,"fwd_h":0,"relay_dup":3534,"list":[{"id":29544,"state":"alive","via_relay":0,"period_ms":100,"misses":6,"busy":1,"rtt_n":126},{"id":33120,"state":"alive","via_relay":0,"period_ms":100,"misses":6,"busy":0,"rtt_n":128},{"id":254,"state":"other","via_relay":0,"period_ms":100,"misses":6,"busy":0,"rtt_n":86}]}
1791674250.339 {"t":"ss","node":25344,"accepted":0,"unsigned":0,"unknown_sender":0,"bad_signature":0,"replayed":0,"rate_limited":0,"verify_us_max":0,"floors":[]}
1791674250.339 {"t":"rec","node":25344,"up_ms":352065,"settled":1,"sent":1410,"received":1399,"malformed":0,"views":13,"replies_fenced":0,"actors":[{"key":3267574664,"running":0,"term":0,"owner":29544,"owner_term":4,"assigned":29544,"starts":1,"fenced":0,"released":1},{"key":1182575845,"running":0,"term":0,"owner":29544,"owner_term":4,"assigned":29544,"starts":2,"fenced":0,"released":2}]}
1791674250.339 {"t":"node","up_ms":352105,"node":25344,"epoch":248,"peers_alive":2,"peers_dead":0,"no_radio":0,"free_dram":230847,"largest_block":147456,"rx":{"total":22091,"bad_frame":0,"unknown_peer":3,"wrong_dst":0,"short_payload":0,"unknown_opcode":0,"queue_dropped":2},"tx":{"total":8783,"enqueue_err":0,"done_queue_dropped":0},"membership":{"deaths":3,"revivals":2,"reboots_seen":1,"table_full":0,"events_dropped":2}}
1791674250.339 {"t":"ns","node":25344,"hash":3267574664,"owner":29544,"kind":"sampled","unit":0,"class":3,"bound_ms":5000,"quality":"STALE","age_ms":81977,"ts":90316,"updates":82,"value":52.5}
1791674250.339 {"t":"ns","node":25344,"hash":2410274060,"owner":25344,"kind":"sampled","unit":100,"class":4,"bound_ms":0,"quality":"GOOD","age_ms":440,"ts":351719,"updates":33,"value":248}
1791674250.339 {"t":"ns","node":25344,"hash":1274253983,"owner":25344,"kind":"sampled","unit":0,"class":4,"bound_ms":5000,"quality":"GOOD","age_ms":454,"ts":351719,"updates":33,"value":-37}
1791674250.339 {"t":"ns","node":25344,"hash":3354298913,"owner":25344,"kind":"sampled","unit":100,"class":4,"bound_ms":5000,"quality":"GOOD","age_ms":468,"ts":351719,"updates":33,"value":2}
1791674250.339 {"t":"ns","node":25344,"hash":1771187623,"owner":25344,"kind":"sampled","unit":101,"class":4,"bound_ms":30000,"quality":"GOOD","age_ms":484,"ts":351718,"updates":33,"value":230847}
1791674250.339 {"t":"ns","node":25344,"hash":273573289,"owner":29544,"kind":"sampled","unit":0,"class":3,"bound_ms":5000,"quality":"STALE","age_ms":82058,"ts":90316,"updates":82,"value":1}
1791674250.339 {"t":"ns","node":25344,"hash":2033492666,"owner":25344,"kind":"sampled","unit":0,"class":3,"bound_ms":0,"quality":"NO_DATA","age_ms":0,"ts":0,"updates":0,"value":null}
1791674250.339 {"t":"ns","node":25344,"hash":4103947588,"owner":25344,"kind":"sampled","unit":80,"class":4,"bound_ms":30000,"quality":"GOOD","age_ms":526,"ts":351718,"updates":33,"value":351}
1791674250.339 {"t":"ns","node":25344,"hash":1182575845,"owner":29544,"kind":"sampled","unit":0,"class":3,"bound_ms":10000,"quality":"FAULTY","age_ms":154941,"ts":17475,"updates":82,"value":null}
1791674250.339 {"t":"ns","node":25344,"hash":3213530222,"owner":29544,"kind":"sampled","unit":50,"class":4,"bound_ms":3000,"quality":"STALE","age_ms":81494,"ts":90938,"updates":253,"value":52.5}
1791674250.339 {"t":"ns","node":25344,"hash":1662441583,"owner":25344,"kind":"sampled","unit":101,"class":4,"bound_ms":30000,"quality":"GOOD","age_ms":580,"ts":351718,"updates":33,"value":147456}
1791674250.339 {"t":"ns","node":25344,"hash":452408187,"owner":29544,"kind":"sampled","unit":0,"class":3,"bound_ms":5000,"quality":"STALE","age_ms":82155,"ts":90316,"updates":82,"value":251}
