1791672959.162 {"t":"clk","node":25344,"up_ms":85773}
1791672959.162 {"t":"led","node":25344,"shows":"green","app":0}
1791672959.162 {"t":"event","at_ms":76549,"node":25344,"kind":"peer_admitted","peer":33120,"slot":1,"a":0,"b":0}
1791672959.162 {"t":"event","at_ms":76995,"node":25344,"kind":"peer_admitted","peer":29544,"slot":0,"a":0,"b":0}
1791672959.162 {"t":"event","at_ms":78549,"node":25344,"kind":"peer_admitted","peer":33120,"slot":1,"a":0,"b":0}
1791672959.162 {"t":"event","at_ms":78996,"node":25344,"kind":"peer_admitted","peer":29544,"slot":0,"a":0,"b":0}
1791672959.162 {"t":"event","at_ms":80549,"node":25344,"kind":"peer_admitted","peer":33120,"slot":1,"a":0,"b":0}
1791672959.162 {"t":"event","at_ms":80995,"node":25344,"kind":"peer_admitted","peer":29544,"slot":0,"a":0,"b":0}
1791672959.162 {"t":"event","at_ms":82549,"node":25344,"kind":"peer_admitted","peer":33120,"slot":1,"a":0,"b":0}
1791672959.162 {"t":"event","at_ms":82995,"node":25344,"kind":"peer_admitted","peer":29544,"slot":0,"a":0,"b":0}
1791672959.162 {"t":"event","at_ms":84549,"node":25344,"kind":"peer_admitted","peer":33120,"slot":1,"a":0,"b":0}
1791672959.162 {"t":"event","at_ms":84995,"node":25344,"kind":"peer_admitted","peer":29544,"slot":0,"a":0,"b":0}
1791672959.162 {"t":"link","up_ms":85858,"node":25344,"peer":29544,"mac":"b8:1f:3f:da:73:68","state":"alive","epoch":173,"espnow_ver":2,"mtu":1446,"misses":0,"rssi":-40,"tx":{"frames":286,"cb_ok":286,"cb_fail":0,"enqueue_err":0,"pdr_ppm":1000000},"rx":{"frames":1171,"lost_seqgap":0,"reorder_dup":0,"dropped_bad":0,"hb_lost":3,"bcast_frames":837,"pdr_ppm":1000000},"rtt":{"samples":35,"min_us":5667,"max_us":26694,"timeouts":0,"txq_last_us":22409,"txq_max_us":22409,"remote_turnaround_us":903,"remote_turnaround_max_us":1313,"p50_us":[4000,6000],"p99_us":[22000,30000],"hist":[0,0,0,0,29,3,2,0,0,1,0,0,0,0,0,0]}}
1791672959.162 {"t":"link","up_ms":85912,"node":25344,"peer":33120,"mac":"b8:1f:3f:da:81:60","state":"alive","epoch":295,"espnow_ver":2,"mtu":1446,"misses":0,"rssi":-17,"tx":{"frames":286,"cb_ok":286,"cb_fail":0,"enqueue_err":0,"pdr_ppm":1000000},"rx":{"frames":1170,"lost_seqgap":1,"reorder_dup":0,"dropped_bad":0,"hb_lost":1,"bcast_frames":838,"pdr_ppm":999146},"rtt":{"samples":34,"min_us":5969,"max_us":8189,"timeouts":0,"txq_last_us":0,"txq_max_us":0,"remote_turnaround_us":955,"remote_turnaround_max_us":1104,"p50_us":[6000,8000],"p99_us":[8000,11000],"hist":[0,0,0,0,15,18,1,0,0,0,0,0,0,0,0,0]}}
1791672959.162 {"t":"link","up_ms":85966,"node":25344,"peer":254,"mac":"02:00:00:00:00:fe","state":"left","epoch":0,"espnow_ver":0,"mtu":226,"misses":0,"rssi":0,"tx":{"frames":38,"cb_ok":0,"cb_fail":0,"enqueue_err":0,"pdr_ppm":null},"rx":{"frames":62,"lost_seqgap":0,"reorder_dup":18,"dropped_bad":0,"hb_lost":0,"bcast_frames":0,"pdr_ppm":1000000},"rtt":{"samples":3,"min_us":52047,"max_us":91329,"timeouts":12,"txq_last_us":0,"txq_max_us":0,"remote_turnaround_us":21,"remote_turnaround_max_us":21,"p50_us":[42000,60000],"p99_us":[85000,110000],"hist":[0,0,0,0,0,0,0,0,0,0,0,2,0,1,0,0]}}
1791672959.162 {"t":"auth","node":25344,"up_ms":86019,"enrolled":1,"required":1,"verified_peers":2,"verified":2,"cache_hits":84,"refused":0,"rate_limited":0,"stale_epoch":0,"verify_us_max":79957,"link_stack_free_b":820,"crypto_stack_free_b":1268,"tags_ok":580,"bad_tag":0,"replayed":0,"untagged":0,"bcast_dropped":0,"beacon_epoch_ignored":0,"tag_us_max":1119}
1791672959.162 {"t":"act","node":25344,"setpoint":0,"has_value":0,"writes_served":0}
1791672959.162 {"t":"peers","node":25344,"own_period_ms":100,"own_busy":0,"channel":1,"scanning":0,"scans":0,"hops":0,"found":0,"lost_to_found_ms":0,"moves_followed":0,"moves_refused":0,"sweeps":0,"sweep_found":0,"sweeping":0,"search_visits":0,"relay":0,"fwd_u":0,"fwd_b":0,"fwd_h":0,"relay_dup":877,"list":[{"id":29544,"state":"alive","via_relay":0,"period_ms":100,"misses":6,"busy":1,"rtt_n":35},{"id":33120,"state":"alive","via_relay":0,"period_ms":100,"misses":6,"busy":0,"rtt_n":34},{"id":254,"state":"other","via_relay":0,"period_ms":100,"misses":6,"busy":0,"rtt_n":3}]}
1791672959.162 {"t":"ss","node":25344,"accepted":0,"unsigned":0,"unknown_sender":0,"bad_signature":0,"replayed":0,"rate_limited":0,"verify_us_max":0,"floors":[]}
1791672959.541 {"t":"rec","node":25344,"up_ms":86115,"settled":1,"sent":343,"received":337,"malformed":0,"views":5,"replies_fenced":0,"actors":[{"key":1245650351,"running":1,"term":13,"owner":25344,"owner_term":13,"assigned":25344,"starts":1,"fenced":0,"released":0}]}
1791672959.541 {"t":"node","up_ms":86130,"node":25344,"epoch":246,"peers_alive":2,"peers_dead":0,"no_radio":0,"free_dram":230967,"largest_block":147456,"rx":{"total":4250,"bad_frame":0,"unknown_peer":79,"wrong_dst":0,"short_payload":0,"unknown_opcode":0,"queue_dropped":51},"tx":{"total":1498,"enqueue_err":0,"done_queue_dropped":0},"membership":{"deaths":1,"revivals":1,"reboots_seen":0,"table_full":0,"events_dropped":0}}
1791672959.541 {"t":"ns","node":25344,"hash":2410274060,"owner":25344,"kind":"sampled","unit":100,"class":4,"bound_ms":0,"quality":"GOOD","age_ms":396,"ts":85774,"updates":8,"value":246}
1791672959.541 {"t":"ns","node":25344,"hash":1274253983,"owner":25344,"kind":"sampled","unit":0,"class":4,"bound_ms":5000,"quality":"GOOD","age_ms":409,"ts":85775,"updates":8,"value":-38}
1791672959.541 {"t":"ns","node":25344,"hash":3354298913,"owner":25344,"kind":"sampled","unit":100,"class":4,"bound_ms":5000,"quality":"GOOD","age_ms":423,"ts":85775,"updates":8,"value":2}
1791672959.541 {"t":"ns","node":25344,"hash":1771187623,"owner":25344,"kind":"sampled","unit":101,"class":4,"bound_ms":30000,"quality":"GOOD","age_ms":438,"ts":85774,"updates":8,"value":230967}
1791672959.541 {"t":"ns","node":25344,"hash":1245650351,"owner":25344,"kind":"sampled","unit":0,"class":3,"bound_ms":500,"quality":"GOOD","age_ms":85,"ts":86141,"updates":784,"value":1660945168}
1791672959.541 {"t":"ns","node":25344,"hash":2033492666,"owner":25344,"kind":"sampled","unit":0,"class":3,"bound_ms":0,"quality":"NO_DATA","age_ms":0,"ts":0,"updates":0,"value":null}
1791672959.541 {"t":"ns","node":25344,"hash":4103947588,"owner":25344,"kind":"sampled","unit":80,"class":4,"bound_ms":30000,"quality":"GOOD","age_ms":492,"ts":85774,"updates":8,"value":85}
1791672959.541 {"t":"ns","node":25344,"hash":1662441583,"owner":25344,"kind":"sampled","unit":101,"class":4,"bound_ms":30000,"quality":"GOOD","age_ms":507,"ts":85774,"updates":8,"value":147456}
1791672961.868 W (89774) pot.m0: deploy: refused, image signature check failed (bad_length)
1791672961.868 I (89831) pot.m0: peer 0x00fe left
1791672969.681 {"t":"clk","node":25344,"up_ms":96295}
1791672969.681 {"t":"led","node":25344,"shows":"green","app":0}
1791672969.681 {"t":"event","at_ms":86549,"node":25344,"kind":"peer_admitted","peer":33120,"slot":1,"a":0,"b":0}
1791672969.681 {"t":"event","at_ms":86995,"node":25344,"kind":"peer_admitted","peer":29544,"slot":0,"a":0,"b":0}
1791672969.681 {"t":"event","at_ms":87884,"node":25344,"kind":"peer_alive","peer":254,"slot":2,"a":0,"b":0}
1791672969.681 {"t":"event","at_ms":87884,"node":25344,"kind":"peer_admitted","peer":254,"slot":2,"a":0,"b":0}
1791672969.681 {"t":"event","at_ms":88548,"node":25344,"kind":"peer_admitted","peer":33120,"slot":1,"a":0,"b":0}
1791672969.681 {"t":"event","at_ms":88627,"node":25344,"kind":"peer_left","peer":254,"slot":2,"a":0,"b":0}
1791672969.681 {"t":"event","at_ms":88995,"node":25344,"kind":"peer_admitted","peer":29544,"slot":0,"a":0,"b":0}
1791672969.681 {"t":"event","at_ms":90549,"node":25344,"kind":"peer_admitted","peer":33120,"slot":1,"a":0,"b":0}
1791672969.681 {"t":"event","at_ms":90995,"node":25344,"kind":"peer_admitted","peer":29544,"slot":0,"a":0,"b":0}
1791672969.681 {"t":"event","at_ms":92550,"node":25344,"kind":"peer_admitted","peer":33120,"slot":1,"a":0,"b":0}
1791672969.681 {"t":"event","at_ms":92995,"node":25344,"kind":"peer_admitted","peer":29544,"slot":0,"a":0,"b":0}
1791672969.681 {"t":"event","at_ms":94549,"node":25344,"kind":"peer_admitted","peer":33120,"slot":1,"a":0,"b":0}
1791672969.681 {"t":"event","at_ms":94995,"node":25344,"kind":"peer_admitted","peer":29544,"slot":0,"a":0,"b":0}
1791672969.681 {"t":"link","up_ms":96406,"node":25344,"peer":29544,"mac":"b8:1f:3f:da:73:68","state":"alive","epoch":173,"espnow_ver":2,"mtu":1446,"misses":0,"rssi":-40,"tx":{"frames":322,"cb_ok":322,"cb_fail":0,"enqueue_err":0,"pdr_ppm":1000000},"rx":{"frames":1316,"lost_seqgap":0,"reorder_dup":0,"dropped_bad":0,"hb_lost":5,"bcast_frames":941,"pdr_ppm":1000000},"rtt":{"samples":40,"min_us":5648,"max_us":26694,"timeouts":0,"txq_last_us":22409,"txq_max_us":22409,"remote_turnaround_us":865,"remote_turnaround_max_us":1313,"p50_us":[4000,6000],"p99_us":[22000,30000],"hist":[0,0,0,0,32,4,3,0,0,1,0,0,0,0,0,0]}}
1791672969.681 {"t":"link","up_ms":96460,"node":25344,"peer":33120,"mac":"b8:1f:3f:da:81:60","state":"alive","epoch":295,"espnow_ver":2,"mtu":1446,"misses":0,"rssi":-17,"tx":{"frames":322,"cb_ok":322,"cb_fail":0,"enqueue_err":0,"pdr_ppm":1000000},"rx":{"frames":1318,"lost_seqgap":1,"reorder_dup":0,"dropped_bad":0,"hb_lost":1,"bcast_frames":944,"pdr_ppm":999241},"rtt":{"samples":39,"min_us":5959,"max_us":8189,"timeouts":0,"txq_last_us":0,"txq_max_us":0,"remote_turnaround_us":967,"remote_turnaround_max_us":1104,"p50_us":[6000,8000],"p99_us":[8000,11000],"hist":[0,0,0,0,18,20,1,0,0,0,0,0,0,0,0,0]}}
1791672969.681 {"t":"link","up_ms":96514,"node":25344,"peer":254,"mac":"02:00:00:00:00:fe","state":"left","epoch":0,"espnow_ver":0,"mtu":226,"misses":0,"rssi":0,"tx":{"frames":51,"cb_ok":0,"cb_fail":0,"enqueue_err":0,"pdr_ppm":null},"rx":{"frames":80,"lost_seqgap":0,"reorder_dup":35,"dropped_bad":0,"hb_lost":0,"bcast_frames":0,"pdr_ppm":1000000},"rtt":{"samples":3,"min_us":52047,"max_us":91329,"timeouts":12,"txq_last_us":0,"txq_max_us":0,"remote_turnaround_us":21,"remote_turnaround_max_us":21,"p50_us":[42000,60000],"p99_us":[85000,110000],"hist":[0,0,0,0,0,0,0,0,0,0,0,2,0,1,0,0]}}
1791672969.681 {"t":"auth","node":25344,"up_ms":96557,"enrolled":1,"required":1,"verified_peers":2,"verified":2,"cache_hits":95,"refused":0,"rate_limited":0,"stale_epoch":0,"verify_us_max":79957,"link_stack_free_b":820,"crypto_stack_free_b":1268,"tags_ok":653,"bad_tag":0,"replayed":0,"untagged":0,"bcast_dropped":0,"beacon_epoch_ignored":0,"tag_us_max":1119}
1791672969.681 {"t":"act","node":25344,"setpoint":0,"has_value":0,"writes_served":0}
1791672970.075 {"t":"peers","node":25344,"own_period_ms":100,"own_busy":0,"channel":1,"scanning":0,"scans":0,"hops":0,"found":0,"lost_to_found_ms":0,"moves_followed":0,"moves_refused":0,"sweeps":0,"sweep_found":0,"sweeping":0,"search_visits":0,"relay":0,"fwd_u":0,"fwd_b":0,"fwd_h":0,"relay_dup":988,"list":[{"id":29544,"state":"alive","via_relay":0,"period_ms":100,"misses":6,"busy":1,"rtt_n":40},{"id":33120,"state":"alive","via_relay":0,"period_ms":100,"misses":6,"busy":0,"rtt_n":39},{"id":254,"state":"other","via_relay":0,"period_ms":100,"misses":6,"busy":0,"rtt_n":3}]}
1791672970.075 {"t":"ss","node":25344,"accepted":0,"unsigned":0,"unknown_sender":0,"bad_signature":0,"replayed":0,"rate_limited":0,"verify_us_max":0,"floors":[]}
1791672970.075 {"t":"rec","node":25344,"up_ms":96664,"settled":1,"sent":386,"received":380,"malformed":0,"views":7,"replies_fenced":0,"actors":[{"key":1245650351,"running":1,"term":13,"owner":25344,"owner_term":13,"assigned":25344,"starts":1,"fenced":0,"released":0}]}
1791672970.075 {"t":"node","up_ms":96679,"node":25344,"epoch":246,"peers_alive":2,"peers_dead":0,"no_radio":0,"free_dram":230967,"largest_block":147456,"rx":{"total":4783,"bad_frame":0,"unknown_peer":79,"wrong_dst":0,"short_payload":0,"unknown_opcode":0,"queue_dropped":51},"tx":{"total":1695,"enqueue_err":0,"done_queue_dropped":0},"membership":{"deaths":1,"revivals":1,"reboots_seen":0,"table_full":0,"events_dropped":0}}
1791672970.075 {"t":"ns","node":25344,"hash":2410274060,"owner":25344,"kind":"sampled","unit":100,"class":4,"bound_ms":0,"quality":"GOOD","age_ms":423,"ts":96296,"updates":9,"value":246}
1791672970.075 {"t":"ns","node":25344,"hash":1274253983,"owner":25344,"kind":"sampled","unit":0,"class":4,"bound_ms":5000,"quality":"GOOD","age_ms":436,"ts":96297,"updates":9,"value":-39}
1791672970.075 {"t":"ns","node":25344,"hash":3354298913,"owner":25344,"kind":"sampled","unit":100,"class":4,"bound_ms":5000,"quality":"GOOD","age_ms":450,"ts":96297,"updates":9,"value":2}
1791672970.075 {"t":"ns","node":25344,"hash":1771187623,"owner":25344,"kind":"sampled","unit":101,"class":4,"bound_ms":30000,"quality":"GOOD","age_ms":465,"ts":96296,"updates":9,"value":230967}
1791672970.075 {"t":"ns","node":25344,"hash":1245650351,"owner":25344,"kind":"sampled","unit":0,"class":3,"bound_ms":500,"quality":"GOOD","age_ms":34,"ts":96741,"updates":890,"value":1660945274}
1791672970.075 {"t":"ns","node":25344,"hash":2033492666,"owner":25344,"kind":"sampled","unit":0,"class":3,"bound_ms":0,"quality":"NO_DATA","age_ms":0,"ts":0,"updates":0,"value":null}
1791672970.075 {"t":"ns","node":25344,"hash":4103947588,"owner":25344,"kind":"sampled","unit":80,"class":4,"bound_ms":30000,"quality":"GOOD","age_ms":508,"ts":96296,"updates":9,"value":96}
1791672970.075 {"t":"ns","node":25344,"hash":1662441583,"owner":25344,"kind":"sampled","unit":101,"class":4,"bound_ms":30000,"quality":"GOOD","age_ms":522,"ts":96296,"updates":9,"value":147456}
1791672980.229 {"t":"clk","node":25344,"up_ms":106844}
1791672980.229 {"t":"led","node":25344,"shows":"green","app":0}
1791672980.229 {"t":"event","at_ms":96549,"node":25344,"kind":"peer_admitted","peer":33120,"slot":1,"a":0,"b":0}
1791672980.229 {"t":"event","at_ms":96995,"node":25344,"kind":"peer_admitted","peer":29544,"slot":0,"a":0,"b":0}
1791672980.229 {"t":"event","at_ms":98548,"node":25344,"kind":"peer_admitted","peer":33120,"slot":1,"a":0,"b":0}
1791672980.229 {"t":"event","at_ms":98995,"node":25344,"kind":"peer_admitted","peer":29544,"slot":0,"a":0,"b":0}
1791672980.229 {"t":"event","at_ms":100549,"node":25344,"kind":"peer_admitted","peer":33120,"slot":1,"a":0,"b":0}
1791672980.229 {"t":"event","at_ms":100997,"node":25344,"kind":"peer_admitted","peer":29544,"slot":0,"a":0,"b":0}
1791672980.229 {"t":"event","at_ms":102548,"node":25344,"kind":"peer_admitted","peer":33120,"slot":1,"a":0,"b":0}
1791672980.229 {"t":"event","at_ms":102995,"node":25344,"kind":"peer_admitted","peer":29544,"slot":0,"a":0,"b":0}
1791672980.229 {"t":"event","at_ms":104550,"node":25344,"kind":"peer_admitted","peer":33120,"slot":1,"a":0,"b":0}
1791672980.229 {"t":"event","at_ms":104997,"node":25344,"kind":"peer_admitted","peer":29544,"slot":0,"a":0,"b":0}
1791672980.229 {"t":"event","at_ms":106549,"node":25344,"kind":"peer_admitted","peer":33120,"slot":1,"a":0,"b":0}
1791672980.229 {"t":"link","up_ms":106943,"node":25344,"peer":29544,"mac":"b8:1f:3f:da:73:68","state":"alive","epoch":173,"espnow_ver":2,"mtu":1446,"misses":0,"rssi":-40,"tx":{"frames":359,"cb_ok":359,"cb_fail":0,"enqueue_err":0,"pdr_ppm":1000000},"rx":{"frames":1461,"lost_seqgap":0,"reorder_dup":0,"dropped_bad":0,"hb_lost":7,"bcast_frames":1044,"pdr_ppm":1000000},"rtt":{"samples":45,"min_us":5630,"max_us":26694,"timeouts":0,"txq_last_us":22409,"txq_max_us":22409,"remote_turnaround_us":854,"remote_turnaround_max_us":1313,"p50_us":[4000,6000],"p99_us":[22000,30000],"hist":[0,0,0,0,37,4,3,0,0,1,0,0,0,0,0,0]}}
1791672980.229 {"t":"link","up_ms":106997,"node":25344,"peer":33120,"mac":"b8:1f:3f:da:81:60","state":"alive","epoch":295,"espnow_ver":2,"mtu":1446,"misses":0,"rssi":-17,"tx":{"frames":361,"cb_ok":361,"cb_fail":0,"enqueue_err":0,"pdr_ppm":1000000},"rx":{"frames":1466,"lost_seqgap":1,"reorder_dup":0,"dropped_bad":0,"hb_lost":1,"bcast_frames":1049,"pdr_ppm":999318},"rtt":{"samples":45,"min_us":5948,"max_us":8594,"timeouts":0,"txq_last_us":0,"txq_max_us":0,"remote_turnaround_us":965,"remote_turnaround_max_us":1104,"p50_us":[6000,8000],"p99_us":[8000,11000],"hist":[0,0,0,0,21,21,3,0,0,0,0,0,0,0,0,0]}}
1791672980.229 {"t":"link","up_ms":107041,"node":25344,"peer":254,"mac":"02:00:00:00:00:fe","state":"left","epoch":0,"espnow_ver":0,"mtu":226,"misses":0,"rssi":0,"tx":{"frames":51,"cb_ok":0,"cb_fail":0,"enqueue_err":0,"pdr_ppm":null},"rx":{"frames":80,"lost_seqgap":0,"reorder_dup":35,"dropped_bad":0,"hb_lost":0,"bcast_frames":0,"pdr_ppm":1000000},"rtt":{"samples":3,"min_us":52047,"max_us":91329,"timeouts":12,"txq_last_us":0,"txq_max_us":0,"remote_turnaround_us":21,"remote_turnaround_max_us":21,"p50_us":[42000,60000],"p99_us":[85000,110000],"hist":[0,0,0,0,0,0,0,0,0,0,0,2,0,1,0,0]}}
1791672980.229 {"t":"auth","node":25344,"up_ms":107095,"enrolled":1,"required":1,"verified_peers":2,"verified":2,"cache_hits":106,"refused":0,"rate_limited":0,"stale_epoch":0,"verify_us_max":79957,"link_stack_free_b":820,"crypto_stack_free_b":1268,"tags_ok":727,"bad_tag":0,"replayed":0,"untagged":0,"bcast_dropped":0,"beacon_epoch_ignored":0,"tag_us_max":1119}
1791672980.229 {"t":"act","node":25344,"setpoint":0,"has_value":0,"writes_served":0}
1791672980.229 {"t":"peers","node":25344,"own_period_ms":100,"own_busy":0,"channel":1,"scanning":0,"scans":0,"hops":0,"found":0,"lost_to_found_ms":0,"moves_followed":0,"moves_refused":0,"sweeps":0,"sweep_found":0,"sweeping":0,"search_visits":0,"relay":0,"fwd_u":0,"fwd_b":0,"fwd_h":0,"relay_dup":1099,"list":[{"id":29544,"state":"alive","via_relay":0,"period_ms":100,"misses":6,"busy":1,"rtt_n":45},{"id":33120,"state":"alive","via_relay":0,"period_ms":100,"misses":6,"busy":0,"rtt_n":45},{"id":254,"state":"other","via_relay":0,"period_ms":100,"misses":6,"busy":0,"rtt_n":3}]}
1791672980.229 {"t":"ss","node":25344,"accepted":0,"unsigned":0,"unknown_sender":0,"bad_signature":0,"replayed":0,"rate_limited":0,"verify_us_max":0,"floors":[]}
1791672980.611 {"t":"rec","node":25344,"up_ms":107190,"settled":1,"sent":428,"received":422,"malformed":0,"views":7,"replies_fenced":0,"actors":[{"key":1245650351,"running":1,"term":13,"owner":25344,"owner_term":13,"assigned":25344,"starts":1,"fenced":0,"released":0}]}
1791672980.611 {"t":"node","up_ms":107217,"node":25344,"epoch":246,"peers_alive":2,"peers_dead":0,"no_radio":0,"free_dram":230967,"largest_block":147456,"rx":{"total":5295,"bad_frame":0,"unknown_peer":79,"wrong_dst":0,"short_payload":0,"unknown_opcode":0,"queue_dropped":51},"tx":{"total":1880,"enqueue_err":0,"done_queue_dropped":0},"membership":{"deaths":1,"revivals":1,"reboots_seen":0,"table_full":0,"events_dropped":0}}
1791672980.611 {"t":"ns","node":25344,"hash":2410274060,"owner":25344,"kind":"sampled","unit":100,"class":4,"bound_ms":0,"quality":"GOOD","age_ms":400,"ts":106846,"updates":10,"value":246}
1791672980.611 {"t":"ns","node":25344,"hash":1274253983,"owner":25344,"kind":"sampled","unit":0,"class":4,"bound_ms":5000,"quality":"GOOD","age_ms":425,"ts":106846,"updates":10,"value":-38}
1791672980.611 {"t":"ns","node":25344,"hash":3354298913,"owner":25344,"kind":"sampled","unit":100,"class":4,"bound_ms":5000,"quality":"GOOD","age_ms":439,"ts":106846,"updates":10,"value":2}
1791672980.611 {"t":"ns","node":25344,"hash":1771187623,"owner":25344,"kind":"sampled","unit":101,"class":4,"bound_ms":30000,"quality":"GOOD","age_ms":454,"ts":106845,"updates":10,"value":230967}
1791672980.611 {"t":"ns","node":25344,"hash":1245650351,"owner":25344,"kind":"sampled","unit":0,"class":3,"bound_ms":500,"quality":"GOOD","age_ms":72,"ts":107241,"updates":995,"value":1660945379}
1791672980.611 {"t":"ns","node":25344,"hash":2033492666,"owner":25344,"kind":"sampled","unit":0,"class":3,"bound_ms":0,"quality":"NO_DATA","age_ms":0,"ts":0,"updates":0,"value":null}
1791672980.611 {"t":"ns","node":25344,"hash":4103947588,"owner":25344,"kind":"sampled","unit":80,"class":4,"bound_ms":30000,"quality":"GOOD","age_ms":497,"ts":106845,"updates":10,"value":106}
1791672980.611 {"t":"ns","node":25344,"hash":1662441583,"owner":25344,"kind":"sampled","unit":101,"class":4,"bound_ms":30000,"quality":"GOOD","age_ms":511,"ts":106845,"updates":10,"value":147456}
1791672990.756 {"t":"clk","node":25344,"up_ms":117371}
1791672990.756 {"t":"led","node":25344,"shows":"green","app":0}
1791672990.756 {"t":"event","at_ms":106995,"node":25344,"kind":"peer_admitted","peer":29544,"slot":0,"a":0,"b":0}
1791672990.756 {"t":"event","at_ms":108549,"node":25344,"kind":"peer_admitted","peer":33120,"slot":1,"a":0,"b":0}
1791672990.756 {"t":"event","at_ms":108995,"node":25344,"kind":"peer_admitted","peer":29544,"slot":0,"a":0,"b":0}
1791672990.756 {"t":"event","at_ms":110549,"node":25344,"kind":"peer_admitted","peer":33120,"slot":1,"a":0,"b":0}
1791672990.756 {"t":"event","at_ms":110995,"node":25344,"kind":"peer_admitted","peer":29544,"slot":0,"a":0,"b":0}
1791672990.756 {"t":"event","at_ms":112549,"node":25344,"kind":"peer_admitted","peer":33120,"slot":1,"a":0,"b":0}
1791672990.756 {"t":"event","at_ms":112995,"node":25344,"kind":"peer_admitted","peer":29544,"slot":0,"a":0,"b":0}
1791672990.756 {"t":"event","at_ms":114549,"node":25344,"kind":"peer_admitted","peer":33120,"slot":1,"a":0,"b":0}
1791672990.756 {"t":"event","at_ms":114995,"node":25344,"kind":"peer_admitted","peer":29544,"slot":0,"a":0,"b":0}
1791672990.756 {"t":"event","at_ms":116549,"node":25344,"kind":"peer_admitted","peer":33120,"slot":1,"a":0,"b":0}
1791672990.756 {"t":"event","at_ms":116995,"node":25344,"kind":"peer_admitted","peer":29544,"slot":0,"a":0,"b":0}
1791672990.756 {"t":"link","up_ms":117469,"node":25344,"peer":29544,"mac":"b8:1f:3f:da:73:68","state":"alive","epoch":173,"espnow_ver":2,"mtu":1446,"misses":0,"rssi":-38,"tx":{"frames":396,"cb_ok":396,"cb_fail":0,"enqueue_err":0,"pdr_ppm":1000000},"rx":{"frames":1608,"lost_seqgap":0,"reorder_dup":0,"dropped_bad":0,"hb_lost":7,"bcast_frames":1149,"pdr_ppm":1000000},"rtt":{"samples":50,"min_us":5630,"max_us":26694,"timeouts":0,"txq_last_us":22409,"txq_max_us":22409,"remote_turnaround_us":884,"remote_turnaround_max_us":1313,"p50_us":[4000,6000],"p99_us":[22000,30000],"hist":[0,0,0,0,41,5,3,0,0,1,0,0,0,0,0,0]}}
1791672990.756 {"t":"link","up_ms":117523,"node":25344,"peer":33120,"mac":"b8:1f:3f:da:81:60","state":"alive","epoch":295,"espnow_ver":2,"mtu":1446,"misses":0,"rssi":-16,"tx":{"frames":397,"cb_ok":396,"cb_fail":0,"enqueue_err":0,"pdr_ppm":1000000},"rx":{"frames":1611,"lost_seqgap":1,"reorder_dup":0,"dropped_bad":0,"hb_lost":2,"bcast_frames":1153,"pdr_ppm":999379},"rtt":{"samples":50,"min_us":5945,"max_us":8594,"timeouts":0,"txq_last_us":0,"txq_max_us":0,"remote_turnaround_us":970,"remote_turnaround_max_us":1104,"p50_us":[6000,8000],"p99_us":[8000,11000],"hist":[0,0,0,0,24,23,3,0,0,0,0,0,0,0,0,0]}}
1791672990.756 {"t":"link","up_ms":117577,"node":25344,"peer":254,"mac":"02:00:00:00:00:fe","state":"left","epoch":0,"espnow_ver":0,"mtu":226,"misses":0,"rssi":0,"tx":{"frames":51,"cb_ok":0,"cb_fail":0,"enqueue_err":0,"pdr_ppm":null},"rx":{"frames":80,"lost_seqgap":0,"reorder_dup":35,"dropped_bad":0,"hb_lost":0,"bcast_frames":0,"pdr_ppm":1000000},"rtt":{"samples":3,"min_us":52047,"max_us":91329,"timeouts":12,"txq_last_us":0,"txq_max_us":0,"remote_turnaround_us":21,"remote_turnaround_max_us":21,"p50_us":[42000,60000],"p99_us":[85000,110000],"hist":[0,0,0,0,0,0,0,0,0,0,0,2,0,1,0,0]}}
1791672990.756 {"t":"auth","node":25344,"up_ms":117620,"enrolled":1,"required":1,"verified_peers":2,"verified":2,"cache_hits":116,"refused":0,"rate_limited":0,"stale_epoch":0,"verify_us_max":79957,"link_stack_free_b":820,"crypto_stack_free_b":1268,"tags_ok":800,"bad_tag":0,"replayed":0,"untagged":0,"bcast_dropped":0,"beacon_epoch_ignored":0,"tag_us_max":1119}
1791672990.756 {"t":"act","node":25344,"setpoint":0,"has_value":0,"writes_served":0}
1791672990.756 {"t":"peers","node":25344,"own_period_ms":100,"own_busy":0,"channel":1,"scanning":0,"scans":0,"hops":0,"found":0,"lost_to_found_ms":0,"moves_followed":0,"moves_refused":0,"sweeps":0,"sweep_found":0,"sweeping":0,"search_visits":0,"relay":0,"fwd_u":0,"fwd_b":0,"fwd_h":0,"relay_dup":1209,"list":[{"id":29544,"state":"alive","via_relay":0,"period_ms":100,"misses":6,"busy":1,"rtt_n":50},{"id":33120,"state":"alive","via_relay":0,"period_ms":100,"misses":6,"busy":0,"rtt_n":50},{"id":254,"state":"other","via_relay":0,"period_ms":100,"misses":6,"busy":0,"rtt_n":3}]}
1791672990.756 {"t":"ss","node":25344,"accepted":0,"unsigned":0,"unknown_sender":0,"bad_signature":0,"replayed":0,"rate_limited":0,"verify_us_max":0,"floors":[]}
1791672991.145 {"t":"rec","node":25344,"up_ms":117715,"settled":1,"sent":470,"received":464,"malformed":0,"views":7,"replies_fenced":0,"actors":[{"key":1245650351,"running":1,"term":13,"owner":25344,"owner_term":13,"assigned":25344,"starts":1,"fenced":0,"released":0}]}
1791672991.145 {"t":"node","up_ms":117742,"node":25344,"epoch":246,"peers_alive":2,"peers_dead":0,"no_radio":0,"free_dram":230967,"largest_block":147456,"rx":{"total":5808,"bad_frame":0,"unknown_peer":79,"wrong_dst":0,"short_payload":0,"unknown_opcode":0,"queue_dropped":51},"tx":{"total":2063,"enqueue_err":0,"done_queue_dropped":0},"membership":{"deaths":1,"revivals":1,"reboots_seen":0,"table_full":0,"events_dropped":0}}
1791672991.145 {"t":"ns","node":25344,"hash":2410274060,"owner":25344,"kind":"sampled","unit":100,"class":4,"bound_ms":0,"quality":"GOOD","age_ms":411,"ts":117372,"updates":11,"value":246}
1791672991.145 {"t":"ns","node":25344,"hash":1274253983,"owner":25344,"kind":"sampled","unit":0,"class":4,"bound_ms":5000,"quality":"GOOD","age_ms":424,"ts":117373,"updates":11,"value":-38}
1791672991.145 {"t":"ns","node":25344,"hash":3354298913,"owner":25344,"kind":"sampled","unit":100,"class":4,"bound_ms":5000,"quality":"GOOD","age_ms":439,"ts":117373,"updates":11,"value":2}
1791672991.145 {"t":"ns","node":25344,"hash":1771187623,"owner":25344,"kind":"sampled","unit":101,"class":4,"bound_ms":30000,"quality":"GOOD","age_ms":454,"ts":117372,"updates":11,"value":230967}
1791672991.145 {"t":"ns","node":25344,"hash":1245650351,"owner":25344,"kind":"sampled","unit":0,"class":3,"bound_ms":500,"quality":"GOOD","age_ms":0,"ts":117841,"updates":1101,"value":1660945485}
1791672991.145 {"t":"ns","node":25344,"hash":2033492666,"owner":25344,"kind":"sampled","unit":0,"class":3,"bound_ms":0,"quality":"NO_DATA","age_ms":0,"ts":0,"updates":0,"value":null}
1791672991.145 {"t":"ns","node":25344,"hash":4103947588,"owner":25344,"kind":"sampled","unit":80,"class":4,"bound_ms":30000,"quality":"GOOD","age_ms":498,"ts":117372,"updates":11,"value":117}
1791672991.145 {"t":"ns","node":25344,"hash":1662441583,"owner":25344,"kind":"sampled","unit":101,"class":4,"bound_ms":30000,"quality":"GOOD","age_ms":512,"ts":117372,"updates":11,"value":147456}
1791673001.288 {"t":"clk","node":25344,"up_ms":127899}
1791673001.288 {"t":"led","node":25344,"shows":"green","app":0}
1791673001.288 {"t":"event","at_ms":118549,"node":25344,"kind":"peer_admitted","peer":33120,"slot":1,"a":0,"b":0}
1791673001.288 {"t":"event","at_ms":118995,"node":25344,"kind":"peer_admitted","peer":29544,"slot":0,"a":0,"b":0}
1791673001.288 {"t":"event","at_ms":120549,"node":25344,"kind":"peer_admitted","peer":33120,"slot":1,"a":0,"b":0}
1791673001.288 {"t":"event","at_ms":120995,"node":25344,"kind":"peer_admitted","peer":29544,"slot":0,"a":0,"b":0}
1791673001.288 {"t":"event","at_ms":122548,"node":25344,"kind":"peer_admitted","peer":33120,"slot":1,"a":0,"b":0}
1791673001.288 {"t":"event","at_ms":122995,"node":25344,"kind":"peer_admitted","peer":29544,"slot":0,"a":0,"b":0}
1791673001.288 {"t":"event","at_ms":124551,"node":25344,"kind":"peer_admitted","peer":33120,"slot":1,"a":0,"b":0}
1791673001.288 {"t":"event","at_ms":124996,"node":25344,"kind":"peer_admitted","peer":29544,"slot":0,"a":0,"b":0}
1791673001.288 {"t":"event","at_ms":126549,"node":25344,"kind":"peer_admitted","peer":33120,"slot":1,"a":0,"b":0}
1791673001.288 {"t":"event","at_ms":126995,"node":25344,"kind":"peer_admitted","peer":29544,"slot":0,"a":0,"b":0}
1791673001.288 {"t":"link","up_ms":127985,"node":25344,"peer":29544,"mac":"b8:1f:3f:da:73:68","state":"alive","epoch":173,"espnow_ver":2,"mtu":1446,"misses":0,"rssi":-39,"tx":{"frames":433,"cb_ok":433,"cb_fail":0,"enqueue_err":0,"pdr_ppm":1000000},"rx":{"frames":1757,"lost_seqgap":0,"reorder_dup":0,"dropped_bad":0,"hb_lost":7,"bcast_frames":1255,"pdr_ppm":1000000},"rtt":{"samples":56,"min_us":5630,"max_us":26694,"timeouts":0,"txq_last_us":22409,"txq_max_us":22409,"remote_turnaround_us":842,"remote_turnaround_max_us":1313,"p50_us":[4000,6000],"p99_us":[22000,30000],"hist":[0,0,0,0,44,8,3,0,0,1,0,0,0,0,0,0]}}
1791673001.288 {"t":"link","up_ms":128038,"node":25344,"peer":33120,"mac":"b8:1f:3f:da:81:60","state":"alive","epoch":295,"espnow_ver":2,"mtu":1446,"misses":0,"rssi":-17,"tx":{"frames":433,"cb_ok":433,"cb_fail":0,"enqueue_err":0,"pdr_ppm":1000000},"rx":{"frames":1759,"lost_seqgap":1,"reorder_dup":0,"dropped_bad":0,"hb_lost":2,"bcast_frames":1259,"pdr_ppm":999431},"rtt":{"samples":55,"min_us":5945,"max_us":8594,"timeouts":0,"txq_last_us":0,"txq_max_us":0,"remote_turnaround_us":967,"remote_turnaround_max_us":1104,"p50_us":[6000,8000],"p99_us":[8000,11000],"hist":[0,0,0,0,26,26,3,0,0,0,0,0,0,0,0,0]}}
1791673001.288 {"t":"link","up_ms":128092,"node":25344,"peer":254,"mac":"02:00:00:00:00:fe","state":"left","epoch":0,"espnow_ver":0,"mtu":226,"misses":0,"rssi":0,"tx":{"frames":51,"cb_ok":0,"cb_fail":0,"enqueue_err":0,"pdr_ppm":null},"rx":{"frames":80,"lost_seqgap":0,"reorder_dup":35,"dropped_bad":0,"hb_lost":0,"bcast_frames":0,"pdr_ppm":1000000},"rtt":{"samples":3,"min_us":52047,"max_us":91329,"timeouts":12,"txq_last_us":0,"txq_max_us":0,"remote_turnaround_us":21,"remote_turnaround_max_us":21,"p50_us":[42000,60000],"p99_us":[85000,110000],"hist":[0,0,0,0,0,0,0,0,0,0,0,2,0,1,0,0]}}
1791673001.288 {"t":"auth","node":25344,"up_ms":128146,"enrolled":1,"required":1,"verified_peers":2,"verified":2,"cache_hits":126,"refused":0,"rate_limited":0,"stale_epoch":0,"verify_us_max":79957,"link_stack_free_b":820,"crypto_stack_free_b":1268,"tags_ok":875,"bad_tag":0,"replayed":0,"untagged":0,"bcast_dropped":0,"beacon_epoch_ignored":0,"tag_us_max":1119}
1791673001.288 {"t":"act","node":25344,"setpoint":0,"has_value":0,"writes_served":0}
1791673001.288 {"t":"peers","node":25344,"own_period_ms":100,"own_busy":0,"channel":1,"scanning":0,"scans":0,"hops":0,"found":0,"lost_to_found_ms":0,"moves_followed":0,"moves_refused":0,"sweeps":0,"sweep_found":0,"sweeping":0,"search_visits":0,"relay":0,"fwd_u":0,"fwd_b":0,"fwd_h":0,"relay_dup":1318,"list":[{"id":29544,"state":"alive","via_relay":0,"period_ms":100,"misses":6,"busy":1,"rtt_n":56},{"id":33120,"state":"alive","via_relay":0,"period_ms":100,"misses":6,"busy":0,"rtt_n":55},{"id":254,"state":"other","via_relay":0,"period_ms":100,"misses":6,"busy":0,"rtt_n":3}]}
1791673001.288 {"t":"ss","node":25344,"accepted":0,"unsigned":0,"unknown_sender":0,"bad_signature":0,"replayed":0,"rate_limited":0,"verify_us_max":0,"floors":[]}
1791673001.669 {"t":"rec","node":25344,"up_ms":128242,"settled":1,"sent":512,"received":507,"malformed":0,"views":7,"replies_fenced":0,"actors":[{"key":1245650351,"running":1,"term":13,"owner":25344,"owner_term":13,"assigned":25344,"starts":1,"fenced":0,"released":0}]}
1791673001.669 {"t":"node","up_ms":128258,"node":25344,"epoch":246,"peers_alive":2,"peers_dead":0,"no_radio":0,"free_dram":230967,"largest_block":147456,"rx":{"total":6323,"bad_frame":0,"unknown_peer":79,"wrong_dst":0,"short_payload":0,"unknown_opcode":0,"queue_dropped":51},"tx":{"total":2247,"enqueue_err":0,"done_queue_dropped":0},"membership":{"deaths":1,"revivals":1,"reboots_seen":0,"table_full":0,"events_dropped":0}}
1791673001.669 {"t":"ns","node":25344,"hash":2410274060,"owner":25344,"kind":"sampled","unit":100,"class":4,"bound_ms":0,"quality":"GOOD","age_ms":398,"ts":127900,"updates":12,"value":246}
1791673001.669 {"t":"ns","node":25344,"hash":1274253983,"owner":25344,"kind":"sampled","unit":0,"class":4,"bound_ms":5000,"quality":"GOOD","age_ms":411,"ts":127901,"updates":12,"value":-40}
1791673001.669 {"t":"ns","node":25344,"hash":3354298913,"owner":25344,"kind":"sampled","unit":100,"class":4,"bound_ms":5000,"quality":"GOOD","age_ms":425,"ts":127901,"updates":12,"value":2}
1791673001.669 {"t":"ns","node":25344,"hash":1771187623,"owner":25344,"kind":"sampled","unit":101,"class":4,"bound_ms":30000,"quality":"GOOD","age_ms":440,"ts":127900,"updates":12,"value":230967}
1791673001.669 {"t":"ns","node":25344,"hash":1245650351,"owner":25344,"kind":"sampled","unit":0,"class":3,"bound_ms":500,"quality":"GOOD","age_ms":14,"ts":128341,"updates":1206,"value":1660945590}
1791673001.669 {"t":"ns","node":25344,"hash":2033492666,"owner":25344,"kind":"sampled","unit":0,"class":3,"bound_ms":0,"quality":"NO_DATA","age_ms":0,"ts":0,"updates":0,"value":null}
1791673001.669 {"t":"ns","node":25344,"hash":4103947588,"owner":25344,"kind":"sampled","unit":80,"class":4,"bound_ms":30000,"quality":"GOOD","age_ms":494,"ts":127900,"updates":12,"value":127}
1791673001.669 {"t":"ns","node":25344,"hash":1662441583,"owner":25344,"kind":"sampled","unit":101,"class":4,"bound_ms":30000,"quality":"GOOD","age_ms":508,"ts":127900,"updates":12,"value":147456}
1791673011.807 {"t":"clk","node":25344,"up_ms":138423}
1791673011.807 {"t":"led","node":25344,"shows":"green","app":0}
1791673011.807 {"t":"event","at_ms":128549,"node":25344,"kind":"peer_admitted","peer":33120,"slot":1,"a":0,"b":0}
1791673011.807 {"t":"event","at_ms":128995,"node":25344,"kind":"peer_admitted","peer":29544,"slot":0,"a":0,"b":0}
1791673011.807 {"t":"event","at_ms":130549,"node":25344,"kind":"peer_admitted","peer":33120,"slot":1,"a":0,"b":0}
1791673011.807 {"t":"event","at_ms":130995,"node":25344,"kind":"peer_admitted","peer":29544,"slot":0,"a":0,"b":0}
1791673011.807 {"t":"event","at_ms":132548,"node":25344,"kind":"peer_admitted","peer":33120,"slot":1,"a":0,"b":0}
1791673011.807 {"t":"event","at_ms":132995,"node":25344,"kind":"peer_admitted","peer":29544,"slot":0,"a":0,"b":0}
1791673011.807 {"t":"event","at_ms":134550,"node":25344,"kind":"peer_admitted","peer":33120,"slot":1,"a":0,"b":0}
1791673011.807 {"t":"event","at_ms":134995,"node":25344,"kind":"peer_admitted","peer":29544,"slot":0,"a":0,"b":0}
1791673011.807 {"t":"event","at_ms":136549,"node":25344,"kind":"peer_admitted","peer":33120,"slot":1,"a":0,"b":0}
1791673011.807 {"t":"event","at_ms":136995,"node":25344,"kind":"peer_admitted","peer":29544,"slot":0,"a":0,"b":0}
1791673011.807 {"t":"link","up_ms":138508,"node":25344,"peer":29544,"mac":"b8:1f:3f:da:73:68","state":"alive","epoch":173,"espnow_ver":2,"mtu":1446,"misses":0,"rssi":-39,"tx":{"frames":469,"cb_ok":469,"cb_fail":0,"enqueue_err":0,"pdr_ppm":1000000},"rx":{"frames":1902,"lost_seqgap":0,"reorder_dup":0,"dropped_bad":0,"hb_lost":8,"bcast_frames":1359,"pdr_ppm":1000000},"rtt":{"samples":61,"min_us":5630,"max_us":26694,"timeouts":0,"txq_last_us":22409,"txq_max_us":22409,"remote_turnaround_us":865,"remote_turnaround_max_us":1313,"p50_us":[4000,6000],"p99_us":[22000,30000],"hist":[0,0,0,0,48,8,3,0,1,1,0,0,0,0,0,0]}}
1791673011.807 {"t":"link","up_ms":138562,"node":25344,"peer":33120,"mac":"b8:1f:3f:da:81:60","state":"alive","epoch":295,"espnow_ver":2,"mtu":1446,"misses":0,"rssi":-17,"tx":{"frames":471,"cb_ok":471,"cb_fail":0,"enqueue_err":0,"pdr_ppm":1000000},"rx":{"frames":1907,"lost_seqgap":1,"reorder_dup":0,"dropped_bad":0,"hb_lost":2,"bcast_frames":1364,"pdr_ppm":999475},"rtt":{"samples":60,"min_us":5945,"max_us":8594,"timeouts":0,"txq_last_us":0,"txq_max_us":0,"remote_turnaround_us":969,"remote_turnaround_max_us":1104,"p50_us":[6000,8000],"p99_us":[8000,11000],"hist":[0,0,0,0,26,31,3,0,0,0,0,0,0,0,0,0]}}
1791673011.807 {"t":"link","up_ms":138616,"node":25344,"peer":254,"mac":"02:00:00:00:00:fe","state":"left","epoch":0,"espnow_ver":0,"mtu":226,"misses":0,"rssi":0,"tx":{"frames":51,"cb_ok":0,"cb_fail":0,"enqueue_err":0,"pdr_ppm":null},"rx":{"frames":80,"lost_seqgap":0,"reorder_dup":35,"dropped_bad":0,"hb_lost":0,"bcast_frames":0,"pdr_ppm":1000000},"rtt":{"samples":3,"min_us":52047,"max_us":91329,"timeouts":12,"txq_last_us":0,"txq_max_us":0,"remote_turnaround_us":21,"remote_turnaround_max_us":21,"p50_us":[42000,60000],"p99_us":[85000,110000],"hist":[0,0,0,0,0,0,0,0,0,0,0,2,0,1,0,0]}}
1791673011.807 {"t":"auth","node":25344,"up_ms":138670,"enrolled":1,"required":1,"verified_peers":2,"verified":2,"cache_hits":137,"refused":0,"rate_limited":0,"stale_epoch":0,"verify_us_max":79957,"link_stack_free_b":820,"crypto_stack_free_b":1268,"tags_ok":948,"bad_tag":0,"replayed":0,"untagged":0,"bcast_dropped":0,"beacon_epoch_ignored":0,"tag_us_max":1119}
1791673011.807 {"t":"act","node":25344,"setpoint":0,"has_value":0,"writes_served":0}
1791673011.807 {"t":"peers","node":25344,"own_period_ms":100,"own_busy":0,"channel":1,"scanning":0,"scans":0,"hops":0,"found":0,"lost_to_found_ms":0,"moves_followed":0,"moves_refused":0,"sweeps":0,"sweep_found":0,"sweeping":0,"search_visits":0,"relay":0,"fwd_u":0,"fwd_b":0,"fwd_h":0,"relay_dup":1427,"list":[{"id":29544,"state":"alive","via_relay":0,"period_ms":100,"misses":6,"busy":1,"rtt_n":61},{"id":33120,"state":"alive","via_relay":0,"period_ms":100,"misses":6,"busy":0,"rtt_n":60},{"id":254,"state":"other","via_relay":0,"period_ms":100,"misses":6,"busy":0,"rtt_n":3}]}
1791673011.807 {"t":"ss","node":25344,"accepted":0,"unsigned":0,"unknown_sender":0,"bad_signature":0,"replayed":0,"rate_limited":0,"verify_us_max":0,"floors":[]}
1791673012.194 {"t":"rec","node":25344,"up_ms":138766,"settled":1,"sent":555,"received":548,"malformed":0,"views":7,"replies_fenced":0,"actors":[{"key":1245650351,"running":1,"term":13,"owner":25344,"owner_term":13,"assigned":25344,"starts":1,"fenced":0,"released":0}]}
1791673012.195 {"t":"node","up_ms":138782,"node":25344,"epoch":246,"peers_alive":2,"peers_dead":0,"no_radio":0,"free_dram":230967,"largest_block":147456,"rx":{"total":6837,"bad_frame":0,"unknown_peer":79,"wrong_dst":0,"short_payload":0,"unknown_opcode":0,"queue_dropped":51},"tx":{"total":2433,"enqueue_err":0,"done_queue_dropped":0},"membership":{"deaths":1,"revivals":1,"reboots_seen":0,"table_full":0,"events_dropped":0}}
1791673012.195 {"t":"ns","node":25344,"hash":2410274060,"owner":25344,"kind":"sampled","unit":100,"class":4,"bound_ms":0,"quality":"GOOD","age_ms":398,"ts":138424,"updates":13,"value":246}
1791673012.195 {"t":"ns","node":25344,"hash":1274253983,"owner":25344,"kind":"sampled","unit":0,"class":4,"bound_ms":5000,"quality":"GOOD","age_ms":411,"ts":138425,"updates":13,"value":-39}
1791673012.195 {"t":"ns","node":25344,"hash":3354298913,"owner":25344,"kind":"sampled","unit":100,"class":4,"bound_ms":5000,"quality":"GOOD","age_ms":425,"ts":138425,"updates":13,"value":2}
1791673012.195 {"t":"ns","node":25344,"hash":1771187623,"owner":25344,"kind":"sampled","unit":101,"class":4,"bound_ms":30000,"quality":"GOOD","age_ms":440,"ts":138424,"updates":13,"value":230967}
1791673012.195 {"t":"ns","node":25344,"hash":1245650351,"owner":25344,"kind":"sampled","unit":0,"class":3,"bound_ms":500,"quality":"GOOD","age_ms":37,"ts":138841,"updates":1311,"value":1660945695}
1791673012.195 {"t":"ns","node":25344,"hash":2033492666,"owner":25344,"kind":"sampled","unit":0,"class":3,"bound_ms":0,"quality":"NO_DATA","age_ms":0,"ts":0,"updates":0,"value":null}
1791673012.195 {"t":"ns","node":25344,"hash":4103947588,"owner":25344,"kind":"sampled","unit":80,"class":4,"bound_ms":30000,"quality":"GOOD","age_ms":494,"ts":138424,"updates":13,"value":138}
1791673012.195 {"t":"ns","node":25344,"hash":1662441583,"owner":25344,"kind":"sampled","unit":101,"class":4,"bound_ms":30000,"quality":"GOOD","age_ms":508,"ts":138424,"updates":13,"value":147456}
1791673022.331 {"t":"clk","node":25344,"up_ms":148947}
1791673022.331 {"t":"led","node":25344,"shows":"green","app":0}
1791673022.331 {"t":"event","at_ms":138548,"node":25344,"kind":"peer_admitted","peer":33120,"slot":1,"a":0,"b":0}
1791673022.331 {"t":"event","at_ms":138995,"node":25344,"kind":"peer_admitted","peer":29544,"slot":0,"a":0,"b":0}
1791673022.331 {"t":"event","at_ms":140548,"node":25344,"kind":"peer_admitted","peer":33120,"slot":1,"a":0,"b":0}
1791673022.331 {"t":"event","at_ms":140995,"node":25344,"kind":"peer_admitted","peer":29544,"slot":0,"a":0,"b":0}
1791673022.331 {"t":"event","at_ms":142548,"node":25344,"kind":"peer_admitted","peer":33120,"slot":1,"a":0,"b":0}
1791673022.331 {"t":"event","at_ms":142995,"node":25344,"kind":"peer_admitted","peer":29544,"slot":0,"a":0,"b":0}
1791673022.331 {"t":"event","at_ms":144548,"node":25344,"kind":"peer_admitted","peer":33120,"slot":1,"a":0,"b":0}
1791673022.331 {"t":"event","at_ms":144995,"node":25344,"kind":"peer_admitted","peer":29544,"slot":0,"a":0,"b":0}
1791673022.331 {"t":"event","at_ms":146549,"node":25344,"kind":"peer_admitted","peer":33120,"slot":1,"a":0,"b":0}
1791673022.331 {"t":"event","at_ms":146995,"node":25344,"kind":"peer_admitted","peer":29544,"slot":0,"a":0,"b":0}
1791673022.331 {"t":"event","at_ms":148549,"node":25344,"kind":"peer_admitted","peer":33120,"slot":1,"a":0,"b":0}
1791673022.331 {"t":"event","at_ms":148995,"node":25344,"kind":"peer_admitted","peer":29544,"slot":0,"a":0,"b":0}
1791673022.331 {"t":"link","up_ms":149057,"node":25344,"peer":29544,"mac":"b8:1f:3f:da:73:68","state":"alive","epoch":173,"espnow_ver":2,"mtu":1446,"misses":0,"rssi":-39,"tx":{"frames":507,"cb_ok":507,"cb_fail":0,"enqueue_err":0,"pdr_ppm":1000000},"rx":{"frames":2049,"lost_seqgap":0,"reorder_dup":0,"dropped_bad":0,"hb_lost":9,"bcast_frames":1463,"pdr_ppm":1000000},"rtt":{"samples":66,"min_us":5527,"max_us":27645,"timeouts":0,"txq_last_us":23700,"txq_max_us":23700,"remote_turnaround_us":904,"remote_turnaround_max_us":1313,"p50_us":[4000,6000],"p99_us":[22000,30000],"hist":[0,0,0,0,51,9,3,0,1,2,0,0,0,0,0,0]}}
1791673022.331 {"t":"link","up_ms":149100,"node":25344,"peer":33120,"mac":"b8:1f:3f:da:81:60","state":"alive","epoch":295,"espnow_ver":2,"mtu":1446,"misses":0,"rssi":-17,"tx":{"frames":508,"cb_ok":508,"cb_fail":0,"enqueue_err":0,"pdr_ppm":1000000},"rx":{"frames":2054,"lost_seqgap":1,"reorder_dup":0,"dropped_bad":0,"hb_lost":2,"bcast_frames":1469,"pdr_ppm":999513},"rtt":{"samples":66,"min_us":5857,"max_us":8594,"timeouts":0,"txq_last_us":0,"txq_max_us":0,"remote_turnaround_us":961,"remote_turnaround_max_us":1104,"p50_us":[6000,8000],"p99_us":[8000,11000],"hist":[0,0,0,0,31,32,3,0,0,0,0,0,0,0,0,0]}}
1791673022.331 {"t":"link","up_ms":149154,"node":25344,"peer":254,"mac":"02:00:00:00:00:fe","state":"left","epoch":0,"espnow_ver":0,"mtu":226,"misses":0,"rssi":0,"tx":{"frames":51,"cb_ok":0,"cb_fail":0,"enqueue_err":0,"pdr_ppm":null},"rx":{"frames":80,"lost_seqgap":0,"reorder_dup":35,"dropped_bad":0,"hb_lost":0,"bcast_frames":0,"pdr_ppm":1000000},"rtt":{"samples":3,"min_us":52047,"max_us":91329,"timeouts":12,"txq_last_us":0,"txq_max_us":0,"remote_turnaround_us":21,"remote_turnaround_max_us":21,"p50_us":[42000,60000],"p99_us":[85000,110000],"hist":[0,0,0,0,0,0,0,0,0,0,0,2,0,1,0,0]}}
1791673022.331 {"t":"auth","node":25344,"up_ms":149208,"enrolled":1,"required":1,"verified_peers":2,"verified":2,"cache_hits":148,"refused":0,"rate_limited":0,"stale_epoch":0,"verify_us_max":79957,"link_stack_free_b":820,"crypto_stack_free_b":1268,"tags_ok":1022,"bad_tag":0,"replayed":0,"untagged":0,"bcast_dropped":0,"beacon_epoch_ignored":0,"tag_us_max":1119}
1791673022.331 {"t":"act","node":25344,"setpoint":0,"has_value":0,"writes_served":0}
1791673022.331 {"t":"peers","node":25344,"own_period_ms":100,"own_busy":0,"channel":1,"scanning":0,"scans":0,"hops":0,"found":0,"lost_to_found_ms":0,"moves_followed":0,"moves_refused":0,"sweeps":0,"sweep_found":0,"sweeping":0,"search_visits":0,"relay":0,"fwd_u":0,"fwd_b":0,"fwd_h":0,"relay_dup":1538,"list":[{"id":29544,"state":"alive","via_relay":0,"period_ms":100,"misses":6,"busy":1,"rtt_n":66},{"id":33120,"state":"alive","via_relay":0,"period_ms":100,"misses":6,"busy":0,"rtt_n":66},{"id":254,"state":"other","via_relay":0,"period_ms":100,"misses":6,"busy":0,"rtt_n":3}]}
1791673022.727 {"t":"ss","node":25344,"accepted":0,"unsigned":0,"unknown_sender":0,"bad_signature":0,"replayed":0,"rate_limited":0,"verify_us_max":0,"floors":[]}
1791673022.727 {"t":"rec","node":25344,"up_ms":149304,"settled":1,"sent":597,"received":591,"malformed":0,"views":7,"replies_fenced":0,"actors":[{"key":1245650351,"running":1,"term":13,"owner":25344,"owner_term":13,"assigned":25344,"starts":1,"fenced":0,"released":0}]}
1791673022.727 {"t":"node","up_ms":149330,"node":25344,"epoch":246,"peers_alive":2,"peers_dead":0,"no_radio":0,"free_dram":230967,"largest_block":147456,"rx":{"total":7353,"bad_frame":0,"unknown_peer":79,"wrong_dst":0,"short_payload":0,"unknown_opcode":0,"queue_dropped":51},"tx":{"total":2617,"enqueue_err":0,"done_queue_dropped":0},"membership":{"deaths":1,"revivals":1,"reboots_seen":0,"table_full":0,"events_dropped":0}}
1791673022.727 {"t":"ns","node":25344,"hash":2410274060,"owner":25344,"kind":"sampled","unit":100,"class":4,"bound_ms":0,"quality":"GOOD","age_ms":411,"ts":148948,"updates":14,"value":246}
1791673022.727 {"t":"ns","node":25344,"hash":1274253983,"owner":25344,"kind":"sampled","unit":0,"class":4,"bound_ms":5000,"quality":"GOOD","age_ms":424,"ts":148949,"updates":14,"value":-39}
1791673022.727 {"t":"ns","node":25344,"hash":3354298913,"owner":25344,"kind":"sampled","unit":100,"class":4,"bound_ms":5000,"quality":"GOOD","age_ms":449,"ts":148949,"updates":14,"value":2}
1791673022.727 {"t":"ns","node":25344,"hash":1771187623,"owner":25344,"kind":"sampled","unit":101,"class":4,"bound_ms":30000,"quality":"GOOD","age_ms":464,"ts":148948,"updates":14,"value":230967}
1791673022.727 {"t":"ns","node":25344,"hash":1245650351,"owner":25344,"kind":"sampled","unit":0,"class":3,"bound_ms":500,"quality":"GOOD","age_ms":85,"ts":149341,"updates":1416,"value":1660945800}
1791673022.727 {"t":"ns","node":25344,"hash":2033492666,"owner":25344,"kind":"sampled","unit":0,"class":3,"bound_ms":0,"quality":"NO_DATA","age_ms":0,"ts":0,"updates":0,"value":null}
1791673022.727 {"t":"ns","node":25344,"hash":4103947588,"owner":25344,"kind":"sampled","unit":80,"class":4,"bound_ms":30000,"quality":"GOOD","age_ms":508,"ts":148948,"updates":14,"value":148}
1791673022.727 {"t":"ns","node":25344,"hash":1662441583,"owner":25344,"kind":"sampled","unit":101,"class":4,"bound_ms":30000,"quality":"GOOD","age_ms":522,"ts":148948,"updates":14,"value":147456}
1791673032.869 {"t":"clk","node":25344,"up_ms":159485}
1791673032.869 {"t":"led","node":25344,"shows":"green","app":0}
1791673032.869 {"t":"event","at_ms":150549,"node":25344,"kind":"peer_admitted","peer":33120,"slot":1,"a":0,"b":0}
1791673032.869 {"t":"event","at_ms":150995,"node":25344,"kind":"peer_admitted","peer":29544,"slot":0,"a":0,"b":0}
1791673032.869 {"t":"event","at_ms":152548,"node":25344,"kind":"peer_admitted","peer":33120,"slot":1,"a":0,"b":0}
1791673032.869 {"t":"event","at_ms":152995,"node":25344,"kind":"peer_admitted","peer":29544,"slot":0,"a":0,"b":0}
1791673032.869 {"t":"event","at_ms":154549,"node":25344,"kind":"peer_admitted","peer":33120,"slot":1,"a":0,"b":0}
1791673032.869 {"t":"event","at_ms":154995,"node":25344,"kind":"peer_admitted","peer":29544,"slot":0,"a":0,"b":0}
1791673032.869 {"t":"event","at_ms":156551,"node":25344,"kind":"peer_admitted","peer":33120,"slot":1,"a":0,"b":0}
1791673032.869 {"t":"event","at_ms":156995,"node":25344,"kind":"peer_admitted","peer":29544,"slot":0,"a":0,"b":0}
1791673032.869 {"t":"event","at_ms":158551,"node":25344,"kind":"peer_admitted","peer":33120,"slot":1,"a":0,"b":0}
1791673032.869 {"t":"event","at_ms":158995,"node":25344,"kind":"peer_admitted","peer":29544,"slot":0,"a":0,"b":0}
1791673032.869 {"t":"link","up_ms":159571,"node":25344,"peer":29544,"mac":"b8:1f:3f:da:73:68","state":"alive","epoch":173,"espnow_ver":2,"mtu":1446,"misses":0,"rssi":-39,"tx":{"frames":543,"cb_ok":543,"cb_fail":0,"enqueue_err":0,"pdr_ppm":1000000},"rx":{"frames":2196,"lost_seqgap":0,"reorder_dup":0,"dropped_bad":0,"hb_lost":9,"bcast_frames":1569,"pdr_ppm":1000000},"rtt":{"samples":71,"min_us":5527,"max_us":27645,"timeouts":0,"txq_last_us":23700,"txq_max_us":23700,"remote_turnaround_us":879,"remote_turnaround_max_us":1313,"p50_us":[4000,6000],"p99_us":[22000,30000],"hist":[0,0,0,0,54,9,5,0,1,2,0,0,0,0,0,0]}}
1791673032.869 {"t":"link","up_ms":159625,"node":25344,"peer":33120,"mac":"b8:1f:3f:da:81:60","state":"alive","epoch":295,"espnow_ver":2,"mtu":1446,"misses":0,"rssi":-16,"tx":{"frames":544,"cb_ok":544,"cb_fail":0,"enqueue_err":0,"pdr_ppm":1000000},"rx":{"frames":2201,"lost_seqgap":1,"reorder_dup":0,"dropped_bad":0,"hb_lost":2,"bcast_frames":1574,"pdr_ppm":999545},"rtt":{"samples":71,"min_us":5827,"max_us":8594,"timeouts":0,"txq_last_us":0,"txq_max_us":0,"remote_turnaround_us":955,"remote_turnaround_max_us":1104,"p50_us":[6000,8000],"p99_us":[8000,11000],"hist":[0,0,0,0,33,35,3,0,0,0,0,0,0,0,0,0]}}
1791673032.869 {"t":"link","up_ms":159679,"node":25344,"peer":254,"mac":"02:00:00:00:00:fe","state":"left","epoch":0,"espnow_ver":0,"mtu":226,"misses":0,"rssi":0,"tx":{"frames":51,"cb_ok":0,"cb_fail":0,"enqueue_err":0,"pdr_ppm":null},"rx":{"frames":80,"lost_seqgap":0,"reorder_dup":35,"dropped_bad":0,"hb_lost":0,"bcast_frames":0,"pdr_ppm":1000000},"rtt":{"samples":3,"min_us":52047,"max_us":91329,"timeouts":12,"txq_last_us":0,"txq_max_us":0,"remote_turnaround_us":21,"remote_turnaround_max_us":21,"p50_us":[42000,60000],"p99_us":[85000,110000],"hist":[0,0,0,0,0,0,0,0,0,0,0,2,0,1,0,0]}}
1791673032.869 {"t":"auth","node":25344,"up_ms":159732,"enrolled":1,"required":1,"verified_peers":2,"verified":2,"cache_hits":158,"refused":0,"rate_limited":0,"stale_epoch":0,"verify_us_max":79957,"link_stack_free_b":820,"crypto_stack_free_b":1268,"tags_ok":1094,"bad_tag":0,"replayed":0,"untagged":0,"bcast_dropped":0,"beacon_epoch_ignored":0,"tag_us_max":1119}
1791673032.869 {"t":"act","node":25344,"setpoint":0,"has_value":0,"writes_served":0}
1791673032.869 {"t":"peers","node":25344,"own_period_ms":100,"own_busy":0,"channel":1,"scanning":0,"scans":0,"hops":0,"found":0,"lost_to_found_ms":0,"moves_followed":0,"moves_refused":0,"sweeps":0,"sweep_found":0,"sweeping":0,"search_visits":0,"relay":0,"fwd_u":0,"fwd_b":0,"fwd_h":0,"relay_dup":1647,"list":[{"id":29544,"state":"alive","via_relay":0,"period_ms":100,"misses":6,"busy":1,"rtt_n":72},{"id":33120,"state":"alive","via_relay":0,"period_ms":100,"misses":6,"busy":0,"rtt_n":71},{"id":254,"state":"other","via_relay":0,"period_ms":100,"misses":6,"busy":0,"rtt_n":3}]}
1791673032.869 {"t":"ss","node":25344,"accepted":0,"unsigned":0,"unknown_sender":0,"bad_signature":0,"replayed":0,"rate_limited":0,"verify_us_max":0,"floors":[]}
1791673033.252 {"t":"rec","node":25344,"up_ms":159829,"settled":1,"sent":639,"received":633,"malformed":0,"views":7,"replies_fenced":0,"actors":[{"key":1245650351,"running":1,"term":13,"owner":25344,"owner_term":13,"assigned":25344,"starts":1,"fenced":0,"released":0}]}
1791673033.252 {"t":"node","up_ms":159844,"node":25344,"epoch":246,"peers_alive":2,"peers_dead":0,"no_radio":0,"free_dram":230967,"largest_block":147456,"rx":{"total":7869,"bad_frame":0,"unknown_peer":79,"wrong_dst":0,"short_payload":0,"unknown_opcode":0,"queue_dropped":51},"tx":{"total":2802,"enqueue_err":0,"done_queue_dropped":0},"membership":{"deaths":1,"revivals":1,"reboots_seen":0,"table_full":0,"events_dropped":0}}
1791673033.252 {"t":"ns","node":25344,"hash":2410274060,"owner":25344,"kind":"sampled","unit":100,"class":4,"bound_ms":0,"quality":"GOOD","age_ms":398,"ts":159486,"updates":15,"value":246}
1791673033.252 {"t":"ns","node":25344,"hash":1274253983,"owner":25344,"kind":"sampled","unit":0,"class":4,"bound_ms":5000,"quality":"GOOD","age_ms":411,"ts":159487,"updates":15,"value":-39}
1791673033.252 {"t":"ns","node":25344,"hash":3354298913,"owner":25344,"kind":"sampled","unit":100,"class":4,"bound_ms":5000,"quality":"GOOD","age_ms":425,"ts":159487,"updates":15,"value":2}
1791673033.252 {"t":"ns","node":25344,"hash":1771187623,"owner":25344,"kind":"sampled","unit":101,"class":4,"bound_ms":30000,"quality":"GOOD","age_ms":440,"ts":159486,"updates":15,"value":230967}
1791673033.252 {"t":"ns","node":25344,"hash":1245650351,"owner":25344,"kind":"sampled","unit":0,"class":3,"bound_ms":500,"quality":"GOOD","age_ms":0,"ts":159941,"updates":1522,"value":1660945906}
1791673033.252 {"t":"ns","node":25344,"hash":2033492666,"owner":25344,"kind":"sampled","unit":0,"class":3,"bound_ms":0,"quality":"NO_DATA","age_ms":0,"ts":0,"updates":0,"value":null}
1791673033.252 {"t":"ns","node":25344,"hash":4103947588,"owner":25344,"kind":"sampled","unit":80,"class":4,"bound_ms":30000,"quality":"GOOD","age_ms":495,"ts":159486,"updates":15,"value":159}
1791673033.252 {"t":"ns","node":25344,"hash":1662441583,"owner":25344,"kind":"sampled","unit":101,"class":4,"bound_ms":30000,"quality":"GOOD","age_ms":509,"ts":159486,"updates":15,"value":147456}
1791673043.393 {"t":"clk","node":25344,"up_ms":170010}
1791673043.393 {"t":"led","node":25344,"shows":"green","app":0}
1791673043.393 {"t":"event","at_ms":160549,"node":25344,"kind":"peer_admitted","peer":33120,"slot":1,"a":0,"b":0}
1791673043.393 {"t":"event","at_ms":160995,"node":25344,"kind":"peer_admitted","peer":29544,"slot":0,"a":0,"b":0}
1791673043.393 {"t":"event","at_ms":162548,"node":25344,"kind":"peer_admitted","peer":33120,"slot":1,"a":0,"b":0}
1791673043.393 {"t":"event","at_ms":162995,"node":25344,"kind":"peer_admitted","peer":29544,"slot":0,"a":0,"b":0}
1791673043.393 {"t":"event","at_ms":164549,"node":25344,"kind":"peer_admitted","peer":33120,"slot":1,"a":0,"b":0}
1791673043.393 {"t":"event","at_ms":164995,"node":25344,"kind":"peer_admitted","peer":29544,"slot":0,"a":0,"b":0}
1791673043.393 {"t":"event","at_ms":166548,"node":25344,"kind":"peer_admitted","peer":33120,"slot":1,"a":0,"b":0}
1791673043.393 {"t":"event","at_ms":166996,"node":25344,"kind":"peer_admitted","peer":29544,"slot":0,"a":0,"b":0}
1791673043.393 {"t":"event","at_ms":168549,"node":25344,"kind":"peer_admitted","peer":33120,"slot":1,"a":0,"b":0}
1791673043.393 {"t":"event","at_ms":168995,"node":25344,"kind":"peer_admitted","peer":29544,"slot":0,"a":0,"b":0}
1791673043.393 {"t":"link","up_ms":170095,"node":25344,"peer":29544,"mac":"b8:1f:3f:da:73:68","state":"alive","epoch":173,"espnow_ver":2,"mtu":1446,"misses":0,"rssi":-39,"tx":{"frames":580,"cb_ok":580,"cb_fail":0,"enqueue_err":0,"pdr_ppm":1000000},"rx":{"frames":2344,"lost_seqgap":0,"reorder_dup":0,"dropped_bad":0,"hb_lost":9,"bcast_frames":1674,"pdr_ppm":1000000},"rtt":{"samples":77,"min_us":5392,"max_us":27645,"timeouts":0,"txq_last_us":1155,"txq_max_us":23700,"remote_turnaround_us":739,"remote_turnaround_max_us":1313,"p50_us":[4000,6000],"p99_us":[22000,30000],"hist":[0,0,0,0,59,10,5,0,1,2,0,0,0,0,0,0]}}
1791673043.393 {"t":"link","up_ms":170149,"node":25344,"peer":33120,"mac":"b8:1f:3f:da:81:60","state":"alive","epoch":295,"espnow_ver":2,"mtu":1446,"misses":0,"rssi":-17,"tx":{"frames":580,"cb_ok":580,"cb_fail":0,"enqueue_err":0,"pdr_ppm":1000000},"rx":{"frames":2348,"lost_seqgap":1,"reorder_dup":0,"dropped_bad":0,"hb_lost":3,"bcast_frames":1679,"pdr_ppm":999574},"rtt":{"samples":76,"min_us":5827,"max_us":8594,"timeouts":0,"txq_last_us":0,"txq_max_us":0,"remote_turnaround_us":950,"remote_turnaround_max_us":1104,"p50_us":[6000,8000],"p99_us":[8000,11000],"hist":[0,0,0,0,33,40,3,0,0,0,0,0,0,0,0,0]}}
1791673043.393 {"t":"link","up_ms":170203,"node":25344,"peer":254,"mac":"02:00:00:00:00:fe","state":"left","epoch":0,"espnow_ver":0,"mtu":226,"misses":0,"rssi":0,"tx":{"frames":51,"cb_ok":0,"cb_fail":0,"enqueue_err":0,"pdr_ppm":null},"rx":{"frames":80,"lost_seqgap":0,"reorder_dup":35,"dropped_bad":0,"hb_lost":0,"bcast_frames":0,"pdr_ppm":1000000},"rtt":{"samples":3,"min_us":52047,"max_us":91329,"timeouts":12,"txq_last_us":0,"txq_max_us":0,"remote_turnaround_us":21,"remote_turnaround_max_us":21,"p50_us":[42000,60000],"p99_us":[85000,110000],"hist":[0,0,0,0,0,0,0,0,0,0,0,2,0,1,0,0]}}
1791673043.393 {"t":"auth","node":25344,"up_ms":170257,"enrolled":1,"required":1,"verified_peers":2,"verified":2,"cache_hits":168,"refused":0,"rate_limited":0,"stale_epoch":0,"verify_us_max":79957,"link_stack_free_b":820,"crypto_stack_free_b":1268,"tags_ok":1169,"bad_tag":0,"replayed":0,"untagged":0,"bcast_dropped":0,"beacon_epoch_ignored":0,"tag_us_max":1119}
1791673043.393 {"t":"act","node":25344,"setpoint":0,"has_value":0,"writes_served":0}
1791673043.393 {"t":"peers","node":25344,"own_period_ms":100,"own_busy":0,"channel":1,"scanning":0,"scans":0,"hops":0,"found":0,"lost_to_found_ms":0,"moves_followed":0,"moves_refused":0,"sweeps":0,"sweep_found":0,"sweeping":0,"search_visits":0,"relay":0,"fwd_u":0,"fwd_b":0,"fwd_h":0,"relay_dup":1757,"list":[{"id":29544,"state":"alive","via_relay":0,"period_ms":100,"misses":6,"busy":1,"rtt_n":77},{"id":33120,"state":"alive","via_relay":0,"period_ms":100,"misses":6,"busy":0,"rtt_n":76},{"id":254,"state":"other","via_relay":0,"period_ms":100,"misses":6,"busy":0,"rtt_n":3}]}
1791673043.393 {"t":"ss","node":25344,"accepted":0,"unsigned":0,"unknown_sender":0,"bad_signature":0,"replayed":0,"rate_limited":0,"verify_us_max":0,"floors":[]}
1791673043.776 {"t":"rec","node":25344,"up_ms":170353,"settled":1,"sent":681,"received":675,"malformed":0,"views":7,"replies_fenced":0,"actors":[{"key":1245650351,"running":1,"term":13,"owner":25344,"owner_term":13,"assigned":25344,"starts":1,"fenced":0,"released":0}]}
1791673043.776 {"t":"node","up_ms":170368,"node":25344,"epoch":246,"peers_alive":2,"peers_dead":0,"no_radio":0,"free_dram":230967,"largest_block":147456,"rx":{"total":8380,"bad_frame":0,"unknown_peer":79,"wrong_dst":0,"short_payload":0,"unknown_opcode":0,"queue_dropped":51},"tx":{"total":2984,"enqueue_err":0,"done_queue_dropped":0},"membership":{"deaths":1,"revivals":1,"reboots_seen":0,"table_full":0,"events_dropped":0}}
1791673043.776 {"t":"ns","node":25344,"hash":2410274060,"owner":25344,"kind":"sampled","unit":100,"class":4,"bound_ms":0,"quality":"GOOD","age_ms":397,"ts":170011,"updates":16,"value":246}
1791673043.776 {"t":"ns","node":25344,"hash":1274253983,"owner":25344,"kind":"sampled","unit":0,"class":4,"bound_ms":5000,"quality":"GOOD","age_ms":410,"ts":170012,"updates":16,"value":-37}
1791673043.776 {"t":"ns","node":25344,"hash":3354298913,"owner":25344,"kind":"sampled","unit":100,"class":4,"bound_ms":5000,"quality":"GOOD","age_ms":424,"ts":170012,"updates":16,"value":2}
1791673043.776 {"t":"ns","node":25344,"hash":1771187623,"owner":25344,"kind":"sampled","unit":101,"class":4,"bound_ms":30000,"quality":"GOOD","age_ms":439,"ts":170011,"updates":16,"value":230967}
1791673043.776 {"t":"ns","node":25344,"hash":1245650351,"owner":25344,"kind":"sampled","unit":0,"class":3,"bound_ms":500,"quality":"GOOD","age_ms":34,"ts":170441,"updates":1627,"value":1660946011}
1791673043.776 {"t":"ns","node":25344,"hash":2033492666,"owner":25344,"kind":"sampled","unit":0,"class":3,"bound_ms":0,"quality":"NO_DATA","age_ms":0,"ts":0,"updates":0,"value":null}
1791673043.776 {"t":"ns","node":25344,"hash":4103947588,"owner":25344,"kind":"sampled","unit":80,"class":4,"bound_ms":30000,"quality":"GOOD","age_ms":492,"ts":170011,"updates":16,"value":170}
1791673043.776 {"t":"ns","node":25344,"hash":1662441583,"owner":25344,"kind":"sampled","unit":101,"class":4,"bound_ms":30000,"quality":"GOOD","age_ms":506,"ts":170011,"updates":16,"value":147456}
1791673053.917 {"t":"clk","node":25344,"up_ms":180532}
1791673053.917 {"t":"led","node":25344,"shows":"green","app":0}
1791673053.917 {"t":"event","at_ms":170548,"node":25344,"kind":"peer_admitted","peer":33120,"slot":1,"a":0,"b":0}
1791673053.917 {"t":"event","at_ms":170995,"node":25344,"kind":"peer_admitted","peer":29544,"slot":0,"a":0,"b":0}
1791673053.917 {"t":"event","at_ms":172551,"node":25344,"kind":"peer_admitted","peer":33120,"slot":1,"a":0,"b":0}
1791673053.917 {"t":"event","at_ms":172996,"node":25344,"kind":"peer_admitted","peer":29544,"slot":0,"a":0,"b":0}
1791673053.917 {"t":"event","at_ms":174548,"node":25344,"kind":"peer_admitted","peer":33120,"slot":1,"a":0,"b":0}
1791673053.917 {"t":"event","at_ms":174995,"node":25344,"kind":"peer_admitted","peer":29544,"slot":0,"a":0,"b":0}
1791673053.917 {"t":"event","at_ms":176568,"node":25344,"kind":"peer_admitted","peer":33120,"slot":1,"a":0,"b":0}
1791673053.917 {"t":"event","at_ms":176995,"node":25344,"kind":"peer_admitted","peer":29544,"slot":0,"a":0,"b":0}
1791673053.917 {"t":"event","at_ms":178548,"node":25344,"kind":"peer_admitted","peer":33120,"slot":1,"a":0,"b":0}
1791673053.917 {"t":"event","at_ms":178995,"node":25344,"kind":"peer_admitted","peer":29544,"slot":0,"a":0,"b":0}
1791673053.917 {"t":"event","at_ms":180549,"node":25344,"kind":"peer_admitted","peer":33120,"slot":1,"a":0,"b":0}
1791673053.917 {"t":"link","up_ms":180631,"node":25344,"peer":29544,"mac":"b8:1f:3f:da:73:68","state":"alive","epoch":173,"espnow_ver":2,"mtu":1446,"misses":0,"rssi":-35,"tx":{"frames":616,"cb_ok":616,"cb_fail":0,"enqueue_err":0,"pdr_ppm":1000000},"rx":{"frames":2489,"lost_seqgap":0,"reorder_dup":0,"dropped_bad":0,"hb_lost":10,"bcast_frames":1778,"pdr_ppm":1000000},"rtt":{"samples":82,"min_us":5364,"max_us":27645,"timeouts":0,"txq_last_us":1126,"txq_max_us":23700,"remote_turnaround_us":734,"remote_turnaround_max_us":1313,"p50_us":[4000,6000],"p99_us":[22000,30000],"hist":[0,0,0,0,62,12,5,0,1,2,0,0,0,0,0,0]}}
1791673053.917 {"t":"link","up_ms":180685,"node":25344,"peer":33120,"mac":"b8:1f:3f:da:81:60","state":"alive","epoch":295,"espnow_ver":2,"mtu":1446,"misses":0,"rssi":-17,"tx":{"frames":618,"cb_ok":618,"cb_fail":0,"enqueue_err":0,"pdr_ppm":1000000},"rx":{"frames":2495,"lost_seqgap":1,"reorder_dup":0,"dropped_bad":0,"hb_lost":4,"bcast_frames":1783,"pdr_ppm":999599},"rtt":{"samples":81,"min_us":5827,"max_us":8594,"timeouts":0,"txq_last_us":0,"txq_max_us":0,"remote_turnaround_us":960,"remote_turnaround_max_us":1104,"p50_us":[6000,8000],"p99_us":[8000,11000],"hist":[0,0,0,0,34,43,4,0,0,0,0,0,0,0,0,0]}}
1791673053.917 {"t":"link","up_ms":180738,"node":25344,"peer":254,"mac":"02:00:00:00:00:fe","state":"left","epoch":0,"espnow_ver":0,"mtu":226,"misses":0,"rssi":0,"tx":{"frames":51,"cb_ok":0,"cb_fail":0,"enqueue_err":0,"pdr_ppm":null},"rx":{"frames":80,"lost_seqgap":0,"reorder_dup":35,"dropped_bad":0,"hb_lost":0,"bcast_frames":0,"pdr_ppm":1000000},"rtt":{"samples":3,"min_us":52047,"max_us":91329,"timeouts":12,"txq_last_us":0,"txq_max_us":0,"remote_turnaround_us":21,"remote_turnaround_max_us":21,"p50_us":[42000,60000],"p99_us":[85000,110000],"hist":[0,0,0,0,0,0,0,0,0,0,0,2,0,1,0,0]}}
1791673053.917 {"t":"auth","node":25344,"up_ms":180782,"enrolled":1,"required":1,"verified_peers":2,"verified":2,"cache_hits":179,"refused":0,"rate_limited":0,"stale_epoch":0,"verify_us_max":79957,"link_stack_free_b":820,"crypto_stack_free_b":1268,"tags_ok":1242,"bad_tag":0,"replayed":0,"untagged":0,"bcast_dropped":0,"beacon_epoch_ignored":0,"tag_us_max":1119}
1791673053.917 {"t":"act","node":25344,"setpoint":0,"has_value":0,"writes_served":0}
1791673053.917 {"t":"peers","node":25344,"own_period_ms":100,"own_busy":0,"channel":1,"scanning":0,"scans":0,"hops":0,"found":0,"lost_to_found_ms":0,"moves_followed":0,"moves_refused":0,"sweeps":0,"sweep_found":0,"sweeping":0,"search_visits":0,"relay":0,"fwd_u":0,"fwd_b":0,"fwd_h":0,"relay_dup":1868,"list":[{"id":29544,"state":"alive","via_relay":0,"period_ms":100,"misses":6,"busy":1,"rtt_n":82},{"id":33120,"state":"alive","via_relay":0,"period_ms":100,"misses":6,"busy":0,"rtt_n":82},{"id":254,"state":"other","via_relay":0,"period_ms":100,"misses":6,"busy":0,"rtt_n":3}]}
1791673053.917 {"t":"ss","node":25344,"accepted":0,"unsigned":0,"unknown_sender":0,"bad_signature":0,"replayed":0,"rate_limited":0,"verify_us_max":0,"floors":[]}
1791673054.307 {"t":"rec","node":25344,"up_ms":180878,"settled":1,"sent":723,"received":717,"malformed":0,"views":7,"replies_fenced":0,"actors":[{"key":1245650351,"running":1,"term":13,"owner":25344,"owner_term":13,"assigned":25344,"starts":1,"fenced":0,"released":0}]}
1791673054.307 {"t":"node","up_ms":180904,"node":25344,"epoch":246,"peers_alive":2,"peers_dead":0,"no_radio":0,"free_dram":230967,"largest_block":147456,"rx":{"total":8896,"bad_frame":0,"unknown_peer":79,"wrong_dst":0,"short_payload":0,"unknown_opcode":0,"queue_dropped":51},"tx":{"total":3170,"enqueue_err":0,"done_queue_dropped":0},"membership":{"deaths":1,"revivals":1,"reboots_seen":0,"table_full":0,"events_dropped":0}}
1791673054.307 {"t":"ns","node":25344,"hash":2410274060,"owner":25344,"kind":"sampled","unit":100,"class":4,"bound_ms":0,"quality":"GOOD","age_ms":411,"ts":180533,"updates":17,"value":246}
1791673054.307 {"t":"ns","node":25344,"hash":1274253983,"owner":25344,"kind":"sampled","unit":0,"class":4,"bound_ms":5000,"quality":"GOOD","age_ms":424,"ts":180534,"updates":17,"value":-36}
1791673054.307 {"t":"ns","node":25344,"hash":3354298913,"owner":25344,"kind":"sampled","unit":100,"class":4,"bound_ms":5000,"quality":"GOOD","age_ms":438,"ts":180534,"updates":17,"value":2}
1791673054.307 {"t":"ns","node":25344,"hash":1771187623,"owner":25344,"kind":"sampled","unit":101,"class":4,"bound_ms":30000,"quality":"GOOD","age_ms":453,"ts":180533,"updates":17,"value":230967}
1791673054.307 {"t":"ns","node":25344,"hash":1245650351,"owner":25344,"kind":"sampled","unit":0,"class":3,"bound_ms":500,"quality":"GOOD","age_ms":59,"ts":180941,"updates":1732,"value":1660946116}
1791673054.307 {"t":"ns","node":25344,"hash":2033492666,"owner":25344,"kind":"sampled","unit":0,"class":3,"bound_ms":0,"quality":"NO_DATA","age_ms":0,"ts":0,"updates":0,"value":null}
1791673054.307 {"t":"ns","node":25344,"hash":4103947588,"owner":25344,"kind":"sampled","unit":80,"class":4,"bound_ms":30000,"quality":"GOOD","age_ms":496,"ts":180533,"updates":17,"value":180}
1791673054.307 {"t":"ns","node":25344,"hash":1662441583,"owner":25344,"kind":"sampled","unit":101,"class":4,"bound_ms":30000,"quality":"GOOD","age_ms":511,"ts":180533,"updates":17,"value":147456}
1791673064.442 {"t":"clk","node":25344,"up_ms":191059}
1791673064.442 {"t":"led","node":25344,"shows":"green","app":0}
1791673064.442 {"t":"event","at_ms":180995,"node":25344,"kind":"peer_admitted","peer":29544,"slot":0,"a":0,"b":0}
1791673064.442 {"t":"event","at_ms":182549,"node":25344,"kind":"peer_admitted","peer":33120,"slot":1,"a":0,"b":0}
1791673064.442 {"t":"event","at_ms":182995,"node":25344,"kind":"peer_admitted","peer":29544,"slot":0,"a":0,"b":0}
1791673064.442 {"t":"event","at_ms":184548,"node":25344,"kind":"peer_admitted","peer":33120,"slot":1,"a":0,"b":0}
1791673064.442 {"t":"event","at_ms":184995,"node":25344,"kind":"peer_admitted","peer":29544,"slot":0,"a":0,"b":0}
1791673064.442 {"t":"event","at_ms":186548,"node":25344,"kind":"peer_admitted","peer":33120,"slot":1,"a":0,"b":0}
1791673064.442 {"t":"event","at_ms":186995,"node":25344,"kind":"peer_admitted","peer":29544,"slot":0,"a":0,"b":0}
1791673064.442 {"t":"event","at_ms":188548,"node":25344,"kind":"peer_admitted","peer":33120,"slot":1,"a":0,"b":0}
1791673064.442 {"t":"event","at_ms":188995,"node":25344,"kind":"peer_admitted","peer":29544,"slot":0,"a":0,"b":0}
1791673064.442 {"t":"event","at_ms":190549,"node":25344,"kind":"peer_admitted","peer":33120,"slot":1,"a":0,"b":0}
1791673064.442 {"t":"event","at_ms":190995,"node":25344,"kind":"peer_admitted","peer":29544,"slot":0,"a":0,"b":0}
1791673064.442 {"t":"link","up_ms":191157,"node":25344,"peer":29544,"mac":"b8:1f:3f:da:73:68","state":"alive","epoch":173,"espnow_ver":2,"mtu":1446,"misses":0,"rssi":-35,"tx":{"frames":654,"cb_ok":654,"cb_fail":0,"enqueue_err":0,"pdr_ppm":1000000},"rx":{"frames":2636,"lost_seqgap":0,"reorder_dup":0,"dropped_bad":0,"hb_lost":11,"bcast_frames":1882,"pdr_ppm":1000000},"rtt":{"samples":87,"min_us":5364,"max_us":27645,"timeouts":0,"txq_last_us":603,"txq_max_us":23700,"remote_turnaround_us":762,"remote_turnaround_max_us":1313,"p50_us":[4000,6000],"p99_us":[22000,30000],"hist":[0,0,0,0,65,14,5,0,1,2,0,0,0,0,0,0]}}
1791673064.442 {"t":"link","up_ms":191211,"node":25344,"peer":33120,"mac":"b8:1f:3f:da:81:60","state":"alive","epoch":295,"espnow_ver":2,"mtu":1446,"misses":0,"rssi":-17,"tx":{"frames":655,"cb_ok":655,"cb_fail":0,"enqueue_err":0,"pdr_ppm":1000000},"rx":{"frames":2642,"lost_seqgap":1,"reorder_dup":0,"dropped_bad":0,"hb_lost":4,"bcast_frames":1888,"pdr_ppm":999621},"rtt":{"samples":87,"min_us":5766,"max_us":8594,"timeouts":0,"txq_last_us":0,"txq_max_us":0,"remote_turnaround_us":977,"remote_turnaround_max_us":1104,"p50_us":[6000,8000],"p99_us":[8000,11000],"hist":[0,0,0,0,38,45,4,0,0,0,0,0,0,0,0,0]}}
1791673064.442 {"t":"link","up_ms":191264,"node":25344,"peer":254,"mac":"02:00:00:00:00:fe","state":"left","epoch":0,"espnow_ver":0,"mtu":226,"misses":0,"rssi":0,"tx":{"frames":51,"cb_ok":0,"cb_fail":0,"enqueue_err":0,"pdr_ppm":null},"rx":{"frames":80,"lost_seqgap":0,"reorder_dup":35,"dropped_bad":0,"hb_lost":0,"bcast_frames":0,"pdr_ppm":1000000},"rtt":{"samples":3,"min_us":52047,"max_us":91329,"timeouts":12,"txq_last_us":0,"txq_max_us":0,"remote_turnaround_us":21,"remote_turnaround_max_us":21,"p50_us":[42000,60000],"p99_us":[85000,110000],"hist":[0,0,0,0,0,0,0,0,0,0,0,2,0,1,0,0]}}
1791673064.442 {"t":"auth","node":25344,"up_ms":191307,"enrolled":1,"required":1,"verified_peers":2,"verified":2,"cache_hits":190,"refused":0,"rate_limited":0,"stale_epoch":0,"verify_us_max":79957,"link_stack_free_b":820,"crypto_stack_free_b":1268,"tags_ok":1316,"bad_tag":0,"replayed":0,"untagged":0,"bcast_dropped":0,"beacon_epoch_ignored":0,"tag_us_max":1119}
1791673064.442 {"t":"act","node":25344,"setpoint":0,"has_value":0,"writes_served":0}
1791673064.442 {"t":"peers","node":25344,"own_period_ms":100,"own_busy":0,"channel":1,"scanning":0,"scans":0,"hops":0,"found":0,"lost_to_found_ms":0,"moves_followed":0,"moves_refused":0,"sweeps":0,"sweep_found":0,"sweeping":0,"search_visits":0,"relay":0,"fwd_u":0,"fwd_b":0,"fwd_h":0,"relay_dup":1979,"list":[{"id":29544,"state":"alive","via_relay":0,"period_ms":100,"misses":6,"busy":1,"rtt_n":87},{"id":33120,"state":"alive","via_relay":0,"period_ms":100,"misses":6,"busy":0,"rtt_n":87},{"id":254,"state":"other","via_relay":0,"period_ms":100,"misses":6,"busy":0,"rtt_n":3}]}
1791673064.442 {"t":"ss","node":25344,"accepted":0,"unsigned":0,"unknown_sender":0,"bad_signature":0,"replayed":0,"rate_limited":0,"verify_us_max":0,"floors":[]}
1791673064.824 {"t":"rec","node":25344,"up_ms":191403,"settled":1,"sent":765,"received":759,"malformed":0,"views":7,"replies_fenced":0,"actors":[{"key":1245650351,"running":1,"term":13,"owner":25344,"owner_term":13,"assigned":25344,"starts":1,"fenced":0,"released":0}]}
1791673064.824 {"t":"node","up_ms":191429,"node":25344,"epoch":246,"peers_alive":2,"peers_dead":0,"no_radio":0,"free_dram":230967,"largest_block":147456,"rx":{"total":9409,"bad_frame":0,"unknown_peer":79,"wrong_dst":0,"short_payload":0,"unknown_opcode":0,"queue_dropped":51},"tx":{"total":3353,"enqueue_err":0,"done_queue_dropped":0},"membership":{"deaths":1,"revivals":1,"reboots_seen":0,"table_full":0,"events_dropped":0}}
1791673064.824 {"t":"ns","node":25344,"hash":2410274060,"owner":25344,"kind":"sampled","unit":100,"class":4,"bound_ms":0,"quality":"GOOD","age_ms":410,"ts":191060,"updates":18,"value":246}
1791673064.824 {"t":"ns","node":25344,"hash":1274253983,"owner":25344,"kind":"sampled","unit":0,"class":4,"bound_ms":5000,"quality":"GOOD","age_ms":423,"ts":191061,"updates":18,"value":-35}
1791673064.824 {"t":"ns","node":25344,"hash":3354298913,"owner":25344,"kind":"sampled","unit":100,"class":4,"bound_ms":5000,"quality":"GOOD","age_ms":437,"ts":191061,"updates":18,"value":2}
1791673064.824 {"t":"ns","node":25344,"hash":1771187623,"owner":25344,"kind":"sampled","unit":101,"class":4,"bound_ms":30000,"quality":"GOOD","age_ms":452,"ts":191060,"updates":18,"value":230967}
1791673064.824 {"t":"ns","node":25344,"hash":1245650351,"owner":25344,"kind":"sampled","unit":0,"class":3,"bound_ms":500,"quality":"GOOD","age_ms":85,"ts":191441,"updates":1837,"value":1660946221}
1791673064.824 {"t":"ns","node":25344,"hash":2033492666,"owner":25344,"kind":"sampled","unit":0,"class":3,"bound_ms":0,"quality":"NO_DATA","age_ms":0,"ts":0,"updates":0,"value":null}
1791673064.824 {"t":"ns","node":25344,"hash":4103947588,"owner":25344,"kind":"sampled","unit":80,"class":4,"bound_ms":30000,"quality":"GOOD","age_ms":495,"ts":191060,"updates":18,"value":191}
1791673064.824 {"t":"ns","node":25344,"hash":1662441583,"owner":25344,"kind":"sampled","unit":101,"class":4,"bound_ms":30000,"quality":"GOOD","age_ms":510,"ts":191060,"updates":18,"value":147456}
1791673074.967 {"t":"clk","node":25344,"up_ms":201584}
1791673074.967 {"t":"led","node":25344,"shows":"green","app":0}
1791673074.967 {"t":"event","at_ms":192549,"node":25344,"kind":"peer_admitted","peer":33120,"slot":1,"a":0,"b":0}
1791673074.967 {"t":"event","at_ms":192995,"node":25344,"kind":"peer_admitted","peer":29544,"slot":0,"a":0,"b":0}
1791673074.967 {"t":"event","at_ms":194548,"node":25344,"kind":"peer_admitted","peer":33120,"slot":1,"a":0,"b":0}
1791673074.967 {"t":"event","at_ms":194995,"node":25344,"kind":"peer_admitted","peer":29544,"slot":0,"a":0,"b":0}
1791673074.967 {"t":"event","at_ms":196548,"node":25344,"kind":"peer_admitted","peer":33120,"slot":1,"a":0,"b":0}
1791673074.967 {"t":"event","at_ms":196995,"node":25344,"kind":"peer_admitted","peer":29544,"slot":0,"a":0,"b":0}
1791673074.967 {"t":"event","at_ms":198549,"node":25344,"kind":"peer_admitted","peer":33120,"slot":1,"a":0,"b":0}
1791673074.967 {"t":"event","at_ms":198997,"node":25344,"kind":"peer_admitted","peer":29544,"slot":0,"a":0,"b":0}
1791673074.967 {"t":"event","at_ms":200548,"node":25344,"kind":"peer_admitted","peer":33120,"slot":1,"a":0,"b":0}
1791673074.967 {"t":"event","at_ms":200995,"node":25344,"kind":"peer_admitted","peer":29544,"slot":0,"a":0,"b":0}
1791673074.967 {"t":"link","up_ms":201670,"node":25344,"peer":29544,"mac":"b8:1f:3f:da:73:68","state":"alive","epoch":173,"espnow_ver":2,"mtu":1446,"misses":0,"rssi":-38,"tx":{"frames":690,"cb_ok":690,"cb_fail":0,"enqueue_err":0,"pdr_ppm":1000000},"rx":{"frames":2783,"lost_seqgap":0,"reorder_dup":0,"dropped_bad":0,"hb_lost":11,"bcast_frames":1988,"pdr_ppm":1000000},"rtt":{"samples":92,"min_us":5364,"max_us":27645,"timeouts":0,"txq_last_us":2876,"txq_max_us":23700,"remote_turnaround_us":887,"remote_turnaround_max_us":1313,"p50_us":[4000,6000],"p99_us":[22000,30000],"hist":[0,0,0,0,69,15,5,0,1,2,0,0,0,0,0,0]}}
1791673074.967 {"t":"link","up_ms":201724,"node":25344,"peer":33120,"mac":"b8:1f:3f:da:81:60","state":"alive","epoch":295,"espnow_ver":2,"mtu":1446,"misses":0,"rssi":-16,"tx":{"frames":691,"cb_ok":691,"cb_fail":0,"enqueue_err":0,"pdr_ppm":1000000},"rx":{"frames":2788,"lost_seqgap":1,"reorder_dup":0,"dropped_bad":0,"hb_lost":4,"bcast_frames":1993,"pdr_ppm":999641},"rtt":{"samples":92,"min_us":5766,"max_us":8594,"timeouts":0,"txq_last_us":4203,"txq_max_us":4203,"remote_turnaround_us":955,"remote_turnaround_max_us":1104,"p50_us":[6000,8000],"p99_us":[8000,11000],"hist":[0,0,0,0,40,47,5,0,0,0,0,0,0,0,0,0]}}
1791673074.967 {"t":"link","up_ms":201778,"node":25344,"peer":254,"mac":"02:00:00:00:00:fe","state":"left","epoch":0,"espnow_ver":0,"mtu":226,"misses":0,"rssi":0,"tx":{"frames":51,"cb_ok":0,"cb_fail":0,"enqueue_err":0,"pdr_ppm":null},"rx":{"frames":80,"lost_seqgap":0,"reorder_dup":35,"dropped_bad":0,"hb_lost":0,"bcast_frames":0,"pdr_ppm":1000000},"rtt":{"samples":3,"min_us":52047,"max_us":91329,"timeouts":12,"txq_last_us":0,"txq_max_us":0,"remote_turnaround_us":21,"remote_turnaround_max_us":21,"p50_us":[42000,60000],"p99_us":[85000,110000],"hist":[0,0,0,0,0,0,0,0,0,0,0,2,0,1,0,0]}}
1791673074.967 {"t":"auth","node":25344,"up_ms":201821,"enrolled":1,"required":1,"verified_peers":2,"verified":2,"cache_hits":200,"refused":0,"rate_limited":0,"stale_epoch":0,"verify_us_max":79957,"link_stack_free_b":820,"crypto_stack_free_b":1268,"tags_ok":1392,"bad_tag":0,"replayed":0,"untagged":0,"bcast_dropped":0,"beacon_epoch_ignored":0,"tag_us_max":1119}
1791673074.967 {"t":"act","node":25344,"setpoint":0,"has_value":0,"writes_served":0}
1791673074.967 {"t":"peers","node":25344,"own_period_ms":100,"own_busy":0,"channel":1,"scanning":0,"scans":0,"hops":0,"found":0,"lost_to_found_ms":0,"moves_followed":0,"moves_refused":0,"sweeps":0,"sweep_found":0,"sweeping":0,"search_visits":0,"relay":0,"fwd_u":0,"fwd_b":0,"fwd_h":0,"relay_dup":2089,"list":[{"id":29544,"state":"alive","via_relay":0,"period_ms":100,"misses":6,"busy":1,"rtt_n":93},{"id":33120,"state":"alive","via_relay":0,"period_ms":100,"misses":6,"busy":0,"rtt_n":92},{"id":254,"state":"other","via_relay":0,"period_ms":100,"misses":6,"busy":0,"rtt_n":3}]}
1791673074.967 {"t":"ss","node":25344,"accepted":0,"unsigned":0,"unknown_sender":0,"bad_signature":0,"replayed":0,"rate_limited":0,"verify_us_max":0,"floors":[]}
1791673075.347 {"t":"rec","node":25344,"up_ms":201928,"settled":1,"sent":807,"received":801,"malformed":0,"views":7,"replies_fenced":0,"actors":[{"key":1245650351,"running":1,"term":13,"owner":25344,"owner_term":13,"assigned":25344,"starts":1,"fenced":0,"released":0}]}
1791673075.347 {"t":"node","up_ms":201944,"node":25344,"epoch":246,"peers_alive":2,"peers_dead":0,"no_radio":0,"free_dram":230967,"largest_block":147456,"rx":{"total":9927,"bad_frame":0,"unknown_peer":79,"wrong_dst":0,"short_payload":0,"unknown_opcode":0,"queue_dropped":51},"tx":{"total":3538,"enqueue_err":0,"done_queue_dropped":0},"membership":{"deaths":1,"revivals":1,"reboots_seen":0,"table_full":0,"events_dropped":0}}
1791673075.347 {"t":"ns","node":25344,"hash":2410274060,"owner":25344,"kind":"sampled","unit":100,"class":4,"bound_ms":0,"quality":"GOOD","age_ms":399,"ts":201585,"updates":19,"value":246}
1791673075.347 {"t":"ns","node":25344,"hash":1274253983,"owner":25344,"kind":"sampled","unit":0,"class":4,"bound_ms":5000,"quality":"GOOD","age_ms":412,"ts":201586,"updates":19,"value":-40}
1791673075.347 {"t":"ns","node":25344,"hash":3354298913,"owner":25344,"kind":"sampled","unit":100,"class":4,"bound_ms":5000,"quality":"GOOD","age_ms":426,"ts":201586,"updates":19,"value":2}
1791673075.347 {"t":"ns","node":25344,"hash":1771187623,"owner":25344,"kind":"sampled","unit":101,"class":4,"bound_ms":30000,"quality":"GOOD","age_ms":441,"ts":201585,"updates":19,"value":230967}
1791673075.347 {"t":"ns","node":25344,"hash":1245650351,"owner":25344,"kind":"sampled","unit":0,"class":3,"bound_ms":500,"quality":"GOOD","age_ms":0,"ts":202041,"updates":1943,"value":1660946327}
1791673075.347 {"t":"ns","node":25344,"hash":2033492666,"owner":25344,"kind":"sampled","unit":0,"class":3,"bound_ms":0,"quality":"NO_DATA","age_ms":0,"ts":0,"updates":0,"value":null}
1791673075.347 {"t":"ns","node":25344,"hash":4103947588,"owner":25344,"kind":"sampled","unit":80,"class":4,"bound_ms":30000,"quality":"GOOD","age_ms":485,"ts":201585,"updates":19,"value":201}
1791673075.347 {"t":"ns","node":25344,"hash":1662441583,"owner":25344,"kind":"sampled","unit":101,"class":4,"bound_ms":30000,"quality":"GOOD","age_ms":510,"ts":201585,"updates":19,"value":147456}
