{"t":"event","at_ms":42877,"node":29544,"kind":"peer_admitted","peer":25344,"slot":0,"a":0,"b":0}
{"t":"event","at_ms":44880,"node":29544,"kind":"peer_admitted","peer":25344,"slot":0,"a":0,"b":0}
{"t":"event","at_ms":46877,"node":29544,"kind":"peer_admitted","peer":25344,"slot":0,"a":0,"b":0}
{"t":"event","at_ms":48877,"node":29544,"kind":"peer_admitted","peer":25344,"slot":0,"a":0,"b":0}
{"t":"event","at_ms":50878,"node":29544,"kind":"peer_admitted","peer":25344,"slot":0,"a":0,"b":0}
{"t":"link","up_ms":51165,"node":29544,"peer":25344,"mac":"b8:1f:3f:da:63:00","state":"alive","epoch":2,"espnow_ver":2,"mtu":1446,"misses":0,"rssi":-21,"tx":{"frames":126,"cb_ok":126,"cb_fail":0,"enqueue_err":0,"pdr_ppm":1000000},"rx":{"frames":651,"lost_seqgap":0,"reorder_dup":123,"dropped_bad":0,"hb_lost":0,"pdr_ppm":1000000},"rtt":{"samples":50,"min_us":4036,"max_us":44605,"timeouts":0,"txq_last_us":0,"txq_max_us":0,"remote_turnaround_us":114,"remote_turnaround_max_us":148,"p50_us":[4000,6000],"p99_us":[42000,60000],"hist":[0,0,0,0,41,4,2,1,0,1,0,1,0,0,0,0]}}
{"t":"node","up_ms":51215,"node":29544,"epoch":1,"peers_alive":1,"peers_dead":0,"no_radio":0,"free_dram":249900,"largest_block":204800,"rx":{"total":662,"bad_frame":0,"unknown_peer":11,"wrong_dst":0,"short_payload":0,"unknown_opcode":0,"queue_dropped":0},"tx":{"total":662,"enqueue_err":0,"done_queue_dropped":0},"membership":{"deaths":0,"revivals":0,"reboots_seen":0,"table_full":0,"events_dropped":0}}
{"t":"ns","node":29544,"hash":96177158,"owner":29544,"kind":"sampled","unit":0,"class":4,"bound_ms":5000,"quality":"GOOD","age_ms":117,"ts":51133,"updates":5,"value":-21}
{"t":"ns","node":29544,"hash":1162973580,"owner":29544,"kind":"sampled","unit":101,"class":4,"bound_ms":30000,"quality":"GOOD","age_ms":132,"ts":51133,"updates":5,"value":249900}
{"t":"ns","node":29544,"hash":4013525678,"owner":29544,"kind":"sampled","unit":101,"class":4,"bound_ms":30000,"quality":"GOOD","age_ms":147,"ts":51133,"updates":5,"value":204800}
{"t":"ns","node":29544,"hash":1303338069,"owner":29544,"kind":"sampled","unit":100,"class":4,"bound_ms":0,"quality":"GOOD","age_ms":163,"ts":51133,"updates":5,"value":1}
{"t":"ns","node":29544,"hash":288706273,"owner":29544,"kind":"sampled","unit":80,"class":4,"bound_ms":30000,"quality":"GOOD","age_ms":178,"ts":51133,"updates":5,"value":51}
{"t":"ns","node":29544,"hash":2548334194,"owner":29544,"kind":"sampled","unit":100,"class":4,"bound_ms":5000,"quality":"GOOD","age_ms":193,"ts":51133,"updates":5,"value":1}
{"t":"event","at_ms":52877,"node":29544,"kind":"peer_admitted","peer":25344,"slot":0,"a":0,"b":0}
{"t":"event","at_ms":54877,"node":29544,"kind":"peer_admitted","peer":25344,"slot":0,"a":0,"b":0}
{"t":"event","at_ms":56879,"node":29544,"kind":"peer_admitted","peer":25344,"slot":0,"a":0,"b":0}
{"t":"event","at_ms":58877,"node":29544,"kind":"peer_admitted","peer":25344,"slot":0,"a":0,"b":0}
{"t":"event","at_ms":60880,"node":29544,"kind":"peer_admitted","peer":25344,"slot":0,"a":0,"b":0}
{"t":"link","up_ms":61374,"node":29544,"peer":25344,"mac":"b8:1f:3f:da:63:00","state":"alive","epoch":2,"espnow_ver":2,"mtu":1446,"misses":0,"rssi":-22,"tx":{"frames":152,"cb_ok":152,"cb_fail":0,"enqueue_err":0,"pdr_ppm":1000000},"rx":{"frames":784,"lost_seqgap":0,"reorder_dup":149,"dropped_bad":0,"hb_lost":0,"pdr_ppm":1000000},"rtt":{"samples":61,"min_us":4036,"max_us":44605,"timeouts":0,"txq_last_us":0,"txq_max_us":0,"remote_turnaround_us":119,"remote_turnaround_max_us":148,"p50_us":[4000,6000],"p99_us":[42000,60000],"hist":[0,0,0,0,51,5,2,1,0,1,0,1,0,0,0,0]}}
{"t":"node","up_ms":61424,"node":29544,"epoch":1,"peers_alive":1,"peers_dead":0,"no_radio":0,"free_dram":249900,"largest_block":204800,"rx":{"total":795,"bad_frame":0,"unknown_peer":11,"wrong_dst":0,"short_payload":0,"unknown_opcode":0,"queue_dropped":0},"tx":{"total":795,"enqueue_err":0,"done_queue_dropped":0},"membership":{"deaths":0,"revivals":0,"reboots_seen":0,"table_full":0,"events_dropped":0}}
{"t":"ns","node":29544,"hash":96177158,"owner":29544,"kind":"sampled","unit":0,"class":4,"bound_ms":5000,"quality":"GOOD","age_ms":117,"ts":61342,"updates":6,"value":-22}
{"t":"ns","node":29544,"hash":1162973580,"owner":29544,"kind":"sampled","unit":101,"class":4,"bound_ms":30000,"quality":"GOOD","age_ms":132,"ts":61342,"updates":6,"value":249900}
{"t":"ns","node":29544,"hash":4013525678,"owner":29544,"kind":"sampled","unit":101,"class":4,"bound_ms":30000,"quality":"GOOD","age_ms":147,"ts":61342,"updates":6,"value":204800}
{"t":"ns","node":29544,"hash":1303338069,"owner":29544,"kind":"sampled","unit":100,"class":4,"bound_ms":0,"quality":"GOOD","age_ms":163,"ts":61342,"updates":6,"value":1}
{"t":"ns","node":29544,"hash":288706273,"owner":29544,"kind":"sampled","unit":80,"class":4,"bound_ms":30000,"quality":"GOOD","age_ms":178,"ts":61342,"updates":6,"value":61}
{"t":"ns","node":29544,"hash":2548334194,"owner":29544,"kind":"sampled","unit":100,"class":4,"bound_ms":5000,"quality":"GOOD","age_ms":193,"ts":61342,"updates":6,"value":1}
