{"t":"event","at_ms":639572,"node":25344,"kind":"peer_admitted","peer":29544,"slot":0,"a":0,"b":0}
{"t":"event","at_ms":641572,"node":25344,"kind":"peer_admitted","peer":29544,"slot":0,"a":0,"b":0}
{"t":"event","at_ms":643572,"node":25344,"kind":"peer_admitted","peer":29544,"slot":0,"a":0,"b":0}
{"t":"event","at_ms":645575,"node":25344,"kind":"peer_admitted","peer":29544,"slot":0,"a":0,"b":0}
{"t":"event","at_ms":647573,"node":25344,"kind":"peer_admitted","peer":29544,"slot":0,"a":0,"b":0}
{"t":"link","up_ms":648057,"node":25344,"peer":29544,"mac":"b8:1f:3f:da:73:68","state":"alive","epoch":1,"espnow_ver":2,"mtu":1446,"misses":0,"rssi":-21,"tx":{"frames":125,"cb_ok":125,"cb_fail":0,"enqueue_err":0,"pdr_ppm":1000000},"rx":{"frames":653,"lost_seqgap":0,"reorder_dup":1,"dropped_bad":0,"hb_lost":0,"pdr_ppm":1000000},"rtt":{"samples":49,"min_us":4058,"max_us":12622,"timeouts":1,"txq_last_us":0,"txq_max_us":0,"remote_turnaround_us":114,"remote_turnaround_max_us":124,"p50_us":[4000,6000],"p99_us":[11000,16000],"hist":[0,0,0,0,41,6,1,1,0,0,0,0,0,0,0,0]}}
{"t":"node","up_ms":648106,"node":25344,"epoch":2,"peers_alive":1,"peers_dead":0,"no_radio":0,"free_dram":249896,"largest_block":204800,"rx":{"total":654,"bad_frame":0,"unknown_peer":1,"wrong_dst":0,"short_payload":0,"unknown_opcode":0,"queue_dropped":0},"tx":{"total":6928,"enqueue_err":0,"done_queue_dropped":0},"membership":{"deaths":0,"revivals":0,"reboots_seen":0,"table_full":0,"events_dropped":0}}
{"t":"ns","node":25344,"hash":2410274060,"owner":25344,"kind":"sampled","unit":100,"class":4,"bound_ms":0,"quality":"GOOD","age_ms":117,"ts":648024,"updates":64,"value":2}
{"t":"ns","node":25344,"hash":1274253983,"owner":25344,"kind":"sampled","unit":0,"class":4,"bound_ms":5000,"quality":"GOOD","age_ms":132,"ts":648024,"updates":64,"value":-21}
{"t":"ns","node":25344,"hash":3354298913,"owner":25344,"kind":"sampled","unit":100,"class":4,"bound_ms":5000,"quality":"GOOD","age_ms":147,"ts":648024,"updates":64,"value":1}
{"t":"ns","node":25344,"hash":1771187623,"owner":25344,"kind":"sampled","unit":101,"class":4,"bound_ms":30000,"quality":"GOOD","age_ms":163,"ts":648024,"updates":64,"value":249896}
{"t":"ns","node":25344,"hash":4103947588,"owner":25344,"kind":"sampled","unit":80,"class":4,"bound_ms":30000,"quality":"GOOD","age_ms":179,"ts":648024,"updates":64,"value":648}
{"t":"ns","node":25344,"hash":1662441583,"owner":25344,"kind":"sampled","unit":101,"class":4,"bound_ms":30000,"quality":"GOOD","age_ms":194,"ts":648024,"updates":64,"value":204800}
{"t":"event","at_ms":649572,"node":25344,"kind":"peer_admitted","peer":29544,"slot":0,"a":0,"b":0}
{"t":"event","at_ms":651572,"node":25344,"kind":"peer_admitted","peer":29544,"slot":0,"a":0,"b":0}
{"t":"event","at_ms":653572,"node":25344,"kind":"peer_admitted","peer":29544,"slot":0,"a":0,"b":0}
{"t":"event","at_ms":655572,"node":25344,"kind":"peer_admitted","peer":29544,"slot":0,"a":0,"b":0}
{"t":"event","at_ms":657573,"node":25344,"kind":"peer_admitted","peer":29544,"slot":0,"a":0,"b":0}
{"t":"link","up_ms":658267,"node":25344,"peer":29544,"mac":"b8:1f:3f:da:73:68","state":"alive","epoch":1,"espnow_ver":2,"mtu":1446,"misses":0,"rssi":-21,"tx":{"frames":151,"cb_ok":151,"cb_fail":0,"enqueue_err":0,"pdr_ppm":1000000},"rx":{"frames":787,"lost_seqgap":0,"reorder_dup":1,"dropped_bad":0,"hb_lost":0,"pdr_ppm":1000000},"rtt":{"samples":60,"min_us":4031,"max_us":12622,"timeouts":1,"txq_last_us":0,"txq_max_us":0,"remote_turnaround_us":114,"remote_turnaround_max_us":124,"p50_us":[4000,6000],"p99_us":[11000,16000],"hist":[0,0,0,0,49,9,1,1,0,0,0,0,0,0,0,0]}}
{"t":"node","up_ms":658316,"node":25344,"epoch":2,"peers_alive":1,"peers_dead":0,"no_radio":0,"free_dram":249896,"largest_block":204800,"rx":{"total":788,"bad_frame":0,"unknown_peer":1,"wrong_dst":0,"short_payload":0,"unknown_opcode":0,"queue_dropped":0},"tx":{"total":7063,"enqueue_err":0,"done_queue_dropped":0},"membership":{"deaths":0,"revivals":0,"reboots_seen":0,"table_full":0,"events_dropped":0}}
{"t":"ns","node":25344,"hash":2410274060,"owner":25344,"kind":"sampled","unit":100,"class":4,"bound_ms":0,"quality":"GOOD","age_ms":117,"ts":658234,"updates":65,"value":2}
{"t":"ns","node":25344,"hash":1274253983,"owner":25344,"kind":"sampled","unit":0,"class":4,"bound_ms":5000,"quality":"GOOD","age_ms":132,"ts":658234,"updates":65,"value":-21}
{"t":"ns","node":25344,"hash":3354298913,"owner":25344,"kind":"sampled","unit":100,"class":4,"bound_ms":5000,"quality":"GOOD","age_ms":147,"ts":658234,"updates":65,"value":1}
{"t":"ns","node":25344,"hash":1771187623,"owner":25344,"kind":"sampled","unit":101,"class":4,"bound_ms":30000,"quality":"GOOD","age_ms":163,"ts":658234,"updates":65,"value":249896}
{"t":"ns","node":25344,"hash":4103947588,"owner":25344,"kind":"sampled","unit":80,"class":4,"bound_ms":30000,"quality":"GOOD","age_ms":179,"ts":658234,"updates":65,"value":658}
{"t":"ns","node":25344,"hash":1662441583,"owner":25344,"kind":"sampled","unit":101,"class":4,"bound_ms":30000,"quality":"GOOD","age_ms":194,"ts":658234,"updates":65,"value":204800}
