ESP-ROM:esp32s3-20210327
Build:Mar 27 2021
rst:0x1 (POWERON),boot:0xb (SPI_FAST_FLASH_BOOT)
SPIWP:0xee
mode:DIO, clock div:1
load:0x3fce2820,len:0x14f0
load:0x403c8700,len:0xda0
load:0x403cb700,len:0x2f54
entry 0x403c8908
I (24) boot: ESP-IDF v6.0.2 2nd stage bootloader
I (25) boot: compile time Aug  1 2026 20:41:25
I (25) boot: Multicore bootloader
I (25) boot: chip revision: v0.2
I (28) boot: efuse block revision: v1.4
I (31) boot.esp32s3: Boot SPI Speed : 80MHz
I (35) boot.esp32s3: SPI Mode       : DIO
I (39) boot.esp32s3: SPI Flash Size : 16MB
I (43) boot: Enabling RNG early entropy source...
I (47) boot: Partition Table:
I (50) boot: ## Label            Usage          Type ST Offset   Length
I (56) boot:  0 nvs              WiFi data        01 02 00009000 00006000
I (63) boot:  1 phy_init         RF data          01 01 0000f000 00001000
I (69) boot:  2 factory          factory app      00 00 00010000 00100000
I (76) boot: End of partition table
I (79) esp_image: segment 0: paddr=00010020 vaddr=3c090020 size=1a4b0h (107696) map
I (106) esp_image: segment 1: paddr=0002a4d8 vaddr=3fc96900 size=04efch ( 20220) load
I (111) esp_image: segment 2: paddr=0002f3dc vaddr=40374000 size=00c3ch (  3132) load
I (112) esp_image: segment 3: paddr=00030020 vaddr=42000020 size=80834h (526388) map
I (213) esp_image: segment 4: paddr=000b085c vaddr=40374c3c size=11bb8h ( 72632) load
I (230) esp_image: segment 5: paddr=000c241c vaddr=50000000 size=00024h (    36) load
I (239) boot: Loaded app from partition at offset 0x10000
I (239) boot: Disabling RNG early entropy source...
I (249) cpu_start: Multicore app
I (258) cpu_start: GPIO 44 and 43 are used as console UART I/O pins
I (258) cpu_start: Pro cpu start user code
I (258) cpu_start: cpu freq: 160000000 Hz
I (260) app_init: Application information:
I (264) app_init: Project name:     potluck_m0
I (268) app_init: App version:      095f21e
I (272) app_init: Compile time:     Oct  1 2026 17:55:04
I (277) app_init: ELF file SHA256:  59fe7629f...
I (281) app_init: ESP-IDF:          v6.0.2
I (285) efuse_init: Min chip rev:     v0.0
I (289) efuse_init: Max chip rev:     v0.99 
I (293) efuse_init: Chip rev:         v0.2
I (297) heap_init: Initializing. RAM available for dynamic allocation:
I (303) heap_init: At 3FCAC770 len 0003CFA0 (243 KiB): RAM
I (308) heap_init: At 3FCE9710 len 00005724 (21 KiB): RAM
I (313) heap_init: At 3FCF0000 len 00008000 (32 KiB): DRAM
I (318) heap_init: At 600FE000 len 00001FE8 (7 KiB): RTCRAM
I (325) spi_flash: detected chip: generic
I (327) spi_flash: flash io: dio
I (331) sleep_gpio: Configure to isolate all GPIO pins in sleep state
I (337) sleep_gpio: Enable automatic switching of GPIO sleep configuration
I (344) main_task: Started on CPU0
I (374) main_task: Calling app_main()
I (386) pp: pp rom version: e7ae62f
I (386) net80211: net80211 rom version: e7ae62f
I (388) wifi:wifi driver task: 3fcee5b0, prio:23, stack:6656, core=0
I (389) wifi:wifi firmware version: 00ad238
I (392) wifi:wifi certification version: v7.0
I (396) wifi:config NVS flash: disabled
I (400) wifi:config nano formatting: disabled
I (404) wifi:Init data frame dynamic rx buffer num: 16
I (409) wifi:Init static rx mgmt buffer num: 5
I (413) wifi:Init management short buffer num: 32
I (417) wifi:Init dynamic tx buffer num: 32
I (421) wifi:Init static tx FG buffer num: 2
I (425) wifi:Init static rx buffer size: 1600
I (429) wifi:Init static rx buffer num: 6
I (433) wifi:Init dynamic rx buffer num: 16
I (438) wifi_init: accept mbox: 6
I (440) wifi_init: tcpip mbox: 32
I (443) wifi_init: udp mbox: 6
I (446) wifi_init: tcp mbox: 6
I (449) wifi_init: tcp tx win: 5760
I (452) wifi_init: tcp rx win: 5760
I (455) wifi_init: tcp mss: 1440
I (458) wifi_init: WiFi IRAM OP enabled
I (462) wifi_init: WiFi RX IRAM OP enabled
I (466) phy_init: phy_version 712,87e8c20e,Apr 13 2026,18:51:10
I (507) phy_init: Saving new calibration data due to checksum failure or outdated calibration data, mode(0)
I (518) wifi:mode : sta (b8:1f:3f:da:63:00)
I (518) wifi:enable tsf
I (519) wifi:Set ps type: 0, coexist: 0

I (522) ESPNOW: espnow [version: 2.0] init
I (522) pot.espnow: esp-now v2 up on channel 1, mac b8:1f:3f:da:63:00
I (528) pot.epoch: boot epoch 3
I (530) pot.m0: namespace: 6 resources declared
I (535) pot.serial: frame link on UART1, tx=17 rx=18, 921600 baud
I (540) pot.m0: Potluck M0 node 0x6300 epoch 3, heartbeat 100 ms x 6 misses = 600 ms
I (548) main_task: Returned from app_main()
{"t":"boot","node":25344,"epoch":3,"mac":"b8:1f:3f:da:63:00","espnow_ver":2,"chan":1,"hb_period_ms":100,"hb_miss_limit":6,"fw":"095f21e","idf":"v6.0.2","dram":{"at_boot":292916,"after_nvs":291492,"after_netif":283648,"after_wifi_init":253088,"after_wifi_start":251252,"after_espnow":251100,"largest_block":204800,"wifi_stack":32396,"espnow":152,"total_to_radio":41816}}
I (583) pot.m0: beacon mode: broadcast_beacon
I (760) pot.m0: discovered peer 0x7368
I (761) pot.m0: peer 0x7368 pinned to ESP-NOW v2, payload cap 1446 B
I (946) pot.m0: discovered peer 0x8160
I (947) pot.m0: peer 0x8160 pinned to ESP-NOW v2, payload cap 1446 B
{"t":"event","at_ms":436,"node":25344,"kind":"peer_discovered","peer":29544,"slot":0,"a":2,"b":0}
{"t":"event","at_ms":436,"node":25344,"kind":"version_pinned","peer":29544,"slot":0,"a":2,"b":1446}
{"t":"event","at_ms":436,"node":25344,"kind":"peer_alive","peer":29544,"slot":0,"a":0,"b":0}
{"t":"event","at_ms":437,"node":25344,"kind":"peer_admitted","peer":29544,"slot":0,"a":0,"b":0}
{"t":"event","at_ms":438,"node":25344,"kind":"peer_admitted","peer":29544,"slot":0,"a":0,"b":0}
{"t":"event","at_ms":622,"node":25344,"kind":"peer_discovered","peer":33120,"slot":1,"a":2,"b":0}
{"t":"event","at_ms":622,"node":25344,"kind":"version_pinned","peer":33120,"slot":1,"a":2,"b":1446}
{"t":"event","at_ms":622,"node":25344,"kind":"peer_alive","peer":33120,"slot":1,"a":0,"b":0}
{"t":"event","at_ms":623,"node":25344,"kind":"peer_admitted","peer":33120,"slot":1,"a":0,"b":0}
{"t":"event","at_ms":623,"node":25344,"kind":"peer_admitted","peer":33120,"slot":1,"a":0,"b":0}
{"t":"event","at_ms":2224,"node":25344,"kind":"probe_timeout","peer":29544,"slot":0,"a":1,"b":0}
{"t":"event","at_ms":2438,"node":25344,"kind":"peer_admitted","peer":29544,"slot":0,"a":0,"b":0}
{"t":"event","at_ms":2625,"node":25344,"kind":"peer_admitted","peer":33120,"slot":1,"a":0,"b":0}
{"t":"event","at_ms":3224,"node":25344,"kind":"probe_timeout","peer":33120,"slot":1,"a":1,"b":0}
{"t":"event","at_ms":4438,"node":25344,"kind":"peer_admitted","peer":29544,"slot":0,"a":0,"b":0}
{"t":"event","at_ms":4629,"node":25344,"kind":"peer_admitted","peer":33120,"slot":1,"a":0,"b":0}
{"t":"event","at_ms":6439,"node":25344,"kind":"peer_admitted","peer":29544,"slot":0,"a":0,"b":0}
{"t":"event","at_ms":6628,"node":25344,"kind":"peer_admitted","peer":33120,"slot":1,"a":0,"b":0}
{"t":"event","at_ms":8439,"node":25344,"kind":"peer_admitted","peer":29544,"slot":0,"a":0,"b":0}
{"t":"event","at_ms":8625,"node":25344,"kind":"peer_admitted","peer":33120,"slot":1,"a":0,"b":0}
{"t":"link","up_ms":10422,"node":25344,"peer":29544,"mac":"b8:1f:3f:da:73:68","state":"alive","epoch":2,"espnow_ver":2,"mtu":1446,"misses":0,"rssi":-20,"tx":{"frames":15,"cb_ok":15,"cb_fail":0,"enqueue_err":0,"pdr_ppm":1000000},"rx":{"frames":118,"lost_seqgap":0,"reorder_dup":1,"dropped_bad":0,"hb_lost":0,"pdr_ppm":1000000},"rtt":{"samples":4,"min_us":4057,"max_us":5061,"timeouts":1,"txq_last_us":0,"txq_max_us":0,"remote_turnaround_us":110,"remote_turnaround_max_us":118,"p50_us":[4000,6000],"p99_us":[4000,6000],"hist":[0,0,0,0,4,0,0,0,0,0,0,0,0,0,0,0]}}
{"t":"link","up_ms":10471,"node":25344,"peer":33120,"mac":"b8:1f:3f:da:81:60","state":"alive","epoch":2,"espnow_ver":2,"mtu":1446,"misses":0,"rssi":-32,"tx":{"frames":15,"cb_ok":15,"cb_fail":0,"enqueue_err":0,"pdr_ppm":1000000},"rx":{"frames":116,"lost_seqgap":0,"reorder_dup":1,"dropped_bad":0,"hb_lost":1,"pdr_ppm":1000000},"rtt":{"samples":4,"min_us":4634,"max_us":6247,"timeouts":1,"txq_last_us":2514,"txq_max_us":2514,"remote_turnaround_us":111,"remote_turnaround_max_us":112,"p50_us":[4000,6000],"p99_us":[6000,8000],"hist":[0,0,0,0,3,1,0,0,0,0,0,0,0,0,0,0]}}
{"t":"node","up_ms":10520,"node":25344,"epoch":3,"peers_alive":2,"peers_dead":0,"no_radio":0,"free_dram":249732,"largest_block":204800,"rx":{"total":237,"bad_frame":0,"unknown_peer":2,"wrong_dst":0,"short_payload":0,"unknown_opcode":0,"queue_dropped":0},"tx":{"total":141,"enqueue_err":0,"done_queue_dropped":0},"membership":{"deaths":0,"revivals":0,"reboots_seen":0,"table_full":0,"events_dropped":0}}
{"t":"ns","node":25344,"hash":2410274060,"owner":25344,"kind":"sampled","unit":100,"class":4,"bound_ms":0,"quality":"GOOD","age_ms":292,"ts":10263,"updates":1,"value":3}
{"t":"ns","node":25344,"hash":1274253983,"owner":25344,"kind":"sampled","unit":0,"class":4,"bound_ms":5000,"quality":"GOOD","age_ms":307,"ts":10263,"updates":1,"value":-33}
{"t":"ns","node":25344,"hash":3354298913,"owner":25344,"kind":"sampled","unit":100,"class":4,"bound_ms":5000,"quality":"GOOD","age_ms":322,"ts":10263,"updates":1,"value":2}
{"t":"ns","node":25344,"hash":1771187623,"owner":25344,"kind":"sampled","unit":101,"class":4,"bound_ms":30000,"quality":"GOOD","age_ms":337,"ts":10263,"updates":1,"value":249732}
{"t":"ns","node":25344,"hash":4103947588,"owner":25344,"kind":"sampled","unit":80,"class":4,"bound_ms":30000,"quality":"GOOD","age_ms":353,"ts":10263,"updates":1,"value":10}
{"t":"ns","node":25344,"hash":1662441583,"owner":25344,"kind":"sampled","unit":101,"class":4,"bound_ms":30000,"quality":"GOOD","age_ms":368,"ts":10263,"updates":1,"value":204800}
{"t":"event","at_ms":10438,"node":25344,"kind":"peer_admitted","peer":29544,"slot":0,"a":0,"b":0}
{"t":"event","at_ms":10625,"node":25344,"kind":"peer_admitted","peer":33120,"slot":1,"a":0,"b":0}
{"t":"event","at_ms":12439,"node":25344,"kind":"peer_admitted","peer":29544,"slot":0,"a":0,"b":0}
{"t":"event","at_ms":12628,"node":25344,"kind":"peer_admitted","peer":33120,"slot":1,"a":0,"b":0}
{"t":"event","at_ms":14439,"node":25344,"kind":"peer_admitted","peer":29544,"slot":0,"a":0,"b":0}
{"t":"event","at_ms":14625,"node":25344,"kind":"peer_admitted","peer":33120,"slot":1,"a":0,"b":0}
{"t":"event","at_ms":16439,"node":25344,"kind":"peer_admitted","peer":29544,"slot":0,"a":0,"b":0}
{"t":"event","at_ms":16625,"node":25344,"kind":"peer_admitted","peer":33120,"slot":1,"a":0,"b":0}
{"t":"event","at_ms":18439,"node":25344,"kind":"peer_admitted","peer":29544,"slot":0,"a":0,"b":0}
{"t":"event","at_ms":18625,"node":25344,"kind":"peer_admitted","peer":33120,"slot":1,"a":0,"b":0}
{"t":"event","at_ms":20439,"node":25344,"kind":"peer_admitted","peer":29544,"slot":0,"a":0,"b":0}
{"t":"event","at_ms":20627,"node":25344,"kind":"peer_admitted","peer":33120,"slot":1,"a":0,"b":0}
{"t":"link","up_ms":20739,"node":25344,"peer":29544,"mac":"b8:1f:3f:da:73:68","state":"alive","epoch":2,"espnow_ver":2,"mtu":1446,"misses":0,"rssi":-20,"tx":{"frames":32,"cb_ok":32,"cb_fail":0,"enqueue_err":0,"pdr_ppm":1000000},"rx":{"frames":244,"lost_seqgap":0,"reorder_dup":1,"dropped_bad":0,"hb_lost":0,"pdr_ppm":1000000},"rtt":{"samples":9,"min_us":4048,"max_us":8247,"timeouts":1,"txq_last_us":0,"txq_max_us":0,"remote_turnaround_us":111,"remote_turnaround_max_us":118,"p50_us":[4000,6000],"p99_us":[8000,11000],"hist":[0,0,0,0,7,1,1,0,0,0,0,0,0,0,0,0]}}
{"t":"link","up_ms":20788,"node":25344,"peer":33120,"mac":"b8:1f:3f:da:81:60","state":"alive","epoch":2,"espnow_ver":2,"mtu":1446,"misses":0,"rssi":-32,"tx":{"frames":32,"cb_ok":32,"cb_fail":0,"enqueue_err":0,"pdr_ppm":1000000},"rx":{"frames":241,"lost_seqgap":0,"reorder_dup":1,"dropped_bad":0,"hb_lost":1,"pdr_ppm":1000000},"rtt":{"samples":9,"min_us":4628,"max_us":6247,"timeouts":1,"txq_last_us":2514,"txq_max_us":2514,"remote_turnaround_us":110,"remote_turnaround_max_us":112,"p50_us":[4000,6000],"p99_us":[6000,8000],"hist":[0,0,0,0,8,1,0,0,0,0,0,0,0,0,0,0]}}
{"t":"node","up_ms":20837,"node":25344,"epoch":3,"peers_alive":2,"peers_dead":0,"no_radio":0,"free_dram":249732,"largest_block":204800,"rx":{"total":487,"bad_frame":0,"unknown_peer":2,"wrong_dst":0,"short_payload":0,"unknown_opcode":0,"queue_dropped":0},"tx":{"total":282,"enqueue_err":0,"done_queue_dropped":0},"membership":{"deaths":0,"revivals":0,"reboots_seen":0,"table_full":0,"events_dropped":0}}
{"t":"ns","node":25344,"hash":2410274060,"owner":25344,"kind":"sampled","unit":100,"class":4,"bound_ms":0,"quality":"GOOD","age_ms":225,"ts":20647,"updates":2,"value":3}
{"t":"ns","node":25344,"hash":1274253983,"owner":25344,"kind":"sampled","unit":0,"class":4,"bound_ms":5000,"quality":"GOOD","age_ms":240,"ts":20647,"updates":2,"value":-33}
{"t":"ns","node":25344,"hash":3354298913,"owner":25344,"kind":"sampled","unit":100,"class":4,"bound_ms":5000,"quality":"GOOD","age_ms":255,"ts":20647,"updates":2,"value":2}
{"t":"ns","node":25344,"hash":1771187623,"owner":25344,"kind":"sampled","unit":101,"class":4,"bound_ms":30000,"quality":"GOOD","age_ms":270,"ts":20647,"updates":2,"value":249732}
{"t":"ns","node":25344,"hash":4103947588,"owner":25344,"kind":"sampled","unit":80,"class":4,"bound_ms":30000,"quality":"GOOD","age_ms":286,"ts":20647,"updates":2,"value":20}
{"t":"ns","node":25344,"hash":1662441583,"owner":25344,"kind":"sampled","unit":101,"class":4,"bound_ms":30000,"quality":"GOOD","age_ms":301,"ts":20647,"updates":2,"value":204800}
{"t":"event","at_ms":22439,"node":25344,"kind":"peer_admitted","peer":29544,"slot":0,"a":0,"b":0}
{"t":"event","at_ms":22625,"node":25344,"kind":"peer_admitted","peer":33120,"slot":1,"a":0,"b":0}
{"t":"event","at_ms":24439,"node":25344,"kind":"peer_admitted","peer":29544,"slot":0,"a":0,"b":0}
{"t":"event","at_ms":24624,"node":25344,"kind":"peer_admitted","peer":33120,"slot":1,"a":0,"b":0}
{"t":"event","at_ms":26441,"node":25344,"kind":"peer_admitted","peer":29544,"slot":0,"a":0,"b":0}
{"t":"event","at_ms":26625,"node":25344,"kind":"peer_admitted","peer":33120,"slot":1,"a":0,"b":0}
{"t":"event","at_ms":28439,"node":25344,"kind":"peer_admitted","peer":29544,"slot":0,"a":0,"b":0}
{"t":"event","at_ms":28625,"node":25344,"kind":"peer_admitted","peer":33120,"slot":1,"a":0,"b":0}
{"t":"event","at_ms":30439,"node":25344,"kind":"peer_admitted","peer":29544,"slot":0,"a":0,"b":0}
{"t":"event","at_ms":30627,"node":25344,"kind":"peer_admitted","peer":33120,"slot":1,"a":0,"b":0}
{"t":"link","up_ms":31039,"node":25344,"peer":29544,"mac":"b8:1f:3f:da:73:68","state":"alive","epoch":2,"espnow_ver":2,"mtu":1446,"misses":0,"rssi":-20,"tx":{"frames":47,"cb_ok":47,"cb_fail":0,"enqueue_err":0,"pdr_ppm":1000000},"rx":{"frames":367,"lost_seqgap":0,"reorder_dup":1,"dropped_bad":0,"hb_lost":0,"pdr_ppm":1000000},"rtt":{"samples":14,"min_us":4023,"max_us":8247,"timeouts":1,"txq_last_us":0,"txq_max_us":0,"remote_turnaround_us":110,"remote_turnaround_max_us":118,"p50_us":[4000,6000],"p99_us":[8000,11000],"hist":[0,0,0,0,12,1,1,0,0,0,0,0,0,0,0,0]}}
{"t":"link","up_ms":31088,"node":25344,"peer":33120,"mac":"b8:1f:3f:da:81:60","state":"alive","epoch":2,"espnow_ver":2,"mtu":1446,"misses":0,"rssi":-32,"tx":{"frames":47,"cb_ok":47,"cb_fail":0,"enqueue_err":0,"pdr_ppm":1000000},"rx":{"frames":364,"lost_seqgap":0,"reorder_dup":1,"dropped_bad":0,"hb_lost":1,"pdr_ppm":1000000},"rtt":{"samples":14,"min_us":4616,"max_us":9658,"timeouts":1,"txq_last_us":2543,"txq_max_us":2543,"remote_turnaround_us":109,"remote_turnaround_max_us":119,"p50_us":[4000,6000],"p99_us":[8000,11000],"hist":[0,0,0,0,11,2,1,0,0,0,0,0,0,0,0,0]}}
{"t":"node","up_ms":31138,"node":25344,"epoch":3,"peers_alive":2,"peers_dead":0,"no_radio":0,"free_dram":249732,"largest_block":204800,"rx":{"total":733,"bad_frame":0,"unknown_peer":2,"wrong_dst":0,"short_payload":0,"unknown_opcode":0,"queue_dropped":0},"tx":{"total":420,"enqueue_err":0,"done_queue_dropped":0},"membership":{"deaths":0,"revivals":0,"reboots_seen":0,"table_full":0,"events_dropped":0}}
{"t":"ns","node":25344,"hash":2410274060,"owner":25344,"kind":"sampled","unit":100,"class":4,"bound_ms":0,"quality":"GOOD","age_ms":209,"ts":30964,"updates":3,"value":3}
{"t":"ns","node":25344,"hash":1274253983,"owner":25344,"kind":"sampled","unit":0,"class":4,"bound_ms":5000,"quality":"GOOD","age_ms":223,"ts":30964,"updates":3,"value":-32}
{"t":"ns","node":25344,"hash":3354298913,"owner":25344,"kind":"sampled","unit":100,"class":4,"bound_ms":5000,"quality":"GOOD","age_ms":238,"ts":30964,"updates":3,"value":2}
{"t":"ns","node":25344,"hash":1771187623,"owner":25344,"kind":"sampled","unit":101,"class":4,"bound_ms":30000,"quality":"GOOD","age_ms":254,"ts":30964,"updates":3,"value":249732}
{"t":"ns","node":25344,"hash":4103947588,"owner":25344,"kind":"sampled","unit":80,"class":4,"bound_ms":30000,"quality":"GOOD","age_ms":269,"ts":30964,"updates":3,"value":30}
{"t":"ns","node":25344,"hash":1662441583,"owner":25344,"kind":"sampled","unit":101,"class":4,"bound_ms":30000,"quality":"GOOD","age_ms":285,"ts":30964,"updates":3,"value":204800}
{"t":"event","at_ms":32439,"node":25344,"kind":"peer_admitted","peer":29544,"slot":0,"a":0,"b":0}
{"t":"event","at_ms":32624,"node":25344,"kind":"peer_admitted","peer":33120,"slot":1,"a":0,"b":0}
{"t":"event","at_ms":34439,"node":25344,"kind":"peer_admitted","peer":29544,"slot":0,"a":0,"b":0}
{"t":"event","at_ms":34624,"node":25344,"kind":"peer_admitted","peer":33120,"slot":1,"a":0,"b":0}
{"t":"event","at_ms":36439,"node":25344,"kind":"peer_admitted","peer":29544,"slot":0,"a":0,"b":0}
{"t":"event","at_ms":36628,"node":25344,"kind":"peer_admitted","peer":33120,"slot":1,"a":0,"b":0}
{"t":"event","at_ms":38439,"node":25344,"kind":"peer_admitted","peer":29544,"slot":0,"a":0,"b":0}
{"t":"event","at_ms":38628,"node":25344,"kind":"peer_admitted","peer":33120,"slot":1,"a":0,"b":0}
{"t":"event","at_ms":40439,"node":25344,"kind":"peer_admitted","peer":29544,"slot":0,"a":0,"b":0}
{"t":"event","at_ms":40624,"node":25344,"kind":"peer_admitted","peer":33120,"slot":1,"a":0,"b":0}
{"t":"link","up_ms":41340,"node":25344,"peer":29544,"mac":"b8:1f:3f:da:73:68","state":"alive","epoch":2,"espnow_ver":2,"mtu":1446,"misses":0,"rssi":-20,"tx":{"frames":63,"cb_ok":63,"cb_fail":0,"enqueue_err":0,"pdr_ppm":1000000},"rx":{"frames":490,"lost_seqgap":0,"reorder_dup":1,"dropped_bad":0,"hb_lost":0,"pdr_ppm":1000000},"rtt":{"samples":20,"min_us":4023,"max_us":8247,"timeouts":1,"txq_last_us":0,"txq_max_us":0,"remote_turnaround_us":111,"remote_turnaround_max_us":118,"p50_us":[4000,6000],"p99_us":[8000,11000],"hist":[0,0,0,0,18,1,1,0,0,0,0,0,0,0,0,0]}}
{"t":"link","up_ms":41389,"node":25344,"peer":33120,"mac":"b8:1f:3f:da:81:60","state":"alive","epoch":2,"espnow_ver":2,"mtu":1446,"misses":0,"rssi":-32,"tx":{"frames":62,"cb_ok":62,"cb_fail":0,"enqueue_err":0,"pdr_ppm":1000000},"rx":{"frames":486,"lost_seqgap":0,"reorder_dup":1,"dropped_bad":0,"hb_lost":1,"pdr_ppm":1000000},"rtt":{"samples":19,"min_us":4616,"max_us":11592,"timeouts":1,"txq_last_us":2543,"txq_max_us":2543,"remote_turnaround_us":118,"remote_turnaround_max_us":121,"p50_us":[4000,6000],"p99_us":[11000,16000],"hist":[0,0,0,0,15,2,1,1,0,0,0,0,0,0,0,0]}}
{"t":"node","up_ms":41439,"node":25344,"epoch":3,"peers_alive":2,"peers_dead":0,"no_radio":0,"free_dram":249732,"largest_block":204800,"rx":{"total":978,"bad_frame":0,"unknown_peer":2,"wrong_dst":0,"short_payload":0,"unknown_opcode":0,"queue_dropped":0},"tx":{"total":559,"enqueue_err":0,"done_queue_dropped":0},"membership":{"deaths":0,"revivals":0,"reboots_seen":0,"table_full":0,"events_dropped":0}}
{"t":"ns","node":25344,"hash":2410274060,"owner":25344,"kind":"sampled","unit":100,"class":4,"bound_ms":0,"quality":"GOOD","age_ms":209,"ts":41265,"updates":4,"value":3}
{"t":"ns","node":25344,"hash":1274253983,"owner":25344,"kind":"sampled","unit":0,"class":4,"bound_ms":5000,"quality":"GOOD","age_ms":224,"ts":41265,"updates":4,"value":-33}
{"t":"ns","node":25344,"hash":3354298913,"owner":25344,"kind":"sampled","unit":100,"class":4,"bound_ms":5000,"quality":"GOOD","age_ms":239,"ts":41265,"updates":4,"value":2}
{"t":"ns","node":25344,"hash":1771187623,"owner":25344,"kind":"sampled","unit":101,"class":4,"bound_ms":30000,"quality":"GOOD","age_ms":254,"ts":41265,"updates":4,"value":249732}
{"t":"ns","node":25344,"hash":4103947588,"owner":25344,"kind":"sampled","unit":80,"class":4,"bound_ms":30000,"quality":"GOOD","age_ms":270,"ts":41265,"updates":4,"value":41}
{"t":"ns","node":25344,"hash":1662441583,"owner":25344,"kind":"sampled","unit":101,"class":4,"bound_ms":30000,"quality":"GOOD","age_ms":285,"ts":41265,"updates":4,"value":204800}
