ESP-ROM:esp32s3-20210327
Build:Mar 27 2021
rst:0x1 (POWERON),boot:0x8 (SPI_FAST_FLASH_BOOT)
SPIWP:0xee
mode:DIO, clock div:1
load:0x3fce2820,len:0x14f0
load:0x403c8700,len:0xda0
load:0x403cb700,len:0x2f54
entry 0x403c8908
I (24) boot: ESP-IDF v6.0.2 2nd stage bootloader
I (25) boot: compile time Aug  1 2026 20:41:25
I (25) boot: Multicore bootloader
I (25) boot: chip revision: v0.2
I (28) boot: efuse block revision: v1.4
I (31) boot.esp32s3: Boot SPI Speed : 80MHz
I (35) boot.esp32s3: SPI Mode       : DIO
I (39) boot.esp32s3: SPI Flash Size : 16MB
I (43) boot: Enabling RNG early entropy source...
I (47) boot: Partition Table:
I (50) boot: ## Label            Usage          Type ST Offset   Length
I (56) boot:  0 nvs              WiFi data        01 02 00009000 00006000
I (63) boot:  1 phy_init         RF data          01 01 0000f000 00001000
I (69) boot:  2 factory          factory app      00 00 00010000 00100000
I (76) boot: End of partition table
I (79) esp_image: segment 0: paddr=00010020 vaddr=3c090020 size=1a4b0h (107696) map
I (106) esp_image: segment 1: paddr=0002a4d8 vaddr=3fc96900 size=04efch ( 20220) load
I (111) esp_image: segment 2: paddr=0002f3dc vaddr=40374000 size=00c3ch (  3132) load
I (112) esp_image: segment 3: paddr=00030020 vaddr=42000020 size=80834h (526388) map
I (213) esp_image: segment 4: paddr=000b085c vaddr=40374c3c size=11bb8h ( 72632) load
I (230) esp_image: segment 5: paddr=000c241c vaddr=50000000 size=00024h (    36) load
I (239) boot: Loaded app from partition at offset 0x10000
I (239) boot: Disabling RNG early entropy source...
I (249) cpu_start: Multicore app
I (258) cpu_start: GPIO 44 and 43 are used as console UART I/O pins
I (258) cpu_start: Pro cpu start user code
I (258) cpu_start: cpu freq: 160000000 Hz
I (260) app_init: Application information:
I (264) app_init: Project name:     potluck_m0
I (268) app_init: App version:      4ed6914
I (272) app_init: Compile time:     Oct  1 2026 18:17:52
I (277) app_init: ELF file SHA256:  a0c6e26ce...
I (281) app_init: ESP-IDF:          v6.0.2
I (285) efuse_init: Min chip rev:     v0.0
I (289) efuse_init: Max chip rev:     v0.99 
I (293) efuse_init: Chip rev:         v0.2
I (297) heap_init: Initializing. RAM available for dynamic allocation:
I (303) heap_init: At 3FCAC770 len 0003CFA0 (243 KiB): RAM
I (308) heap_init: At 3FCE9710 len 00005724 (21 KiB): RAM
I (313) heap_init: At 3FCF0000 len 00008000 (32 KiB): DRAM
I (318) heap_init: At 600FE000 len 00001FE8 (7 KiB): RTCRAM
I (325) spi_flash: detected chip: generic
I (327) spi_flash: flash io: dio
I (331) sleep_gpio: Configure to isolate all GPIO pins in sleep state
I (337) sleep_gpio: Enable automatic switching of GPIO sleep configuration
I (344) main_task: Started on CPU0
I (374) main_task: Calling app_main()
I (386) pp: pp rom version: e7ae62f
I (386) net80211: net80211 rom version: e7ae62f
I (388) wifi:wifi driver task: 3fcee5b0, prio:23, stack:6656, core=0
I (389) wifi:wifi firmware version: 00ad238
I (392) wifi:wifi certification version: v7.0
I (396) wifi:config NVS flash: disabled
I (400) wifi:config nano formatting: disabled
I (404) wifi:Init data frame dynamic rx buffer num: 16
I (409) wifi:Init static rx mgmt buffer num: 5
I (413) wifi:Init management short buffer num: 32
I (417) wifi:Init dynamic tx buffer num: 32
I (421) wifi:Init static tx FG buffer num: 2
I (425) wifi:Init static rx buffer size: 1600
I (429) wifi:Init static rx buffer num: 6
I (433) wifi:Init dynamic rx buffer num: 16
I (438) wifi_init: accept mbox: 6
I (440) wifi_init: tcpip mbox: 32
I (443) wifi_init: udp mbox: 6
I (446) wifi_init: tcp mbox: 6
I (449) wifi_init: tcp tx win: 5760
I (452) wifi_init: tcp rx win: 5760
I (455) wifi_init: tcp mss: 1440
I (458) wifi_init: WiFi IRAM OP enabled
I (462) wifi_init: WiFi RX IRAM OP enabled
I (466) phy_init: phy_version 712,87e8c20e,Apr 13 2026,18:51:10
I (513) wifi:mode : sta (b8:1f:3f:da:73:68)
I (514) wifi:enable tsf
I (515) wifi:Set ps type: 0, coexist: 0

I (517) ESPNOW: espnow [version: 2.0] init
I (517) pot.espnow: esp-now v2 up on channel 1, mac b8:1f:3f:da:73:68
I (524) pot.epoch: boot epoch 2
I (525) pot.m0: namespace: 6 resources declared
I (530) pot.serial: frame link on UART1, tx=17 rx=18, 921600 baud
I (535) pot.m0: Potluck M0 node 0x7368 epoch 2, heartbeat 100 ms x 6 misses = 600 ms
I (544) main_task: Returned from app_main()
{"t":"boot","node":29544,"epoch":2,"mac":"b8:1f:3f:da:73:68","espnow_ver":2,"chan":1,"hb_period_ms":100,"hb_miss_limit":6,"fw":"4ed6914","idf":"v6.0.2","dram":{"at_boot":292916,"after_nvs":291492,"after_netif":283648,"after_wifi_init":253088,"after_wifi_start":251384,"after_espnow":251232,"largest_block":204800,"wifi_stack":32264,"espnow":152,"total_to_radio":41684}}
I (579) pot.m0: beacon mode: broadcast_beacon
I (731) pot.m0: discovered peer 0x8160
I (731) pot.m0: peer 0x8160 pinned to ESP-NOW v2, payload cap 1446 B
I (2336) pot.m0: discovered peer 0x6300
I (2336) pot.m0: peer 0x6300 pinned to ESP-NOW v2, payload cap 1446 B
{"t":"event","at_ms":406,"node":29544,"kind":"peer_discovered","peer":33120,"slot":0,"a":2,"b":0}
{"t":"event","at_ms":406,"node":29544,"kind":"version_pinned","peer":33120,"slot":0,"a":2,"b":1446}
{"t":"event","at_ms":407,"node":29544,"kind":"peer_alive","peer":33120,"slot":0,"a":0,"b":0}
{"t":"event","at_ms":407,"node":29544,"kind":"peer_admitted","peer":33120,"slot":0,"a":0,"b":0}
{"t":"event","at_ms":408,"node":29544,"kind":"peer_admitted","peer":33120,"slot":0,"a":0,"b":0}
{"t":"event","at_ms":2012,"node":29544,"kind":"peer_discovered","peer":25344,"slot":1,"a":3,"b":0}
{"t":"event","at_ms":2012,"node":29544,"kind":"version_pinned","peer":25344,"slot":1,"a":2,"b":1446}
{"t":"event","at_ms":2012,"node":29544,"kind":"peer_alive","peer":25344,"slot":1,"a":0,"b":0}
{"t":"event","at_ms":2013,"node":29544,"kind":"peer_admitted","peer":25344,"slot":1,"a":0,"b":0}
{"t":"event","at_ms":2219,"node":29544,"kind":"probe_timeout","peer":33120,"slot":0,"a":1,"b":0}
{"t":"event","at_ms":2409,"node":29544,"kind":"peer_admitted","peer":33120,"slot":0,"a":0,"b":0}
{"t":"event","at_ms":4012,"node":29544,"kind":"peer_admitted","peer":25344,"slot":1,"a":0,"b":0}
{"t":"event","at_ms":4413,"node":29544,"kind":"peer_admitted","peer":33120,"slot":0,"a":0,"b":0}
{"t":"event","at_ms":6012,"node":29544,"kind":"peer_admitted","peer":25344,"slot":1,"a":0,"b":0}
{"t":"event","at_ms":6412,"node":29544,"kind":"peer_admitted","peer":33120,"slot":0,"a":0,"b":0}
{"t":"event","at_ms":8012,"node":29544,"kind":"peer_admitted","peer":25344,"slot":1,"a":0,"b":0}
{"t":"event","at_ms":8409,"node":29544,"kind":"peer_admitted","peer":33120,"slot":0,"a":0,"b":0}
{"t":"event","at_ms":10012,"node":29544,"kind":"peer_admitted","peer":25344,"slot":1,"a":0,"b":0}
{"t":"link","up_ms":10401,"node":29544,"peer":33120,"mac":"b8:1f:3f:da:81:60","state":"alive","epoch":2,"espnow_ver":2,"mtu":1446,"misses":0,"rssi":-14,"tx":{"frames":15,"cb_ok":15,"cb_fail":0,"enqueue_err":0,"pdr_ppm":1000000},"rx":{"frames":118,"lost_seqgap":0,"reorder_dup":1,"dropped_bad":0,"hb_lost":0,"pdr_ppm":1000000},"rtt":{"samples":4,"min_us":4013,"max_us":6814,"timeouts":1,"txq_last_us":0,"txq_max_us":0,"remote_turnaround_us":110,"remote_turnaround_max_us":111,"p50_us":[4000,6000],"p99_us":[6000,8000],"hist":[0,0,0,0,3,1,0,0,0,0,0,0,0,0,0,0]}}
{"t":"link","up_ms":10450,"node":29544,"peer":25344,"mac":"b8:1f:3f:da:63:00","state":"alive","epoch":3,"espnow_ver":2,"mtu":1446,"misses":0,"rssi":-20,"tx":{"frames":14,"cb_ok":14,"cb_fail":0,"enqueue_err":0,"pdr_ppm":1000000},"rx":{"frames":102,"lost_seqgap":0,"reorder_dup":14,"dropped_bad":0,"hb_lost":1,"pdr_ppm":1000000},"rtt":{"samples":5,"min_us":4631,"max_us":6663,"timeouts":0,"txq_last_us":2505,"txq_max_us":2505,"remote_turnaround_us":130,"remote_turnaround_max_us":130,"p50_us":[4000,6000],"p99_us":[6000,8000],"hist":[0,0,0,0,4,1,0,0,0,0,0,0,0,0,0,0]}}
{"t":"node","up_ms":10500,"node":29544,"epoch":2,"peers_alive":2,"peers_dead":0,"no_radio":0,"free_dram":249864,"largest_block":204800,"rx":{"total":244,"bad_frame":0,"unknown_peer":24,"wrong_dst":0,"short_payload":0,"unknown_opcode":0,"queue_dropped":0},"tx":{"total":139,"enqueue_err":0,"done_queue_dropped":0},"membership":{"deaths":0,"revivals":0,"reboots_seen":0,"table_full":0,"events_dropped":0}}
{"t":"ns","node":29544,"hash":96177158,"owner":29544,"kind":"sampled","unit":0,"class":4,"bound_ms":5000,"quality":"GOOD","age_ms":276,"ts":10259,"updates":1,"value":-21}
{"t":"ns","node":29544,"hash":1162973580,"owner":29544,"kind":"sampled","unit":101,"class":4,"bound_ms":30000,"quality":"GOOD","age_ms":291,"ts":10259,"updates":1,"value":249864}
{"t":"ns","node":29544,"hash":4013525678,"owner":29544,"kind":"sampled","unit":101,"class":4,"bound_ms":30000,"quality":"GOOD","age_ms":306,"ts":10259,"updates":1,"value":204800}
{"t":"ns","node":29544,"hash":1303338069,"owner":29544,"kind":"sampled","unit":100,"class":4,"bound_ms":0,"quality":"GOOD","age_ms":322,"ts":10259,"updates":1,"value":2}
{"t":"ns","node":29544,"hash":288706273,"owner":29544,"kind":"sampled","unit":80,"class":4,"bound_ms":30000,"quality":"GOOD","age_ms":337,"ts":10259,"updates":1,"value":10}
{"t":"ns","node":29544,"hash":2548334194,"owner":29544,"kind":"sampled","unit":100,"class":4,"bound_ms":5000,"quality":"GOOD","age_ms":352,"ts":10259,"updates":1,"value":2}
{"t":"event","at_ms":10409,"node":29544,"kind":"peer_admitted","peer":33120,"slot":0,"a":0,"b":0}
{"t":"event","at_ms":12012,"node":29544,"kind":"peer_admitted","peer":25344,"slot":1,"a":0,"b":0}
{"t":"event","at_ms":12412,"node":29544,"kind":"peer_admitted","peer":33120,"slot":0,"a":0,"b":0}
{"t":"event","at_ms":14012,"node":29544,"kind":"peer_admitted","peer":25344,"slot":1,"a":0,"b":0}
{"t":"event","at_ms":14409,"node":29544,"kind":"peer_admitted","peer":33120,"slot":0,"a":0,"b":0}
{"t":"event","at_ms":16012,"node":29544,"kind":"peer_admitted","peer":25344,"slot":1,"a":0,"b":0}
{"t":"event","at_ms":16409,"node":29544,"kind":"peer_admitted","peer":33120,"slot":0,"a":0,"b":0}
{"t":"event","at_ms":18012,"node":29544,"kind":"peer_admitted","peer":25344,"slot":1,"a":0,"b":0}
{"t":"event","at_ms":18409,"node":29544,"kind":"peer_admitted","peer":33120,"slot":0,"a":0,"b":0}
{"t":"event","at_ms":20013,"node":29544,"kind":"peer_admitted","peer":25344,"slot":1,"a":0,"b":0}
{"t":"event","at_ms":20411,"node":29544,"kind":"peer_admitted","peer":33120,"slot":0,"a":0,"b":0}
{"t":"link","up_ms":20710,"node":29544,"peer":33120,"mac":"b8:1f:3f:da:81:60","state":"alive","epoch":2,"espnow_ver":2,"mtu":1446,"misses":0,"rssi":-13,"tx":{"frames":31,"cb_ok":31,"cb_fail":0,"enqueue_err":0,"pdr_ppm":1000000},"rx":{"frames":243,"lost_seqgap":0,"reorder_dup":1,"dropped_bad":0,"hb_lost":0,"pdr_ppm":1000000},"rtt":{"samples":9,"min_us":4013,"max_us":6814,"timeouts":1,"txq_last_us":0,"txq_max_us":0,"remote_turnaround_us":110,"remote_turnaround_max_us":113,"p50_us":[4000,6000],"p99_us":[6000,8000],"hist":[0,0,0,0,8,1,0,0,0,0,0,0,0,0,0,0]}}
{"t":"link","up_ms":20758,"node":29544,"peer":25344,"mac":"b8:1f:3f:da:63:00","state":"alive","epoch":3,"espnow_ver":2,"mtu":1446,"misses":0,"rssi":-20,"tx":{"frames":29,"cb_ok":29,"cb_fail":0,"enqueue_err":0,"pdr_ppm":1000000},"rx":{"frames":225,"lost_seqgap":0,"reorder_dup":20,"dropped_bad":0,"hb_lost":1,"pdr_ppm":1000000},"rtt":{"samples":10,"min_us":4631,"max_us":6663,"timeouts":0,"txq_last_us":2505,"txq_max_us":2505,"remote_turnaround_us":119,"remote_turnaround_max_us":130,"p50_us":[4000,6000],"p99_us":[6000,8000],"hist":[0,0,0,0,9,1,0,0,0,0,0,0,0,0,0,0]}}
{"t":"node","up_ms":20808,"node":29544,"epoch":2,"peers_alive":2,"peers_dead":0,"no_radio":0,"free_dram":249864,"largest_block":204800,"rx":{"total":491,"bad_frame":0,"unknown_peer":24,"wrong_dst":0,"short_payload":0,"unknown_opcode":0,"queue_dropped":0},"tx":{"total":277,"enqueue_err":0,"done_queue_dropped":0},"membership":{"deaths":0,"revivals":0,"reboots_seen":0,"table_full":0,"events_dropped":0}}
{"t":"ns","node":29544,"hash":96177158,"owner":29544,"kind":"sampled","unit":0,"class":4,"bound_ms":5000,"quality":"GOOD","age_ms":217,"ts":20626,"updates":2,"value":-20}
{"t":"ns","node":29544,"hash":1162973580,"owner":29544,"kind":"sampled","unit":101,"class":4,"bound_ms":30000,"quality":"GOOD","age_ms":232,"ts":20626,"updates":2,"value":249864}
{"t":"ns","node":29544,"hash":4013525678,"owner":29544,"kind":"sampled","unit":101,"class":4,"bound_ms":30000,"quality":"GOOD","age_ms":248,"ts":20626,"updates":2,"value":204800}
{"t":"ns","node":29544,"hash":1303338069,"owner":29544,"kind":"sampled","unit":100,"class":4,"bound_ms":0,"quality":"GOOD","age_ms":263,"ts":20626,"updates":2,"value":2}
{"t":"ns","node":29544,"hash":288706273,"owner":29544,"kind":"sampled","unit":80,"class":4,"bound_ms":30000,"quality":"GOOD","age_ms":278,"ts":20626,"updates":2,"value":20}
{"t":"ns","node":29544,"hash":2548334194,"owner":29544,"kind":"sampled","unit":100,"class":4,"bound_ms":5000,"quality":"GOOD","age_ms":293,"ts":20626,"updates":2,"value":2}
{"t":"event","at_ms":22012,"node":29544,"kind":"peer_admitted","peer":25344,"slot":1,"a":0,"b":0}
{"t":"event","at_ms":22409,"node":29544,"kind":"peer_admitted","peer":33120,"slot":0,"a":0,"b":0}
{"t":"event","at_ms":24012,"node":29544,"kind":"peer_admitted","peer":25344,"slot":1,"a":0,"b":0}
{"t":"event","at_ms":24409,"node":29544,"kind":"peer_admitted","peer":33120,"slot":0,"a":0,"b":0}
{"t":"event","at_ms":26012,"node":29544,"kind":"peer_admitted","peer":25344,"slot":1,"a":0,"b":0}
{"t":"event","at_ms":26409,"node":29544,"kind":"peer_admitted","peer":33120,"slot":0,"a":0,"b":0}
{"t":"event","at_ms":28012,"node":29544,"kind":"peer_admitted","peer":25344,"slot":1,"a":0,"b":0}
{"t":"event","at_ms":28409,"node":29544,"kind":"peer_admitted","peer":33120,"slot":0,"a":0,"b":0}
{"t":"event","at_ms":30014,"node":29544,"kind":"peer_admitted","peer":25344,"slot":1,"a":0,"b":0}
{"t":"event","at_ms":30412,"node":29544,"kind":"peer_admitted","peer":33120,"slot":0,"a":0,"b":0}
{"t":"link","up_ms":31011,"node":29544,"peer":33120,"mac":"b8:1f:3f:da:81:60","state":"alive","epoch":2,"espnow_ver":2,"mtu":1446,"misses":0,"rssi":-13,"tx":{"frames":46,"cb_ok":46,"cb_fail":0,"enqueue_err":0,"pdr_ppm":1000000},"rx":{"frames":366,"lost_seqgap":0,"reorder_dup":1,"dropped_bad":0,"hb_lost":0,"pdr_ppm":1000000},"rtt":{"samples":14,"min_us":4013,"max_us":6814,"timeouts":1,"txq_last_us":0,"txq_max_us":0,"remote_turnaround_us":111,"remote_turnaround_max_us":113,"p50_us":[4000,6000],"p99_us":[6000,8000],"hist":[0,0,0,0,13,1,0,0,0,0,0,0,0,0,0,0]}}
{"t":"link","up_ms":31059,"node":29544,"peer":25344,"mac":"b8:1f:3f:da:63:00","state":"alive","epoch":3,"espnow_ver":2,"mtu":1446,"misses":0,"rssi":-21,"tx":{"frames":45,"cb_ok":45,"cb_fail":0,"enqueue_err":0,"pdr_ppm":1000000},"rx":{"frames":348,"lost_seqgap":0,"reorder_dup":20,"dropped_bad":0,"hb_lost":2,"pdr_ppm":1000000},"rtt":{"samples":15,"min_us":4588,"max_us":7475,"timeouts":0,"txq_last_us":2505,"txq_max_us":2505,"remote_turnaround_us":120,"remote_turnaround_max_us":130,"p50_us":[4000,6000],"p99_us":[6000,8000],"hist":[0,0,0,0,12,3,0,0,0,0,0,0,0,0,0,0]}}
{"t":"node","up_ms":31108,"node":29544,"epoch":2,"peers_alive":2,"peers_dead":0,"no_radio":0,"free_dram":249864,"largest_block":204800,"rx":{"total":737,"bad_frame":0,"unknown_peer":24,"wrong_dst":0,"short_payload":0,"unknown_opcode":0,"queue_dropped":0},"tx":{"total":416,"enqueue_err":0,"done_queue_dropped":0},"membership":{"deaths":0,"revivals":0,"reboots_seen":0,"table_full":0,"events_dropped":0}}
{"t":"ns","node":29544,"hash":96177158,"owner":29544,"kind":"sampled","unit":0,"class":4,"bound_ms":5000,"quality":"GOOD","age_ms":209,"ts":30935,"updates":3,"value":-20}
{"t":"ns","node":29544,"hash":1162973580,"owner":29544,"kind":"sampled","unit":101,"class":4,"bound_ms":30000,"quality":"GOOD","age_ms":223,"ts":30935,"updates":3,"value":249864}
{"t":"ns","node":29544,"hash":4013525678,"owner":29544,"kind":"sampled","unit":101,"class":4,"bound_ms":30000,"quality":"GOOD","age_ms":239,"ts":30935,"updates":3,"value":204800}
{"t":"ns","node":29544,"hash":1303338069,"owner":29544,"kind":"sampled","unit":100,"class":4,"bound_ms":0,"quality":"GOOD","age_ms":255,"ts":30935,"updates":3,"value":2}
{"t":"ns","node":29544,"hash":288706273,"owner":29544,"kind":"sampled","unit":80,"class":4,"bound_ms":30000,"quality":"GOOD","age_ms":270,"ts":30935,"updates":3,"value":30}
{"t":"ns","node":29544,"hash":2548334194,"owner":29544,"kind":"sampled","unit":100,"class":4,"bound_ms":5000,"quality":"GOOD","age_ms":285,"ts":30935,"updates":3,"value":2}
{"t":"event","at_ms":32012,"node":29544,"kind":"peer_admitted","peer":25344,"slot":1,"a":0,"b":0}
{"t":"event","at_ms":32409,"node":29544,"kind":"peer_admitted","peer":33120,"slot":0,"a":0,"b":0}
{"t":"event","at_ms":34012,"node":29544,"kind":"peer_admitted","peer":25344,"slot":1,"a":0,"b":0}
{"t":"event","at_ms":34409,"node":29544,"kind":"peer_admitted","peer":33120,"slot":0,"a":0,"b":0}
{"t":"event","at_ms":36412,"node":29544,"kind":"peer_admitted","peer":33120,"slot":0,"a":0,"b":0}
{"t":"event","at_ms":38012,"node":29544,"kind":"peer_admitted","peer":25344,"slot":1,"a":0,"b":0}
{"t":"event","at_ms":38412,"node":29544,"kind":"peer_admitted","peer":33120,"slot":0,"a":0,"b":0}
{"t":"event","at_ms":40012,"node":29544,"kind":"peer_admitted","peer":25344,"slot":1,"a":0,"b":0}
{"t":"event","at_ms":40409,"node":29544,"kind":"peer_admitted","peer":33120,"slot":0,"a":0,"b":0}
{"t":"link","up_ms":41301,"node":29544,"peer":33120,"mac":"b8:1f:3f:da:81:60","state":"alive","epoch":2,"espnow_ver":2,"mtu":1446,"misses":0,"rssi":-15,"tx":{"frames":62,"cb_ok":62,"cb_fail":0,"enqueue_err":0,"pdr_ppm":1000000},"rx":{"frames":489,"lost_seqgap":0,"reorder_dup":1,"dropped_bad":0,"hb_lost":0,"pdr_ppm":1000000},"rtt":{"samples":20,"min_us":4013,"max_us":7221,"timeouts":1,"txq_last_us":0,"txq_max_us":0,"remote_turnaround_us":110,"remote_turnaround_max_us":123,"p50_us":[4000,6000],"p99_us":[6000,8000],"hist":[0,0,0,0,18,2,0,0,0,0,0,0,0,0,0,0]}}
{"t":"link","up_ms":41350,"node":29544,"peer":25344,"mac":"b8:1f:3f:da:63:00","state":"alive","epoch":3,"espnow_ver":2,"mtu":1446,"misses":0,"rssi":-20,"tx":{"frames":59,"cb_ok":59,"cb_fail":0,"enqueue_err":0,"pdr_ppm":1000000},"rx":{"frames":470,"lost_seqgap":0,"reorder_dup":20,"dropped_bad":0,"hb_lost":2,"pdr_ppm":1000000},"rtt":{"samples":20,"min_us":4588,"max_us":7475,"timeouts":0,"txq_last_us":3132,"txq_max_us":3132,"remote_turnaround_us":121,"remote_turnaround_max_us":130,"p50_us":[4000,6000],"p99_us":[6000,8000],"hist":[0,0,0,0,16,4,0,0,0,0,0,0,0,0,0,0]}}
{"t":"node","up_ms":41400,"node":29544,"epoch":2,"peers_alive":2,"peers_dead":0,"no_radio":0,"free_dram":249864,"largest_block":204800,"rx":{"total":982,"bad_frame":0,"unknown_peer":24,"wrong_dst":0,"short_payload":0,"unknown_opcode":0,"queue_dropped":0},"tx":{"total":554,"enqueue_err":0,"done_queue_dropped":0},"membership":{"deaths":0,"revivals":0,"reboots_seen":0,"table_full":0,"events_dropped":0}}
{"t":"ns","node":29544,"hash":96177158,"owner":29544,"kind":"sampled","unit":0,"class":4,"bound_ms":5000,"quality":"GOOD","age_ms":200,"ts":41235,"updates":4,"value":-20}
{"t":"ns","node":29544,"hash":1162973580,"owner":29544,"kind":"sampled","unit":101,"class":4,"bound_ms":30000,"quality":"GOOD","age_ms":215,"ts":41235,"updates":4,"value":249864}
{"t":"ns","node":29544,"hash":4013525678,"owner":29544,"kind":"sampled","unit":101,"class":4,"bound_ms":30000,"quality":"GOOD","age_ms":231,"ts":41235,"updates":4,"value":204800}
{"t":"ns","node":29544,"hash":1303338069,"owner":29544,"kind":"sampled","unit":100,"class":4,"bound_ms":0,"quality":"GOOD","age_ms":246,"ts":41235,"updates":4,"value":2}
{"t":"ns","node":29544,"hash":288706273,"owner":29544,"kind":"sampled","unit":80,"class":4,"bound_ms":30000,"quality":"GOOD","age_ms":261,"ts":41235,"updates":4,"value":41}
{"t":"ns","node":29544,"hash":2548334194,"owner":29544,"kind":"sampled","unit":100,"class":4,"bound_ms":5000,"quality":"GOOD","age_ms":276,"ts":41235,"updates":4,"value":2}
